1.5519 	WARNING 	We strongly recommend you activate the PTB sound engine in PsychoPy prefs as the preferred audio engine. Its timing is vastly superior. Your prefs are currently set to use ['sounddevice', 'PTB', 'pyo', 'pygame'] (in that order).
7.3900 	INFO 	Loaded monitor calibration from ['2022_03_09 09:55']
7.3977 	WARNING 	User requested fullscreen with size [1440  900], but screen is actually [1920, 1080]. Using actual size
8.9127 	EXP 	Created window1 = Window(allowGUI=False, allowStencil=False, autoLog=True, backendConf=UNKNOWN, bitsMode=UNKNOWN, blendMode='avg', bpc=(8, 8, 8), color=array([0, 0, 0]), colorSpace='rgb', depthBits=8, fullscr=<method-wrapper '__getattribute__' of attributeSetter object at 0x00000246621FC5C0>, gamma=None, gammaErrorPolicy='raise', lms=UNKNOWN, monitor=<psychopy.monitors.calibTools.Monitor object at 0x0000024662226CC0>, multiSample=False, name='window1', numSamples=2, pos=[0.0, 0.0], screen=0, size=array([1920, 1080]), stencilBits=0, stereo=False, units='height', useFBO=True, useRetina=False, viewOri=0.0, viewPos=None, viewScale=None, waitBlanking=True, winType='pyglet')
8.9133 	EXP 	window1: mouseVisible = True
8.9134 	EXP 	window1: recordFrameIntervals = False
9.0781 	EXP 	window1: recordFrameIntervals = True
9.2618 	DEBUG 	Screen (0) actual frame rate measured at 59.99
9.2619 	EXP 	window1: recordFrameIntervals = False
9.5527 	INFO 	keyboard.Keyboard is using ptb backend.
9.5656 	EXP 	Created instr_slides = ImageStim(__class__=<class 'psychopy.visual.image.ImageStim'>, autoLog=True, color=array([1., 1., 1.]), colorSpace='rgb', contrast=1.0, depth=0.0, flipHoriz=False, flipVert=False, image='sin', interpolate=True, mask=None, maskParams=None, name='instr_slides', opacity=1, ori=0.0, pos=array([0., 0.]), size=array([1.6, 0.9]), texRes=128.0, units='height', win=Window(...))
9.5657 	INFO 	keyboard.Keyboard is using ptb backend.
9.5886 	EXP 	Created sample_image = ImageStim(__class__=<class 'psychopy.visual.image.ImageStim'>, autoLog=True, color=array([1., 1., 1.]), colorSpace='rgb', contrast=1.0, depth=0.0, flipHoriz=False, flipVert=False, image='sample_trial.png', interpolate=True, mask=None, maskParams=None, name='sample_image', opacity=1, ori=0.0, pos=array([0., 0.]), size=array([1.4 , 0.31]), texRes=512, units='height', win=Window(...))
9.5887 	INFO 	keyboard.Keyboard is using ptb backend.
9.6611 	EXP 	Created sample_txt = TextStim(__class__=<class 'psychopy.visual.text.TextStim'>, alignHoriz=method-wrapper(...), alignText='center', alignVert=method-wrapper(...), anchorHoriz='center', anchorVert='center', antialias=True, autoLog=True, bold=False, color=array([1., 1., 1.]), colorSpace='rgb', contrast=1.0, depth=-2.0, flipHoriz=False, flipVert=False, font='Times New Roman', fontFiles=[], height=0.038, italic=False, languageStyle='LTR', name='sample_txt', opacity=1, ori=0, pos=array([ 0.  , -0.36]), rgb=UNKNOWN, text='Press 1, 2, 3, 4, or 5 on your keyboard.', units='height', win=Window(...), wrapWidth=1)
9.6638 	EXP 	Created post_instr_slides = ImageStim(__class__=<class 'psychopy.visual.image.ImageStim'>, autoLog=True, color=array([1., 1., 1.]), colorSpace='rgb', contrast=1.0, depth=0.0, flipHoriz=False, flipVert=False, image='sin', interpolate=True, mask=None, maskParams=None, name='post_instr_slides', opacity=1, ori=0.0, pos=array([0., 0.]), size=array([1.6, 0.9]), texRes=128.0, units='height', win=Window(...))
9.6639 	INFO 	keyboard.Keyboard is using ptb backend.
9.6679 	EXP 	Created Questions_1 = ImageStim(__class__=<class 'psychopy.visual.image.ImageStim'>, autoLog=True, color=array([1., 1., 1.]), colorSpace='rgb', contrast=1.0, depth=0.0, flipHoriz=False, flipVert=False, image='sin', interpolate=True, mask=None, maskParams=None, name='Questions_1', opacity=1, ori=0.0, pos=array([0., 0.]), size=array([1.6 , 0.22]), texRes=512, units='height', win=Window(...))
9.6680 	INFO 	keyboard.Keyboard is using ptb backend.
9.6716 	EXP 	Created resptrial1 = TextStim(__class__=<class 'psychopy.visual.text.TextStim'>, alignHoriz=method-wrapper(...), alignText='center', alignVert=method-wrapper(...), anchorHoriz='center', anchorVert='center', antialias=True, autoLog=True, bold=False, color=array([1., 1., 1.]), colorSpace='rgb', contrast=1.0, depth=-2.0, flipHoriz=False, flipVert=False, font='Times New Roman', fontFiles=[], height=0.038, italic=False, languageStyle='LTR', name='resptrial1', opacity=1, ori=0, pos=array([ 0.  , -0.36]), rgb=UNKNOWN, text='Press 1, 2, 3, 4, or 5 on your keyboard.', units='height', win=Window(...), wrapWidth=1)
9.6791 	EXP 	Created stop = TextStim(__class__=<class 'psychopy.visual.text.TextStim'>, alignHoriz=method-wrapper(...), alignText='center', alignVert=method-wrapper(...), anchorHoriz='center', anchorVert='center', antialias=True, autoLog=True, bold=False, color=array([-1., -1., -1.]), colorSpace='rgb', contrast=1.0, depth=0.0, flipHoriz=False, flipVert=False, font='Times New Roman', fontFiles=[], height=0.07, italic=False, languageStyle='LTR', name='stop', opacity=1, ori=0, pos=array([0. , 0.3]), rgb=UNKNOWN, text='STOP!', units='height', win=Window(...), wrapWidth=1)
9.7032 	EXP 	Created start_part2 = TextStim(__class__=<class 'psychopy.visual.text.TextStim'>, alignHoriz=method-wrapper(...), alignText='center', alignVert=method-wrapper(...), anchorHoriz='center', anchorVert='center', antialias=True, autoLog=True, bold=False, color=array([1., 1., 1.]), colorSpace='rgb', contrast=1.0, depth=-1.0, flipHoriz=False, flipVert=False, font='Times New Roman', fontFiles=[], height=0.05, italic=False, languageStyle='LTR', name='start_part2', opacity=1, ori=0, pos=array([0., 0.]), rgb=UNKNOWN, text=str(...), units='height', win=Window(...), wrapWidth=1)
9.7033 	INFO 	keyboard.Keyboard is using ptb backend.
9.7144 	EXP 	Created respbeforetrial2 = TextStim(__class__=<class 'psychopy.visual.text.TextStim'>, alignHoriz=method-wrapper(...), alignText='center', alignVert=method-wrapper(...), anchorHoriz='center', anchorVert='center', antialias=True, autoLog=True, bold=False, color=array([1., 1., 1.]), colorSpace='rgb', contrast=1.0, depth=-3.0, flipHoriz=False, flipVert=False, font='Times New Roman', fontFiles=[], height=0.04, italic=False, languageStyle='LTR', name='respbeforetrial2', opacity=1, ori=0, pos=array([ 0. , -0.4]), rgb=UNKNOWN, text=str(...), units='height', win=Window(...), wrapWidth=1)
9.7170 	EXP 	Created Questions_2 = ImageStim(__class__=<class 'psychopy.visual.image.ImageStim'>, autoLog=True, color=array([1., 1., 1.]), colorSpace='rgb', contrast=1.0, depth=0.0, flipHoriz=False, flipVert=False, image='sin', interpolate=True, mask=None, maskParams=None, name='Questions_2', opacity=1, ori=0.0, pos=array([0., 0.]), size=array([1.6 , 0.22]), texRes=512, units='height', win=Window(...))
9.7170 	INFO 	keyboard.Keyboard is using ptb backend.
9.7257 	EXP 	Created number = TextStim(__class__=<class 'psychopy.visual.text.TextStim'>, alignHoriz=method-wrapper(...), alignText='center', alignVert=method-wrapper(...), anchorHoriz='center', anchorVert='center', antialias=True, autoLog=True, bold=False, color=array([1., 1., 1.]), colorSpace='rgb', contrast=1.0, depth=-2.0, flipHoriz=False, flipVert=False, font='Times New Roman', fontFiles=[], height=0.038, italic=False, languageStyle='LTR', name='number', opacity=1, ori=0, pos=array([ 0.  , -0.36]), rgb=UNKNOWN, text='Press 1, 2, 3, 4, or 5 on your keyboard.', units='height', win=Window(...), wrapWidth=1)
9.7458 	EXP 	Created thankyou = TextStim(__class__=<class 'psychopy.visual.text.TextStim'>, alignHoriz=method-wrapper(...), alignText='center', alignVert=method-wrapper(...), anchorHoriz='center', anchorVert='center', antialias=True, autoLog=True, bold=False, color=array([1., 1., 1.]), colorSpace='rgb', contrast=1.0, depth=0.0, flipHoriz=False, flipVert=False, font='Times New Roman', fontFiles=[], height=0.07, italic=False, languageStyle='LTR', name='thankyou', opacity=1, ori=0, pos=array([0., 0.]), rgb=UNKNOWN, text=str(...), units='height', win=Window(...), wrapWidth=1)
9.7459 	INFO 	keyboard.Keyboard is using ptb backend.
9.7517 	EXP 	Created finalslide = TextStim(__class__=<class 'psychopy.visual.text.TextStim'>, alignHoriz=method-wrapper(...), alignText='center', alignVert=method-wrapper(...), anchorHoriz='center', anchorVert='center', antialias=True, autoLog=True, bold=False, color=array([1., 1., 1.]), colorSpace='rgb', contrast=1.0, depth=-2.0, flipHoriz=False, flipVert=False, font='Times New Roman', fontFiles=[], height=0.04, italic=False, languageStyle='LTR', name='finalslide', opacity=1, ori=0, pos=array([ 0. , -0.4]), rgb=UNKNOWN, text='Press the space bar to exit the experiment.', units='height', win=Window(...), wrapWidth=1)
9.7594 	EXP 	Created sequence: random, trialTypes=1, nReps=1000, seed=None
9.7626 	EXP 	New trial (rep=0, index=0): None
9.8852 	EXP 	instr_slides: image = 'paperfolding_instr/Slide1.png'
9.8852 	EXP 	instr_slides: autoDraw = True
15.4035 	DATA 	Mouse: Left button down, pos=(1711,127)
15.5175 	DATA 	Mouse:  Left button up, pos=(1711,128)
15.7004 	DATA 	Mouse: Left button down, pos=(1716,135)
15.7523 	DATA 	Mouse:  Left button up, pos=(1726,116)
17.2237 	EXP 	New trial (rep=1, index=0): None
17.2668 	DATA 	Keypress: right
17.2724 	EXP 	instr_slides: autoDraw = False
17.2724 	EXP 	instr_slides: image = 'paperfolding_instr/Slide2.png'
17.2724 	EXP 	instr_slides: autoDraw = True
28.2745 	EXP 	New trial (rep=2, index=0): None
28.3309 	DATA 	Keypress: right
28.3381 	EXP 	instr_slides: autoDraw = False
28.3381 	EXP 	instr_slides: image = 'paperfolding_instr/Slide3.png'
28.3381 	EXP 	instr_slides: autoDraw = True
43.5620 	EXP 	New trial (rep=3, index=0): None
43.6078 	DATA 	Keypress: right
43.6149 	EXP 	instr_slides: autoDraw = False
43.6149 	EXP 	instr_slides: image = 'paperfolding_instr/Slide4.png'
43.6149 	EXP 	instr_slides: autoDraw = True
48.7750 	EXP 	New trial (rep=4, index=0): None
48.8267 	DATA 	Keypress: right
48.8342 	EXP 	instr_slides: autoDraw = False
48.8342 	EXP 	instr_slides: image = 'paperfolding_instr/Slide5.png'
48.8342 	EXP 	instr_slides: autoDraw = True
53.5738 	EXP 	New trial (rep=5, index=0): None
53.6214 	DATA 	Keypress: right
53.6275 	EXP 	instr_slides: autoDraw = False
53.6275 	EXP 	instr_slides: image = 'paperfolding_instr/Slide5.png'
53.6275 	EXP 	instr_slides: autoDraw = True
56.1897 	DATA 	Keypress: space
56.1998 	EXP 	instr_slides: autoDraw = False
56.1998 	EXP 	sample_image: autoDraw = True
56.1998 	EXP 	sample_txt: autoDraw = True
61.8529 	EXP 	Created sequence: random, trialTypes=1, nReps=1000, seed=None
61.8563 	EXP 	New trial (rep=0, index=0): None
61.9062 	DATA 	Keypress: 3
61.9150 	EXP 	sample_image: autoDraw = False
61.9150 	EXP 	sample_txt: autoDraw = False
61.9150 	EXP 	post_instr_slides: image = 'paperfolding_post_instr/Slide1.png'
61.9150 	EXP 	post_instr_slides: autoDraw = True
64.1560 	EXP 	New trial (rep=1, index=0): None
64.2105 	DATA 	Keypress: right
64.2165 	EXP 	post_instr_slides: autoDraw = False
64.2165 	EXP 	post_instr_slides: image = 'paperfolding_post_instr/Slide2.png'
64.2165 	EXP 	post_instr_slides: autoDraw = True
71.4749 	EXP 	New trial (rep=2, index=0): None
71.5199 	DATA 	Keypress: right
71.5271 	EXP 	post_instr_slides: autoDraw = False
71.5271 	EXP 	post_instr_slides: image = 'paperfolding_post_instr/Slide3.png'
71.5271 	EXP 	post_instr_slides: autoDraw = True
78.0883 	DATA 	Keypress: space
78.1241 	EXP 	New trial (rep=3, index=0): None
78.1950 	EXP 	post_instr_slides: autoDraw = False
78.1950 	EXP 	post_instr_slides: image = 'paperfolding_post_instr/Slide3.png'
78.1950 	EXP 	post_instr_slides: autoDraw = True
79.4742 	EXP 	New trial (rep=4, index=0): None
79.5131 	DATA 	Keypress: right
79.5201 	EXP 	post_instr_slides: autoDraw = False
79.5201 	EXP 	post_instr_slides: image = 'paperfolding_post_instr/Slide4.png'
79.5201 	EXP 	post_instr_slides: autoDraw = True
83.2742 	EXP 	New trial (rep=5, index=0): None
83.3161 	DATA 	Keypress: right
83.3217 	EXP 	post_instr_slides: autoDraw = False
83.3217 	EXP 	post_instr_slides: image = 'paperfolding_post_instr/Slide5.png'
83.3217 	EXP 	post_instr_slides: autoDraw = True
90.8571 	EXP 	New trial (rep=6, index=0): None
90.9005 	DATA 	Keypress: right
90.9075 	EXP 	post_instr_slides: autoDraw = False
90.9075 	EXP 	post_instr_slides: image = 'paperfolding_post_instr/Slide6.png'
90.9075 	EXP 	post_instr_slides: autoDraw = True
93.8491 	DEBUG 	Read excel file with openpyxl: Images_and_corrAns_Part_1.xlsx
93.8500 	EXP 	Imported Images_and_corrAns_Part_1.xlsx as conditions, 10 conditions, 2 params
93.8505 	EXP 	Created sequence: sequential, trialTypes=10, nReps=1, seed=None
93.8508 	EXP 	New trial (rep=0, index=0): {'ImageFile': 'paperfolding_stim_1/q1.png', 'corrAns': 1}
93.8707 	DATA 	Keypress: space
93.8744 	EXP 	post_instr_slides: autoDraw = False
93.8744 	EXP 	Questions_1: image = 'paperfolding_stim_1/q1.png'
93.8744 	EXP 	Questions_1: autoDraw = True
93.8744 	EXP 	resptrial1: autoDraw = True
98.5202 	EXP 	New trial (rep=0, index=1): {'ImageFile': 'paperfolding_stim_1/q2.png', 'corrAns': 4}
98.5469 	DATA 	Keypress: 1
98.5494 	EXP 	Questions_1: autoDraw = False
98.5494 	EXP 	resptrial1: autoDraw = False
98.5494 	EXP 	Questions_1: image = 'paperfolding_stim_1/q2.png'
98.5494 	EXP 	Questions_1: autoDraw = True
98.5494 	EXP 	resptrial1: autoDraw = True
104.3680 	EXP 	New trial (rep=0, index=2): {'ImageFile': 'paperfolding_stim_1/q3.png', 'corrAns': 2}
104.3816 	DATA 	Keypress: 3
104.3836 	EXP 	Questions_1: autoDraw = False
104.3836 	EXP 	resptrial1: autoDraw = False
104.3836 	EXP 	Questions_1: image = 'paperfolding_stim_1/q3.png'
104.3836 	EXP 	Questions_1: autoDraw = True
104.3836 	EXP 	resptrial1: autoDraw = True
115.6520 	EXP 	New trial (rep=0, index=3): {'ImageFile': 'paperfolding_stim_1/q4.png', 'corrAns': 4}
115.6804 	DATA 	Keypress: 2
115.6826 	EXP 	Questions_1: autoDraw = False
115.6826 	EXP 	resptrial1: autoDraw = False
115.6826 	EXP 	Questions_1: image = 'paperfolding_stim_1/q4.png'
115.6826 	EXP 	Questions_1: autoDraw = True
115.6826 	EXP 	resptrial1: autoDraw = True
131.8522 	EXP 	New trial (rep=0, index=4): {'ImageFile': 'paperfolding_stim_1/q5.png', 'corrAns': 2}
131.8813 	DATA 	Keypress: 4
131.8836 	EXP 	Questions_1: autoDraw = False
131.8836 	EXP 	resptrial1: autoDraw = False
131.8836 	EXP 	Questions_1: image = 'paperfolding_stim_1/q5.png'
131.8836 	EXP 	Questions_1: autoDraw = True
131.8836 	EXP 	resptrial1: autoDraw = True
144.6350 	EXP 	New trial (rep=0, index=5): {'ImageFile': 'paperfolding_stim_1/q6.png', 'corrAns': 5}
144.6611 	DATA 	Keypress: 2
144.6633 	EXP 	Questions_1: autoDraw = False
144.6633 	EXP 	resptrial1: autoDraw = False
144.6633 	EXP 	Questions_1: image = 'paperfolding_stim_1/q6.png'
144.6633 	EXP 	Questions_1: autoDraw = True
144.6633 	EXP 	resptrial1: autoDraw = True
151.5182 	EXP 	New trial (rep=0, index=6): {'ImageFile': 'paperfolding_stim_1/q7.png', 'corrAns': 1}
151.5462 	DATA 	Keypress: 5
151.5485 	EXP 	Questions_1: autoDraw = False
151.5485 	EXP 	resptrial1: autoDraw = False
151.5485 	EXP 	Questions_1: image = 'paperfolding_stim_1/q7.png'
151.5485 	EXP 	Questions_1: autoDraw = True
151.5485 	EXP 	resptrial1: autoDraw = True
185.6180 	DATA 	Keypress: 1
185.6342 	EXP 	New trial (rep=0, index=7): {'ImageFile': 'paperfolding_stim_1/q8.png', 'corrAns': 3}
185.6653 	EXP 	Questions_1: autoDraw = False
185.6653 	EXP 	resptrial1: autoDraw = False
185.6653 	EXP 	Questions_1: image = 'paperfolding_stim_1/q8.png'
185.6653 	EXP 	Questions_1: autoDraw = True
185.6653 	EXP 	resptrial1: autoDraw = True
222.8026 	EXP 	New trial (rep=0, index=8): {'ImageFile': 'paperfolding_stim_1/q9.png', 'corrAns': 5}
222.8339 	DATA 	Keypress: 3
222.8363 	EXP 	Questions_1: autoDraw = False
222.8363 	EXP 	resptrial1: autoDraw = False
222.8363 	EXP 	Questions_1: image = 'paperfolding_stim_1/q9.png'
222.8363 	EXP 	Questions_1: autoDraw = True
222.8363 	EXP 	resptrial1: autoDraw = True
273.9090 	INFO 	saved data to C:\Users\SNL General\Desktop\Session 2.2\PaperFolding_V4.1\data/0\_PaperFolding_V4.1_2025_Jan_14_1337trials.csv
273.9166 	EXP 	Questions_1: autoDraw = False
273.9166 	EXP 	resptrial1: autoDraw = False
273.9166 	EXP 	stop: autoDraw = True
273.9166 	EXP 	start_part2: autoDraw = True
273.9166 	EXP 	respbeforetrial2: autoDraw = True
278.2889 	DEBUG 	Read excel file with openpyxl: Images_and_corrAns_Part_2.xlsx
278.2897 	EXP 	Imported Images_and_corrAns_Part_2.xlsx as conditions, 10 conditions, 2 params
278.2902 	EXP 	Created sequence: sequential, trialTypes=10, nReps=1, seed=None
278.2905 	EXP 	New trial (rep=0, index=0): {'ImageFile': 'paperfolding_stim_2/q11.png', 'corrAns': 3}
278.3104 	DATA 	Keypress: space
278.3128 	EXP 	stop: autoDraw = False
278.3128 	EXP 	start_part2: autoDraw = False
278.3128 	EXP 	respbeforetrial2: autoDraw = False
278.3128 	EXP 	Questions_2: image = 'paperfolding_stim_2/q11.png'
278.3128 	EXP 	Questions_2: autoDraw = True
278.3128 	EXP 	number: autoDraw = True
283.1520 	DATA 	Keypress: 3
283.1695 	EXP 	New trial (rep=0, index=1): {'ImageFile': 'paperfolding_stim_2/q12.png', 'corrAns': 2}
283.1966 	EXP 	Questions_2: autoDraw = False
283.1966 	EXP 	number: autoDraw = False
283.1966 	EXP 	Questions_2: image = 'paperfolding_stim_2/q12.png'
283.1966 	EXP 	Questions_2: autoDraw = True
283.1966 	EXP 	number: autoDraw = True
288.8206 	DATA 	Keypress: 2
288.8358 	EXP 	New trial (rep=0, index=2): {'ImageFile': 'paperfolding_stim_2/q13.png', 'corrAns': 1}
288.8636 	EXP 	Questions_2: autoDraw = False
288.8636 	EXP 	number: autoDraw = False
288.8636 	EXP 	Questions_2: image = 'paperfolding_stim_2/q13.png'
288.8636 	EXP 	Questions_2: autoDraw = True
288.8636 	EXP 	number: autoDraw = True
294.4212 	DATA 	Keypress: 1
294.4361 	EXP 	New trial (rep=0, index=3): {'ImageFile': 'paperfolding_stim_2/q14.png', 'corrAns': 5}
294.4664 	EXP 	Questions_2: autoDraw = False
294.4664 	EXP 	number: autoDraw = False
294.4664 	EXP 	Questions_2: image = 'paperfolding_stim_2/q14.png'
294.4664 	EXP 	Questions_2: autoDraw = True
294.4664 	EXP 	number: autoDraw = True
307.9513 	DATA 	Keypress: 1
307.9685 	EXP 	New trial (rep=0, index=4): {'ImageFile': 'paperfolding_stim_2/q15.png', 'corrAns': 2}
307.9986 	EXP 	Questions_2: autoDraw = False
307.9986 	EXP 	number: autoDraw = False
307.9986 	EXP 	Questions_2: image = 'paperfolding_stim_2/q15.png'
307.9986 	EXP 	Questions_2: autoDraw = True
307.9986 	EXP 	number: autoDraw = True
319.3682 	DATA 	Keypress: 5
319.3846 	EXP 	New trial (rep=0, index=5): {'ImageFile': 'paperfolding_stim_2/q16.png', 'corrAns': 1}
319.4131 	EXP 	Questions_2: autoDraw = False
319.4131 	EXP 	number: autoDraw = False
319.4131 	EXP 	Questions_2: image = 'paperfolding_stim_2/q16.png'
319.4131 	EXP 	Questions_2: autoDraw = True
319.4131 	EXP 	number: autoDraw = True
330.8207 	DATA 	Keypress: 1
330.8360 	EXP 	New trial (rep=0, index=6): {'ImageFile': 'paperfolding_stim_2/q17.png', 'corrAns': 5}
330.8720 	EXP 	Questions_2: autoDraw = False
330.8720 	EXP 	number: autoDraw = False
330.8720 	EXP 	Questions_2: image = 'paperfolding_stim_2/q17.png'
330.8720 	EXP 	Questions_2: autoDraw = True
330.8720 	EXP 	number: autoDraw = True
339.0691 	EXP 	New trial (rep=0, index=7): {'ImageFile': 'paperfolding_stim_2/q18.png', 'corrAns': 4}
339.0959 	DATA 	Keypress: 5
339.0982 	EXP 	Questions_2: autoDraw = False
339.0982 	EXP 	number: autoDraw = False
339.0982 	EXP 	Questions_2: image = 'paperfolding_stim_2/q18.png'
339.0982 	EXP 	Questions_2: autoDraw = True
339.0982 	EXP 	number: autoDraw = True
367.3372 	DATA 	Keypress: 3
367.3521 	EXP 	New trial (rep=0, index=8): {'ImageFile': 'paperfolding_stim_2/q19.png', 'corrAns': 4}
367.3836 	EXP 	Questions_2: autoDraw = False
367.3836 	EXP 	number: autoDraw = False
367.3836 	EXP 	Questions_2: image = 'paperfolding_stim_2/q19.png'
367.3836 	EXP 	Questions_2: autoDraw = True
367.3836 	EXP 	number: autoDraw = True
374.7044 	DATA 	Keypress: 1
374.7194 	EXP 	New trial (rep=0, index=9): {'ImageFile': 'paperfolding_stim_2/q20.png', 'corrAns': 3}
374.7495 	EXP 	Questions_2: autoDraw = False
374.7495 	EXP 	number: autoDraw = False
374.7495 	EXP 	Questions_2: image = 'paperfolding_stim_2/q20.png'
374.7495 	EXP 	Questions_2: autoDraw = True
374.7495 	EXP 	number: autoDraw = True
392.7275 	INFO 	saved data to C:\Users\SNL General\Desktop\Session 2.2\PaperFolding_V4.1\data/0\_PaperFolding_V4.1_2025_Jan_14_1337trials_2.csv
392.7322 	DATA 	Keypress: 2
392.7340 	EXP 	Questions_2: autoDraw = False
392.7340 	EXP 	number: autoDraw = False
392.7340 	EXP 	thankyou: autoDraw = True
392.7340 	EXP 	finalslide: autoDraw = True
394.9673 	DATA 	Keypress: space
394.9785 	EXP 	thankyou: autoDraw = False
394.9785 	EXP 	finalslide: autoDraw = False
394.9832 	INFO 	saved data to 'C:\\Users\\SNL General\\Desktop\\Session 2.2\\PaperFolding_V4.1\\data/0\\_PaperFolding_V4.1_2025_Jan_14_1337.csv'
394.9861 	INFO 	saved data to C:\Users\SNL General\Desktop\Session 2.2\PaperFolding_V4.1\data/0\_PaperFolding_V4.1_2025_Jan_14_1337.psydat
395.1186 	EXP 	window1: mouseVisible = True
395.1196 	DEBUG 	Saving data for PaperFolding_V4.1 ExperimentHandler
