25.7179 	INFO 	Loaded monitor calibration from ['2026_09_21 04:14']
25.7412 	WARNING 	User requested fullscreen with size [1440  900], but screen is actually [1920, 1080]. Using actual size
26.5465 	INFO 	Using renderer 'AMD Radeon RX 7900 XT' for graphics
26.5465 	INFO 	OpenGL version supported by driver is 4..
26.6687 	DEBUG 	TextBox2 loaded 1 chars with 0 blanks and 1 valid
26.6779 	DEBUG 	TextBox2 loaded 1 chars with 0 blanks and 1 valid
26.6871 	DEBUG 	TextBox2 loaded 1 chars with 0 blanks and 1 valid
26.6967 	DEBUG 	TextBox2 loaded 1 chars with 0 blanks and 1 valid
26.7064 	DEBUG 	TextBox2 loaded 1 chars with 0 blanks and 1 valid
26.7152 	DEBUG 	TextBox2 loaded 1 chars with 0 blanks and 1 valid
26.7243 	DEBUG 	TextBox2 loaded 1 chars with 0 blanks and 1 valid
26.7339 	DEBUG 	TextBox2 loaded 1 chars with 0 blanks and 1 valid
26.7422 	DEBUG 	TextBox2 loaded 1 chars with 0 blanks and 1 valid
26.7511 	DEBUG 	TextBox2 loaded 1 chars with 0 blanks and 1 valid
26.7613 	DEBUG 	TextBox2 loaded 1 chars with 0 blanks and 1 valid
26.7708 	DEBUG 	TextBox2 loaded 1 chars with 0 blanks and 1 valid
26.7801 	DEBUG 	TextBox2 loaded 1 chars with 0 blanks and 1 valid
26.7898 	DEBUG 	TextBox2 loaded 1 chars with 0 blanks and 1 valid
26.7991 	DEBUG 	TextBox2 loaded 1 chars with 0 blanks and 1 valid
26.8084 	DEBUG 	TextBox2 loaded 1 chars with 0 blanks and 1 valid
26.8176 	DEBUG 	TextBox2 loaded 1 chars with 0 blanks and 1 valid
26.8265 	DEBUG 	TextBox2 loaded 1 chars with 0 blanks and 1 valid
26.8352 	DEBUG 	TextBox2 loaded 1 chars with 0 blanks and 1 valid
26.8451 	DEBUG 	TextBox2 loaded 1 chars with 0 blanks and 1 valid
26.8537 	DEBUG 	TextBox2 loaded 1 chars with 0 blanks and 1 valid
26.8540 	DEBUG 	Uploading Texture Font fontname to graphics card
26.8555 	DEBUG 	Upload of Texture Font fontname complete
26.8760 	DEBUG 	TextBox2 loaded 1 chars with 0 blanks and 1 valid
26.8859 	DEBUG 	TextBox2 loaded 1 chars with 0 blanks and 1 valid
26.8957 	DEBUG 	TextBox2 loaded 1 chars with 0 blanks and 1 valid
26.8960 	DEBUG 	Uploading Texture Font fontname to graphics card
26.8967 	DEBUG 	Upload of Texture Font fontname complete
27.8440 	EXP 	Created window1 = Window(allowGUI=False, allowStencil=False, autoLog=True, backendConf=UNKNOWN, backgroundFit=<method-wrapper '__getattribute__' of attributeSetter object at 0x000002370B0CF940>, backgroundImage=<method-wrapper '__getattribute__' of attributeSetter object at 0x000002370B0CF8E0>, bitsMode=UNKNOWN, blendMode='avg', bpc=(8, 8, 8), color=array([0, 0, 0]), colorSpace='rgb', depthBits=8, fullscr=True, gamma=None, gammaErrorPolicy='raise', infoMsg=UNKNOWN, lms=UNKNOWN, monitor=<psychopy.monitors.calibTools.Monitor object at 0x000002370A840E20>, multiSample=False, name='window1', numSamples=2, pos=(0, 0), screen=0, size=array([1920, 1080]), stencilBits=0, stereo=False, title='PsychoPy', units='height', useFBO=True, useRetina=False, viewOri=0.0, viewPos=None, viewScale=None, waitBlanking=True, winType='pyglet')
27.8440 	EXP 	window1: backgroundImage = None
27.8440 	EXP 	window1: backgroundFit = 'cover'
27.8454 	EXP 	window1: Attempting to measure frame rate of screen (0) ...
27.8455 	EXP 	window1: recordFrameIntervals = False
27.9269 	EXP 	window1: recordFrameIntervals = True
28.7603 	EXP 	window1: recordFrameIntervals = False
28.7604 	EXP 	Screen (0) actual frame rate measured at 119.65Hz
30.0377 	INFO 	keyboard.Keyboard is using ptb backend.
30.2470 	EXP 	Created fixation = TextStim(__class__=<class 'psychopy.visual.text.TextStim'>, alignHoriz=method-wrapper(...), alignText='center', alignVert=method-wrapper(...), anchorHoriz='center', anchorVert='center', antialias=True, autoDraw=False, autoLog=True, bold=False, color=array([1., 1., 1.]), colorSpace='rgb', contrast=1.0, depth=0.0, draggable=False, flipHoriz=False, flipVert=False, font='Arial', fontFiles=[], height=np.float64(0.12), italic=False, languageStyle='LTR', name='fixation', opacity=1, ori=0, pos=array([0., 0.]), rgb=UNKNOWN, text='+', units='height', win=Window(...), wrapWidth=1)
30.2512 	EXP 	Created maze_image = ImageStim(__class__=<class 'psychopy.visual.image.ImageStim'>, anchor=('center', 'center'), autoLog=True, color=array([1., 1., 1.]), colorSpace='rgb', contrast=1.0, depth=0.0, draggable=False, flipHoriz=np.False_, flipVert=np.False_, image='sin', interpolate=True, mask=None, maskParams=None, name='maze_image', opacity=1, ori=0.0, pos=array([ 0.  , -0.03]), size=array([0.85, 0.85]), texRes=128.0, units='height', win=Window(...))
30.2603 	EXP 	Created maze_title_stim = TextStim(__class__=<class 'psychopy.visual.text.TextStim'>, alignHoriz=method-wrapper(...), alignText='center', alignVert=method-wrapper(...), anchorHoriz='center', anchorVert='center', antialias=True, autoDraw=False, autoLog=True, bold=False, color=array([1., 1., 1.]), colorSpace='rgb', contrast=1.0, depth=-1.0, draggable=False, flipHoriz=False, flipVert=False, font='Arial', fontFiles=[], height=np.float64(0.048), italic=False, languageStyle='LTR', name='maze_title_stim', opacity=1, ori=0, pos=array([-0.55,  0.43]), rgb=UNKNOWN, text='Example Practice Maze', units='height', win=Window(...), wrapWidth=1.4)
30.2608 	EXP 	Created env_label = TextStim(__class__=<class 'psychopy.visual.text.TextStim'>, alignHoriz=method-wrapper(...), alignText='center', alignVert=method-wrapper(...), anchorHoriz='center', anchorVert='center', antialias=True, autoDraw=False, autoLog=True, bold=False, color=array([1., 1., 1.]), colorSpace='rgb', contrast=1.0, depth=0.0, draggable=False, flipHoriz=False, flipVert=False, font='Arial', fontFiles=[], height=0.048, italic=False, languageStyle='LTR', name='env_label', opacity=1, ori=0, pos=array([-0.65,  0.43]), rgb=UNKNOWN, text='', units='height', win=Window(...), wrapWidth=1.4)
30.2675 	EXP 	Created env_advance = TextStim(__class__=<class 'psychopy.visual.text.TextStim'>, alignHoriz=method-wrapper(...), alignText='center', alignVert=method-wrapper(...), anchorHoriz='center', anchorVert='center', antialias=True, autoDraw=False, autoLog=True, bold=False, color=array([1., 1., 1.]), colorSpace='rgb', contrast=1.0, depth=-1.0, draggable=False, flipHoriz=False, flipVert=False, font='Arial', fontFiles=[], height=np.float64(0.038), italic=False, languageStyle='LTR', name='env_advance', opacity=1, ori=0, pos=array([ 0. , -0.4]), rgb=UNKNOWN, text='Press space to continue.', units='height', win=Window(...), wrapWidth=1)
30.2684 	EXP 	Created question_text = TextStim(__class__=<class 'psychopy.visual.text.TextStim'>, alignHoriz=method-wrapper(...), alignText='center', alignVert=method-wrapper(...), anchorHoriz='center', anchorVert='center', antialias=True, autoDraw=False, autoLog=True, bold=False, color=array([-1., -1., -1.]), colorSpace='rgb', contrast=1.0, depth=0.0, draggable=False, flipHoriz=False, flipVert=False, font='Arial', fontFiles=[], height=0.055, italic=False, languageStyle='LTR', name='question_text', opacity=1, ori=0, pos=array([0. , 0.4]), rgb=UNKNOWN, text='', units='height', win=Window(...), wrapWidth=1.5)
30.2693 	EXP 	Created cue_image = ImageStim(__class__=<class 'psychopy.visual.image.ImageStim'>, anchor=('center', 'center'), autoLog=True, color=array([1., 1., 1.]), colorSpace='rgb', contrast=1.0, depth=-1.0, draggable=False, flipHoriz=np.False_, flipVert=np.False_, image='sin', interpolate=True, mask=None, maskParams=None, name='cue_image', opacity=1, ori=0.0, pos=array([0.  , 0.12]), size=array([0.25, 0.25]), texRes=512, units='height', win=Window(...))
30.2703 	EXP 	Created cue_label_stim = TextStim(__class__=<class 'psychopy.visual.text.TextStim'>, alignHoriz=method-wrapper(...), alignText='center', alignVert=method-wrapper(...), anchorHoriz='center', anchorVert='center', antialias=True, autoDraw=False, autoLog=True, bold=False, color=array([-1., -1., -1.]), colorSpace='rgb', contrast=1.0, depth=-2.0, draggable=False, flipHoriz=False, flipVert=False, font='Arial', fontFiles=[], height=0.042, italic=False, languageStyle='LTR', name='cue_label_stim', opacity=1, ori=0, pos=array([ 0.  , -0.02]), rgb=UNKNOWN, text='', units='height', win=Window(...), wrapWidth=0.5)
30.2712 	EXP 	Created left_image = ImageStim(__class__=<class 'psychopy.visual.image.ImageStim'>, anchor=('center', 'center'), autoLog=True, color=array([1., 1., 1.]), colorSpace='rgb', contrast=1.0, depth=-3.0, draggable=False, flipHoriz=np.False_, flipVert=np.False_, image='sin', interpolate=True, mask=None, maskParams=None, name='left_image', opacity=1, ori=0.0, pos=array([-0.22, -0.22]), size=array([0.22, 0.22]), texRes=512, units='height', win=Window(...))
30.2717 	EXP 	Created left_label_stim = TextStim(__class__=<class 'psychopy.visual.text.TextStim'>, alignHoriz=method-wrapper(...), alignText='center', alignVert=method-wrapper(...), anchorHoriz='center', anchorVert='center', antialias=True, autoDraw=False, autoLog=True, bold=False, color=array([-1., -1., -1.]), colorSpace='rgb', contrast=1.0, depth=-4.0, draggable=False, flipHoriz=False, flipVert=False, font='Arial', fontFiles=[], height=0.042, italic=False, languageStyle='LTR', name='left_label_stim', opacity=1, ori=0, pos=array([-0.22, -0.36]), rgb=UNKNOWN, text='', units='height', win=Window(...), wrapWidth=0.35)
30.2726 	EXP 	Created right_image = ImageStim(__class__=<class 'psychopy.visual.image.ImageStim'>, anchor=('center', 'center'), autoLog=True, color=array([1., 1., 1.]), colorSpace='rgb', contrast=1.0, depth=-5.0, draggable=False, flipHoriz=np.False_, flipVert=np.False_, image='sin', interpolate=True, mask=None, maskParams=None, name='right_image', opacity=1, ori=0.0, pos=array([ 0.22, -0.22]), size=array([0.22, 0.22]), texRes=512, units='height', win=Window(...))
30.2730 	EXP 	Created right_label_stim = TextStim(__class__=<class 'psychopy.visual.text.TextStim'>, alignHoriz=method-wrapper(...), alignText='center', alignVert=method-wrapper(...), anchorHoriz='center', anchorVert='center', antialias=True, autoDraw=False, autoLog=True, bold=False, color=array([-1., -1., -1.]), colorSpace='rgb', contrast=1.0, depth=-6.0, draggable=False, flipHoriz=False, flipVert=False, font='Arial', fontFiles=[], height=0.042, italic=False, languageStyle='LTR', name='right_label_stim', opacity=1, ori=0, pos=array([ 0.22, -0.36]), rgb=UNKNOWN, text='', units='height', win=Window(...), wrapWidth=0.35)
30.2867 	EXP 	Created fb_text_left = TextStim(__class__=<class 'psychopy.visual.text.TextStim'>, alignHoriz=method-wrapper(...), alignText='center', alignVert=method-wrapper(...), anchorHoriz='center', anchorVert='center', antialias=True, autoDraw=False, autoLog=True, bold=False, color=array([-1.        ,  0.00392157, -1.        ]), colorSpace='rgb', contrast=1.0, depth=0.0, draggable=False, flipHoriz=False, flipVert=False, font='Arial', fontFiles=[], height=0.046, italic=False, languageStyle='LTR', name='fb_text_left', opacity=1, ori=0, pos=array([-0.65,  0.02]), rgb=UNKNOWN, text='', units='height', win=Window(...), wrapWidth=0.25)
30.2869 	WARNING 	lineColorSpace parameter is deprecated. Please use colorSpace instead.
30.2961 	EXP 	Created fb_line_left = Line(__class__=<class 'psychopy.visual.line.Line'>, anchor=('center', 'center'), autoDraw=False, autoLog=True, closeShape=False, color=array([-1.        ,  0.00392157, -1.        ]), colorSpace='rgb', contrast=None, depth=0, draggable=False, fillColor=ndarray(...), fillColorSpace='rgb', fillRGB=ndarray(...), interpolate=True, lineColor=array([-1.        ,  0.00392157, -1.        ]), lineColorSpace='rgb', lineRGB=array([-1.        ,  0.00392157, -1.        ]), lineWidth=3.0, name='fb_line_left', opacity=1, ori=0.0, pos=array([0., 0.]), size=array([1., 1.]), units='height', vertices=array([[-0.52, -0.07],
       [-0.35, -0.17]]), win=Window(...), windingRule=None)
30.2963 	WARNING 	fillColorSpace parameter is deprecated. Please use colorSpace instead.
30.2964 	WARNING 	lineColorSpace parameter is deprecated. Please use colorSpace instead.
30.2971 	EXP 	Created fb_head_left = ShapeStim(__class__=<class 'psychopy.visual.shape.ShapeStim'>, anchor=('center', 'center'), autoDraw=False, autoLog=True, closeShape=True, color=method-wrapper(...), colorSpace='rgb', contrast=None, depth=-1.0, draggable=False, fillColor=array([-1.        ,  0.00392157, -1.        ]), fillColorSpace='rgb', fillRGB=array([-1.        ,  0.00392157, -1.        ]), interpolate=True, lineColor=array([-1.        ,  0.00392157, -1.        ]), lineColorSpace='rgb', lineRGB=array([-1.        ,  0.00392157, -1.        ]), lineWidth=1.5, name='fb_head_left', opacity=1, ori=0.0, pos=array([0., 0.]), size=array([1., 1.]), units='height', vertices=ndarray(...), win=Window(...), windingRule=None)
30.2975 	EXP 	Created fb_text_right = TextStim(__class__=<class 'psychopy.visual.text.TextStim'>, alignHoriz=method-wrapper(...), alignText='center', alignVert=method-wrapper(...), anchorHoriz='center', anchorVert='center', antialias=True, autoDraw=False, autoLog=True, bold=False, color=array([-1.        ,  0.00392157, -1.        ]), colorSpace='rgb', contrast=1.0, depth=0.0, draggable=False, flipHoriz=False, flipVert=False, font='Arial', fontFiles=[], height=0.046, italic=False, languageStyle='LTR', name='fb_text_right', opacity=1, ori=0, pos=array([0.65, 0.02]), rgb=UNKNOWN, text='', units='height', win=Window(...), wrapWidth=0.25)
30.2976 	WARNING 	lineColorSpace parameter is deprecated. Please use colorSpace instead.
30.2982 	EXP 	Created fb_line_right = Line(__class__=<class 'psychopy.visual.line.Line'>, anchor=('center', 'center'), autoDraw=False, autoLog=True, closeShape=False, color=array([-1.        ,  0.00392157, -1.        ]), colorSpace='rgb', contrast=None, depth=0, draggable=False, fillColor=ndarray(...), fillColorSpace='rgb', fillRGB=ndarray(...), interpolate=True, lineColor=array([-1.        ,  0.00392157, -1.        ]), lineColorSpace='rgb', lineRGB=array([-1.        ,  0.00392157, -1.        ]), lineWidth=3.0, name='fb_line_right', opacity=1, ori=0.0, pos=array([0., 0.]), size=array([1., 1.]), units='height', vertices=array([[ 0.52, -0.07],
       [ 0.35, -0.17]]), win=Window(...), windingRule=None)
30.2983 	WARNING 	fillColorSpace parameter is deprecated. Please use colorSpace instead.
30.2985 	WARNING 	lineColorSpace parameter is deprecated. Please use colorSpace instead.
30.2991 	EXP 	Created fb_head_right = ShapeStim(__class__=<class 'psychopy.visual.shape.ShapeStim'>, anchor=('center', 'center'), autoDraw=False, autoLog=True, closeShape=True, color=method-wrapper(...), colorSpace='rgb', contrast=None, depth=-1.0, draggable=False, fillColor=array([-1.        ,  0.00392157, -1.        ]), fillColorSpace='rgb', fillRGB=array([-1.        ,  0.00392157, -1.        ]), interpolate=True, lineColor=array([-1.        ,  0.00392157, -1.        ]), lineColorSpace='rgb', lineRGB=array([-1.        ,  0.00392157, -1.        ]), lineWidth=1.5, name='fb_head_right', opacity=1, ori=0.0, pos=array([0., 0.]), size=array([1., 1.]), units='height', vertices=ndarray(...), win=Window(...), windingRule=None)
30.3131 	EXP 	Created thankyou = TextStim(__class__=<class 'psychopy.visual.text.TextStim'>, alignHoriz=method-wrapper(...), alignText='center', alignVert=method-wrapper(...), anchorHoriz='center', anchorVert='center', antialias=True, autoDraw=False, autoLog=True, bold=False, color=array([1., 1., 1.]), colorSpace='rgb', contrast=1.0, depth=0.0, draggable=False, flipHoriz=False, flipVert=False, font='Arial', fontFiles=[], height=np.float64(0.06), italic=False, languageStyle='LTR', name='thankyou', opacity=1, ori=0, pos=array([0. , 0.1]), rgb=UNKNOWN, text=str(...), units='height', win=Window(...), wrapWidth=1)
30.3192 	EXP 	Created finalslide = TextStim(__class__=<class 'psychopy.visual.text.TextStim'>, alignHoriz=method-wrapper(...), alignText='center', alignVert=method-wrapper(...), anchorHoriz='center', anchorVert='center', antialias=True, autoDraw=False, autoLog=True, bold=False, color=array([1., 1., 1.]), colorSpace='rgb', contrast=1.0, depth=-1.0, draggable=False, flipHoriz=False, flipVert=False, font='Arial', fontFiles=[], height=np.float64(0.04), italic=False, languageStyle='LTR', name='finalslide', opacity=1, ori=0, pos=array([ 0. , -0.2]), rgb=UNKNOWN, text='Press the space bar to exit.', units='height', win=Window(...), wrapWidth=1)
30.3276 	EXP 	Created unnamed TextStim = TextStim(__class__=<class 'psychopy.visual.text.TextStim'>, alignHoriz=method-wrapper(...), alignText='center', alignVert=method-wrapper(...), anchorHoriz='center', anchorVert='center', antialias=True, autoDraw=False, autoLog=True, bold=True, color=array([1., 1., 1.]), colorSpace='rgb', contrast=1.0, depth=0.0, draggable=False, flipHoriz=False, flipVert=False, font='Arial', fontFiles=[], height=np.float64(0.06), italic=False, languageStyle='LTR', name='unnamed TextStim', opacity=1.0, ori=0.0, pos=array([0.  , 0.39]), rgb=UNKNOWN, text='Practice Trials + Instructions', units='height', win=Window(...), wrapWidth=1.5)
30.3470 	EXP 	Created unnamed TextStim = TextStim(__class__=<class 'psychopy.visual.text.TextStim'>, alignHoriz=method-wrapper(...), alignText='center', alignVert=method-wrapper(...), anchorHoriz='center', anchorVert='center', antialias=True, autoDraw=False, autoLog=True, bold=False, color=array([1., 1., 1.]), colorSpace='rgb', contrast=1.0, depth=-1.0, draggable=False, flipHoriz=False, flipVert=False, font='Arial', fontFiles=[], height=np.float64(0.036), italic=False, languageStyle='LTR', name='unnamed TextStim', opacity=1.0, ori=0.0, pos=array([0.  , 0.03]), rgb=UNKNOWN, text=str(...), units='height', win=Window(...), wrapWidth=1.5)
30.3548 	EXP 	Created unnamed TextStim = TextStim(__class__=<class 'psychopy.visual.text.TextStim'>, alignHoriz=method-wrapper(...), alignText='center', alignVert=method-wrapper(...), anchorHoriz='center', anchorVert='center', antialias=True, autoDraw=False, autoLog=True, bold=False, color=array([-0.286,  0.216,  0.671]), colorSpace='rgb', contrast=1.0, depth=-2.0, draggable=False, flipHoriz=False, flipVert=False, font='Arial', fontFiles=[], height=np.float64(0.032), italic=False, languageStyle='LTR', name='unnamed TextStim', opacity=1.0, ori=0.0, pos=array([-0.17, -0.4 ]), rgb=UNKNOWN, text='Blue background  =  path distance trials', units='height', win=Window(...), wrapWidth=1)
30.3572 	EXP 	Created unnamed TextStim = TextStim(__class__=<class 'psychopy.visual.text.TextStim'>, alignHoriz=method-wrapper(...), alignText='center', alignVert=method-wrapper(...), anchorHoriz='center', anchorVert='center', antialias=True, autoDraw=False, autoLog=True, bold=False, color=array([0.914, 0.506, 0.09 ]), colorSpace='rgb', contrast=1.0, depth=-3.0, draggable=False, flipHoriz=False, flipVert=False, font='Arial', fontFiles=[], height=np.float64(0.032), italic=False, languageStyle='LTR', name='unnamed TextStim', opacity=1.0, ori=0.0, pos=array([ 0.07, -0.44]), rgb=UNKNOWN, text=str(...), units='height', win=Window(...), wrapWidth=1)
30.3594 	EXP 	Created unnamed TextStim = TextStim(__class__=<class 'psychopy.visual.text.TextStim'>, alignHoriz=method-wrapper(...), alignText='center', alignVert=method-wrapper(...), anchorHoriz='center', anchorVert='center', antialias=True, autoDraw=False, autoLog=True, bold=False, color=array([0.4, 0.4, 0.4]), colorSpace='rgb', contrast=1.0, depth=-4.0, draggable=False, flipHoriz=False, flipVert=False, font='Arial', fontFiles=[], height=np.float64(0.030999999999999996), italic=False, languageStyle='LTR', name='unnamed TextStim', opacity=1.0, ori=0.0, pos=array([ 0.  , -0.47]), rgb=UNKNOWN, text='Press space to continue.', units='height', win=Window(...), wrapWidth=1)
30.3641 	INFO 	Keyboard events cleared
30.3641 	EXP 	unnamed TextStim: autoDraw = True
30.3641 	EXP 	unnamed TextStim: autoDraw = True
30.3641 	EXP 	unnamed TextStim: autoDraw = True
30.3641 	EXP 	unnamed TextStim: autoDraw = True
30.3641 	EXP 	unnamed TextStim: autoDraw = True
32.6762 	EXP 	Device response: <KeyPress from None: t=32.615302800011705, value=space, duration=None>
32.7282 	DATA 	Keypress: space
32.7298 	INFO 	Keyboard events cleared
32.7298 	EXP 	unnamed TextStim: autoDraw = False
32.7298 	EXP 	unnamed TextStim: autoDraw = False
32.7298 	EXP 	unnamed TextStim: autoDraw = False
32.7298 	EXP 	unnamed TextStim: autoDraw = False
32.7298 	EXP 	unnamed TextStim: autoDraw = False
32.7298 	EXP 	maze_image: image = 'stimuli/prac_maze.png'
32.7298 	EXP 	maze_image: autoDraw = True
32.7298 	EXP 	maze_title_stim: autoDraw = True
32.7441 	EXP 	Device response: <KeyPress from None: t=32.615302800011705, value=space, duration=0.12120749999303371>
37.5364 	EXP 	Device response: <KeyPress from None: t=37.53212450000865, value=space, duration=None>
37.5904 	DEBUG 	Read csv file with pandas: nav_task_practice_fruit.csv
37.5956 	DEBUG 	Clearing unnamed columns from nav_task_practice_fruit.csv
37.5967 	EXP 	Imported nav_task_practice_fruit.csv as conditions, 4 conditions, 9 params
37.5970 	EXP 	Created sequence: sequential, trialTypes=4, nReps=1, seed=None
37.5972 	EXP 	New trial (rep=0, index=0): OrderedDict([('cueImage', 'stimuli/prac_apple.png'), ('leftImage', 'stimuli/prac_orange.png'), ('rightImage', 'stimuli/prac_banana.png'), ('corrAns', 'right'), ('trial_type', 'route'), ('cueLabel', 'Apple'), ('leftLabel', 'Orange'), ('rightLabel', 'Banana'), ('corrLabel', 'Banana')])
37.5976 	DEPRECATION 	Clock.add() is deprecated in favor of .addTime() due to the counterintuitive design (it added time to the baseline, which reduced the values returned from getTime() )
37.5990 	DATA 	Keypress: space
37.6002 	EXP 	maze_image: autoDraw = False
37.6002 	EXP 	maze_title_stim: autoDraw = False
37.6002 	EXP 	fixation: autoDraw = True
37.6616 	EXP 	Device response: <KeyPress from None: t=37.53212450000865, value=space, duration=0.12490179999440443>
38.6419 	INFO 	Keyboard events cleared
38.6418 	EXP 	fixation: autoDraw = False
38.6418 	EXP 	cue_image: image = 'stimuli/prac_apple.png'
38.6418 	EXP 	left_image: image = 'stimuli/prac_orange.png'
38.6418 	EXP 	right_image: image = 'stimuli/prac_banana.png'
38.6418 	EXP 	cue_label_stim: height = np.float64(0.042)
38.6418 	EXP 	cue_label_stim: height = np.float64(0.042)
38.6418 	EXP 	cue_label_stim: height = np.float64(0.042)
38.6418 	EXP 	cue_label_stim: text = 'Apple'
38.6418 	EXP 	left_label_stim: height = np.float64(0.042)
38.6418 	EXP 	left_label_stim: height = np.float64(0.042)
38.6418 	EXP 	left_label_stim: height = np.float64(0.042)
38.6418 	EXP 	left_label_stim: text = 'Orange'
38.6418 	EXP 	right_label_stim: height = np.float64(0.042)
38.6418 	EXP 	right_label_stim: height = np.float64(0.042)
38.6418 	EXP 	right_label_stim: height = np.float64(0.042)
38.6418 	EXP 	right_label_stim: text = 'Banana'
38.6418 	EXP 	question_text: height = np.float64(0.055)
38.6418 	EXP 	question_text: height = np.float64(0.055)
38.6418 	EXP 	question_text: height = np.float64(0.055)
38.6418 	EXP 	question_text: text = 'Which is the shortest path distance from the start?'
38.6418 	EXP 	question_text: autoDraw = True
38.6418 	EXP 	cue_image: autoDraw = True
38.6418 	EXP 	cue_label_stim: autoDraw = True
38.6418 	EXP 	left_image: autoDraw = True
38.6418 	EXP 	left_label_stim: autoDraw = True
38.6418 	EXP 	right_image: autoDraw = True
38.6418 	EXP 	right_label_stim: autoDraw = True
40.7783 	EXP 	Device response: <KeyPress from None: t=40.77214020000247, value=escape, duration=None>
40.7790 	DATA 	Keypress: escape
40.9451 	EXP 	Device response: <KeyPress from None: t=40.77214020000247, value=escape, duration=0.164966700001969>
40.9947 	DEBUG 	Saving data for GraphMaze_Navigation ExperimentHandler
40.9955 	INFO 	saved data to F:\Github\PaperFolding\data\  123_GraphMaze_Navigation_2026-09-29_03h45.00.187.psydat
40.9965 	INFO 	saved data to 'F:\\Github\\PaperFolding\\data\\  123_GraphMaze_Navigation_2026-09-29_03h45.00.187.csv'
41.0388 	INFO 	Stopping keyboard key buffers.
