8.4367 	INFO 	Loaded monitor calibration from ['2026_09_21 04:14']
8.4522 	WARNING 	User requested fullscreen with size [1440  900], but screen is actually [1920, 1080]. Using actual size
8.7709 	INFO 	Using renderer 'AMD Radeon RX 7900 XT' for graphics
8.7709 	INFO 	OpenGL version supported by driver is 4..
8.8380 	DEBUG 	TextBox2 loaded 1 chars with 0 blanks and 1 valid
8.8474 	DEBUG 	TextBox2 loaded 1 chars with 0 blanks and 1 valid
8.8569 	DEBUG 	TextBox2 loaded 1 chars with 0 blanks and 1 valid
8.8667 	DEBUG 	TextBox2 loaded 1 chars with 0 blanks and 1 valid
8.8766 	DEBUG 	TextBox2 loaded 1 chars with 0 blanks and 1 valid
8.8853 	DEBUG 	TextBox2 loaded 1 chars with 0 blanks and 1 valid
8.8946 	DEBUG 	TextBox2 loaded 1 chars with 0 blanks and 1 valid
8.9044 	DEBUG 	TextBox2 loaded 1 chars with 0 blanks and 1 valid
8.9133 	DEBUG 	TextBox2 loaded 1 chars with 0 blanks and 1 valid
8.9219 	DEBUG 	TextBox2 loaded 1 chars with 0 blanks and 1 valid
8.9313 	DEBUG 	TextBox2 loaded 1 chars with 0 blanks and 1 valid
8.9409 	DEBUG 	TextBox2 loaded 1 chars with 0 blanks and 1 valid
8.9503 	DEBUG 	TextBox2 loaded 1 chars with 0 blanks and 1 valid
8.9596 	DEBUG 	TextBox2 loaded 1 chars with 0 blanks and 1 valid
8.9686 	DEBUG 	TextBox2 loaded 1 chars with 0 blanks and 1 valid
8.9780 	DEBUG 	TextBox2 loaded 1 chars with 0 blanks and 1 valid
8.9873 	DEBUG 	TextBox2 loaded 1 chars with 0 blanks and 1 valid
8.9960 	DEBUG 	TextBox2 loaded 1 chars with 0 blanks and 1 valid
9.0049 	DEBUG 	TextBox2 loaded 1 chars with 0 blanks and 1 valid
9.0168 	DEBUG 	TextBox2 loaded 1 chars with 0 blanks and 1 valid
9.0282 	DEBUG 	TextBox2 loaded 1 chars with 0 blanks and 1 valid
9.0286 	DEBUG 	Uploading Texture Font fontname to graphics card
9.0305 	DEBUG 	Upload of Texture Font fontname complete
9.0536 	DEBUG 	TextBox2 loaded 1 chars with 0 blanks and 1 valid
9.0661 	DEBUG 	TextBox2 loaded 1 chars with 0 blanks and 1 valid
9.0773 	DEBUG 	TextBox2 loaded 1 chars with 0 blanks and 1 valid
9.0777 	DEBUG 	Uploading Texture Font fontname to graphics card
9.0789 	DEBUG 	Upload of Texture Font fontname complete
9.6171 	DATA 	Mouse: Left button down, pos=(855,715)
9.7078 	DATA 	Mouse:  Left button up, pos=(855,715)
10.0891 	EXP 	Created window1 = Window(allowGUI=False, allowStencil=False, autoLog=True, backendConf=UNKNOWN, backgroundFit=<method-wrapper '__getattribute__' of attributeSetter object at 0x000001D7182525C0>, backgroundImage=<method-wrapper '__getattribute__' of attributeSetter object at 0x000001D718252620>, bitsMode=UNKNOWN, blendMode='avg', bpc=(8, 8, 8), color=array([0, 0, 0]), colorSpace='rgb', depthBits=8, fullscr=True, gamma=None, gammaErrorPolicy='raise', infoMsg=UNKNOWN, lms=UNKNOWN, monitor=<psychopy.monitors.calibTools.Monitor object at 0x000001D715E74970>, multiSample=False, name='window1', numSamples=2, pos=(0, 0), screen=0, size=array([1920, 1080]), stencilBits=0, stereo=False, title='PsychoPy', units='height', useFBO=True, useRetina=False, viewOri=0.0, viewPos=None, viewScale=None, waitBlanking=True, winType='pyglet')
10.0891 	EXP 	window1: backgroundImage = None
10.0891 	EXP 	window1: backgroundFit = 'cover'
10.0910 	EXP 	window1: Attempting to measure frame rate of screen (0) ...
10.0910 	EXP 	window1: recordFrameIntervals = False
10.1721 	EXP 	window1: recordFrameIntervals = True
10.3240 	WARNING 	t of last frame was 10.15ms (=1/98)
10.8239 	WARNING 	t of last frame was 10.23ms (=1/97)
11.0058 	EXP 	window1: recordFrameIntervals = False
11.0058 	EXP 	Screen (0) actual frame rate measured at 119.72Hz
11.3489 	INFO 	keyboard.Keyboard is using ptb backend.
11.4426 	EXP 	Created fixation = TextStim(__class__=<class 'psychopy.visual.text.TextStim'>, alignHoriz=method-wrapper(...), alignText='center', alignVert=method-wrapper(...), anchorHoriz='center', anchorVert='center', antialias=True, autoDraw=False, autoLog=True, bold=False, color=array([1., 1., 1.]), colorSpace='rgb', contrast=1.0, depth=0.0, draggable=False, flipHoriz=False, flipVert=False, font='Arial', fontFiles=[], height=np.float64(0.12), italic=False, languageStyle='LTR', name='fixation', opacity=1, ori=0, pos=array([0., 0.]), rgb=UNKNOWN, text='+', units='height', win=Window(...), wrapWidth=1)
11.4441 	EXP 	Created maze_image = ImageStim(__class__=<class 'psychopy.visual.image.ImageStim'>, anchor=('center', 'center'), autoLog=True, color=array([1., 1., 1.]), colorSpace='rgb', contrast=1.0, depth=0.0, draggable=False, flipHoriz=np.False_, flipVert=np.False_, image='sin', interpolate=True, mask=None, maskParams=None, name='maze_image', opacity=1, ori=0.0, pos=array([ 0.  , -0.03]), size=array([0.75, 0.75]), texRes=128.0, units='height', win=Window(...))
11.4491 	EXP 	Created maze_title_stim = TextStim(__class__=<class 'psychopy.visual.text.TextStim'>, alignHoriz=method-wrapper(...), alignText='center', alignVert=method-wrapper(...), anchorHoriz='center', anchorVert='center', antialias=True, autoDraw=False, autoLog=True, bold=False, color=array([1., 1., 1.]), colorSpace='rgb', contrast=1.0, depth=-1.0, draggable=False, flipHoriz=False, flipVert=False, font='Arial', fontFiles=[], height=np.float64(0.048), italic=False, languageStyle='LTR', name='maze_title_stim', opacity=1, ori=0, pos=array([0.  , 0.43]), rgb=UNKNOWN, text='Example Practice Maze', units='height', win=Window(...), wrapWidth=1.4)
11.4502 	EXP 	Created env_maze_image = ImageStim(__class__=<class 'psychopy.visual.image.ImageStim'>, anchor=('center', 'center'), autoLog=True, color=array([1., 1., 1.]), colorSpace='rgb', contrast=1.0, depth=-2.0, draggable=False, flipHoriz=np.False_, flipVert=np.False_, image='sin', interpolate=True, mask=None, maskParams=None, name='env_maze_image', opacity=1, ori=0.0, pos=array([ 0.  , -0.06]), size=array([0.72, 0.72]), texRes=128.0, units='height', win=Window(...))
11.4508 	EXP 	Created env_label = TextStim(__class__=<class 'psychopy.visual.text.TextStim'>, alignHoriz=method-wrapper(...), alignText='center', alignVert=method-wrapper(...), anchorHoriz='center', anchorVert='center', antialias=True, autoDraw=False, autoLog=True, bold=False, color=array([1., 1., 1.]), colorSpace='rgb', contrast=1.0, depth=0.0, draggable=False, flipHoriz=False, flipVert=False, font='Arial', fontFiles=[], height=0.048, italic=False, languageStyle='LTR', name='env_label', opacity=1, ori=0, pos=array([0.  , 0.43]), rgb=UNKNOWN, text='', units='height', win=Window(...), wrapWidth=1.4)
11.4557 	EXP 	Created env_advance = TextStim(__class__=<class 'psychopy.visual.text.TextStim'>, alignHoriz=method-wrapper(...), alignText='center', alignVert=method-wrapper(...), anchorHoriz='center', anchorVert='center', antialias=True, autoDraw=False, autoLog=True, bold=False, color=array([1., 1., 1.]), colorSpace='rgb', contrast=1.0, depth=-1.0, draggable=False, flipHoriz=False, flipVert=False, font='Arial', fontFiles=[], height=np.float64(0.038), italic=False, languageStyle='LTR', name='env_advance', opacity=1, ori=0, pos=array([ 0.  , -0.46]), rgb=UNKNOWN, text='Press any number to continue.', units='height', win=Window(...), wrapWidth=1)
11.4563 	EXP 	Created question_text = TextStim(__class__=<class 'psychopy.visual.text.TextStim'>, alignHoriz=method-wrapper(...), alignText='center', alignVert=method-wrapper(...), anchorHoriz='center', anchorVert='center', antialias=True, autoDraw=False, autoLog=True, bold=False, color=array([-1., -1., -1.]), colorSpace='rgb', contrast=1.0, depth=0.0, draggable=False, flipHoriz=False, flipVert=False, font='Arial', fontFiles=[], height=0.055, italic=False, languageStyle='LTR', name='question_text', opacity=1, ori=0, pos=array([0. , 0.4]), rgb=UNKNOWN, text='', units='height', win=Window(...), wrapWidth=1.5)
11.4572 	EXP 	Created cue_image = ImageStim(__class__=<class 'psychopy.visual.image.ImageStim'>, anchor=('center', 'center'), autoLog=True, color=array([1., 1., 1.]), colorSpace='rgb', contrast=1.0, depth=-1.0, draggable=False, flipHoriz=np.False_, flipVert=np.False_, image='sin', interpolate=True, mask=None, maskParams=None, name='cue_image', opacity=1, ori=0.0, pos=array([0.  , 0.12]), size=array([0.25, 0.25]), texRes=512, units='height', win=Window(...))
11.4577 	EXP 	Created cue_label_stim = TextStim(__class__=<class 'psychopy.visual.text.TextStim'>, alignHoriz=method-wrapper(...), alignText='center', alignVert=method-wrapper(...), anchorHoriz='center', anchorVert='center', antialias=True, autoDraw=False, autoLog=True, bold=False, color=array([-1., -1., -1.]), colorSpace='rgb', contrast=1.0, depth=-2.0, draggable=False, flipHoriz=False, flipVert=False, font='Arial', fontFiles=[], height=0.042, italic=False, languageStyle='LTR', name='cue_label_stim', opacity=1, ori=0, pos=array([ 0.  , -0.02]), rgb=UNKNOWN, text='', units='height', win=Window(...), wrapWidth=0.5)
11.4586 	EXP 	Created left_image = ImageStim(__class__=<class 'psychopy.visual.image.ImageStim'>, anchor=('center', 'center'), autoLog=True, color=array([1., 1., 1.]), colorSpace='rgb', contrast=1.0, depth=-3.0, draggable=False, flipHoriz=np.False_, flipVert=np.False_, image='sin', interpolate=True, mask=None, maskParams=None, name='left_image', opacity=1, ori=0.0, pos=array([-0.22, -0.22]), size=array([0.22, 0.22]), texRes=512, units='height', win=Window(...))
11.4590 	EXP 	Created left_label_stim = TextStim(__class__=<class 'psychopy.visual.text.TextStim'>, alignHoriz=method-wrapper(...), alignText='center', alignVert=method-wrapper(...), anchorHoriz='center', anchorVert='center', antialias=True, autoDraw=False, autoLog=True, bold=False, color=array([-1., -1., -1.]), colorSpace='rgb', contrast=1.0, depth=-4.0, draggable=False, flipHoriz=False, flipVert=False, font='Arial', fontFiles=[], height=0.042, italic=False, languageStyle='LTR', name='left_label_stim', opacity=1, ori=0, pos=array([-0.22, -0.36]), rgb=UNKNOWN, text='', units='height', win=Window(...), wrapWidth=0.35)
11.4598 	EXP 	Created right_image = ImageStim(__class__=<class 'psychopy.visual.image.ImageStim'>, anchor=('center', 'center'), autoLog=True, color=array([1., 1., 1.]), colorSpace='rgb', contrast=1.0, depth=-5.0, draggable=False, flipHoriz=np.False_, flipVert=np.False_, image='sin', interpolate=True, mask=None, maskParams=None, name='right_image', opacity=1, ori=0.0, pos=array([ 0.22, -0.22]), size=array([0.22, 0.22]), texRes=512, units='height', win=Window(...))
11.4603 	EXP 	Created right_label_stim = TextStim(__class__=<class 'psychopy.visual.text.TextStim'>, alignHoriz=method-wrapper(...), alignText='center', alignVert=method-wrapper(...), anchorHoriz='center', anchorVert='center', antialias=True, autoDraw=False, autoLog=True, bold=False, color=array([-1., -1., -1.]), colorSpace='rgb', contrast=1.0, depth=-6.0, draggable=False, flipHoriz=False, flipVert=False, font='Arial', fontFiles=[], height=0.042, italic=False, languageStyle='LTR', name='right_label_stim', opacity=1, ori=0, pos=array([ 0.22, -0.36]), rgb=UNKNOWN, text='', units='height', win=Window(...), wrapWidth=0.35)
11.4608 	EXP 	Created fb_text_left = TextStim(__class__=<class 'psychopy.visual.text.TextStim'>, alignHoriz=method-wrapper(...), alignText='center', alignVert=method-wrapper(...), anchorHoriz='center', anchorVert='center', antialias=True, autoDraw=False, autoLog=True, bold=False, color=array([0.  , 0.32, 0.  ]), colorSpace='rgb', contrast=1.0, depth=0.0, draggable=False, flipHoriz=False, flipVert=False, font='Arial', fontFiles=[], height=0.046, italic=False, languageStyle='LTR', name='fb_text_left', opacity=1, ori=0, pos=array([-0.65,  0.02]), rgb=UNKNOWN, text='', units='height', win=Window(...), wrapWidth=0.25)
11.4609 	WARNING 	lineColorSpace parameter is deprecated. Please use colorSpace instead.
11.4627 	EXP 	Created fb_line_left = Line(__class__=<class 'psychopy.visual.line.Line'>, anchor=('center', 'center'), autoDraw=False, autoLog=True, closeShape=False, color=array([0.  , 0.32, 0.  ]), colorSpace='rgb', contrast=None, depth=0, draggable=False, fillColor=ndarray(...), fillColorSpace='rgb', fillRGB=ndarray(...), interpolate=True, lineColor=array([0.  , 0.32, 0.  ]), lineColorSpace='rgb', lineRGB=array([0.  , 0.32, 0.  ]), lineWidth=3.0, name='fb_line_left', opacity=1, ori=0.0, pos=array([0., 0.]), size=array([1., 1.]), units='height', vertices=array([[-0.52, -0.07],
       [-0.35, -0.17]]), win=Window(...), windingRule=None)
11.4628 	WARNING 	fillColorSpace parameter is deprecated. Please use colorSpace instead.
11.4628 	WARNING 	lineColorSpace parameter is deprecated. Please use colorSpace instead.
11.4633 	EXP 	Created fb_head_left = ShapeStim(__class__=<class 'psychopy.visual.shape.ShapeStim'>, anchor=('center', 'center'), autoDraw=False, autoLog=True, closeShape=True, color=method-wrapper(...), colorSpace='rgb', contrast=None, depth=-1.0, draggable=False, fillColor=array([0.  , 0.32, 0.  ]), fillColorSpace='rgb', fillRGB=array([0.  , 0.32, 0.  ]), interpolate=True, lineColor=array([0.  , 0.32, 0.  ]), lineColorSpace='rgb', lineRGB=array([0.  , 0.32, 0.  ]), lineWidth=1.5, name='fb_head_left', opacity=1, ori=0.0, pos=array([0., 0.]), size=array([1., 1.]), units='height', vertices=ndarray(...), win=Window(...), windingRule=None)
11.4636 	EXP 	Created fb_text_right = TextStim(__class__=<class 'psychopy.visual.text.TextStim'>, alignHoriz=method-wrapper(...), alignText='center', alignVert=method-wrapper(...), anchorHoriz='center', anchorVert='center', antialias=True, autoDraw=False, autoLog=True, bold=False, color=array([0.  , 0.32, 0.  ]), colorSpace='rgb', contrast=1.0, depth=0.0, draggable=False, flipHoriz=False, flipVert=False, font='Arial', fontFiles=[], height=0.046, italic=False, languageStyle='LTR', name='fb_text_right', opacity=1, ori=0, pos=array([0.65, 0.02]), rgb=UNKNOWN, text='', units='height', win=Window(...), wrapWidth=0.25)
11.4637 	WARNING 	lineColorSpace parameter is deprecated. Please use colorSpace instead.
11.4646 	EXP 	Created fb_line_right = Line(__class__=<class 'psychopy.visual.line.Line'>, anchor=('center', 'center'), autoDraw=False, autoLog=True, closeShape=False, color=array([0.  , 0.32, 0.  ]), colorSpace='rgb', contrast=None, depth=0, draggable=False, fillColor=ndarray(...), fillColorSpace='rgb', fillRGB=ndarray(...), interpolate=True, lineColor=array([0.  , 0.32, 0.  ]), lineColorSpace='rgb', lineRGB=array([0.  , 0.32, 0.  ]), lineWidth=3.0, name='fb_line_right', opacity=1, ori=0.0, pos=array([0., 0.]), size=array([1., 1.]), units='height', vertices=array([[ 0.52, -0.07],
       [ 0.35, -0.17]]), win=Window(...), windingRule=None)
11.4647 	WARNING 	fillColorSpace parameter is deprecated. Please use colorSpace instead.
11.4647 	WARNING 	lineColorSpace parameter is deprecated. Please use colorSpace instead.
11.4654 	EXP 	Created fb_head_right = ShapeStim(__class__=<class 'psychopy.visual.shape.ShapeStim'>, anchor=('center', 'center'), autoDraw=False, autoLog=True, closeShape=True, color=method-wrapper(...), colorSpace='rgb', contrast=None, depth=-1.0, draggable=False, fillColor=array([0.  , 0.32, 0.  ]), fillColorSpace='rgb', fillRGB=array([0.  , 0.32, 0.  ]), interpolate=True, lineColor=array([0.  , 0.32, 0.  ]), lineColorSpace='rgb', lineRGB=array([0.  , 0.32, 0.  ]), lineWidth=1.5, name='fb_head_right', opacity=1, ori=0.0, pos=array([0., 0.]), size=array([1., 1.]), units='height', vertices=ndarray(...), win=Window(...), windingRule=None)
11.4744 	EXP 	Created thankyou = TextStim(__class__=<class 'psychopy.visual.text.TextStim'>, alignHoriz=method-wrapper(...), alignText='center', alignVert=method-wrapper(...), anchorHoriz='center', anchorVert='center', antialias=True, autoDraw=False, autoLog=True, bold=False, color=array([1., 1., 1.]), colorSpace='rgb', contrast=1.0, depth=0.0, draggable=False, flipHoriz=False, flipVert=False, font='Arial', fontFiles=[], height=np.float64(0.06), italic=False, languageStyle='LTR', name='thankyou', opacity=1, ori=0, pos=array([0. , 0.1]), rgb=UNKNOWN, text=str(...), units='height', win=Window(...), wrapWidth=1)
11.4792 	EXP 	Created finalslide = TextStim(__class__=<class 'psychopy.visual.text.TextStim'>, alignHoriz=method-wrapper(...), alignText='center', alignVert=method-wrapper(...), anchorHoriz='center', anchorVert='center', antialias=True, autoDraw=False, autoLog=True, bold=False, color=array([1., 1., 1.]), colorSpace='rgb', contrast=1.0, depth=-1.0, draggable=False, flipHoriz=False, flipVert=False, font='Arial', fontFiles=[], height=np.float64(0.04), italic=False, languageStyle='LTR', name='finalslide', opacity=1, ori=0, pos=array([ 0. , -0.2]), rgb=UNKNOWN, text='Press any number to exit.', units='height', win=Window(...), wrapWidth=1)
11.4859 	EXP 	Created unnamed TextStim = TextStim(__class__=<class 'psychopy.visual.text.TextStim'>, alignHoriz=method-wrapper(...), alignText='center', alignVert=method-wrapper(...), anchorHoriz='center', anchorVert='center', antialias=True, autoDraw=False, autoLog=True, bold=True, color=array([1., 1., 1.]), colorSpace='rgb', contrast=1.0, depth=0.0, draggable=False, flipHoriz=False, flipVert=False, font='Arial', fontFiles=[], height=np.float64(0.06), italic=False, languageStyle='LTR', name='unnamed TextStim', opacity=1.0, ori=0.0, pos=array([0.  , 0.39]), rgb=UNKNOWN, text='Practice Trials + Instructions', units='height', win=Window(...), wrapWidth=1.5)
11.5008 	EXP 	Created unnamed TextStim = TextStim(__class__=<class 'psychopy.visual.text.TextStim'>, alignHoriz=method-wrapper(...), alignText='center', alignVert=method-wrapper(...), anchorHoriz='center', anchorVert='center', antialias=True, autoDraw=False, autoLog=True, bold=False, color=array([1., 1., 1.]), colorSpace='rgb', contrast=1.0, depth=-1.0, draggable=False, flipHoriz=False, flipVert=False, font='Arial', fontFiles=[], height=np.float64(0.036), italic=False, languageStyle='LTR', name='unnamed TextStim', opacity=1.0, ori=0.0, pos=array([0.  , 0.03]), rgb=UNKNOWN, text=str(...), units='height', win=Window(...), wrapWidth=1.5)
11.5077 	EXP 	Created unnamed TextStim = TextStim(__class__=<class 'psychopy.visual.text.TextStim'>, alignHoriz=method-wrapper(...), alignText='center', alignVert=method-wrapper(...), anchorHoriz='center', anchorVert='center', antialias=True, autoDraw=False, autoLog=True, bold=False, color=array([0.2 , 0.55, 0.95]), colorSpace='rgb', contrast=1.0, depth=-2.0, draggable=False, flipHoriz=False, flipVert=False, font='Arial', fontFiles=[], height=np.float64(0.032), italic=False, languageStyle='LTR', name='unnamed TextStim', opacity=1.0, ori=0.0, pos=array([ 0. , -0.4]), rgb=UNKNOWN, text='Blue background  =  path distance trials', units='height', win=Window(...), wrapWidth=1)
11.5103 	EXP 	Created unnamed TextStim = TextStim(__class__=<class 'psychopy.visual.text.TextStim'>, alignHoriz=method-wrapper(...), alignText='center', alignVert=method-wrapper(...), anchorHoriz='center', anchorVert='center', antialias=True, autoDraw=False, autoLog=True, bold=False, color=array([0.914, 0.506, 0.09 ]), colorSpace='rgb', contrast=1.0, depth=-3.0, draggable=False, flipHoriz=False, flipVert=False, font='Arial', fontFiles=[], height=np.float64(0.032), italic=False, languageStyle='LTR', name='unnamed TextStim', opacity=1.0, ori=0.0, pos=array([ 0.  , -0.44]), rgb=UNKNOWN, text=str(...), units='height', win=Window(...), wrapWidth=1)
11.5127 	EXP 	Created unnamed TextStim = TextStim(__class__=<class 'psychopy.visual.text.TextStim'>, alignHoriz=method-wrapper(...), alignText='center', alignVert=method-wrapper(...), anchorHoriz='center', anchorVert='center', antialias=True, autoDraw=False, autoLog=True, bold=False, color=array([0.4, 0.4, 0.4]), colorSpace='rgb', contrast=1.0, depth=-4.0, draggable=False, flipHoriz=False, flipVert=False, font='Arial', fontFiles=[], height=np.float64(0.030999999999999996), italic=False, languageStyle='LTR', name='unnamed TextStim', opacity=1.0, ori=0.0, pos=array([ 0.  , -0.47]), rgb=UNKNOWN, text='Press any number to continue.', units='height', win=Window(...), wrapWidth=1)
11.5167 	INFO 	Keyboard events cleared
11.5167 	EXP 	unnamed TextStim: autoDraw = True
11.5167 	EXP 	unnamed TextStim: autoDraw = True
11.5167 	EXP 	unnamed TextStim: autoDraw = True
11.5167 	EXP 	unnamed TextStim: autoDraw = True
11.5167 	EXP 	unnamed TextStim: autoDraw = True
15.3255 	EXP 	Device response: <KeyPress from None: t=15.322387900028843, value=escape, duration=None>
15.3261 	DATA 	Keypress: escape
15.4396 	EXP 	Device response: <KeyPress from None: t=15.322387900028843, value=escape, duration=0.11489730002358556>
15.4932 	DEBUG 	Saving data for GraphMaze_Navigation ExperimentHandler
15.4952 	INFO 	saved data to F:\Github\PaperFolding\data\123_GraphMaze_Navigation_2026-10-02_20h52.04.552.psydat
15.4982 	INFO 	saved data to 'F:\\Github\\PaperFolding\\data\\123_GraphMaze_Navigation_2026-10-02_20h52.04.552.csv'
15.5087 	INFO 	Stopping keyboard key buffers.
