9.9696 	INFO 	Loaded monitor calibration from ['2026_09_21 04:14']
9.9922 	WARNING 	User requested fullscreen with size [1440  900], but screen is actually [1920, 1080]. Using actual size
10.2574 	INFO 	Using renderer 'AMD Radeon RX 7900 XT' for graphics
10.2575 	INFO 	OpenGL version supported by driver is 4..
10.3239 	DEBUG 	TextBox2 loaded 1 chars with 0 blanks and 1 valid
10.3334 	DEBUG 	TextBox2 loaded 1 chars with 0 blanks and 1 valid
10.3431 	DEBUG 	TextBox2 loaded 1 chars with 0 blanks and 1 valid
10.3532 	DEBUG 	TextBox2 loaded 1 chars with 0 blanks and 1 valid
10.3632 	DEBUG 	TextBox2 loaded 1 chars with 0 blanks and 1 valid
10.3723 	DEBUG 	TextBox2 loaded 1 chars with 0 blanks and 1 valid
10.3816 	DEBUG 	TextBox2 loaded 1 chars with 0 blanks and 1 valid
10.3914 	DEBUG 	TextBox2 loaded 1 chars with 0 blanks and 1 valid
10.4001 	DEBUG 	TextBox2 loaded 1 chars with 0 blanks and 1 valid
10.4090 	DEBUG 	TextBox2 loaded 1 chars with 0 blanks and 1 valid
10.4188 	DEBUG 	TextBox2 loaded 1 chars with 0 blanks and 1 valid
10.4285 	DEBUG 	TextBox2 loaded 1 chars with 0 blanks and 1 valid
10.4378 	DEBUG 	TextBox2 loaded 1 chars with 0 blanks and 1 valid
10.4474 	DEBUG 	TextBox2 loaded 1 chars with 0 blanks and 1 valid
10.4567 	DEBUG 	TextBox2 loaded 1 chars with 0 blanks and 1 valid
10.4662 	DEBUG 	TextBox2 loaded 1 chars with 0 blanks and 1 valid
10.4758 	DEBUG 	TextBox2 loaded 1 chars with 0 blanks and 1 valid
10.4845 	DEBUG 	TextBox2 loaded 1 chars with 0 blanks and 1 valid
10.4933 	DEBUG 	TextBox2 loaded 1 chars with 0 blanks and 1 valid
10.5029 	DEBUG 	TextBox2 loaded 1 chars with 0 blanks and 1 valid
10.5114 	DEBUG 	TextBox2 loaded 1 chars with 0 blanks and 1 valid
10.5117 	DEBUG 	Uploading Texture Font fontname to graphics card
10.5130 	DEBUG 	Upload of Texture Font fontname complete
10.5314 	DEBUG 	TextBox2 loaded 1 chars with 0 blanks and 1 valid
10.5412 	DEBUG 	TextBox2 loaded 1 chars with 0 blanks and 1 valid
10.5509 	DEBUG 	TextBox2 loaded 1 chars with 0 blanks and 1 valid
10.5512 	DEBUG 	Uploading Texture Font fontname to graphics card
10.5519 	DEBUG 	Upload of Texture Font fontname complete
11.5052 	EXP 	Created window1 = Window(allowGUI=False, allowStencil=False, autoLog=True, backendConf=UNKNOWN, backgroundFit=<method-wrapper '__getattribute__' of attributeSetter object at 0x000001CD05216B00>, backgroundImage=<method-wrapper '__getattribute__' of attributeSetter object at 0x000001CD05216D10>, bitsMode=UNKNOWN, blendMode='avg', bpc=(8, 8, 8), color=array([0, 0, 0]), colorSpace='rgb', depthBits=8, fullscr=True, gamma=None, gammaErrorPolicy='raise', infoMsg=UNKNOWN, lms=UNKNOWN, monitor=<psychopy.monitors.calibTools.Monitor object at 0x000001CD0308C070>, multiSample=False, name='window1', numSamples=2, pos=(0, 0), screen=0, size=array([1920, 1080]), stencilBits=0, stereo=False, title='PsychoPy', units='height', useFBO=True, useRetina=False, viewOri=0.0, viewPos=None, viewScale=None, waitBlanking=True, winType='pyglet')
11.5052 	EXP 	window1: backgroundImage = None
11.5052 	EXP 	window1: backgroundFit = 'cover'
11.5067 	EXP 	window1: Attempting to measure frame rate of screen (0) ...
11.5067 	EXP 	window1: recordFrameIntervals = False
11.5879 	EXP 	window1: recordFrameIntervals = True
12.4214 	EXP 	window1: recordFrameIntervals = False
12.4214 	EXP 	Screen (0) actual frame rate measured at 120.11Hz
12.7254 	INFO 	keyboard.Keyboard is using ptb backend.
12.7280 	EXP 	Created instr_slides = ImageStim(__class__=<class 'psychopy.visual.image.ImageStim'>, anchor=('center', 'center'), autoLog=True, color=array([1., 1., 1.]), colorSpace='rgb', contrast=1.0, depth=0.0, draggable=False, flipHoriz=np.False_, flipVert=np.False_, image='sin', interpolate=True, mask=None, maskParams=None, name='instr_slides', opacity=1, ori=0.0, pos=array([0., 0.]), size=array([1.6, 0.9]), texRes=128.0, units='height', win=Window(...))
12.8167 	EXP 	Created cue_label = TextStim(__class__=<class 'psychopy.visual.text.TextStim'>, alignHoriz=method-wrapper(...), alignText='center', alignVert=method-wrapper(...), anchorHoriz='center', anchorVert='center', antialias=True, autoDraw=False, autoLog=True, bold=False, color=array([1., 1., 1.]), colorSpace='rgb', contrast=1.0, depth=0.0, draggable=False, flipHoriz=False, flipVert=False, font='Times New Roman', fontFiles=[], height=np.float64(0.04), italic=False, languageStyle='LTR', name='cue_label', opacity=1, ori=0, pos=array([0.  , 0.38]), rgb=UNKNOWN, text='You are standing here:', units='height', win=Window(...), wrapWidth=1)
12.8177 	EXP 	Created cue_image = ImageStim(__class__=<class 'psychopy.visual.image.ImageStim'>, anchor=('center', 'center'), autoLog=True, color=array([1., 1., 1.]), colorSpace='rgb', contrast=1.0, depth=-1.0, draggable=False, flipHoriz=np.False_, flipVert=np.False_, image='sin', interpolate=True, mask=None, maskParams=None, name='cue_image', opacity=1, ori=0.0, pos=array([0.  , 0.18]), size=array([0.28, 0.28]), texRes=512, units='height', win=Window(...))
12.8182 	EXP 	Created question_text = TextStim(__class__=<class 'psychopy.visual.text.TextStim'>, alignHoriz=method-wrapper(...), alignText='center', alignVert=method-wrapper(...), anchorHoriz='center', anchorVert='center', antialias=True, autoDraw=False, autoLog=True, bold=False, color=array([1., 1., 1.]), colorSpace='rgb', contrast=1.0, depth=-2.0, draggable=False, flipHoriz=False, flipVert=False, font='Times New Roman', fontFiles=[], height=0.04, italic=False, languageStyle='LTR', name='question_text', opacity=1, ori=0, pos=array([ 0.  , -0.04]), rgb=UNKNOWN, text='', units='height', win=Window(...), wrapWidth=1.4)
12.8190 	EXP 	Created left_image = ImageStim(__class__=<class 'psychopy.visual.image.ImageStim'>, anchor=('center', 'center'), autoLog=True, color=array([1., 1., 1.]), colorSpace='rgb', contrast=1.0, depth=-3.0, draggable=False, flipHoriz=np.False_, flipVert=np.False_, image='sin', interpolate=True, mask=None, maskParams=None, name='left_image', opacity=1, ori=0.0, pos=array([-0.4 , -0.22]), size=array([0.28, 0.28]), texRes=512, units='height', win=Window(...))
12.8197 	EXP 	Created right_image = ImageStim(__class__=<class 'psychopy.visual.image.ImageStim'>, anchor=('center', 'center'), autoLog=True, color=array([1., 1., 1.]), colorSpace='rgb', contrast=1.0, depth=-4.0, draggable=False, flipHoriz=np.False_, flipVert=np.False_, image='sin', interpolate=True, mask=None, maskParams=None, name='right_image', opacity=1, ori=0.0, pos=array([ 0.4 , -0.22]), size=array([0.28, 0.28]), texRes=512, units='height', win=Window(...))
12.8278 	EXP 	Created left_prompt = TextStim(__class__=<class 'psychopy.visual.text.TextStim'>, alignHoriz=method-wrapper(...), alignText='center', alignVert=method-wrapper(...), anchorHoriz='center', anchorVert='center', antialias=True, autoDraw=False, autoLog=True, bold=False, color=array([1., 1., 1.]), colorSpace='rgb', contrast=1.0, depth=-5.0, draggable=False, flipHoriz=False, flipVert=False, font='Times New Roman', fontFiles=[], height=np.float64(0.035), italic=False, languageStyle='LTR', name='left_prompt', opacity=1, ori=0, pos=array([-0.4 , -0.38]), rgb=UNKNOWN, text='←  Left Arrow', units='height', win=Window(...), wrapWidth=1)
12.8325 	EXP 	Created right_prompt = TextStim(__class__=<class 'psychopy.visual.text.TextStim'>, alignHoriz=method-wrapper(...), alignText='center', alignVert=method-wrapper(...), anchorHoriz='center', anchorVert='center', antialias=True, autoDraw=False, autoLog=True, bold=False, color=array([1., 1., 1.]), colorSpace='rgb', contrast=1.0, depth=-6.0, draggable=False, flipHoriz=False, flipVert=False, font='Times New Roman', fontFiles=[], height=np.float64(0.035), italic=False, languageStyle='LTR', name='right_prompt', opacity=1, ori=0, pos=array([ 0.4 , -0.38]), rgb=UNKNOWN, text='Right Arrow  →', units='height', win=Window(...), wrapWidth=1)
12.8420 	EXP 	Created thankyou = TextStim(__class__=<class 'psychopy.visual.text.TextStim'>, alignHoriz=method-wrapper(...), alignText='center', alignVert=method-wrapper(...), anchorHoriz='center', anchorVert='center', antialias=True, autoDraw=False, autoLog=True, bold=False, color=array([1., 1., 1.]), colorSpace='rgb', contrast=1.0, depth=0.0, draggable=False, flipHoriz=False, flipVert=False, font='Times New Roman', fontFiles=[], height=np.float64(0.07), italic=False, languageStyle='LTR', name='thankyou', opacity=1, ori=0, pos=array([0., 0.]), rgb=UNKNOWN, text=str(...), units='height', win=Window(...), wrapWidth=1)
12.8472 	EXP 	Created finalslide = TextStim(__class__=<class 'psychopy.visual.text.TextStim'>, alignHoriz=method-wrapper(...), alignText='center', alignVert=method-wrapper(...), anchorHoriz='center', anchorVert='center', antialias=True, autoDraw=False, autoLog=True, bold=False, color=array([1., 1., 1.]), colorSpace='rgb', contrast=1.0, depth=-2.0, draggable=False, flipHoriz=False, flipVert=False, font='Times New Roman', fontFiles=[], height=np.float64(0.04), italic=False, languageStyle='LTR', name='finalslide', opacity=1, ori=0, pos=array([ 0. , -0.4]), rgb=UNKNOWN, text='Press the space bar to exit the experiment.', units='height', win=Window(...), wrapWidth=1)
12.8493 	EXP 	Created sequence: random, trialTypes=1, nReps=1000, seed=None
12.8507 	EXP 	New trial (rep=0, index=0): None
12.9062 	INFO 	Keyboard events cleared
12.9062 	EXP 	instr_slides: image = 'nav_task_instr/Slide1.png'
12.9062 	EXP 	instr_slides: autoDraw = True
14.8168 	EXP 	Device response: <KeyPress from None: t=14.810734700004105, value=right, duration=None>
14.8190 	EXP 	New trial (rep=1, index=0): None
14.8483 	DATA 	Keypress: right
14.8513 	INFO 	Keyboard events cleared
14.8513 	EXP 	instr_slides: autoDraw = False
14.8513 	EXP 	instr_slides: image = 'nav_task_instr/Slide2.png'
14.8513 	EXP 	instr_slides: autoDraw = True
14.9302 	EXP 	Device response: <KeyPress from None: t=14.810734700004105, value=right, duration=0.11219930002698675>
15.2304 	EXP 	Device response: <KeyPress from None: t=15.226623099995777, value=right, duration=None>
15.2322 	EXP 	New trial (rep=2, index=0): None
15.2649 	DATA 	Keypress: right
15.2675 	INFO 	Keyboard events cleared
15.2674 	EXP 	instr_slides: autoDraw = False
15.2674 	EXP 	instr_slides: image = 'nav_task_instr/Slide3.png'
15.2674 	EXP 	instr_slides: autoDraw = True
15.3719 	EXP 	Device response: <KeyPress from None: t=15.226623099995777, value=right, duration=0.14002820005407557>
15.4553 	EXP 	Device response: <KeyPress from None: t=15.45244130003266, value=right, duration=None>
15.4568 	EXP 	New trial (rep=3, index=0): None
15.4797 	DATA 	Keypress: right
15.4822 	INFO 	Keyboard events cleared
15.4822 	EXP 	instr_slides: autoDraw = False
15.4822 	EXP 	instr_slides: image = 'nav_task_instr/Slide3.png'
15.4822 	EXP 	instr_slides: autoDraw = True
15.5636 	EXP 	Device response: <KeyPress from None: t=15.45244130003266, value=right, duration=0.10509289999026805>
15.7219 	EXP 	Device response: <KeyPress from None: t=15.714793400024064, value=right, duration=None>
15.7235 	EXP 	New trial (rep=4, index=0): None
15.7493 	DATA 	Keypress: right
15.7514 	INFO 	Keyboard events cleared
15.7514 	EXP 	instr_slides: autoDraw = False
15.7514 	EXP 	instr_slides: image = 'nav_task_instr/Slide3.png'
15.7514 	EXP 	instr_slides: autoDraw = True
15.8637 	EXP 	Device response: <KeyPress from None: t=15.714793400024064, value=right, duration=0.1409214999875985>
16.4303 	EXP 	Device response: <KeyPress from None: t=16.42756800004281, value=right, duration=None>
16.4323 	EXP 	New trial (rep=5, index=0): None
16.4584 	DATA 	Keypress: right
16.4609 	INFO 	Keyboard events cleared
16.4608 	EXP 	instr_slides: autoDraw = False
16.4608 	EXP 	instr_slides: image = 'nav_task_instr/Slide3.png'
16.4608 	EXP 	instr_slides: autoDraw = True
16.5750 	EXP 	Device response: <KeyPress from None: t=16.42756800004281, value=right, duration=0.14620379998814315>
16.8636 	EXP 	Device response: <KeyPress from None: t=16.855939500033855, value=right, duration=None>
16.8654 	EXP 	New trial (rep=6, index=0): None
16.8880 	DATA 	Keypress: right
16.8911 	INFO 	Keyboard events cleared
16.8910 	EXP 	instr_slides: autoDraw = False
16.8910 	EXP 	instr_slides: image = 'nav_task_instr/Slide3.png'
16.8910 	EXP 	instr_slides: autoDraw = True
17.0053 	EXP 	Device response: <KeyPress from None: t=16.855939500033855, value=right, duration=0.14103569998405874>
17.7886 	EXP 	Device response: <KeyPress from None: t=17.784474300045986, value=right, duration=None>
17.7902 	EXP 	New trial (rep=7, index=0): None
17.8156 	DATA 	Keypress: right
17.8176 	INFO 	Keyboard events cleared
17.8176 	EXP 	instr_slides: autoDraw = False
17.8176 	EXP 	instr_slides: image = 'nav_task_instr/Slide3.png'
17.8176 	EXP 	instr_slides: autoDraw = True
17.9303 	EXP 	Device response: <KeyPress from None: t=17.784474300045986, value=right, duration=0.14416719996370375>
18.2138 	EXP 	Device response: <KeyPress from None: t=18.206608700042125, value=right, duration=None>
18.2155 	EXP 	New trial (rep=8, index=0): None
18.2429 	DATA 	Keypress: right
18.2461 	INFO 	Keyboard events cleared
18.2460 	EXP 	instr_slides: autoDraw = False
18.2460 	EXP 	instr_slides: image = 'nav_task_instr/Slide3.png'
18.2460 	EXP 	instr_slides: autoDraw = True
18.3222 	EXP 	Device response: <KeyPress from None: t=18.206608700042125, value=right, duration=0.10837460000766441>
18.7644 	EXP 	Device response: <KeyPress from None: t=18.761637400020845, value=left, duration=None>
18.7659 	EXP 	New trial (rep=9, index=0): None
18.7867 	DATA 	Keypress: left
18.7890 	INFO 	Keyboard events cleared
18.7889 	EXP 	instr_slides: autoDraw = False
18.7889 	EXP 	instr_slides: image = 'nav_task_instr/Slide2.png'
18.7889 	EXP 	instr_slides: autoDraw = True
18.9307 	EXP 	Device response: <KeyPress from None: t=18.761637400020845, value=left, duration=0.1628222999861464>
19.0221 	EXP 	Device response: <KeyPress from None: t=19.02047310001217, value=right, duration=None>
19.0239 	EXP 	New trial (rep=10, index=0): None
19.0490 	DATA 	Keypress: right
19.0516 	INFO 	Keyboard events cleared
19.0515 	EXP 	instr_slides: autoDraw = False
19.0515 	EXP 	instr_slides: image = 'nav_task_instr/Slide3.png'
19.0515 	EXP 	instr_slides: autoDraw = True
19.1475 	EXP 	Device response: <KeyPress from None: t=19.02047310001217, value=right, duration=0.12027409998700023>
19.2397 	EXP 	Device response: <KeyPress from None: t=19.232651600032113, value=right, duration=None>
19.2413 	EXP 	New trial (rep=11, index=0): None
19.2660 	DATA 	Keypress: right
19.2683 	INFO 	Keyboard events cleared
19.2683 	EXP 	instr_slides: autoDraw = False
19.2683 	EXP 	instr_slides: image = 'nav_task_instr/Slide3.png'
19.2683 	EXP 	instr_slides: autoDraw = True
19.3390 	EXP 	Device response: <KeyPress from None: t=19.232651600032113, value=right, duration=0.09927359997527674>
19.4475 	EXP 	Device response: <KeyPress from None: t=19.445550100004766, value=right, duration=None>
19.4490 	EXP 	New trial (rep=12, index=0): None
19.4729 	DATA 	Keypress: right
19.4754 	INFO 	Keyboard events cleared
19.4753 	EXP 	instr_slides: autoDraw = False
19.4753 	EXP 	instr_slides: image = 'nav_task_instr/Slide3.png'
19.4753 	EXP 	instr_slides: autoDraw = True
19.5393 	EXP 	Device response: <KeyPress from None: t=19.445550100004766, value=right, duration=0.08991550002247095>
19.6391 	EXP 	Device response: <KeyPress from None: t=19.635689300019294, value=right, duration=None>
19.6406 	EXP 	New trial (rep=13, index=0): None
19.6632 	DATA 	Keypress: right
19.6660 	INFO 	Keyboard events cleared
19.6660 	EXP 	instr_slides: autoDraw = False
19.6660 	EXP 	instr_slides: image = 'nav_task_instr/Slide3.png'
19.6660 	EXP 	instr_slides: autoDraw = True
19.8058 	EXP 	Device response: <KeyPress from None: t=19.635689300019294, value=right, duration=0.1680029000272043>
20.3476 	EXP 	Device response: <KeyPress from None: t=20.34200870001223, value=space, duration=None>
20.3674 	DEBUG 	Read csv file with pandas: nav_task_conditions.csv
20.3713 	DEBUG 	Clearing unnamed columns from nav_task_conditions.csv
20.3719 	EXP 	Imported nav_task_conditions.csv as conditions, 16 conditions, 5 params
20.3725 	EXP 	Created sequence: random, trialTypes=16, nReps=1, seed=None
20.3728 	EXP 	New trial (rep=0, index=0): OrderedDict([('cueImage', 'stimuli/maze_snowman'), ('leftImage', 'stimuli/maze_guitar'), ('rightImage', 'stimuli/maze_compass'), ('corrAns', 'left'), ('trial_type', 'line')])
20.3731 	WARNING 	Requested image 'stimuli/maze_snowman' not found but similar filename 'stimuli/maze_snowman.png' exists. This will be used instead but changing the filename is advised.
20.3835 	WARNING 	Requested image 'stimuli/maze_guitar' not found but similar filename 'stimuli/maze_guitar.png' exists. This will be used instead but changing the filename is advised.
20.3943 	WARNING 	Requested image 'stimuli/maze_compass' not found but similar filename 'stimuli/maze_compass.png' exists. This will be used instead but changing the filename is advised.
20.4217 	DATA 	Keypress: space
20.4245 	INFO 	Keyboard events cleared
20.4244 	EXP 	instr_slides: autoDraw = False
20.4244 	EXP 	cue_image: image = 'stimuli/maze_snowman'
20.4244 	EXP 	left_image: image = 'stimuli/maze_guitar'
20.4244 	EXP 	right_image: image = 'stimuli/maze_compass'
20.4244 	EXP 	question_text: height = np.float64(0.04)
20.4244 	EXP 	question_text: height = np.float64(0.04)
20.4244 	EXP 	question_text: height = np.float64(0.04)
20.4244 	EXP 	question_text: text = 'Which object is closer in a STRAIGHT LINE?\n(as the crow flies)'
20.4244 	EXP 	cue_label: autoDraw = True
20.4244 	EXP 	cue_image: autoDraw = True
20.4244 	EXP 	question_text: autoDraw = True
20.4244 	EXP 	left_image: autoDraw = True
20.4244 	EXP 	right_image: autoDraw = True
20.4244 	EXP 	left_prompt: autoDraw = True
20.4244 	EXP 	right_prompt: autoDraw = True
20.5558 	EXP 	Device response: <KeyPress from None: t=20.34200870001223, value=space, duration=0.20601269998587668>
26.5900 	EXP 	Device response: <KeyPress from None: t=26.584569400001783, value=left, duration=None>
26.5906 	EXP 	New trial (rep=0, index=1): OrderedDict([('cueImage', 'stimuli/maze_spaceShuttle'), ('leftImage', 'stimuli/maze_snowman'), ('rightImage', 'stimuli/maze_clock'), ('corrAns', 'right'), ('trial_type', 'line')])
26.5909 	WARNING 	Requested image 'stimuli/maze_spaceShuttle' not found but similar filename 'stimuli/maze_spaceShuttle.png' exists. This will be used instead but changing the filename is advised.
26.6289 	WARNING 	Requested image 'stimuli/maze_snowman' not found but similar filename 'stimuli/maze_snowman.png' exists. This will be used instead but changing the filename is advised.
26.6320 	WARNING 	Requested image 'stimuli/maze_clock' not found but similar filename 'stimuli/maze_clock.png' exists. This will be used instead but changing the filename is advised.
26.6398 	DATA 	Keypress: left
26.6423 	INFO 	Keyboard events cleared
26.6422 	EXP 	cue_label: autoDraw = False
26.6422 	EXP 	cue_image: autoDraw = False
26.6422 	EXP 	question_text: autoDraw = False
26.6422 	EXP 	left_image: autoDraw = False
26.6422 	EXP 	right_image: autoDraw = False
26.6422 	EXP 	left_prompt: autoDraw = False
26.6422 	EXP 	right_prompt: autoDraw = False
26.6422 	EXP 	cue_image: image = 'stimuli/maze_spaceShuttle'
26.6422 	EXP 	left_image: image = 'stimuli/maze_snowman'
26.6422 	EXP 	right_image: image = 'stimuli/maze_clock'
26.6422 	EXP 	question_text: text = 'Which object is closer in a STRAIGHT LINE?\n(as the crow flies)'
26.6422 	EXP 	cue_label: autoDraw = True
26.6422 	EXP 	cue_image: autoDraw = True
26.6422 	EXP 	question_text: autoDraw = True
26.6422 	EXP 	left_image: autoDraw = True
26.6422 	EXP 	right_image: autoDraw = True
26.6422 	EXP 	left_prompt: autoDraw = True
26.6422 	EXP 	right_prompt: autoDraw = True
26.7485 	EXP 	Device response: <KeyPress from None: t=26.584569400001783, value=left, duration=0.15998960001161322>
28.6488 	EXP 	Device response: <KeyPress from None: t=28.641627900011372, value=right, duration=None>
28.6495 	EXP 	New trial (rep=0, index=2): OrderedDict([('cueImage', 'stimuli/maze_umbrella'), ('leftImage', 'stimuli/maze_guitar'), ('rightImage', 'stimuli/maze_clock'), ('corrAns', 'right'), ('trial_type', 'route')])
28.6500 	WARNING 	Requested image 'stimuli/maze_umbrella' not found but similar filename 'stimuli/maze_umbrella.png' exists. This will be used instead but changing the filename is advised.
28.6638 	WARNING 	Requested image 'stimuli/maze_guitar' not found but similar filename 'stimuli/maze_guitar.png' exists. This will be used instead but changing the filename is advised.
28.6686 	WARNING 	Requested image 'stimuli/maze_clock' not found but similar filename 'stimuli/maze_clock.png' exists. This will be used instead but changing the filename is advised.
28.6774 	DATA 	Keypress: right
28.6788 	INFO 	Keyboard events cleared
28.6787 	EXP 	cue_label: autoDraw = False
28.6787 	EXP 	cue_image: autoDraw = False
28.6787 	EXP 	question_text: autoDraw = False
28.6787 	EXP 	left_image: autoDraw = False
28.6787 	EXP 	right_image: autoDraw = False
28.6787 	EXP 	left_prompt: autoDraw = False
28.6787 	EXP 	right_prompt: autoDraw = False
28.6787 	EXP 	cue_image: image = 'stimuli/maze_umbrella'
28.6787 	EXP 	left_image: image = 'stimuli/maze_guitar'
28.6787 	EXP 	right_image: image = 'stimuli/maze_clock'
28.6787 	EXP 	question_text: height = np.float64(0.04)
28.6787 	EXP 	question_text: height = np.float64(0.04)
28.6787 	EXP 	question_text: height = np.float64(0.04)
28.6787 	EXP 	question_text: text = 'Which object is closer by ROUTE distance?\n(the path you would walk)'
28.6787 	EXP 	cue_label: autoDraw = True
28.6787 	EXP 	cue_image: autoDraw = True
28.6787 	EXP 	question_text: autoDraw = True
28.6787 	EXP 	left_image: autoDraw = True
28.6787 	EXP 	right_image: autoDraw = True
28.6787 	EXP 	left_prompt: autoDraw = True
28.6787 	EXP 	right_prompt: autoDraw = True
28.8487 	EXP 	Device response: <KeyPress from None: t=28.641627900011372, value=right, duration=0.2049686000100337>
30.3009 	DATA 	Keypress: left
30.3072 	EXP 	Device response: <KeyPress from None: t=30.29902990005212, value=left, duration=None>
30.3079 	EXP 	New trial (rep=0, index=3): OrderedDict([('cueImage', 'stimuli/maze_guitar'), ('leftImage', 'stimuli/maze_compass'), ('rightImage', 'stimuli/maze_lampPost'), ('corrAns', 'right'), ('trial_type', 'route')])
30.3084 	WARNING 	Requested image 'stimuli/maze_guitar' not found but similar filename 'stimuli/maze_guitar.png' exists. This will be used instead but changing the filename is advised.
30.3132 	WARNING 	Requested image 'stimuli/maze_compass' not found but similar filename 'stimuli/maze_compass.png' exists. This will be used instead but changing the filename is advised.
30.3378 	WARNING 	Requested image 'stimuli/maze_lampPost' not found but similar filename 'stimuli/maze_lampPost.png' exists. This will be used instead but changing the filename is advised.
30.3545 	INFO 	Keyboard events cleared
30.3544 	EXP 	cue_label: autoDraw = False
30.3544 	EXP 	cue_image: autoDraw = False
30.3544 	EXP 	question_text: autoDraw = False
30.3544 	EXP 	left_image: autoDraw = False
30.3544 	EXP 	right_image: autoDraw = False
30.3544 	EXP 	left_prompt: autoDraw = False
30.3544 	EXP 	right_prompt: autoDraw = False
30.3544 	EXP 	cue_image: image = 'stimuli/maze_guitar'
30.3544 	EXP 	left_image: image = 'stimuli/maze_compass'
30.3544 	EXP 	right_image: image = 'stimuli/maze_lampPost'
30.3544 	EXP 	question_text: text = 'Which object is closer by ROUTE distance?\n(the path you would walk)'
30.3544 	EXP 	cue_label: autoDraw = True
30.3544 	EXP 	cue_image: autoDraw = True
30.3544 	EXP 	question_text: autoDraw = True
30.3544 	EXP 	left_image: autoDraw = True
30.3544 	EXP 	right_image: autoDraw = True
30.3544 	EXP 	left_prompt: autoDraw = True
30.3544 	EXP 	right_prompt: autoDraw = True
30.5074 	EXP 	Device response: <KeyPress from None: t=30.29902990005212, value=left, duration=0.20243519998621196>
35.9410 	EXP 	Device response: <KeyPress from None: t=35.93861490004929, value=right, duration=None>
35.9413 	EXP 	New trial (rep=0, index=4): OrderedDict([('cueImage', 'stimuli/maze_chair'), ('leftImage', 'stimuli/maze_compass'), ('rightImage', 'stimuli/maze_spaceShuttle'), ('corrAns', 'right'), ('trial_type', 'route')])
35.9416 	WARNING 	Requested image 'stimuli/maze_chair' not found but similar filename 'stimuli/maze_chair.png' exists. This will be used instead but changing the filename is advised.
35.9797 	WARNING 	Requested image 'stimuli/maze_compass' not found but similar filename 'stimuli/maze_compass.png' exists. This will be used instead but changing the filename is advised.
35.9830 	WARNING 	Requested image 'stimuli/maze_spaceShuttle' not found but similar filename 'stimuli/maze_spaceShuttle.png' exists. This will be used instead but changing the filename is advised.
35.9875 	DATA 	Keypress: right
35.9895 	INFO 	Keyboard events cleared
35.9895 	EXP 	cue_label: autoDraw = False
35.9895 	EXP 	cue_image: autoDraw = False
35.9895 	EXP 	question_text: autoDraw = False
35.9895 	EXP 	left_image: autoDraw = False
35.9895 	EXP 	right_image: autoDraw = False
35.9895 	EXP 	left_prompt: autoDraw = False
35.9895 	EXP 	right_prompt: autoDraw = False
35.9895 	EXP 	cue_image: image = 'stimuli/maze_chair'
35.9895 	EXP 	left_image: image = 'stimuli/maze_compass'
35.9895 	EXP 	right_image: image = 'stimuli/maze_spaceShuttle'
35.9895 	EXP 	question_text: text = 'Which object is closer by ROUTE distance?\n(the path you would walk)'
35.9895 	EXP 	cue_label: autoDraw = True
35.9895 	EXP 	cue_image: autoDraw = True
35.9895 	EXP 	question_text: autoDraw = True
35.9895 	EXP 	left_image: autoDraw = True
35.9895 	EXP 	right_image: autoDraw = True
35.9895 	EXP 	left_prompt: autoDraw = True
35.9895 	EXP 	right_prompt: autoDraw = True
36.1410 	EXP 	Device response: <KeyPress from None: t=35.93861490004929, value=right, duration=0.20213399996282533>
37.5347 	EXP 	Device response: <KeyPress from None: t=37.53375360002974, value=right, duration=None>
37.5353 	EXP 	New trial (rep=0, index=5): OrderedDict([('cueImage', 'stimuli/maze_snowman'), ('leftImage', 'stimuli/maze_lampPost'), ('rightImage', 'stimuli/maze_spaceShuttle'), ('corrAns', 'right'), ('trial_type', 'route')])
37.5355 	WARNING 	Requested image 'stimuli/maze_snowman' not found but similar filename 'stimuli/maze_snowman.png' exists. This will be used instead but changing the filename is advised.
37.5390 	WARNING 	Requested image 'stimuli/maze_lampPost' not found but similar filename 'stimuli/maze_lampPost.png' exists. This will be used instead but changing the filename is advised.
37.5437 	WARNING 	Requested image 'stimuli/maze_spaceShuttle' not found but similar filename 'stimuli/maze_spaceShuttle.png' exists. This will be used instead but changing the filename is advised.
37.5477 	DATA 	Keypress: right
37.5511 	INFO 	Keyboard events cleared
37.5511 	EXP 	cue_label: autoDraw = False
37.5511 	EXP 	cue_image: autoDraw = False
37.5511 	EXP 	question_text: autoDraw = False
37.5511 	EXP 	left_image: autoDraw = False
37.5511 	EXP 	right_image: autoDraw = False
37.5511 	EXP 	left_prompt: autoDraw = False
37.5511 	EXP 	right_prompt: autoDraw = False
37.5511 	EXP 	cue_image: image = 'stimuli/maze_snowman'
37.5511 	EXP 	left_image: image = 'stimuli/maze_lampPost'
37.5511 	EXP 	right_image: image = 'stimuli/maze_spaceShuttle'
37.5511 	EXP 	question_text: text = 'Which object is closer by ROUTE distance?\n(the path you would walk)'
37.5511 	EXP 	cue_label: autoDraw = True
37.5511 	EXP 	cue_image: autoDraw = True
37.5511 	EXP 	question_text: autoDraw = True
37.5511 	EXP 	left_image: autoDraw = True
37.5511 	EXP 	right_image: autoDraw = True
37.5511 	EXP 	left_prompt: autoDraw = True
37.5511 	EXP 	right_prompt: autoDraw = True
37.7664 	EXP 	Device response: <KeyPress from None: t=37.53375360002974, value=right, duration=0.2258678000071086>
38.3414 	EXP 	Device response: <KeyPress from None: t=38.33666680002352, value=right, duration=None>
38.3419 	EXP 	New trial (rep=0, index=6): OrderedDict([('cueImage', 'stimuli/maze_spaceShuttle'), ('leftImage', 'stimuli/maze_umbrella'), ('rightImage', 'stimuli/maze_chair'), ('corrAns', 'left'), ('trial_type', 'route')])
38.3421 	WARNING 	Requested image 'stimuli/maze_spaceShuttle' not found but similar filename 'stimuli/maze_spaceShuttle.png' exists. This will be used instead but changing the filename is advised.
38.3454 	WARNING 	Requested image 'stimuli/maze_umbrella' not found but similar filename 'stimuli/maze_umbrella.png' exists. This will be used instead but changing the filename is advised.
38.3496 	WARNING 	Requested image 'stimuli/maze_chair' not found but similar filename 'stimuli/maze_chair.png' exists. This will be used instead but changing the filename is advised.
38.3538 	DATA 	Keypress: right
38.3558 	INFO 	Keyboard events cleared
38.3557 	EXP 	cue_label: autoDraw = False
38.3557 	EXP 	cue_image: autoDraw = False
38.3557 	EXP 	question_text: autoDraw = False
38.3557 	EXP 	left_image: autoDraw = False
38.3557 	EXP 	right_image: autoDraw = False
38.3557 	EXP 	left_prompt: autoDraw = False
38.3557 	EXP 	right_prompt: autoDraw = False
38.3557 	EXP 	cue_image: image = 'stimuli/maze_spaceShuttle'
38.3557 	EXP 	left_image: image = 'stimuli/maze_umbrella'
38.3557 	EXP 	right_image: image = 'stimuli/maze_chair'
38.3557 	EXP 	question_text: text = 'Which object is closer by ROUTE distance?\n(the path you would walk)'
38.3557 	EXP 	cue_label: autoDraw = True
38.3557 	EXP 	cue_image: autoDraw = True
38.3557 	EXP 	question_text: autoDraw = True
38.3557 	EXP 	left_image: autoDraw = True
38.3557 	EXP 	right_image: autoDraw = True
38.3557 	EXP 	left_prompt: autoDraw = True
38.3557 	EXP 	right_prompt: autoDraw = True
38.5248 	EXP 	Device response: <KeyPress from None: t=38.33666680002352, value=right, duration=0.18429160001687706>
38.6913 	EXP 	Device response: <KeyPress from None: t=38.68958930001827, value=left, duration=None>
38.6917 	EXP 	New trial (rep=0, index=7): OrderedDict([('cueImage', 'stimuli/maze_lampPost'), ('leftImage', 'stimuli/maze_chair'), ('rightImage', 'stimuli/maze_guitar'), ('corrAns', 'left'), ('trial_type', 'line')])
38.6919 	WARNING 	Requested image 'stimuli/maze_lampPost' not found but similar filename 'stimuli/maze_lampPost.png' exists. This will be used instead but changing the filename is advised.
38.6960 	WARNING 	Requested image 'stimuli/maze_chair' not found but similar filename 'stimuli/maze_chair.png' exists. This will be used instead but changing the filename is advised.
38.6994 	WARNING 	Requested image 'stimuli/maze_guitar' not found but similar filename 'stimuli/maze_guitar.png' exists. This will be used instead but changing the filename is advised.
38.7058 	DATA 	Keypress: left
38.7077 	INFO 	Keyboard events cleared
38.7076 	EXP 	cue_label: autoDraw = False
38.7076 	EXP 	cue_image: autoDraw = False
38.7076 	EXP 	question_text: autoDraw = False
38.7076 	EXP 	left_image: autoDraw = False
38.7076 	EXP 	right_image: autoDraw = False
38.7076 	EXP 	left_prompt: autoDraw = False
38.7076 	EXP 	right_prompt: autoDraw = False
38.7076 	EXP 	cue_image: image = 'stimuli/maze_lampPost'
38.7076 	EXP 	left_image: image = 'stimuli/maze_chair'
38.7076 	EXP 	right_image: image = 'stimuli/maze_guitar'
38.7076 	EXP 	question_text: height = np.float64(0.04)
38.7076 	EXP 	question_text: height = np.float64(0.04)
38.7076 	EXP 	question_text: height = np.float64(0.04)
38.7076 	EXP 	question_text: text = 'Which object is closer in a STRAIGHT LINE?\n(as the crow flies)'
38.7076 	EXP 	cue_label: autoDraw = True
38.7076 	EXP 	cue_image: autoDraw = True
38.7076 	EXP 	question_text: autoDraw = True
38.7076 	EXP 	left_image: autoDraw = True
38.7076 	EXP 	right_image: autoDraw = True
38.7076 	EXP 	left_prompt: autoDraw = True
38.7076 	EXP 	right_prompt: autoDraw = True
38.9499 	EXP 	Device response: <KeyPress from None: t=38.68958930001827, value=left, duration=0.25336610001977533>
38.9750 	EXP 	Device response: <KeyPress from None: t=38.972584300034214, value=right, duration=None>
38.9754 	EXP 	New trial (rep=0, index=8): OrderedDict([('cueImage', 'stimuli/maze_lampPost'), ('leftImage', 'stimuli/maze_chair'), ('rightImage', 'stimuli/maze_guitar'), ('corrAns', 'left'), ('trial_type', 'route')])
38.9756 	WARNING 	Requested image 'stimuli/maze_lampPost' not found but similar filename 'stimuli/maze_lampPost.png' exists. This will be used instead but changing the filename is advised.
38.9802 	WARNING 	Requested image 'stimuli/maze_chair' not found but similar filename 'stimuli/maze_chair.png' exists. This will be used instead but changing the filename is advised.
38.9841 	WARNING 	Requested image 'stimuli/maze_guitar' not found but similar filename 'stimuli/maze_guitar.png' exists. This will be used instead but changing the filename is advised.
38.9904 	DATA 	Keypress: right
38.9932 	INFO 	Keyboard events cleared
38.9932 	EXP 	cue_label: autoDraw = False
38.9932 	EXP 	cue_image: autoDraw = False
38.9932 	EXP 	question_text: autoDraw = False
38.9932 	EXP 	left_image: autoDraw = False
38.9932 	EXP 	right_image: autoDraw = False
38.9932 	EXP 	left_prompt: autoDraw = False
38.9932 	EXP 	right_prompt: autoDraw = False
38.9932 	EXP 	cue_image: image = 'stimuli/maze_lampPost'
38.9932 	EXP 	left_image: image = 'stimuli/maze_chair'
38.9932 	EXP 	right_image: image = 'stimuli/maze_guitar'
38.9932 	EXP 	question_text: height = np.float64(0.04)
38.9932 	EXP 	question_text: height = np.float64(0.04)
38.9932 	EXP 	question_text: height = np.float64(0.04)
38.9932 	EXP 	question_text: text = 'Which object is closer by ROUTE distance?\n(the path you would walk)'
38.9932 	EXP 	cue_label: autoDraw = True
38.9932 	EXP 	cue_image: autoDraw = True
38.9932 	EXP 	question_text: autoDraw = True
38.9932 	EXP 	left_image: autoDraw = True
38.9932 	EXP 	right_image: autoDraw = True
38.9932 	EXP 	left_prompt: autoDraw = True
38.9932 	EXP 	right_prompt: autoDraw = True
39.2165 	EXP 	Device response: <KeyPress from None: t=39.21550400002161, value=left, duration=None>
39.2169 	EXP 	New trial (rep=0, index=9): OrderedDict([('cueImage', 'stimuli/maze_guitar'), ('leftImage', 'stimuli/maze_chair'), ('rightImage', 'stimuli/maze_snowman'), ('corrAns', 'left'), ('trial_type', 'line')])
39.2173 	WARNING 	Requested image 'stimuli/maze_guitar' not found but similar filename 'stimuli/maze_guitar.png' exists. This will be used instead but changing the filename is advised.
39.2209 	WARNING 	Requested image 'stimuli/maze_chair' not found but similar filename 'stimuli/maze_chair.png' exists. This will be used instead but changing the filename is advised.
39.2241 	WARNING 	Requested image 'stimuli/maze_snowman' not found but similar filename 'stimuli/maze_snowman.png' exists. This will be used instead but changing the filename is advised.
39.2297 	DATA 	Keypress: left
39.2313 	INFO 	Keyboard events cleared
39.2313 	EXP 	cue_label: autoDraw = False
39.2313 	EXP 	cue_image: autoDraw = False
39.2313 	EXP 	question_text: autoDraw = False
39.2313 	EXP 	left_image: autoDraw = False
39.2313 	EXP 	right_image: autoDraw = False
39.2313 	EXP 	left_prompt: autoDraw = False
39.2313 	EXP 	right_prompt: autoDraw = False
39.2313 	EXP 	cue_image: image = 'stimuli/maze_guitar'
39.2313 	EXP 	left_image: image = 'stimuli/maze_chair'
39.2313 	EXP 	right_image: image = 'stimuli/maze_snowman'
39.2313 	EXP 	question_text: height = np.float64(0.04)
39.2313 	EXP 	question_text: height = np.float64(0.04)
39.2313 	EXP 	question_text: height = np.float64(0.04)
39.2313 	EXP 	question_text: text = 'Which object is closer in a STRAIGHT LINE?\n(as the crow flies)'
39.2313 	EXP 	cue_label: autoDraw = True
39.2313 	EXP 	cue_image: autoDraw = True
39.2313 	EXP 	question_text: autoDraw = True
39.2313 	EXP 	left_image: autoDraw = True
39.2313 	EXP 	right_image: autoDraw = True
39.2313 	EXP 	left_prompt: autoDraw = True
39.2313 	EXP 	right_prompt: autoDraw = True
39.2337 	EXP 	Device response: <KeyPress from None: t=38.972584300034214, value=right, duration=0.25910309999017045>
39.4499 	EXP 	Device response: <KeyPress from None: t=39.21550400002161, value=left, duration=0.22732980002183467>
39.4665 	EXP 	Device response: <KeyPress from None: t=39.46458010002971, value=right, duration=None>
39.4669 	EXP 	New trial (rep=0, index=10): OrderedDict([('cueImage', 'stimuli/maze_umbrella'), ('leftImage', 'stimuli/maze_spaceShuttle'), ('rightImage', 'stimuli/maze_lampPost'), ('corrAns', 'left'), ('trial_type', 'line')])
39.4671 	WARNING 	Requested image 'stimuli/maze_umbrella' not found but similar filename 'stimuli/maze_umbrella.png' exists. This will be used instead but changing the filename is advised.
39.4711 	WARNING 	Requested image 'stimuli/maze_spaceShuttle' not found but similar filename 'stimuli/maze_spaceShuttle.png' exists. This will be used instead but changing the filename is advised.
39.4740 	WARNING 	Requested image 'stimuli/maze_lampPost' not found but similar filename 'stimuli/maze_lampPost.png' exists. This will be used instead but changing the filename is advised.
39.4788 	DATA 	Keypress: right
39.4805 	INFO 	Keyboard events cleared
39.4805 	EXP 	cue_label: autoDraw = False
39.4805 	EXP 	cue_image: autoDraw = False
39.4805 	EXP 	question_text: autoDraw = False
39.4805 	EXP 	left_image: autoDraw = False
39.4805 	EXP 	right_image: autoDraw = False
39.4805 	EXP 	left_prompt: autoDraw = False
39.4805 	EXP 	right_prompt: autoDraw = False
39.4805 	EXP 	cue_image: image = 'stimuli/maze_umbrella'
39.4805 	EXP 	left_image: image = 'stimuli/maze_spaceShuttle'
39.4805 	EXP 	right_image: image = 'stimuli/maze_lampPost'
39.4805 	EXP 	question_text: text = 'Which object is closer in a STRAIGHT LINE?\n(as the crow flies)'
39.4805 	EXP 	cue_label: autoDraw = True
39.4805 	EXP 	cue_image: autoDraw = True
39.4805 	EXP 	question_text: autoDraw = True
39.4805 	EXP 	left_image: autoDraw = True
39.4805 	EXP 	right_image: autoDraw = True
39.4805 	EXP 	left_prompt: autoDraw = True
39.4805 	EXP 	right_prompt: autoDraw = True
39.6580 	EXP 	Device response: <KeyPress from None: t=39.46458010002971, value=right, duration=0.18900219997158274>
39.8582 	EXP 	Device response: <KeyPress from None: t=39.854489500052296, value=left, duration=None>
39.8585 	EXP 	New trial (rep=0, index=11): OrderedDict([('cueImage', 'stimuli/maze_clock'), ('leftImage', 'stimuli/maze_spaceShuttle'), ('rightImage', 'stimuli/maze_umbrella'), ('corrAns', 'left'), ('trial_type', 'route')])
39.8588 	WARNING 	Requested image 'stimuli/maze_clock' not found but similar filename 'stimuli/maze_clock.png' exists. This will be used instead but changing the filename is advised.
39.8613 	WARNING 	Requested image 'stimuli/maze_spaceShuttle' not found but similar filename 'stimuli/maze_spaceShuttle.png' exists. This will be used instead but changing the filename is advised.
39.8643 	WARNING 	Requested image 'stimuli/maze_umbrella' not found but similar filename 'stimuli/maze_umbrella.png' exists. This will be used instead but changing the filename is advised.
39.8706 	DATA 	Keypress: left
39.8725 	INFO 	Keyboard events cleared
39.8725 	EXP 	cue_label: autoDraw = False
39.8725 	EXP 	cue_image: autoDraw = False
39.8725 	EXP 	question_text: autoDraw = False
39.8725 	EXP 	left_image: autoDraw = False
39.8725 	EXP 	right_image: autoDraw = False
39.8725 	EXP 	left_prompt: autoDraw = False
39.8725 	EXP 	right_prompt: autoDraw = False
39.8725 	EXP 	cue_image: image = 'stimuli/maze_clock'
39.8725 	EXP 	left_image: image = 'stimuli/maze_spaceShuttle'
39.8725 	EXP 	right_image: image = 'stimuli/maze_umbrella'
39.8725 	EXP 	question_text: height = np.float64(0.04)
39.8725 	EXP 	question_text: height = np.float64(0.04)
39.8725 	EXP 	question_text: height = np.float64(0.04)
39.8725 	EXP 	question_text: text = 'Which object is closer by ROUTE distance?\n(the path you would walk)'
39.8725 	EXP 	cue_label: autoDraw = True
39.8725 	EXP 	cue_image: autoDraw = True
39.8725 	EXP 	question_text: autoDraw = True
39.8725 	EXP 	left_image: autoDraw = True
39.8725 	EXP 	right_image: autoDraw = True
39.8725 	EXP 	left_prompt: autoDraw = True
39.8725 	EXP 	right_prompt: autoDraw = True
40.0750 	EXP 	Device response: <KeyPress from None: t=39.854489500052296, value=left, duration=0.21926419995725155>
40.2583 	EXP 	Device response: <KeyPress from None: t=40.25346390000777, value=left, duration=None>
40.2587 	EXP 	New trial (rep=0, index=12): OrderedDict([('cueImage', 'stimuli/maze_clock'), ('leftImage', 'stimuli/maze_lampPost'), ('rightImage', 'stimuli/maze_compass'), ('corrAns', 'right'), ('trial_type', 'line')])
40.2589 	WARNING 	Requested image 'stimuli/maze_clock' not found but similar filename 'stimuli/maze_clock.png' exists. This will be used instead but changing the filename is advised.
40.2613 	WARNING 	Requested image 'stimuli/maze_lampPost' not found but similar filename 'stimuli/maze_lampPost.png' exists. This will be used instead but changing the filename is advised.
40.2653 	WARNING 	Requested image 'stimuli/maze_compass' not found but similar filename 'stimuli/maze_compass.png' exists. This will be used instead but changing the filename is advised.
40.2706 	DATA 	Keypress: left
40.2724 	INFO 	Keyboard events cleared
40.2724 	EXP 	cue_label: autoDraw = False
40.2724 	EXP 	cue_image: autoDraw = False
40.2724 	EXP 	question_text: autoDraw = False
40.2724 	EXP 	left_image: autoDraw = False
40.2724 	EXP 	right_image: autoDraw = False
40.2724 	EXP 	left_prompt: autoDraw = False
40.2724 	EXP 	right_prompt: autoDraw = False
40.2724 	EXP 	cue_image: image = 'stimuli/maze_clock'
40.2724 	EXP 	left_image: image = 'stimuli/maze_lampPost'
40.2724 	EXP 	right_image: image = 'stimuli/maze_compass'
40.2724 	EXP 	question_text: height = np.float64(0.04)
40.2724 	EXP 	question_text: height = np.float64(0.04)
40.2724 	EXP 	question_text: height = np.float64(0.04)
40.2724 	EXP 	question_text: text = 'Which object is closer in a STRAIGHT LINE?\n(as the crow flies)'
40.2724 	EXP 	cue_label: autoDraw = True
40.2724 	EXP 	cue_image: autoDraw = True
40.2724 	EXP 	question_text: autoDraw = True
40.2724 	EXP 	left_image: autoDraw = True
40.2724 	EXP 	right_image: autoDraw = True
40.2724 	EXP 	left_prompt: autoDraw = True
40.2724 	EXP 	right_prompt: autoDraw = True
40.4332 	EXP 	Device response: <KeyPress from None: t=40.25346390000777, value=left, duration=0.1761145000346005>
40.6583 	EXP 	Device response: <KeyPress from None: t=40.65163239999674, value=right, duration=None>
40.6588 	EXP 	New trial (rep=0, index=13): OrderedDict([('cueImage', 'stimuli/maze_compass'), ('leftImage', 'stimuli/maze_clock'), ('rightImage', 'stimuli/maze_umbrella'), ('corrAns', 'right'), ('trial_type', 'line')])
40.6590 	WARNING 	Requested image 'stimuli/maze_compass' not found but similar filename 'stimuli/maze_compass.png' exists. This will be used instead but changing the filename is advised.
40.6620 	WARNING 	Requested image 'stimuli/maze_clock' not found but similar filename 'stimuli/maze_clock.png' exists. This will be used instead but changing the filename is advised.
40.6643 	WARNING 	Requested image 'stimuli/maze_umbrella' not found but similar filename 'stimuli/maze_umbrella.png' exists. This will be used instead but changing the filename is advised.
40.6694 	DATA 	Keypress: right
40.6717 	INFO 	Keyboard events cleared
40.6716 	EXP 	cue_label: autoDraw = False
40.6716 	EXP 	cue_image: autoDraw = False
40.6716 	EXP 	question_text: autoDraw = False
40.6716 	EXP 	left_image: autoDraw = False
40.6716 	EXP 	right_image: autoDraw = False
40.6716 	EXP 	left_prompt: autoDraw = False
40.6716 	EXP 	right_prompt: autoDraw = False
40.6716 	EXP 	cue_image: image = 'stimuli/maze_compass'
40.6716 	EXP 	left_image: image = 'stimuli/maze_clock'
40.6716 	EXP 	right_image: image = 'stimuli/maze_umbrella'
40.6716 	EXP 	question_text: text = 'Which object is closer in a STRAIGHT LINE?\n(as the crow flies)'
40.6716 	EXP 	cue_label: autoDraw = True
40.6716 	EXP 	cue_image: autoDraw = True
40.6716 	EXP 	question_text: autoDraw = True
40.6716 	EXP 	left_image: autoDraw = True
40.6716 	EXP 	right_image: autoDraw = True
40.6716 	EXP 	left_prompt: autoDraw = True
40.6716 	EXP 	right_prompt: autoDraw = True
40.8417 	EXP 	Device response: <KeyPress from None: t=40.65163239999674, value=right, duration=0.18209420004859567>
41.2085 	EXP 	Device response: <KeyPress from None: t=41.20554570003878, value=left, duration=None>
41.2089 	EXP 	New trial (rep=0, index=14): OrderedDict([('cueImage', 'stimuli/maze_chair'), ('leftImage', 'stimuli/maze_compass'), ('rightImage', 'stimuli/maze_spaceShuttle'), ('corrAns', 'left'), ('trial_type', 'line')])
41.2091 	WARNING 	Requested image 'stimuli/maze_chair' not found but similar filename 'stimuli/maze_chair.png' exists. This will be used instead but changing the filename is advised.
41.2128 	WARNING 	Requested image 'stimuli/maze_compass' not found but similar filename 'stimuli/maze_compass.png' exists. This will be used instead but changing the filename is advised.
41.2157 	WARNING 	Requested image 'stimuli/maze_spaceShuttle' not found but similar filename 'stimuli/maze_spaceShuttle.png' exists. This will be used instead but changing the filename is advised.
41.2203 	DATA 	Keypress: left
41.2222 	INFO 	Keyboard events cleared
41.2221 	EXP 	cue_label: autoDraw = False
41.2221 	EXP 	cue_image: autoDraw = False
41.2221 	EXP 	question_text: autoDraw = False
41.2221 	EXP 	left_image: autoDraw = False
41.2221 	EXP 	right_image: autoDraw = False
41.2221 	EXP 	left_prompt: autoDraw = False
41.2221 	EXP 	right_prompt: autoDraw = False
41.2221 	EXP 	cue_image: image = 'stimuli/maze_chair'
41.2221 	EXP 	left_image: image = 'stimuli/maze_compass'
41.2221 	EXP 	right_image: image = 'stimuli/maze_spaceShuttle'
41.2221 	EXP 	question_text: text = 'Which object is closer in a STRAIGHT LINE?\n(as the crow flies)'
41.2221 	EXP 	cue_label: autoDraw = True
41.2221 	EXP 	cue_image: autoDraw = True
41.2221 	EXP 	question_text: autoDraw = True
41.2221 	EXP 	left_image: autoDraw = True
41.2221 	EXP 	right_image: autoDraw = True
41.2221 	EXP 	left_prompt: autoDraw = True
41.2221 	EXP 	right_prompt: autoDraw = True
41.3666 	EXP 	Device response: <KeyPress from None: t=41.20554570003878, value=left, duration=0.15895089996047318>
41.6083 	EXP 	Device response: <KeyPress from None: t=41.60165180003969, value=right, duration=None>
41.6086 	EXP 	New trial (rep=0, index=15): OrderedDict([('cueImage', 'stimuli/maze_compass'), ('leftImage', 'stimuli/maze_chair'), ('rightImage', 'stimuli/maze_guitar'), ('corrAns', 'left'), ('trial_type', 'route')])
41.6088 	WARNING 	Requested image 'stimuli/maze_compass' not found but similar filename 'stimuli/maze_compass.png' exists. This will be used instead but changing the filename is advised.
41.6116 	WARNING 	Requested image 'stimuli/maze_chair' not found but similar filename 'stimuli/maze_chair.png' exists. This will be used instead but changing the filename is advised.
41.6149 	WARNING 	Requested image 'stimuli/maze_guitar' not found but similar filename 'stimuli/maze_guitar.png' exists. This will be used instead but changing the filename is advised.
41.6211 	DATA 	Keypress: right
41.6229 	INFO 	Keyboard events cleared
41.6229 	EXP 	cue_label: autoDraw = False
41.6229 	EXP 	cue_image: autoDraw = False
41.6229 	EXP 	question_text: autoDraw = False
41.6229 	EXP 	left_image: autoDraw = False
41.6229 	EXP 	right_image: autoDraw = False
41.6229 	EXP 	left_prompt: autoDraw = False
41.6229 	EXP 	right_prompt: autoDraw = False
41.6229 	EXP 	cue_image: image = 'stimuli/maze_compass'
41.6229 	EXP 	left_image: image = 'stimuli/maze_chair'
41.6229 	EXP 	right_image: image = 'stimuli/maze_guitar'
41.6229 	EXP 	question_text: height = np.float64(0.04)
41.6229 	EXP 	question_text: height = np.float64(0.04)
41.6229 	EXP 	question_text: height = np.float64(0.04)
41.6229 	EXP 	question_text: text = 'Which object is closer by ROUTE distance?\n(the path you would walk)'
41.6229 	EXP 	cue_label: autoDraw = True
41.6229 	EXP 	cue_image: autoDraw = True
41.6229 	EXP 	question_text: autoDraw = True
41.6229 	EXP 	left_image: autoDraw = True
41.6229 	EXP 	right_image: autoDraw = True
41.6229 	EXP 	left_prompt: autoDraw = True
41.6229 	EXP 	right_prompt: autoDraw = True
41.7750 	EXP 	Device response: <KeyPress from None: t=41.60165180003969, value=right, duration=0.17301289999159053>
41.9514 	DATA 	Keypress: right
41.9582 	EXP 	Device response: <KeyPress from None: t=41.95007620000979, value=right, duration=None>
41.9621 	INFO 	saved data to F:\Github\PaperFolding\data/123_GraphMaze_Navigation_2026-09-21_15h33.52.193trials.csv
41.9665 	INFO 	Keyboard events cleared
41.9664 	EXP 	cue_label: autoDraw = False
41.9664 	EXP 	cue_image: autoDraw = False
41.9664 	EXP 	question_text: autoDraw = False
41.9664 	EXP 	left_image: autoDraw = False
41.9664 	EXP 	right_image: autoDraw = False
41.9664 	EXP 	left_prompt: autoDraw = False
41.9664 	EXP 	right_prompt: autoDraw = False
41.9664 	EXP 	thankyou: autoDraw = True
41.9664 	EXP 	finalslide: autoDraw = True
42.0918 	EXP 	Device response: <KeyPress from None: t=41.95007620000979, value=right, duration=0.13939000002574176>
43.1420 	EXP 	Device response: <KeyPress from None: t=43.14063670003088, value=space, duration=None>
43.1425 	DATA 	Keypress: space
43.1501 	EXP 	thankyou: autoDraw = False
43.1501 	EXP 	finalslide: autoDraw = False
43.1510 	INFO 	saved data to 'F:\\Github\\PaperFolding\\data/123_GraphMaze_Navigation_2026-09-21_15h33.52.193.csv'
43.1547 	INFO 	saved data to F:\Github\PaperFolding\data/123_GraphMaze_Navigation_2026-09-21_15h33.52.193.psydat
43.2100 	DEBUG 	Saving data for GraphMaze_Navigation ExperimentHandler
43.2200 	INFO 	Stopping keyboard key buffers.
