22.2616 	INFO 	Loaded monitor calibration from ['2026_09_21 04:14']
22.2957 	WARNING 	User requested fullscreen with size [1440  900], but screen is actually [1920, 1080]. Using actual size
23.0094 	INFO 	Using renderer 'AMD Radeon RX 7900 XT' for graphics
23.0094 	INFO 	OpenGL version supported by driver is 4..
23.1218 	DEBUG 	TextBox2 loaded 1 chars with 0 blanks and 1 valid
23.1308 	DEBUG 	TextBox2 loaded 1 chars with 0 blanks and 1 valid
23.1398 	DEBUG 	TextBox2 loaded 1 chars with 0 blanks and 1 valid
23.1492 	DEBUG 	TextBox2 loaded 1 chars with 0 blanks and 1 valid
23.1587 	DEBUG 	TextBox2 loaded 1 chars with 0 blanks and 1 valid
23.1673 	DEBUG 	TextBox2 loaded 1 chars with 0 blanks and 1 valid
23.1763 	DEBUG 	TextBox2 loaded 1 chars with 0 blanks and 1 valid
23.1855 	DEBUG 	TextBox2 loaded 1 chars with 0 blanks and 1 valid
23.1937 	DEBUG 	TextBox2 loaded 1 chars with 0 blanks and 1 valid
23.2018 	DEBUG 	TextBox2 loaded 1 chars with 0 blanks and 1 valid
23.2108 	DEBUG 	TextBox2 loaded 1 chars with 0 blanks and 1 valid
23.2206 	DEBUG 	TextBox2 loaded 1 chars with 0 blanks and 1 valid
23.2293 	DEBUG 	TextBox2 loaded 1 chars with 0 blanks and 1 valid
23.2384 	DEBUG 	TextBox2 loaded 1 chars with 0 blanks and 1 valid
23.2472 	DEBUG 	TextBox2 loaded 1 chars with 0 blanks and 1 valid
23.2561 	DEBUG 	TextBox2 loaded 1 chars with 0 blanks and 1 valid
23.2657 	DEBUG 	TextBox2 loaded 1 chars with 0 blanks and 1 valid
23.2743 	DEBUG 	TextBox2 loaded 1 chars with 0 blanks and 1 valid
23.2828 	DEBUG 	TextBox2 loaded 1 chars with 0 blanks and 1 valid
23.2923 	DEBUG 	TextBox2 loaded 1 chars with 0 blanks and 1 valid
23.3008 	DEBUG 	TextBox2 loaded 1 chars with 0 blanks and 1 valid
23.3011 	DEBUG 	Uploading Texture Font fontname to graphics card
23.3021 	DEBUG 	Upload of Texture Font fontname complete
23.3202 	DEBUG 	TextBox2 loaded 1 chars with 0 blanks and 1 valid
23.3299 	DEBUG 	TextBox2 loaded 1 chars with 0 blanks and 1 valid
23.3395 	DEBUG 	TextBox2 loaded 1 chars with 0 blanks and 1 valid
23.3397 	DEBUG 	Uploading Texture Font fontname to graphics card
23.3405 	DEBUG 	Upload of Texture Font fontname complete
24.3621 	EXP 	Created window1 = Window(allowGUI=False, allowStencil=False, autoLog=True, backendConf=UNKNOWN, backgroundFit=<method-wrapper '__getattribute__' of attributeSetter object at 0x000002082C5866B0>, backgroundImage=<method-wrapper '__getattribute__' of attributeSetter object at 0x000002082C5862F0>, bitsMode=UNKNOWN, blendMode='avg', bpc=(8, 8, 8), color=array([0, 0, 0]), colorSpace='rgb', depthBits=8, fullscr=True, gamma=None, gammaErrorPolicy='raise', infoMsg=UNKNOWN, lms=UNKNOWN, monitor=<psychopy.monitors.calibTools.Monitor object at 0x000002082BEFE920>, multiSample=False, name='window1', numSamples=2, pos=(0, 0), screen=0, size=array([1920, 1080]), stencilBits=0, stereo=False, title='PsychoPy', units='height', useFBO=True, useRetina=False, viewOri=0.0, viewPos=None, viewScale=None, waitBlanking=True, winType='pyglet')
24.3622 	EXP 	window1: backgroundImage = None
24.3622 	EXP 	window1: backgroundFit = 'cover'
24.3636 	EXP 	window1: Attempting to measure frame rate of screen (0) ...
24.3636 	EXP 	window1: recordFrameIntervals = False
24.4444 	EXP 	window1: recordFrameIntervals = True
25.2781 	EXP 	window1: recordFrameIntervals = False
25.2781 	EXP 	Screen (0) actual frame rate measured at 119.75Hz
26.5070 	INFO 	keyboard.Keyboard is using ptb backend.
26.7097 	EXP 	Created fixation = TextStim(__class__=<class 'psychopy.visual.text.TextStim'>, alignHoriz=method-wrapper(...), alignText='center', alignVert=method-wrapper(...), anchorHoriz='center', anchorVert='center', antialias=True, autoDraw=False, autoLog=True, bold=False, color=array([1., 1., 1.]), colorSpace='rgb', contrast=1.0, depth=0.0, draggable=False, flipHoriz=False, flipVert=False, font='Arial', fontFiles=[], height=np.float64(0.12), italic=False, languageStyle='LTR', name='fixation', opacity=1, ori=0, pos=array([0., 0.]), rgb=UNKNOWN, text='+', units='height', win=Window(...), wrapWidth=1)
26.7140 	EXP 	Created maze_image = ImageStim(__class__=<class 'psychopy.visual.image.ImageStim'>, anchor=('center', 'center'), autoLog=True, color=array([1., 1., 1.]), colorSpace='rgb', contrast=1.0, depth=0.0, draggable=False, flipHoriz=np.False_, flipVert=np.False_, image='sin', interpolate=True, mask=None, maskParams=None, name='maze_image', opacity=1, ori=0.0, pos=array([ 0.  , -0.03]), size=array([0.85, 0.85]), texRes=128.0, units='height', win=Window(...))
26.7196 	EXP 	Created maze_title_stim = TextStim(__class__=<class 'psychopy.visual.text.TextStim'>, alignHoriz=method-wrapper(...), alignText='center', alignVert=method-wrapper(...), anchorHoriz='center', anchorVert='center', antialias=True, autoDraw=False, autoLog=True, bold=False, color=array([1., 1., 1.]), colorSpace='rgb', contrast=1.0, depth=-1.0, draggable=False, flipHoriz=False, flipVert=False, font='Arial', fontFiles=[], height=np.float64(0.048), italic=False, languageStyle='LTR', name='maze_title_stim', opacity=1, ori=0, pos=array([-0.55,  0.43]), rgb=UNKNOWN, text='Example Practice Maze', units='height', win=Window(...), wrapWidth=1.4)
26.7201 	EXP 	Created env_label = TextStim(__class__=<class 'psychopy.visual.text.TextStim'>, alignHoriz=method-wrapper(...), alignText='center', alignVert=method-wrapper(...), anchorHoriz='center', anchorVert='center', antialias=True, autoDraw=False, autoLog=True, bold=False, color=array([1., 1., 1.]), colorSpace='rgb', contrast=1.0, depth=0.0, draggable=False, flipHoriz=False, flipVert=False, font='Arial', fontFiles=[], height=0.048, italic=False, languageStyle='LTR', name='env_label', opacity=1, ori=0, pos=array([-0.65,  0.43]), rgb=UNKNOWN, text='', units='height', win=Window(...), wrapWidth=1.4)
26.7246 	EXP 	Created env_advance = TextStim(__class__=<class 'psychopy.visual.text.TextStim'>, alignHoriz=method-wrapper(...), alignText='center', alignVert=method-wrapper(...), anchorHoriz='center', anchorVert='center', antialias=True, autoDraw=False, autoLog=True, bold=False, color=array([1., 1., 1.]), colorSpace='rgb', contrast=1.0, depth=-1.0, draggable=False, flipHoriz=False, flipVert=False, font='Arial', fontFiles=[], height=np.float64(0.038), italic=False, languageStyle='LTR', name='env_advance', opacity=1, ori=0, pos=array([ 0. , -0.4]), rgb=UNKNOWN, text='Press space to continue.', units='height', win=Window(...), wrapWidth=1)
26.7252 	EXP 	Created question_text = TextStim(__class__=<class 'psychopy.visual.text.TextStim'>, alignHoriz=method-wrapper(...), alignText='center', alignVert=method-wrapper(...), anchorHoriz='center', anchorVert='center', antialias=True, autoDraw=False, autoLog=True, bold=False, color=array([-1., -1., -1.]), colorSpace='rgb', contrast=1.0, depth=0.0, draggable=False, flipHoriz=False, flipVert=False, font='Arial', fontFiles=[], height=0.055, italic=False, languageStyle='LTR', name='question_text', opacity=1, ori=0, pos=array([0. , 0.4]), rgb=UNKNOWN, text='', units='height', win=Window(...), wrapWidth=1.5)
26.7261 	EXP 	Created cue_image = ImageStim(__class__=<class 'psychopy.visual.image.ImageStim'>, anchor=('center', 'center'), autoLog=True, color=array([1., 1., 1.]), colorSpace='rgb', contrast=1.0, depth=-1.0, draggable=False, flipHoriz=np.False_, flipVert=np.False_, image='sin', interpolate=True, mask=None, maskParams=None, name='cue_image', opacity=1, ori=0.0, pos=array([0.  , 0.12]), size=array([0.25, 0.25]), texRes=512, units='height', win=Window(...))
26.7266 	EXP 	Created cue_label_stim = TextStim(__class__=<class 'psychopy.visual.text.TextStim'>, alignHoriz=method-wrapper(...), alignText='center', alignVert=method-wrapper(...), anchorHoriz='center', anchorVert='center', antialias=True, autoDraw=False, autoLog=True, bold=False, color=array([-1., -1., -1.]), colorSpace='rgb', contrast=1.0, depth=-2.0, draggable=False, flipHoriz=False, flipVert=False, font='Arial', fontFiles=[], height=0.042, italic=False, languageStyle='LTR', name='cue_label_stim', opacity=1, ori=0, pos=array([ 0.  , -0.02]), rgb=UNKNOWN, text='', units='height', win=Window(...), wrapWidth=0.5)
26.7274 	EXP 	Created left_image = ImageStim(__class__=<class 'psychopy.visual.image.ImageStim'>, anchor=('center', 'center'), autoLog=True, color=array([1., 1., 1.]), colorSpace='rgb', contrast=1.0, depth=-3.0, draggable=False, flipHoriz=np.False_, flipVert=np.False_, image='sin', interpolate=True, mask=None, maskParams=None, name='left_image', opacity=1, ori=0.0, pos=array([-0.22, -0.22]), size=array([0.22, 0.22]), texRes=512, units='height', win=Window(...))
26.7279 	EXP 	Created left_label_stim = TextStim(__class__=<class 'psychopy.visual.text.TextStim'>, alignHoriz=method-wrapper(...), alignText='center', alignVert=method-wrapper(...), anchorHoriz='center', anchorVert='center', antialias=True, autoDraw=False, autoLog=True, bold=False, color=array([-1., -1., -1.]), colorSpace='rgb', contrast=1.0, depth=-4.0, draggable=False, flipHoriz=False, flipVert=False, font='Arial', fontFiles=[], height=0.042, italic=False, languageStyle='LTR', name='left_label_stim', opacity=1, ori=0, pos=array([-0.22, -0.36]), rgb=UNKNOWN, text='', units='height', win=Window(...), wrapWidth=0.35)
26.7286 	EXP 	Created right_image = ImageStim(__class__=<class 'psychopy.visual.image.ImageStim'>, anchor=('center', 'center'), autoLog=True, color=array([1., 1., 1.]), colorSpace='rgb', contrast=1.0, depth=-5.0, draggable=False, flipHoriz=np.False_, flipVert=np.False_, image='sin', interpolate=True, mask=None, maskParams=None, name='right_image', opacity=1, ori=0.0, pos=array([ 0.22, -0.22]), size=array([0.22, 0.22]), texRes=512, units='height', win=Window(...))
26.7291 	EXP 	Created right_label_stim = TextStim(__class__=<class 'psychopy.visual.text.TextStim'>, alignHoriz=method-wrapper(...), alignText='center', alignVert=method-wrapper(...), anchorHoriz='center', anchorVert='center', antialias=True, autoDraw=False, autoLog=True, bold=False, color=array([-1., -1., -1.]), colorSpace='rgb', contrast=1.0, depth=-6.0, draggable=False, flipHoriz=False, flipVert=False, font='Arial', fontFiles=[], height=0.042, italic=False, languageStyle='LTR', name='right_label_stim', opacity=1, ori=0, pos=array([ 0.22, -0.36]), rgb=UNKNOWN, text='', units='height', win=Window(...), wrapWidth=0.35)
26.7296 	EXP 	Created fb_text_left = TextStim(__class__=<class 'psychopy.visual.text.TextStim'>, alignHoriz=method-wrapper(...), alignText='center', alignVert=method-wrapper(...), anchorHoriz='center', anchorVert='center', antialias=True, autoDraw=False, autoLog=True, bold=False, color=array([-1.        ,  0.00392157, -1.        ]), colorSpace='rgb', contrast=1.0, depth=0.0, draggable=False, flipHoriz=False, flipVert=False, font='Arial', fontFiles=[], height=0.046, italic=False, languageStyle='LTR', name='fb_text_left', opacity=1, ori=0, pos=array([-0.65,  0.02]), rgb=UNKNOWN, text='', units='height', win=Window(...), wrapWidth=0.25)
26.7297 	WARNING 	lineColorSpace parameter is deprecated. Please use colorSpace instead.
26.7385 	EXP 	Created fb_line_left = Line(__class__=<class 'psychopy.visual.line.Line'>, anchor=('center', 'center'), autoDraw=False, autoLog=True, closeShape=False, color=array([-1.        ,  0.00392157, -1.        ]), colorSpace='rgb', contrast=None, depth=0, draggable=False, fillColor=ndarray(...), fillColorSpace='rgb', fillRGB=ndarray(...), interpolate=True, lineColor=array([-1.        ,  0.00392157, -1.        ]), lineColorSpace='rgb', lineRGB=array([-1.        ,  0.00392157, -1.        ]), lineWidth=3.0, name='fb_line_left', opacity=1, ori=0.0, pos=array([0., 0.]), size=array([1., 1.]), units='height', vertices=array([[-0.52, -0.07],
       [-0.35, -0.17]]), win=Window(...), windingRule=None)
26.7387 	WARNING 	fillColorSpace parameter is deprecated. Please use colorSpace instead.
26.7388 	WARNING 	lineColorSpace parameter is deprecated. Please use colorSpace instead.
26.7396 	EXP 	Created fb_head_left = ShapeStim(__class__=<class 'psychopy.visual.shape.ShapeStim'>, anchor=('center', 'center'), autoDraw=False, autoLog=True, closeShape=True, color=method-wrapper(...), colorSpace='rgb', contrast=None, depth=-1.0, draggable=False, fillColor=array([-1.        ,  0.00392157, -1.        ]), fillColorSpace='rgb', fillRGB=array([-1.        ,  0.00392157, -1.        ]), interpolate=True, lineColor=array([-1.        ,  0.00392157, -1.        ]), lineColorSpace='rgb', lineRGB=array([-1.        ,  0.00392157, -1.        ]), lineWidth=1.5, name='fb_head_left', opacity=1, ori=0.0, pos=array([0., 0.]), size=array([1., 1.]), units='height', vertices=ndarray(...), win=Window(...), windingRule=None)
26.7400 	EXP 	Created fb_text_right = TextStim(__class__=<class 'psychopy.visual.text.TextStim'>, alignHoriz=method-wrapper(...), alignText='center', alignVert=method-wrapper(...), anchorHoriz='center', anchorVert='center', antialias=True, autoDraw=False, autoLog=True, bold=False, color=array([-1.        ,  0.00392157, -1.        ]), colorSpace='rgb', contrast=1.0, depth=0.0, draggable=False, flipHoriz=False, flipVert=False, font='Arial', fontFiles=[], height=0.046, italic=False, languageStyle='LTR', name='fb_text_right', opacity=1, ori=0, pos=array([0.65, 0.02]), rgb=UNKNOWN, text='', units='height', win=Window(...), wrapWidth=0.25)
26.7401 	WARNING 	lineColorSpace parameter is deprecated. Please use colorSpace instead.
26.7408 	EXP 	Created fb_line_right = Line(__class__=<class 'psychopy.visual.line.Line'>, anchor=('center', 'center'), autoDraw=False, autoLog=True, closeShape=False, color=array([-1.        ,  0.00392157, -1.        ]), colorSpace='rgb', contrast=None, depth=0, draggable=False, fillColor=ndarray(...), fillColorSpace='rgb', fillRGB=ndarray(...), interpolate=True, lineColor=array([-1.        ,  0.00392157, -1.        ]), lineColorSpace='rgb', lineRGB=array([-1.        ,  0.00392157, -1.        ]), lineWidth=3.0, name='fb_line_right', opacity=1, ori=0.0, pos=array([0., 0.]), size=array([1., 1.]), units='height', vertices=array([[ 0.52, -0.07],
       [ 0.35, -0.17]]), win=Window(...), windingRule=None)
26.7409 	WARNING 	fillColorSpace parameter is deprecated. Please use colorSpace instead.
26.7410 	WARNING 	lineColorSpace parameter is deprecated. Please use colorSpace instead.
26.7416 	EXP 	Created fb_head_right = ShapeStim(__class__=<class 'psychopy.visual.shape.ShapeStim'>, anchor=('center', 'center'), autoDraw=False, autoLog=True, closeShape=True, color=method-wrapper(...), colorSpace='rgb', contrast=None, depth=-1.0, draggable=False, fillColor=array([-1.        ,  0.00392157, -1.        ]), fillColorSpace='rgb', fillRGB=array([-1.        ,  0.00392157, -1.        ]), interpolate=True, lineColor=array([-1.        ,  0.00392157, -1.        ]), lineColorSpace='rgb', lineRGB=array([-1.        ,  0.00392157, -1.        ]), lineWidth=1.5, name='fb_head_right', opacity=1, ori=0.0, pos=array([0., 0.]), size=array([1., 1.]), units='height', vertices=ndarray(...), win=Window(...), windingRule=None)
26.7498 	EXP 	Created thankyou = TextStim(__class__=<class 'psychopy.visual.text.TextStim'>, alignHoriz=method-wrapper(...), alignText='center', alignVert=method-wrapper(...), anchorHoriz='center', anchorVert='center', antialias=True, autoDraw=False, autoLog=True, bold=False, color=array([1., 1., 1.]), colorSpace='rgb', contrast=1.0, depth=0.0, draggable=False, flipHoriz=False, flipVert=False, font='Arial', fontFiles=[], height=np.float64(0.06), italic=False, languageStyle='LTR', name='thankyou', opacity=1, ori=0, pos=array([0. , 0.1]), rgb=UNKNOWN, text=str(...), units='height', win=Window(...), wrapWidth=1)
26.7539 	EXP 	Created finalslide = TextStim(__class__=<class 'psychopy.visual.text.TextStim'>, alignHoriz=method-wrapper(...), alignText='center', alignVert=method-wrapper(...), anchorHoriz='center', anchorVert='center', antialias=True, autoDraw=False, autoLog=True, bold=False, color=array([1., 1., 1.]), colorSpace='rgb', contrast=1.0, depth=-1.0, draggable=False, flipHoriz=False, flipVert=False, font='Arial', fontFiles=[], height=np.float64(0.04), italic=False, languageStyle='LTR', name='finalslide', opacity=1, ori=0, pos=array([ 0. , -0.2]), rgb=UNKNOWN, text='Press the space bar to exit.', units='height', win=Window(...), wrapWidth=1)
26.7598 	EXP 	Created unnamed TextStim = TextStim(__class__=<class 'psychopy.visual.text.TextStim'>, alignHoriz=method-wrapper(...), alignText='center', alignVert=method-wrapper(...), anchorHoriz='center', anchorVert='center', antialias=True, autoDraw=False, autoLog=True, bold=True, color=array([1., 1., 1.]), colorSpace='rgb', contrast=1.0, depth=0.0, draggable=False, flipHoriz=False, flipVert=False, font='Arial', fontFiles=[], height=np.float64(0.06), italic=False, languageStyle='LTR', name='unnamed TextStim', opacity=1.0, ori=0.0, pos=array([0.  , 0.39]), rgb=UNKNOWN, text='Practice Trials + Instructions', units='height', win=Window(...), wrapWidth=1.5)
26.7773 	EXP 	Created unnamed TextStim = TextStim(__class__=<class 'psychopy.visual.text.TextStim'>, alignHoriz=method-wrapper(...), alignText='center', alignVert=method-wrapper(...), anchorHoriz='center', anchorVert='center', antialias=True, autoDraw=False, autoLog=True, bold=False, color=array([1., 1., 1.]), colorSpace='rgb', contrast=1.0, depth=-1.0, draggable=False, flipHoriz=False, flipVert=False, font='Arial', fontFiles=[], height=np.float64(0.036), italic=False, languageStyle='LTR', name='unnamed TextStim', opacity=1.0, ori=0.0, pos=array([0.  , 0.03]), rgb=UNKNOWN, text=str(...), units='height', win=Window(...), wrapWidth=1.5)
26.7827 	EXP 	Created unnamed TextStim = TextStim(__class__=<class 'psychopy.visual.text.TextStim'>, alignHoriz=method-wrapper(...), alignText='center', alignVert=method-wrapper(...), anchorHoriz='center', anchorVert='center', antialias=True, autoDraw=False, autoLog=True, bold=False, color=array([-0.286,  0.216,  0.671]), colorSpace='rgb', contrast=1.0, depth=-2.0, draggable=False, flipHoriz=False, flipVert=False, font='Arial', fontFiles=[], height=np.float64(0.032), italic=False, languageStyle='LTR', name='unnamed TextStim', opacity=1.0, ori=0.0, pos=array([-0.17, -0.4 ]), rgb=UNKNOWN, text='Blue background  =  path distance trials', units='height', win=Window(...), wrapWidth=1)
26.7848 	EXP 	Created unnamed TextStim = TextStim(__class__=<class 'psychopy.visual.text.TextStim'>, alignHoriz=method-wrapper(...), alignText='center', alignVert=method-wrapper(...), anchorHoriz='center', anchorVert='center', antialias=True, autoDraw=False, autoLog=True, bold=False, color=array([0.914, 0.506, 0.09 ]), colorSpace='rgb', contrast=1.0, depth=-3.0, draggable=False, flipHoriz=False, flipVert=False, font='Arial', fontFiles=[], height=np.float64(0.032), italic=False, languageStyle='LTR', name='unnamed TextStim', opacity=1.0, ori=0.0, pos=array([ 0.07, -0.44]), rgb=UNKNOWN, text=str(...), units='height', win=Window(...), wrapWidth=1)
26.7869 	EXP 	Created unnamed TextStim = TextStim(__class__=<class 'psychopy.visual.text.TextStim'>, alignHoriz=method-wrapper(...), alignText='center', alignVert=method-wrapper(...), anchorHoriz='center', anchorVert='center', antialias=True, autoDraw=False, autoLog=True, bold=False, color=array([0.4, 0.4, 0.4]), colorSpace='rgb', contrast=1.0, depth=-4.0, draggable=False, flipHoriz=False, flipVert=False, font='Arial', fontFiles=[], height=np.float64(0.030999999999999996), italic=False, languageStyle='LTR', name='unnamed TextStim', opacity=1.0, ori=0.0, pos=array([ 0.  , -0.47]), rgb=UNKNOWN, text='Press space to continue.', units='height', win=Window(...), wrapWidth=1)
26.7902 	INFO 	Keyboard events cleared
26.7901 	EXP 	unnamed TextStim: autoDraw = True
26.7901 	EXP 	unnamed TextStim: autoDraw = True
26.7901 	EXP 	unnamed TextStim: autoDraw = True
26.7901 	EXP 	unnamed TextStim: autoDraw = True
26.7901 	EXP 	unnamed TextStim: autoDraw = True
27.9188 	DATA 	Mouse: Left button down, pos=(1713,363)
28.0965 	DATA 	Mouse:  Left button up, pos=(1713,363)
30.9968 	EXP 	Device response: <KeyPress from None: t=30.947970600012923, value=space, duration=None>
31.0063 	DATA 	Keypress: space
31.0082 	INFO 	Keyboard events cleared
31.0081 	EXP 	unnamed TextStim: autoDraw = False
31.0081 	EXP 	unnamed TextStim: autoDraw = False
31.0081 	EXP 	unnamed TextStim: autoDraw = False
31.0081 	EXP 	unnamed TextStim: autoDraw = False
31.0081 	EXP 	unnamed TextStim: autoDraw = False
31.0081 	EXP 	maze_image: image = 'stimuli/prac_maze.png'
31.0081 	EXP 	maze_image: autoDraw = True
31.0081 	EXP 	maze_title_stim: autoDraw = True
31.1036 	EXP 	Device response: <KeyPress from None: t=30.947970600012923, value=space, duration=0.15504330000840127>
31.7704 	EXP 	Device response: <KeyPress from None: t=31.76387690001866, value=space, duration=None>
31.7870 	DEBUG 	Read csv file with pandas: nav_task_practice_fruit.csv
31.7917 	DEBUG 	Clearing unnamed columns from nav_task_practice_fruit.csv
31.7923 	EXP 	Imported nav_task_practice_fruit.csv as conditions, 4 conditions, 9 params
31.7925 	EXP 	Created sequence: sequential, trialTypes=4, nReps=1, seed=None
31.7926 	EXP 	New trial (rep=0, index=0): OrderedDict([('cueImage', 'stimuli/prac_apple.png'), ('leftImage', 'stimuli/prac_orange.png'), ('rightImage', 'stimuli/prac_banana.png'), ('corrAns', 'right'), ('trial_type', 'route'), ('cueLabel', 'Apple'), ('leftLabel', 'Orange'), ('rightLabel', 'Banana'), ('corrLabel', 'Banana')])
31.7928 	DEPRECATION 	Clock.add() is deprecated in favor of .addTime() due to the counterintuitive design (it added time to the baseline, which reduced the values returned from getTime() )
31.7935 	DATA 	Keypress: space
31.7946 	EXP 	maze_image: autoDraw = False
31.7946 	EXP 	maze_title_stim: autoDraw = False
31.7946 	EXP 	fixation: autoDraw = True
31.9125 	EXP 	Device response: <KeyPress from None: t=31.76387690001866, value=space, duration=0.1421115999983158>
32.8273 	INFO 	Keyboard events cleared
32.8272 	EXP 	fixation: autoDraw = False
32.8272 	EXP 	cue_image: image = 'stimuli/prac_apple.png'
32.8272 	EXP 	left_image: image = 'stimuli/prac_orange.png'
32.8272 	EXP 	right_image: image = 'stimuli/prac_banana.png'
32.8272 	EXP 	cue_label_stim: height = np.float64(0.042)
32.8272 	EXP 	cue_label_stim: height = np.float64(0.042)
32.8272 	EXP 	cue_label_stim: height = np.float64(0.042)
32.8272 	EXP 	cue_label_stim: text = 'Apple'
32.8272 	EXP 	left_label_stim: height = np.float64(0.042)
32.8272 	EXP 	left_label_stim: height = np.float64(0.042)
32.8272 	EXP 	left_label_stim: height = np.float64(0.042)
32.8272 	EXP 	left_label_stim: text = 'Orange'
32.8272 	EXP 	right_label_stim: height = np.float64(0.042)
32.8272 	EXP 	right_label_stim: height = np.float64(0.042)
32.8272 	EXP 	right_label_stim: height = np.float64(0.042)
32.8272 	EXP 	right_label_stim: text = 'Banana'
32.8272 	EXP 	question_text: height = np.float64(0.055)
32.8272 	EXP 	question_text: height = np.float64(0.055)
32.8272 	EXP 	question_text: height = np.float64(0.055)
32.8272 	EXP 	question_text: text = 'Which is the shortest path distance from the start?'
32.8272 	EXP 	question_text: autoDraw = True
32.8272 	EXP 	cue_image: autoDraw = True
32.8272 	EXP 	cue_label_stim: autoDraw = True
32.8272 	EXP 	left_image: autoDraw = True
32.8272 	EXP 	left_label_stim: autoDraw = True
32.8272 	EXP 	right_image: autoDraw = True
32.8272 	EXP 	right_label_stim: autoDraw = True
70.0604 	DATA 	Mouse: Left button down, pos=(1497,530)
70.1777 	DATA 	Mouse:  Left button up, pos=(1497,530)
71.1503 	EXP 	Device response: <KeyPress from None: t=71.14793580002151, value=right, duration=None>
71.1695 	DEPRECATION 	Clock.add() is deprecated in favor of .addTime() due to the counterintuitive design (it added time to the baseline, which reduced the values returned from getTime() )
71.1711 	DATA 	Keypress: right
71.1721 	EXP 	question_text: autoDraw = False
71.1721 	EXP 	cue_image: autoDraw = False
71.1721 	EXP 	cue_label_stim: autoDraw = False
71.1721 	EXP 	left_image: autoDraw = False
71.1721 	EXP 	left_label_stim: autoDraw = False
71.1721 	EXP 	right_image: autoDraw = False
71.1721 	EXP 	right_label_stim: autoDraw = False
71.1721 	EXP 	fb_text_right: height = np.float64(0.046)
71.1721 	EXP 	fb_text_right: height = np.float64(0.046)
71.1721 	EXP 	fb_text_right: height = np.float64(0.046)
71.1721 	EXP 	fb_text_right: text = 'Correct answer:\nBanana'
71.1721 	EXP 	question_text: autoDraw = True
71.1721 	EXP 	cue_image: autoDraw = True
71.1721 	EXP 	cue_label_stim: autoDraw = True
71.1721 	EXP 	left_image: autoDraw = True
71.1721 	EXP 	left_label_stim: autoDraw = True
71.1721 	EXP 	right_image: autoDraw = True
71.1721 	EXP 	right_label_stim: autoDraw = True
71.1721 	EXP 	fb_text_right: autoDraw = True
71.1721 	EXP 	fb_line_right: autoDraw = True
71.1721 	EXP 	fb_head_right: autoDraw = True
71.2920 	EXP 	Device response: <KeyPress from None: t=71.14793580002151, value=right, duration=0.14197209998383187>
73.1764 	EXP 	New trial (rep=0, index=1): OrderedDict([('cueImage', 'stimuli/prac_apple.png'), ('leftImage', 'stimuli/prac_orange.png'), ('rightImage', 'stimuli/prac_banana.png'), ('corrAns', 'right'), ('trial_type', 'line'), ('cueLabel', 'Apple'), ('leftLabel', 'Orange'), ('rightLabel', 'Banana'), ('corrLabel', 'Banana')])
73.1766 	DEPRECATION 	Clock.add() is deprecated in favor of .addTime() due to the counterintuitive design (it added time to the baseline, which reduced the values returned from getTime() )
73.1839 	EXP 	question_text: autoDraw = False
73.1839 	EXP 	cue_image: autoDraw = False
73.1839 	EXP 	cue_label_stim: autoDraw = False
73.1839 	EXP 	left_image: autoDraw = False
73.1839 	EXP 	left_label_stim: autoDraw = False
73.1839 	EXP 	right_image: autoDraw = False
73.1839 	EXP 	right_label_stim: autoDraw = False
73.1839 	EXP 	fb_text_right: autoDraw = False
73.1839 	EXP 	fb_line_right: autoDraw = False
73.1839 	EXP 	fb_head_right: autoDraw = False
73.1839 	EXP 	fixation: autoDraw = True
74.1978 	INFO 	Keyboard events cleared
74.1977 	EXP 	fixation: autoDraw = False
74.1977 	EXP 	cue_image: image = 'stimuli/prac_apple.png'
74.1977 	EXP 	left_image: image = 'stimuli/prac_orange.png'
74.1977 	EXP 	right_image: image = 'stimuli/prac_banana.png'
74.1977 	EXP 	cue_label_stim: text = 'Apple'
74.1977 	EXP 	left_label_stim: text = 'Orange'
74.1977 	EXP 	right_label_stim: text = 'Banana'
74.1977 	EXP 	question_text: height = np.float64(0.055)
74.1977 	EXP 	question_text: height = np.float64(0.055)
74.1977 	EXP 	question_text: height = np.float64(0.055)
74.1977 	EXP 	question_text: text = 'Which is the shortest straight-line distance from the start?'
74.1977 	EXP 	question_text: autoDraw = True
74.1977 	EXP 	cue_image: autoDraw = True
74.1977 	EXP 	cue_label_stim: autoDraw = True
74.1977 	EXP 	left_image: autoDraw = True
74.1977 	EXP 	left_label_stim: autoDraw = True
74.1977 	EXP 	right_image: autoDraw = True
74.1977 	EXP 	right_label_stim: autoDraw = True
111.5028 	DATA 	Mouse: Left button down, pos=(1545,510)
111.5905 	DATA 	Mouse:  Left button up, pos=(1545,510)
112.0471 	EXP 	Device response: <KeyPress from None: t=112.04394170001615, value=num_0, duration=None>
112.0478 	DATA 	Keypress: num_0
112.1384 	EXP 	Device response: <KeyPress from None: t=112.04394170001615, value=num_0, duration=0.0860419999808073>
112.3720 	EXP 	Device response: <KeyPress from None: t=112.36702350000269, value=right, duration=None>
112.3721 	DEPRECATION 	Clock.add() is deprecated in favor of .addTime() due to the counterintuitive design (it added time to the baseline, which reduced the values returned from getTime() )
112.3730 	DATA 	Keypress: right
112.3804 	EXP 	question_text: autoDraw = False
112.3804 	EXP 	cue_image: autoDraw = False
112.3804 	EXP 	cue_label_stim: autoDraw = False
112.3804 	EXP 	left_image: autoDraw = False
112.3804 	EXP 	left_label_stim: autoDraw = False
112.3804 	EXP 	right_image: autoDraw = False
112.3804 	EXP 	right_label_stim: autoDraw = False
112.3804 	EXP 	fb_text_right: text = 'Correct answer:\nBanana'
112.3804 	EXP 	question_text: autoDraw = True
112.3804 	EXP 	cue_image: autoDraw = True
112.3804 	EXP 	cue_label_stim: autoDraw = True
112.3804 	EXP 	left_image: autoDraw = True
112.3804 	EXP 	left_label_stim: autoDraw = True
112.3804 	EXP 	right_image: autoDraw = True
112.3804 	EXP 	right_label_stim: autoDraw = True
112.3804 	EXP 	fb_text_right: autoDraw = True
112.3804 	EXP 	fb_line_right: autoDraw = True
112.3804 	EXP 	fb_head_right: autoDraw = True
112.5304 	EXP 	Device response: <KeyPress from None: t=112.36702350000269, value=right, duration=0.16183029999956489>
114.3805 	EXP 	New trial (rep=0, index=2): OrderedDict([('cueImage', 'stimuli/prac_apple.png'), ('leftImage', 'stimuli/prac_orange.png'), ('rightImage', 'stimuli/prac_grape.png'), ('corrAns', 'left'), ('trial_type', 'route'), ('cueLabel', 'Apple'), ('leftLabel', 'Orange'), ('rightLabel', 'Grape'), ('corrLabel', 'Orange')])
114.3884 	INFO 	Keyboard events cleared
114.3884 	EXP 	question_text: autoDraw = False
114.3884 	EXP 	cue_image: autoDraw = False
114.3884 	EXP 	cue_label_stim: autoDraw = False
114.3884 	EXP 	left_image: autoDraw = False
114.3884 	EXP 	left_label_stim: autoDraw = False
114.3884 	EXP 	right_image: autoDraw = False
114.3884 	EXP 	right_label_stim: autoDraw = False
114.3884 	EXP 	fb_text_right: autoDraw = False
114.3884 	EXP 	fb_line_right: autoDraw = False
114.3884 	EXP 	fb_head_right: autoDraw = False
114.3884 	EXP 	maze_image: image = 'stimuli/prac_maze.png'
114.3884 	EXP 	maze_image: autoDraw = True
114.3884 	EXP 	maze_title_stim: autoDraw = True
121.3626 	DATA 	Mouse: Left button down, pos=(1306,471)
121.4746 	DATA 	Mouse:  Left button up, pos=(1306,471)
122.8065 	EXP 	Device response: <KeyPress from None: t=122.80501740000909, value=space, duration=None>
122.8067 	DEPRECATION 	Clock.add() is deprecated in favor of .addTime() due to the counterintuitive design (it added time to the baseline, which reduced the values returned from getTime() )
122.8070 	DATA 	Keypress: space
122.8144 	EXP 	maze_image: autoDraw = False
122.8144 	EXP 	maze_title_stim: autoDraw = False
122.8144 	EXP 	fixation: autoDraw = True
123.0314 	EXP 	Device response: <KeyPress from None: t=122.80501740000909, value=space, duration=0.22288439999101683>
123.8590 	INFO 	Keyboard events cleared
123.8590 	EXP 	fixation: autoDraw = False
123.8590 	EXP 	cue_image: image = 'stimuli/prac_apple.png'
123.8590 	EXP 	left_image: image = 'stimuli/prac_orange.png'
123.8590 	EXP 	right_image: image = 'stimuli/prac_grape.png'
123.8590 	EXP 	cue_label_stim: text = 'Apple'
123.8590 	EXP 	left_label_stim: text = 'Orange'
123.8590 	EXP 	right_label_stim: height = np.float64(0.042)
123.8590 	EXP 	right_label_stim: height = np.float64(0.042)
123.8590 	EXP 	right_label_stim: height = np.float64(0.042)
123.8590 	EXP 	right_label_stim: text = 'Grape'
123.8590 	EXP 	question_text: height = np.float64(0.055)
123.8590 	EXP 	question_text: height = np.float64(0.055)
123.8590 	EXP 	question_text: height = np.float64(0.055)
123.8590 	EXP 	question_text: text = 'Which is the shortest path distance from the start?'
123.8590 	EXP 	question_text: autoDraw = True
123.8590 	EXP 	cue_image: autoDraw = True
123.8590 	EXP 	cue_label_stim: autoDraw = True
123.8590 	EXP 	left_image: autoDraw = True
123.8590 	EXP 	left_label_stim: autoDraw = True
123.8590 	EXP 	right_image: autoDraw = True
123.8590 	EXP 	right_label_stim: autoDraw = True
124.6918 	DATA 	Mouse: Left button down, pos=(1334,537)
124.8082 	DATA 	Mouse:  Left button up, pos=(1334,537)
125.3735 	EXP 	Device response: <KeyPress from None: t=125.36598240002058, value=right, duration=None>
125.3769 	DEPRECATION 	Clock.add() is deprecated in favor of .addTime() due to the counterintuitive design (it added time to the baseline, which reduced the values returned from getTime() )
125.3785 	DATA 	Keypress: right
125.3815 	EXP 	question_text: autoDraw = False
125.3815 	EXP 	cue_image: autoDraw = False
125.3815 	EXP 	cue_label_stim: autoDraw = False
125.3815 	EXP 	left_image: autoDraw = False
125.3815 	EXP 	left_label_stim: autoDraw = False
125.3815 	EXP 	right_image: autoDraw = False
125.3815 	EXP 	right_label_stim: autoDraw = False
125.3815 	EXP 	fb_text_left: height = np.float64(0.046)
125.3815 	EXP 	fb_text_left: height = np.float64(0.046)
125.3815 	EXP 	fb_text_left: height = np.float64(0.046)
125.3815 	EXP 	fb_text_left: text = 'Correct answer:\nOrange'
125.3815 	EXP 	question_text: autoDraw = True
125.3815 	EXP 	cue_image: autoDraw = True
125.3815 	EXP 	cue_label_stim: autoDraw = True
125.3815 	EXP 	left_image: autoDraw = True
125.3815 	EXP 	left_label_stim: autoDraw = True
125.3815 	EXP 	right_image: autoDraw = True
125.3815 	EXP 	right_label_stim: autoDraw = True
125.3815 	EXP 	fb_text_left: autoDraw = True
125.3815 	EXP 	fb_line_left: autoDraw = True
125.3815 	EXP 	fb_head_left: autoDraw = True
125.5402 	EXP 	Device response: <KeyPress from None: t=125.36598240002058, value=right, duration=0.16998619999503717>
127.3835 	EXP 	New trial (rep=0, index=3): OrderedDict([('cueImage', 'stimuli/prac_apple.png'), ('leftImage', 'stimuli/prac_orange.png'), ('rightImage', 'stimuli/prac_grape.png'), ('corrAns', 'right'), ('trial_type', 'line'), ('cueLabel', 'Apple'), ('leftLabel', 'Orange'), ('rightLabel', 'Grape'), ('corrLabel', 'Grape')])
127.3841 	DEPRECATION 	Clock.add() is deprecated in favor of .addTime() due to the counterintuitive design (it added time to the baseline, which reduced the values returned from getTime() )
127.3901 	EXP 	question_text: autoDraw = False
127.3901 	EXP 	cue_image: autoDraw = False
127.3901 	EXP 	cue_label_stim: autoDraw = False
127.3901 	EXP 	left_image: autoDraw = False
127.3901 	EXP 	left_label_stim: autoDraw = False
127.3901 	EXP 	right_image: autoDraw = False
127.3901 	EXP 	right_label_stim: autoDraw = False
127.3901 	EXP 	fb_text_left: autoDraw = False
127.3901 	EXP 	fb_line_left: autoDraw = False
127.3901 	EXP 	fb_head_left: autoDraw = False
127.3901 	EXP 	fixation: autoDraw = True
128.3985 	INFO 	Keyboard events cleared
128.3984 	EXP 	fixation: autoDraw = False
128.3984 	EXP 	cue_image: image = 'stimuli/prac_apple.png'
128.3984 	EXP 	left_image: image = 'stimuli/prac_orange.png'
128.3984 	EXP 	right_image: image = 'stimuli/prac_grape.png'
128.3984 	EXP 	cue_label_stim: text = 'Apple'
128.3984 	EXP 	left_label_stim: text = 'Orange'
128.3984 	EXP 	right_label_stim: text = 'Grape'
128.3984 	EXP 	question_text: height = np.float64(0.055)
128.3984 	EXP 	question_text: height = np.float64(0.055)
128.3984 	EXP 	question_text: height = np.float64(0.055)
128.3984 	EXP 	question_text: text = 'Which is the shortest straight-line distance from the start?'
128.3984 	EXP 	question_text: autoDraw = True
128.3984 	EXP 	cue_image: autoDraw = True
128.3984 	EXP 	cue_label_stim: autoDraw = True
128.3984 	EXP 	left_image: autoDraw = True
128.3984 	EXP 	left_label_stim: autoDraw = True
128.3984 	EXP 	right_image: autoDraw = True
128.3984 	EXP 	right_label_stim: autoDraw = True
129.4404 	EXP 	Device response: <KeyPress from None: t=129.4369313000061, value=right, duration=None>
129.4429 	DEPRECATION 	Clock.add() is deprecated in favor of .addTime() due to the counterintuitive design (it added time to the baseline, which reduced the values returned from getTime() )
129.4437 	DATA 	Keypress: right
129.4486 	EXP 	question_text: autoDraw = False
129.4486 	EXP 	cue_image: autoDraw = False
129.4486 	EXP 	cue_label_stim: autoDraw = False
129.4486 	EXP 	left_image: autoDraw = False
129.4486 	EXP 	left_label_stim: autoDraw = False
129.4486 	EXP 	right_image: autoDraw = False
129.4486 	EXP 	right_label_stim: autoDraw = False
129.4486 	EXP 	fb_text_right: height = np.float64(0.046)
129.4486 	EXP 	fb_text_right: height = np.float64(0.046)
129.4486 	EXP 	fb_text_right: height = np.float64(0.046)
129.4486 	EXP 	fb_text_right: text = 'Correct answer:\nGrape'
129.4486 	EXP 	question_text: autoDraw = True
129.4486 	EXP 	cue_image: autoDraw = True
129.4486 	EXP 	cue_label_stim: autoDraw = True
129.4486 	EXP 	left_image: autoDraw = True
129.4486 	EXP 	left_label_stim: autoDraw = True
129.4486 	EXP 	right_image: autoDraw = True
129.4486 	EXP 	right_label_stim: autoDraw = True
129.4486 	EXP 	fb_text_right: autoDraw = True
129.4486 	EXP 	fb_line_right: autoDraw = True
129.4486 	EXP 	fb_head_right: autoDraw = True
129.6321 	EXP 	Device response: <KeyPress from None: t=129.4369313000061, value=right, duration=0.18817569999373518>
131.4772 	EXP 	Created unnamed TextStim = TextStim(__class__=<class 'psychopy.visual.text.TextStim'>, alignHoriz=method-wrapper(...), alignText='center', alignVert=method-wrapper(...), anchorHoriz='center', anchorVert='center', antialias=True, autoDraw=False, autoLog=True, bold=False, color=array([1., 1., 1.]), colorSpace='rgb', contrast=1.0, depth=-1.0, draggable=False, flipHoriz=False, flipVert=False, font='Arial', fontFiles=[], height=np.float64(0.036), italic=False, languageStyle='LTR', name='unnamed TextStim', opacity=1.0, ori=0.0, pos=array([0.  , 0.12]), rgb=UNKNOWN, text=str(...), units='height', win=Window(...), wrapWidth=1.5)
131.4856 	EXP 	Created unnamed TextStim = TextStim(__class__=<class 'psychopy.visual.text.TextStim'>, alignHoriz=method-wrapper(...), alignText='center', alignVert=method-wrapper(...), anchorHoriz='center', anchorVert='center', antialias=True, autoDraw=False, autoLog=True, bold=False, color=array([0.4, 0.4, 0.4]), colorSpace='rgb', contrast=1.0, depth=-4.0, draggable=False, flipHoriz=False, flipVert=False, font='Arial', fontFiles=[], height=np.float64(0.030999999999999996), italic=False, languageStyle='LTR', name='unnamed TextStim', opacity=1.0, ori=0.0, pos=array([ 0.  , -0.47]), rgb=UNKNOWN, text='Press space to continue.', units='height', win=Window(...), wrapWidth=1)
131.4872 	INFO 	Keyboard events cleared
131.4872 	EXP 	question_text: autoDraw = False
131.4872 	EXP 	cue_image: autoDraw = False
131.4872 	EXP 	cue_label_stim: autoDraw = False
131.4872 	EXP 	left_image: autoDraw = False
131.4872 	EXP 	left_label_stim: autoDraw = False
131.4872 	EXP 	right_image: autoDraw = False
131.4872 	EXP 	right_label_stim: autoDraw = False
131.4872 	EXP 	fb_text_right: autoDraw = False
131.4872 	EXP 	fb_line_right: autoDraw = False
131.4872 	EXP 	fb_head_right: autoDraw = False
131.4872 	EXP 	unnamed TextStim: autoDraw = True
131.4872 	EXP 	unnamed TextStim: autoDraw = True
133.7660 	EXP 	Device response: <KeyPress from None: t=133.7594316000177, value=space, duration=None>
133.7778 	DATA 	Keypress: space
133.7788 	INFO 	Keyboard events cleared
133.7788 	EXP 	unnamed TextStim: autoDraw = False
133.7788 	EXP 	unnamed TextStim: autoDraw = False
133.7788 	EXP 	env_label: height = np.float64(0.048)
133.7788 	EXP 	env_label: height = np.float64(0.048)
133.7788 	EXP 	env_label: height = np.float64(0.048)
133.7788 	EXP 	env_label: text = 'Environment: brick maze'
133.7788 	EXP 	env_label: autoDraw = True
133.7788 	EXP 	env_advance: autoDraw = True
133.9493 	EXP 	Device response: <KeyPress from None: t=133.7594316000177, value=space, duration=0.18864379997830838>
135.2411 	EXP 	Device response: <KeyPress from None: t=135.23702660002164, value=space, duration=None>
135.2475 	DEBUG 	Read csv file with pandas: nav_task_practice_brick.csv
135.2480 	DEBUG 	Clearing unnamed columns from nav_task_practice_brick.csv
135.2483 	EXP 	Imported nav_task_practice_brick.csv as conditions, 2 conditions, 9 params
135.2485 	EXP 	Created sequence: sequential, trialTypes=2, nReps=1, seed=None
135.2486 	EXP 	New trial (rep=0, index=0): OrderedDict([('cueImage', 'stimuli/brick_telescope.png'), ('leftImage', 'stimuli/brick_plant.png'), ('rightImage', 'stimuli/brick_well.png'), ('corrAns', 'left'), ('trial_type', 'route'), ('cueLabel', 'Telescope'), ('leftLabel', 'Plant'), ('rightLabel', 'Well'), ('corrLabel', 'Plant')])
135.2488 	DEPRECATION 	Clock.add() is deprecated in favor of .addTime() due to the counterintuitive design (it added time to the baseline, which reduced the values returned from getTime() )
135.2494 	DATA 	Keypress: space
135.2503 	EXP 	env_label: autoDraw = False
135.2503 	EXP 	env_advance: autoDraw = False
135.2503 	EXP 	fixation: autoDraw = True
135.4746 	EXP 	Device response: <KeyPress from None: t=135.23702660002164, value=space, duration=0.23041029999149032>
136.2844 	INFO 	Keyboard events cleared
136.2844 	EXP 	fixation: autoDraw = False
136.2844 	EXP 	cue_image: image = 'stimuli/brick_telescope.png'
136.2844 	EXP 	left_image: image = 'stimuli/brick_plant.png'
136.2844 	EXP 	right_image: image = 'stimuli/brick_well.png'
136.2844 	EXP 	cue_label_stim: height = np.float64(0.042)
136.2844 	EXP 	cue_label_stim: height = np.float64(0.042)
136.2844 	EXP 	cue_label_stim: height = np.float64(0.042)
136.2844 	EXP 	cue_label_stim: text = 'Telescope'
136.2844 	EXP 	left_label_stim: height = np.float64(0.042)
136.2844 	EXP 	left_label_stim: height = np.float64(0.042)
136.2844 	EXP 	left_label_stim: height = np.float64(0.042)
136.2844 	EXP 	left_label_stim: text = 'Plant'
136.2844 	EXP 	right_label_stim: height = np.float64(0.042)
136.2844 	EXP 	right_label_stim: height = np.float64(0.042)
136.2844 	EXP 	right_label_stim: height = np.float64(0.042)
136.2844 	EXP 	right_label_stim: text = 'Well'
136.2844 	EXP 	question_text: height = np.float64(0.055)
136.2844 	EXP 	question_text: height = np.float64(0.055)
136.2844 	EXP 	question_text: height = np.float64(0.055)
136.2844 	EXP 	question_text: text = 'Which is the shortest path distance from the start?'
136.2844 	EXP 	question_text: autoDraw = True
136.2844 	EXP 	cue_image: autoDraw = True
136.2844 	EXP 	cue_label_stim: autoDraw = True
136.2844 	EXP 	left_image: autoDraw = True
136.2844 	EXP 	left_label_stim: autoDraw = True
136.2844 	EXP 	right_image: autoDraw = True
136.2844 	EXP 	right_label_stim: autoDraw = True
144.1882 	DATA 	Mouse: Left button down, pos=(1423,470)
144.3107 	DATA 	Mouse:  Left button up, pos=(1423,470)
144.5089 	EXP 	Device response: <KeyPress from None: t=144.50310090000858, value=left, duration=None>
144.5185 	DEPRECATION 	Clock.add() is deprecated in favor of .addTime() due to the counterintuitive design (it added time to the baseline, which reduced the values returned from getTime() )
144.5204 	DATA 	Keypress: left
144.5213 	EXP 	question_text: autoDraw = False
144.5213 	EXP 	cue_image: autoDraw = False
144.5213 	EXP 	cue_label_stim: autoDraw = False
144.5213 	EXP 	left_image: autoDraw = False
144.5213 	EXP 	left_label_stim: autoDraw = False
144.5213 	EXP 	right_image: autoDraw = False
144.5213 	EXP 	right_label_stim: autoDraw = False
144.5213 	EXP 	fb_text_left: height = np.float64(0.046)
144.5213 	EXP 	fb_text_left: height = np.float64(0.046)
144.5213 	EXP 	fb_text_left: height = np.float64(0.046)
144.5213 	EXP 	fb_text_left: text = 'Correct answer:\nPlant'
144.5213 	EXP 	question_text: autoDraw = True
144.5213 	EXP 	cue_image: autoDraw = True
144.5213 	EXP 	cue_label_stim: autoDraw = True
144.5213 	EXP 	left_image: autoDraw = True
144.5213 	EXP 	left_label_stim: autoDraw = True
144.5213 	EXP 	right_image: autoDraw = True
144.5213 	EXP 	right_label_stim: autoDraw = True
144.5213 	EXP 	fb_text_left: autoDraw = True
144.5213 	EXP 	fb_line_left: autoDraw = True
144.5213 	EXP 	fb_head_left: autoDraw = True
144.7255 	EXP 	Device response: <KeyPress from None: t=144.50310090000858, value=left, duration=0.21490260001155548>
146.5264 	EXP 	New trial (rep=0, index=1): OrderedDict([('cueImage', 'stimuli/brick_telescope.png'), ('leftImage', 'stimuli/brick_plant.png'), ('rightImage', 'stimuli/brick_well.png'), ('corrAns', 'left'), ('trial_type', 'line'), ('cueLabel', 'Telescope'), ('leftLabel', 'Plant'), ('rightLabel', 'Well'), ('corrLabel', 'Plant')])
146.5266 	DEPRECATION 	Clock.add() is deprecated in favor of .addTime() due to the counterintuitive design (it added time to the baseline, which reduced the values returned from getTime() )
146.5341 	EXP 	question_text: autoDraw = False
146.5341 	EXP 	cue_image: autoDraw = False
146.5341 	EXP 	cue_label_stim: autoDraw = False
146.5341 	EXP 	left_image: autoDraw = False
146.5341 	EXP 	left_label_stim: autoDraw = False
146.5341 	EXP 	right_image: autoDraw = False
146.5341 	EXP 	right_label_stim: autoDraw = False
146.5341 	EXP 	fb_text_left: autoDraw = False
146.5341 	EXP 	fb_line_left: autoDraw = False
146.5341 	EXP 	fb_head_left: autoDraw = False
146.5341 	EXP 	fixation: autoDraw = True
147.5480 	INFO 	Keyboard events cleared
147.5480 	EXP 	fixation: autoDraw = False
147.5480 	EXP 	cue_image: image = 'stimuli/brick_telescope.png'
147.5480 	EXP 	left_image: image = 'stimuli/brick_plant.png'
147.5480 	EXP 	right_image: image = 'stimuli/brick_well.png'
147.5480 	EXP 	cue_label_stim: text = 'Telescope'
147.5480 	EXP 	left_label_stim: text = 'Plant'
147.5480 	EXP 	right_label_stim: text = 'Well'
147.5480 	EXP 	question_text: height = np.float64(0.055)
147.5480 	EXP 	question_text: height = np.float64(0.055)
147.5480 	EXP 	question_text: height = np.float64(0.055)
147.5480 	EXP 	question_text: text = 'Which is the shortest straight-line distance from the start?'
147.5480 	EXP 	question_text: autoDraw = True
147.5480 	EXP 	cue_image: autoDraw = True
147.5480 	EXP 	cue_label_stim: autoDraw = True
147.5480 	EXP 	left_image: autoDraw = True
147.5480 	EXP 	left_label_stim: autoDraw = True
147.5480 	EXP 	right_image: autoDraw = True
147.5480 	EXP 	right_label_stim: autoDraw = True
156.5085 	DATA 	Mouse: Left button down, pos=(1334,687)
156.6289 	DATA 	Mouse:  Left button up, pos=(1334,687)
157.2605 	EXP 	Device response: <KeyPress from None: t=157.25607450000825, value=right, duration=None>
157.2606 	DEPRECATION 	Clock.add() is deprecated in favor of .addTime() due to the counterintuitive design (it added time to the baseline, which reduced the values returned from getTime() )
157.2620 	DATA 	Keypress: right
157.2687 	EXP 	question_text: autoDraw = False
157.2687 	EXP 	cue_image: autoDraw = False
157.2687 	EXP 	cue_label_stim: autoDraw = False
157.2687 	EXP 	left_image: autoDraw = False
157.2687 	EXP 	left_label_stim: autoDraw = False
157.2687 	EXP 	right_image: autoDraw = False
157.2687 	EXP 	right_label_stim: autoDraw = False
157.2687 	EXP 	fb_text_left: text = 'Correct answer:\nPlant'
157.2687 	EXP 	question_text: autoDraw = True
157.2687 	EXP 	cue_image: autoDraw = True
157.2687 	EXP 	cue_label_stim: autoDraw = True
157.2687 	EXP 	left_image: autoDraw = True
157.2687 	EXP 	left_label_stim: autoDraw = True
157.2687 	EXP 	right_image: autoDraw = True
157.2687 	EXP 	right_label_stim: autoDraw = True
157.2687 	EXP 	fb_text_left: autoDraw = True
157.2687 	EXP 	fb_line_left: autoDraw = True
157.2687 	EXP 	fb_head_left: autoDraw = True
157.4771 	EXP 	Device response: <KeyPress from None: t=157.25607450000825, value=right, duration=0.21603660000255331>
159.2774 	INFO 	Keyboard events cleared
159.2773 	EXP 	question_text: autoDraw = False
159.2773 	EXP 	cue_image: autoDraw = False
159.2773 	EXP 	cue_label_stim: autoDraw = False
159.2773 	EXP 	left_image: autoDraw = False
159.2773 	EXP 	left_label_stim: autoDraw = False
159.2773 	EXP 	right_image: autoDraw = False
159.2773 	EXP 	right_label_stim: autoDraw = False
159.2773 	EXP 	fb_text_left: autoDraw = False
159.2773 	EXP 	fb_line_left: autoDraw = False
159.2773 	EXP 	fb_head_left: autoDraw = False
159.2773 	EXP 	env_label: height = np.float64(0.048)
159.2773 	EXP 	env_label: height = np.float64(0.048)
159.2773 	EXP 	env_label: height = np.float64(0.048)
159.2773 	EXP 	env_label: text = 'Environment: hedge maze'
159.2773 	EXP 	env_label: autoDraw = True
159.2773 	EXP 	env_advance: autoDraw = True
184.4800 	DATA 	Mouse: Left button down, pos=(1864,388)
184.6730 	DATA 	Mouse:  Left button up, pos=(1864,388)
186.8726 	EXP 	Device response: <KeyPress from None: t=186.87206439999864, value=escape, duration=None>
186.8731 	DATA 	Keypress: escape
187.0973 	EXP 	Device response: <KeyPress from None: t=186.87206439999864, value=escape, duration=0.2190785999991931>
187.2374 	DEBUG 	Saving data for GraphMaze_Navigation ExperimentHandler
187.2385 	INFO 	saved data to F:\Github\PaperFolding\data\123_GraphMaze_Navigation_2026-09-29_14h58.38.935.psydat
187.2391 	INFO 	saved data to 'F:\\Github\\PaperFolding\\data\\123_GraphMaze_Navigation_2026-09-29_14h58.38.935.csv'
187.2439 	INFO 	Stopping keyboard key buffers.
