150.9359 	INFO 	Loaded monitor calibration from ['2026_09_21 04:14']
150.9560 	WARNING 	User requested fullscreen with size [1440  900], but screen is actually [1920, 1080]. Using actual size
151.3121 	INFO 	Using renderer 'AMD Radeon RX 7900 XT' for graphics
151.3121 	INFO 	OpenGL version supported by driver is 4..
151.3932 	DEBUG 	TextBox2 loaded 1 chars with 0 blanks and 1 valid
151.4028 	DEBUG 	TextBox2 loaded 1 chars with 0 blanks and 1 valid
151.4130 	DEBUG 	TextBox2 loaded 1 chars with 0 blanks and 1 valid
151.4236 	DEBUG 	TextBox2 loaded 1 chars with 0 blanks and 1 valid
151.4342 	DEBUG 	TextBox2 loaded 1 chars with 0 blanks and 1 valid
151.4435 	DEBUG 	TextBox2 loaded 1 chars with 0 blanks and 1 valid
151.4535 	DEBUG 	TextBox2 loaded 1 chars with 0 blanks and 1 valid
151.4640 	DEBUG 	TextBox2 loaded 1 chars with 0 blanks and 1 valid
151.4732 	DEBUG 	TextBox2 loaded 1 chars with 0 blanks and 1 valid
151.4835 	DEBUG 	TextBox2 loaded 1 chars with 0 blanks and 1 valid
151.4943 	DEBUG 	TextBox2 loaded 1 chars with 0 blanks and 1 valid
151.5045 	DEBUG 	TextBox2 loaded 1 chars with 0 blanks and 1 valid
151.5142 	DEBUG 	TextBox2 loaded 1 chars with 0 blanks and 1 valid
151.5238 	DEBUG 	TextBox2 loaded 1 chars with 0 blanks and 1 valid
151.5332 	DEBUG 	TextBox2 loaded 1 chars with 0 blanks and 1 valid
151.5431 	DEBUG 	TextBox2 loaded 1 chars with 0 blanks and 1 valid
151.5528 	DEBUG 	TextBox2 loaded 1 chars with 0 blanks and 1 valid
151.5617 	DEBUG 	TextBox2 loaded 1 chars with 0 blanks and 1 valid
151.5716 	DEBUG 	TextBox2 loaded 1 chars with 0 blanks and 1 valid
151.5816 	DEBUG 	TextBox2 loaded 1 chars with 0 blanks and 1 valid
151.5907 	DEBUG 	TextBox2 loaded 1 chars with 0 blanks and 1 valid
151.5910 	DEBUG 	Uploading Texture Font fontname to graphics card
151.5923 	DEBUG 	Upload of Texture Font fontname complete
151.6114 	DEBUG 	TextBox2 loaded 1 chars with 0 blanks and 1 valid
151.6212 	DEBUG 	TextBox2 loaded 1 chars with 0 blanks and 1 valid
151.6312 	DEBUG 	TextBox2 loaded 1 chars with 0 blanks and 1 valid
151.6315 	DEBUG 	Uploading Texture Font fontname to graphics card
151.6326 	DEBUG 	Upload of Texture Font fontname complete
152.6248 	EXP 	Created window1 = Window(allowGUI=False, allowStencil=False, autoLog=True, backendConf=UNKNOWN, backgroundFit=<method-wrapper '__getattribute__' of attributeSetter object at 0x000002E537880AC0>, backgroundImage=<method-wrapper '__getattribute__' of attributeSetter object at 0x000002E537880A60>, bitsMode=UNKNOWN, blendMode='avg', bpc=(8, 8, 8), color=array([0, 0, 0]), colorSpace='rgb', depthBits=8, fullscr=True, gamma=None, gammaErrorPolicy='raise', infoMsg=UNKNOWN, lms=UNKNOWN, monitor=<psychopy.monitors.calibTools.Monitor object at 0x000002E54326F640>, multiSample=False, name='window1', numSamples=2, pos=(0, 0), screen=0, size=array([1920, 1080]), stencilBits=0, stereo=False, title='PsychoPy', units='height', useFBO=True, useRetina=False, viewOri=0.0, viewPos=None, viewScale=None, waitBlanking=True, winType='pyglet')
152.6249 	EXP 	window1: backgroundImage = None
152.6249 	EXP 	window1: backgroundFit = 'cover'
152.6265 	EXP 	window1: Attempting to measure frame rate of screen (0) ...
152.6266 	EXP 	window1: recordFrameIntervals = False
152.7077 	EXP 	window1: recordFrameIntervals = True
152.8687 	WARNING 	t of last frame was 11.14ms (=1/89)
152.9763 	WARNING 	t of last frame was 10.62ms (=1/94)
153.0098 	WARNING 	t of last frame was 10.32ms (=1/96)
153.0428 	WARNING 	t of last frame was 10.35ms (=1/96)
153.1346 	WARNING 	Multiple dropped frames have occurred - I'll stop bothering you about them!
153.5413 	EXP 	window1: recordFrameIntervals = False
153.5413 	EXP 	Screen (0) actual frame rate measured at 120.21Hz
153.9330 	INFO 	keyboard.Keyboard is using ptb backend.
154.0604 	EXP 	Created fixation = TextStim(__class__=<class 'psychopy.visual.text.TextStim'>, alignHoriz=method-wrapper(...), alignText='center', alignVert=method-wrapper(...), anchorHoriz='center', anchorVert='center', antialias=True, autoDraw=False, autoLog=True, bold=False, color=array([1., 1., 1.]), colorSpace='rgb', contrast=1.0, depth=0.0, draggable=False, flipHoriz=False, flipVert=False, font='Arial', fontFiles=[], height=np.float64(0.12), italic=False, languageStyle='LTR', name='fixation', opacity=1, ori=0, pos=array([0., 0.]), rgb=UNKNOWN, text='+', units='height', win=Window(...), wrapWidth=1)
154.0625 	EXP 	Created maze_image = ImageStim(__class__=<class 'psychopy.visual.image.ImageStim'>, anchor=('center', 'center'), autoLog=True, color=array([1., 1., 1.]), colorSpace='rgb', contrast=1.0, depth=0.0, draggable=False, flipHoriz=np.False_, flipVert=np.False_, image='sin', interpolate=True, mask=None, maskParams=None, name='maze_image', opacity=1, ori=0.0, pos=array([ 0.  , -0.03]), size=array([0.85, 0.85]), texRes=128.0, units='height', win=Window(...))
154.0682 	EXP 	Created maze_title_stim = TextStim(__class__=<class 'psychopy.visual.text.TextStim'>, alignHoriz=method-wrapper(...), alignText='center', alignVert=method-wrapper(...), anchorHoriz='center', anchorVert='center', antialias=True, autoDraw=False, autoLog=True, bold=False, color=array([1., 1., 1.]), colorSpace='rgb', contrast=1.0, depth=-1.0, draggable=False, flipHoriz=False, flipVert=False, font='Arial', fontFiles=[], height=np.float64(0.048), italic=False, languageStyle='LTR', name='maze_title_stim', opacity=1, ori=0, pos=array([0.  , 0.43]), rgb=UNKNOWN, text='Example Practice Maze', units='height', win=Window(...), wrapWidth=1.4)
154.0695 	EXP 	Created env_maze_image = ImageStim(__class__=<class 'psychopy.visual.image.ImageStim'>, anchor=('center', 'center'), autoLog=True, color=array([1., 1., 1.]), colorSpace='rgb', contrast=1.0, depth=-2.0, draggable=False, flipHoriz=np.False_, flipVert=np.False_, image='sin', interpolate=True, mask=None, maskParams=None, name='env_maze_image', opacity=1, ori=0.0, pos=array([ 0.  , -0.06]), size=array([0.72, 0.72]), texRes=128.0, units='height', win=Window(...))
154.0700 	EXP 	Created env_label = TextStim(__class__=<class 'psychopy.visual.text.TextStim'>, alignHoriz=method-wrapper(...), alignText='center', alignVert=method-wrapper(...), anchorHoriz='center', anchorVert='center', antialias=True, autoDraw=False, autoLog=True, bold=False, color=array([1., 1., 1.]), colorSpace='rgb', contrast=1.0, depth=0.0, draggable=False, flipHoriz=False, flipVert=False, font='Arial', fontFiles=[], height=0.048, italic=False, languageStyle='LTR', name='env_label', opacity=1, ori=0, pos=array([0.  , 0.43]), rgb=UNKNOWN, text='', units='height', win=Window(...), wrapWidth=1.4)
154.0756 	EXP 	Created env_advance = TextStim(__class__=<class 'psychopy.visual.text.TextStim'>, alignHoriz=method-wrapper(...), alignText='center', alignVert=method-wrapper(...), anchorHoriz='center', anchorVert='center', antialias=True, autoDraw=False, autoLog=True, bold=False, color=array([1., 1., 1.]), colorSpace='rgb', contrast=1.0, depth=-1.0, draggable=False, flipHoriz=False, flipVert=False, font='Arial', fontFiles=[], height=np.float64(0.038), italic=False, languageStyle='LTR', name='env_advance', opacity=1, ori=0, pos=array([ 0.  , -0.43]), rgb=UNKNOWN, text='Press any number to continue.', units='height', win=Window(...), wrapWidth=1)
154.0766 	EXP 	Created question_text = TextStim(__class__=<class 'psychopy.visual.text.TextStim'>, alignHoriz=method-wrapper(...), alignText='center', alignVert=method-wrapper(...), anchorHoriz='center', anchorVert='center', antialias=True, autoDraw=False, autoLog=True, bold=False, color=array([-1., -1., -1.]), colorSpace='rgb', contrast=1.0, depth=0.0, draggable=False, flipHoriz=False, flipVert=False, font='Arial', fontFiles=[], height=0.055, italic=False, languageStyle='LTR', name='question_text', opacity=1, ori=0, pos=array([0. , 0.4]), rgb=UNKNOWN, text='', units='height', win=Window(...), wrapWidth=1.5)
154.0779 	EXP 	Created cue_image = ImageStim(__class__=<class 'psychopy.visual.image.ImageStim'>, anchor=('center', 'center'), autoLog=True, color=array([1., 1., 1.]), colorSpace='rgb', contrast=1.0, depth=-1.0, draggable=False, flipHoriz=np.False_, flipVert=np.False_, image='sin', interpolate=True, mask=None, maskParams=None, name='cue_image', opacity=1, ori=0.0, pos=array([0.  , 0.12]), size=array([0.25, 0.25]), texRes=512, units='height', win=Window(...))
154.0787 	EXP 	Created cue_label_stim = TextStim(__class__=<class 'psychopy.visual.text.TextStim'>, alignHoriz=method-wrapper(...), alignText='center', alignVert=method-wrapper(...), anchorHoriz='center', anchorVert='center', antialias=True, autoDraw=False, autoLog=True, bold=False, color=array([-1., -1., -1.]), colorSpace='rgb', contrast=1.0, depth=-2.0, draggable=False, flipHoriz=False, flipVert=False, font='Arial', fontFiles=[], height=0.042, italic=False, languageStyle='LTR', name='cue_label_stim', opacity=1, ori=0, pos=array([ 0.  , -0.02]), rgb=UNKNOWN, text='', units='height', win=Window(...), wrapWidth=0.5)
154.0798 	EXP 	Created left_image = ImageStim(__class__=<class 'psychopy.visual.image.ImageStim'>, anchor=('center', 'center'), autoLog=True, color=array([1., 1., 1.]), colorSpace='rgb', contrast=1.0, depth=-3.0, draggable=False, flipHoriz=np.False_, flipVert=np.False_, image='sin', interpolate=True, mask=None, maskParams=None, name='left_image', opacity=1, ori=0.0, pos=array([-0.22, -0.22]), size=array([0.22, 0.22]), texRes=512, units='height', win=Window(...))
154.0804 	EXP 	Created left_label_stim = TextStim(__class__=<class 'psychopy.visual.text.TextStim'>, alignHoriz=method-wrapper(...), alignText='center', alignVert=method-wrapper(...), anchorHoriz='center', anchorVert='center', antialias=True, autoDraw=False, autoLog=True, bold=False, color=array([-1., -1., -1.]), colorSpace='rgb', contrast=1.0, depth=-4.0, draggable=False, flipHoriz=False, flipVert=False, font='Arial', fontFiles=[], height=0.042, italic=False, languageStyle='LTR', name='left_label_stim', opacity=1, ori=0, pos=array([-0.22, -0.36]), rgb=UNKNOWN, text='', units='height', win=Window(...), wrapWidth=0.35)
154.0812 	EXP 	Created right_image = ImageStim(__class__=<class 'psychopy.visual.image.ImageStim'>, anchor=('center', 'center'), autoLog=True, color=array([1., 1., 1.]), colorSpace='rgb', contrast=1.0, depth=-5.0, draggable=False, flipHoriz=np.False_, flipVert=np.False_, image='sin', interpolate=True, mask=None, maskParams=None, name='right_image', opacity=1, ori=0.0, pos=array([ 0.22, -0.22]), size=array([0.22, 0.22]), texRes=512, units='height', win=Window(...))
154.0817 	EXP 	Created right_label_stim = TextStim(__class__=<class 'psychopy.visual.text.TextStim'>, alignHoriz=method-wrapper(...), alignText='center', alignVert=method-wrapper(...), anchorHoriz='center', anchorVert='center', antialias=True, autoDraw=False, autoLog=True, bold=False, color=array([-1., -1., -1.]), colorSpace='rgb', contrast=1.0, depth=-6.0, draggable=False, flipHoriz=False, flipVert=False, font='Arial', fontFiles=[], height=0.042, italic=False, languageStyle='LTR', name='right_label_stim', opacity=1, ori=0, pos=array([ 0.22, -0.36]), rgb=UNKNOWN, text='', units='height', win=Window(...), wrapWidth=0.35)
154.0829 	EXP 	Created fb_text_left = TextStim(__class__=<class 'psychopy.visual.text.TextStim'>, alignHoriz=method-wrapper(...), alignText='center', alignVert=method-wrapper(...), anchorHoriz='center', anchorVert='center', antialias=True, autoDraw=False, autoLog=True, bold=False, color=array([-1.        ,  0.00392157, -1.        ]), colorSpace='rgb', contrast=1.0, depth=0.0, draggable=False, flipHoriz=False, flipVert=False, font='Arial', fontFiles=[], height=0.046, italic=False, languageStyle='LTR', name='fb_text_left', opacity=1, ori=0, pos=array([-0.65,  0.02]), rgb=UNKNOWN, text='', units='height', win=Window(...), wrapWidth=0.25)
154.0831 	WARNING 	lineColorSpace parameter is deprecated. Please use colorSpace instead.
154.0863 	EXP 	Created fb_line_left = Line(__class__=<class 'psychopy.visual.line.Line'>, anchor=('center', 'center'), autoDraw=False, autoLog=True, closeShape=False, color=array([-1.        ,  0.00392157, -1.        ]), colorSpace='rgb', contrast=None, depth=0, draggable=False, fillColor=ndarray(...), fillColorSpace='rgb', fillRGB=ndarray(...), interpolate=True, lineColor=array([-1.        ,  0.00392157, -1.        ]), lineColorSpace='rgb', lineRGB=array([-1.        ,  0.00392157, -1.        ]), lineWidth=3.0, name='fb_line_left', opacity=1, ori=0.0, pos=array([0., 0.]), size=array([1., 1.]), units='height', vertices=array([[-0.52, -0.07],
       [-0.35, -0.17]]), win=Window(...), windingRule=None)
154.0864 	WARNING 	fillColorSpace parameter is deprecated. Please use colorSpace instead.
154.0865 	WARNING 	lineColorSpace parameter is deprecated. Please use colorSpace instead.
154.0873 	EXP 	Created fb_head_left = ShapeStim(__class__=<class 'psychopy.visual.shape.ShapeStim'>, anchor=('center', 'center'), autoDraw=False, autoLog=True, closeShape=True, color=method-wrapper(...), colorSpace='rgb', contrast=None, depth=-1.0, draggable=False, fillColor=array([-1.        ,  0.00392157, -1.        ]), fillColorSpace='rgb', fillRGB=array([-1.        ,  0.00392157, -1.        ]), interpolate=True, lineColor=array([-1.        ,  0.00392157, -1.        ]), lineColorSpace='rgb', lineRGB=array([-1.        ,  0.00392157, -1.        ]), lineWidth=1.5, name='fb_head_left', opacity=1, ori=0.0, pos=array([0., 0.]), size=array([1., 1.]), units='height', vertices=ndarray(...), win=Window(...), windingRule=None)
154.0879 	EXP 	Created fb_text_right = TextStim(__class__=<class 'psychopy.visual.text.TextStim'>, alignHoriz=method-wrapper(...), alignText='center', alignVert=method-wrapper(...), anchorHoriz='center', anchorVert='center', antialias=True, autoDraw=False, autoLog=True, bold=False, color=array([-1.        ,  0.00392157, -1.        ]), colorSpace='rgb', contrast=1.0, depth=0.0, draggable=False, flipHoriz=False, flipVert=False, font='Arial', fontFiles=[], height=0.046, italic=False, languageStyle='LTR', name='fb_text_right', opacity=1, ori=0, pos=array([0.65, 0.02]), rgb=UNKNOWN, text='', units='height', win=Window(...), wrapWidth=0.25)
154.0880 	WARNING 	lineColorSpace parameter is deprecated. Please use colorSpace instead.
154.0889 	EXP 	Created fb_line_right = Line(__class__=<class 'psychopy.visual.line.Line'>, anchor=('center', 'center'), autoDraw=False, autoLog=True, closeShape=False, color=array([-1.        ,  0.00392157, -1.        ]), colorSpace='rgb', contrast=None, depth=0, draggable=False, fillColor=ndarray(...), fillColorSpace='rgb', fillRGB=ndarray(...), interpolate=True, lineColor=array([-1.        ,  0.00392157, -1.        ]), lineColorSpace='rgb', lineRGB=array([-1.        ,  0.00392157, -1.        ]), lineWidth=3.0, name='fb_line_right', opacity=1, ori=0.0, pos=array([0., 0.]), size=array([1., 1.]), units='height', vertices=array([[ 0.52, -0.07],
       [ 0.35, -0.17]]), win=Window(...), windingRule=None)
154.0889 	WARNING 	fillColorSpace parameter is deprecated. Please use colorSpace instead.
154.0890 	WARNING 	lineColorSpace parameter is deprecated. Please use colorSpace instead.
154.0898 	EXP 	Created fb_head_right = ShapeStim(__class__=<class 'psychopy.visual.shape.ShapeStim'>, anchor=('center', 'center'), autoDraw=False, autoLog=True, closeShape=True, color=method-wrapper(...), colorSpace='rgb', contrast=None, depth=-1.0, draggable=False, fillColor=array([-1.        ,  0.00392157, -1.        ]), fillColorSpace='rgb', fillRGB=array([-1.        ,  0.00392157, -1.        ]), interpolate=True, lineColor=array([-1.        ,  0.00392157, -1.        ]), lineColorSpace='rgb', lineRGB=array([-1.        ,  0.00392157, -1.        ]), lineWidth=1.5, name='fb_head_right', opacity=1, ori=0.0, pos=array([0., 0.]), size=array([1., 1.]), units='height', vertices=ndarray(...), win=Window(...), windingRule=None)
154.1017 	EXP 	Created thankyou = TextStim(__class__=<class 'psychopy.visual.text.TextStim'>, alignHoriz=method-wrapper(...), alignText='center', alignVert=method-wrapper(...), anchorHoriz='center', anchorVert='center', antialias=True, autoDraw=False, autoLog=True, bold=False, color=array([1., 1., 1.]), colorSpace='rgb', contrast=1.0, depth=0.0, draggable=False, flipHoriz=False, flipVert=False, font='Arial', fontFiles=[], height=np.float64(0.06), italic=False, languageStyle='LTR', name='thankyou', opacity=1, ori=0, pos=array([0. , 0.1]), rgb=UNKNOWN, text=str(...), units='height', win=Window(...), wrapWidth=1)
154.1093 	EXP 	Created finalslide = TextStim(__class__=<class 'psychopy.visual.text.TextStim'>, alignHoriz=method-wrapper(...), alignText='center', alignVert=method-wrapper(...), anchorHoriz='center', anchorVert='center', antialias=True, autoDraw=False, autoLog=True, bold=False, color=array([1., 1., 1.]), colorSpace='rgb', contrast=1.0, depth=-1.0, draggable=False, flipHoriz=False, flipVert=False, font='Arial', fontFiles=[], height=np.float64(0.04), italic=False, languageStyle='LTR', name='finalslide', opacity=1, ori=0, pos=array([ 0. , -0.2]), rgb=UNKNOWN, text='Press any number to exit.', units='height', win=Window(...), wrapWidth=1)
154.1193 	EXP 	Created unnamed TextStim = TextStim(__class__=<class 'psychopy.visual.text.TextStim'>, alignHoriz=method-wrapper(...), alignText='center', alignVert=method-wrapper(...), anchorHoriz='center', anchorVert='center', antialias=True, autoDraw=False, autoLog=True, bold=True, color=array([1., 1., 1.]), colorSpace='rgb', contrast=1.0, depth=0.0, draggable=False, flipHoriz=False, flipVert=False, font='Arial', fontFiles=[], height=np.float64(0.06), italic=False, languageStyle='LTR', name='unnamed TextStim', opacity=1.0, ori=0.0, pos=array([0.  , 0.39]), rgb=UNKNOWN, text='Practice Trials + Instructions', units='height', win=Window(...), wrapWidth=1.5)
154.1389 	EXP 	Created unnamed TextStim = TextStim(__class__=<class 'psychopy.visual.text.TextStim'>, alignHoriz=method-wrapper(...), alignText='center', alignVert=method-wrapper(...), anchorHoriz='center', anchorVert='center', antialias=True, autoDraw=False, autoLog=True, bold=False, color=array([1., 1., 1.]), colorSpace='rgb', contrast=1.0, depth=-1.0, draggable=False, flipHoriz=False, flipVert=False, font='Arial', fontFiles=[], height=np.float64(0.036), italic=False, languageStyle='LTR', name='unnamed TextStim', opacity=1.0, ori=0.0, pos=array([0.  , 0.03]), rgb=UNKNOWN, text=str(...), units='height', win=Window(...), wrapWidth=1.5)
154.1499 	EXP 	Created unnamed TextStim = TextStim(__class__=<class 'psychopy.visual.text.TextStim'>, alignHoriz=method-wrapper(...), alignText='center', alignVert=method-wrapper(...), anchorHoriz='center', anchorVert='center', antialias=True, autoDraw=False, autoLog=True, bold=False, color=array([-0.286,  0.216,  0.671]), colorSpace='rgb', contrast=1.0, depth=-2.0, draggable=False, flipHoriz=False, flipVert=False, font='Arial', fontFiles=[], height=np.float64(0.032), italic=False, languageStyle='LTR', name='unnamed TextStim', opacity=1.0, ori=0.0, pos=array([ 0. , -0.4]), rgb=UNKNOWN, text='Blue background  =  path distance trials', units='height', win=Window(...), wrapWidth=1)
154.1545 	EXP 	Created unnamed TextStim = TextStim(__class__=<class 'psychopy.visual.text.TextStim'>, alignHoriz=method-wrapper(...), alignText='center', alignVert=method-wrapper(...), anchorHoriz='center', anchorVert='center', antialias=True, autoDraw=False, autoLog=True, bold=False, color=array([0.914, 0.506, 0.09 ]), colorSpace='rgb', contrast=1.0, depth=-3.0, draggable=False, flipHoriz=False, flipVert=False, font='Arial', fontFiles=[], height=np.float64(0.032), italic=False, languageStyle='LTR', name='unnamed TextStim', opacity=1.0, ori=0.0, pos=array([ 0.  , -0.44]), rgb=UNKNOWN, text=str(...), units='height', win=Window(...), wrapWidth=1)
154.1588 	EXP 	Created unnamed TextStim = TextStim(__class__=<class 'psychopy.visual.text.TextStim'>, alignHoriz=method-wrapper(...), alignText='center', alignVert=method-wrapper(...), anchorHoriz='center', anchorVert='center', antialias=True, autoDraw=False, autoLog=True, bold=False, color=array([0.4, 0.4, 0.4]), colorSpace='rgb', contrast=1.0, depth=-4.0, draggable=False, flipHoriz=False, flipVert=False, font='Arial', fontFiles=[], height=np.float64(0.030999999999999996), italic=False, languageStyle='LTR', name='unnamed TextStim', opacity=1.0, ori=0.0, pos=array([ 0.  , -0.47]), rgb=UNKNOWN, text='Press any number to continue.', units='height', win=Window(...), wrapWidth=1)
154.1669 	INFO 	Keyboard events cleared
154.1667 	EXP 	unnamed TextStim: autoDraw = True
154.1667 	EXP 	unnamed TextStim: autoDraw = True
154.1667 	EXP 	unnamed TextStim: autoDraw = True
154.1667 	EXP 	unnamed TextStim: autoDraw = True
154.1667 	EXP 	unnamed TextStim: autoDraw = True
161.8388 	DATA 	Mouse: Left button down, pos=(1744,583)
161.9368 	DATA 	Mouse:  Left button up, pos=(1744,583)
163.4542 	EXP 	Device response: <KeyPress from None: t=163.4441197999986, value=2, duration=None>
163.4608 	DATA 	Keypress: 2
163.4630 	INFO 	Keyboard events cleared
163.4630 	EXP 	unnamed TextStim: autoDraw = False
163.4630 	EXP 	unnamed TextStim: autoDraw = False
163.4630 	EXP 	unnamed TextStim: autoDraw = False
163.4630 	EXP 	unnamed TextStim: autoDraw = False
163.4630 	EXP 	unnamed TextStim: autoDraw = False
163.4630 	EXP 	maze_image: image = 'stimuli/prac_maze.png'
163.4630 	EXP 	maze_image: autoDraw = True
163.4630 	EXP 	maze_title_stim: autoDraw = True
163.5924 	EXP 	Device response: <KeyPress from None: t=163.4441197999986, value=2, duration=0.14257139997789636>
170.6983 	DATA 	Mouse: Left button down, pos=(1524,451)
170.7780 	DATA 	Mouse:  Left button up, pos=(1524,451)
170.9930 	EXP 	Device response: <KeyPress from None: t=170.98936879995745, value=3, duration=None>
170.9986 	DEBUG 	Read csv file with pandas: nav_task_practice_fruit.csv
170.9992 	DEBUG 	Clearing unnamed columns from nav_task_practice_fruit.csv
170.9996 	EXP 	Imported nav_task_practice_fruit.csv as conditions, 4 conditions, 9 params
170.9998 	EXP 	Created sequence: sequential, trialTypes=4, nReps=1, seed=None
171.0000 	EXP 	New trial (rep=0, index=0): OrderedDict([('cueImage', 'stimuli/prac_apple.png'), ('leftImage', 'stimuli/prac_orange.png'), ('rightImage', 'stimuli/prac_banana.png'), ('corrAns', 'right'), ('trial_type', 'route'), ('cueLabel', 'Apple'), ('leftLabel', 'Orange'), ('rightLabel', 'Banana'), ('corrLabel', 'Banana')])
171.0002 	DEPRECATION 	Clock.add() is deprecated in favor of .addTime() due to the counterintuitive design (it added time to the baseline, which reduced the values returned from getTime() )
171.0014 	DATA 	Keypress: 3
171.0036 	EXP 	maze_image: autoDraw = False
171.0036 	EXP 	maze_title_stim: autoDraw = False
171.0036 	EXP 	fixation: autoDraw = True
171.2349 	EXP 	Device response: <KeyPress from None: t=170.98936879995745, value=3, duration=0.24128190003102645>
172.0202 	INFO 	Keyboard events cleared
172.0201 	EXP 	fixation: autoDraw = False
172.0201 	EXP 	cue_image: image = 'stimuli/prac_apple.png'
172.0201 	EXP 	left_image: image = 'stimuli/prac_orange.png'
172.0201 	EXP 	right_image: image = 'stimuli/prac_banana.png'
172.0201 	EXP 	cue_label_stim: height = np.float64(0.042)
172.0201 	EXP 	cue_label_stim: height = np.float64(0.042)
172.0201 	EXP 	cue_label_stim: height = np.float64(0.042)
172.0201 	EXP 	cue_label_stim: text = 'Apple'
172.0201 	EXP 	left_label_stim: height = np.float64(0.042)
172.0201 	EXP 	left_label_stim: height = np.float64(0.042)
172.0201 	EXP 	left_label_stim: height = np.float64(0.042)
172.0201 	EXP 	left_label_stim: text = 'Orange'
172.0201 	EXP 	right_label_stim: height = np.float64(0.042)
172.0201 	EXP 	right_label_stim: height = np.float64(0.042)
172.0201 	EXP 	right_label_stim: height = np.float64(0.042)
172.0201 	EXP 	right_label_stim: text = 'Banana'
172.0201 	EXP 	question_text: height = np.float64(0.055)
172.0201 	EXP 	question_text: height = np.float64(0.055)
172.0201 	EXP 	question_text: height = np.float64(0.055)
172.0201 	EXP 	question_text: text = 'Which is the shortest path distance from the start?'
172.0201 	EXP 	question_text: autoDraw = True
172.0201 	EXP 	cue_image: autoDraw = True
172.0201 	EXP 	cue_label_stim: autoDraw = True
172.0201 	EXP 	left_image: autoDraw = True
172.0201 	EXP 	left_label_stim: autoDraw = True
172.0201 	EXP 	right_image: autoDraw = True
172.0201 	EXP 	right_label_stim: autoDraw = True
173.3354 	EXP 	Device response: <KeyPress from None: t=173.3319434999721, value=2, duration=None>
173.3410 	DEPRECATION 	Clock.add() is deprecated in favor of .addTime() due to the counterintuitive design (it added time to the baseline, which reduced the values returned from getTime() )
173.3435 	DATA 	Keypress: 2
173.3461 	EXP 	question_text: autoDraw = False
173.3461 	EXP 	cue_image: autoDraw = False
173.3461 	EXP 	cue_label_stim: autoDraw = False
173.3461 	EXP 	left_image: autoDraw = False
173.3461 	EXP 	left_label_stim: autoDraw = False
173.3461 	EXP 	right_image: autoDraw = False
173.3461 	EXP 	right_label_stim: autoDraw = False
173.3461 	EXP 	fb_text_right: height = np.float64(0.046)
173.3461 	EXP 	fb_text_right: height = np.float64(0.046)
173.3461 	EXP 	fb_text_right: height = np.float64(0.046)
173.3461 	EXP 	fb_text_right: text = 'Correct answer:\nBanana'
173.3461 	EXP 	question_text: autoDraw = True
173.3461 	EXP 	cue_image: autoDraw = True
173.3461 	EXP 	cue_label_stim: autoDraw = True
173.3461 	EXP 	left_image: autoDraw = True
173.3461 	EXP 	left_label_stim: autoDraw = True
173.3461 	EXP 	right_image: autoDraw = True
173.3461 	EXP 	right_label_stim: autoDraw = True
173.3461 	EXP 	fb_text_right: autoDraw = True
173.3461 	EXP 	fb_line_right: autoDraw = True
173.3461 	EXP 	fb_head_right: autoDraw = True
173.6106 	EXP 	Device response: <KeyPress from None: t=173.3319434999721, value=2, duration=0.27492629998596385>
175.3448 	EXP 	New trial (rep=0, index=1): OrderedDict([('cueImage', 'stimuli/prac_apple.png'), ('leftImage', 'stimuli/prac_orange.png'), ('rightImage', 'stimuli/prac_banana.png'), ('corrAns', 'right'), ('trial_type', 'line'), ('cueLabel', 'Apple'), ('leftLabel', 'Orange'), ('rightLabel', 'Banana'), ('corrLabel', 'Banana')])
175.3451 	DEPRECATION 	Clock.add() is deprecated in favor of .addTime() due to the counterintuitive design (it added time to the baseline, which reduced the values returned from getTime() )
175.3518 	EXP 	question_text: autoDraw = False
175.3518 	EXP 	cue_image: autoDraw = False
175.3518 	EXP 	cue_label_stim: autoDraw = False
175.3518 	EXP 	left_image: autoDraw = False
175.3518 	EXP 	left_label_stim: autoDraw = False
175.3518 	EXP 	right_image: autoDraw = False
175.3518 	EXP 	right_label_stim: autoDraw = False
175.3518 	EXP 	fb_text_right: autoDraw = False
175.3518 	EXP 	fb_line_right: autoDraw = False
175.3518 	EXP 	fb_head_right: autoDraw = False
175.3518 	EXP 	fixation: autoDraw = True
176.3609 	INFO 	Keyboard events cleared
176.3608 	EXP 	fixation: autoDraw = False
176.3608 	EXP 	cue_image: image = 'stimuli/prac_apple.png'
176.3608 	EXP 	left_image: image = 'stimuli/prac_orange.png'
176.3608 	EXP 	right_image: image = 'stimuli/prac_banana.png'
176.3608 	EXP 	cue_label_stim: text = 'Apple'
176.3608 	EXP 	left_label_stim: text = 'Orange'
176.3608 	EXP 	right_label_stim: text = 'Banana'
176.3608 	EXP 	question_text: height = np.float64(0.055)
176.3608 	EXP 	question_text: height = np.float64(0.055)
176.3608 	EXP 	question_text: height = np.float64(0.055)
176.3608 	EXP 	question_text: text = 'Which is the shortest straight-line distance from the start?'
176.3608 	EXP 	question_text: autoDraw = True
176.3608 	EXP 	cue_image: autoDraw = True
176.3608 	EXP 	cue_label_stim: autoDraw = True
176.3608 	EXP 	left_image: autoDraw = True
176.3608 	EXP 	left_label_stim: autoDraw = True
176.3608 	EXP 	right_image: autoDraw = True
176.3608 	EXP 	right_label_stim: autoDraw = True
186.3618 	DEPRECATION 	Clock.add() is deprecated in favor of .addTime() due to the counterintuitive design (it added time to the baseline, which reduced the values returned from getTime() )
186.3706 	EXP 	question_text: autoDraw = False
186.3706 	EXP 	cue_image: autoDraw = False
186.3706 	EXP 	cue_label_stim: autoDraw = False
186.3706 	EXP 	left_image: autoDraw = False
186.3706 	EXP 	left_label_stim: autoDraw = False
186.3706 	EXP 	right_image: autoDraw = False
186.3706 	EXP 	right_label_stim: autoDraw = False
186.3706 	EXP 	fb_text_right: text = 'Correct answer:\nBanana'
186.3706 	EXP 	question_text: autoDraw = True
186.3706 	EXP 	cue_image: autoDraw = True
186.3706 	EXP 	cue_label_stim: autoDraw = True
186.3706 	EXP 	left_image: autoDraw = True
186.3706 	EXP 	left_label_stim: autoDraw = True
186.3706 	EXP 	right_image: autoDraw = True
186.3706 	EXP 	right_label_stim: autoDraw = True
186.3706 	EXP 	fb_text_right: autoDraw = True
186.3706 	EXP 	fb_line_right: autoDraw = True
186.3706 	EXP 	fb_head_right: autoDraw = True
188.3629 	EXP 	New trial (rep=0, index=2): OrderedDict([('cueImage', 'stimuli/prac_apple.png'), ('leftImage', 'stimuli/prac_orange.png'), ('rightImage', 'stimuli/prac_grape.png'), ('corrAns', 'left'), ('trial_type', 'route'), ('cueLabel', 'Apple'), ('leftLabel', 'Orange'), ('rightLabel', 'Grape'), ('corrLabel', 'Orange')])
188.3703 	INFO 	Keyboard events cleared
188.3701 	EXP 	question_text: autoDraw = False
188.3701 	EXP 	cue_image: autoDraw = False
188.3701 	EXP 	cue_label_stim: autoDraw = False
188.3701 	EXP 	left_image: autoDraw = False
188.3701 	EXP 	left_label_stim: autoDraw = False
188.3701 	EXP 	right_image: autoDraw = False
188.3701 	EXP 	right_label_stim: autoDraw = False
188.3701 	EXP 	fb_text_right: autoDraw = False
188.3701 	EXP 	fb_line_right: autoDraw = False
188.3701 	EXP 	fb_head_right: autoDraw = False
188.3701 	EXP 	maze_image: image = 'stimuli/prac_maze.png'
188.3701 	EXP 	maze_image: autoDraw = True
188.3701 	EXP 	maze_title_stim: autoDraw = True
192.4311 	DATA 	Mouse: Left button down, pos=(1466,190)
192.5055 	DATA 	Mouse:  Left button up, pos=(1466,190)
193.1127 	EXP 	Device response: <KeyPress from None: t=193.10593849996803, value=2, duration=None>
193.1131 	DEPRECATION 	Clock.add() is deprecated in favor of .addTime() due to the counterintuitive design (it added time to the baseline, which reduced the values returned from getTime() )
193.1137 	DATA 	Keypress: 2
193.1207 	EXP 	maze_image: autoDraw = False
193.1207 	EXP 	maze_title_stim: autoDraw = False
193.1207 	EXP 	fixation: autoDraw = True
193.2208 	EXP 	Device response: <KeyPress from None: t=193.10593849996803, value=2, duration=0.10718530003214255>
194.1296 	INFO 	Keyboard events cleared
194.1295 	EXP 	fixation: autoDraw = False
194.1295 	EXP 	cue_image: image = 'stimuli/prac_apple.png'
194.1295 	EXP 	left_image: image = 'stimuli/prac_orange.png'
194.1295 	EXP 	right_image: image = 'stimuli/prac_grape.png'
194.1295 	EXP 	cue_label_stim: text = 'Apple'
194.1295 	EXP 	left_label_stim: text = 'Orange'
194.1295 	EXP 	right_label_stim: height = np.float64(0.042)
194.1295 	EXP 	right_label_stim: height = np.float64(0.042)
194.1295 	EXP 	right_label_stim: height = np.float64(0.042)
194.1295 	EXP 	right_label_stim: text = 'Grape'
194.1295 	EXP 	question_text: height = np.float64(0.055)
194.1295 	EXP 	question_text: height = np.float64(0.055)
194.1295 	EXP 	question_text: height = np.float64(0.055)
194.1295 	EXP 	question_text: text = 'Which is the shortest path distance from the start?'
194.1295 	EXP 	question_text: autoDraw = True
194.1295 	EXP 	cue_image: autoDraw = True
194.1295 	EXP 	cue_label_stim: autoDraw = True
194.1295 	EXP 	left_image: autoDraw = True
194.1295 	EXP 	left_label_stim: autoDraw = True
194.1295 	EXP 	right_image: autoDraw = True
194.1295 	EXP 	right_label_stim: autoDraw = True
195.4970 	DATA 	Mouse: Left button down, pos=(1085,471)
195.5973 	DATA 	Mouse:  Left button up, pos=(1085,471)
195.8970 	EXP 	Device response: <KeyPress from None: t=195.89316809998127, value=1, duration=None>
195.9005 	DEPRECATION 	Clock.add() is deprecated in favor of .addTime() due to the counterintuitive design (it added time to the baseline, which reduced the values returned from getTime() )
195.9033 	DATA 	Keypress: 1
195.9054 	EXP 	question_text: autoDraw = False
195.9054 	EXP 	cue_image: autoDraw = False
195.9054 	EXP 	cue_label_stim: autoDraw = False
195.9054 	EXP 	left_image: autoDraw = False
195.9054 	EXP 	left_label_stim: autoDraw = False
195.9054 	EXP 	right_image: autoDraw = False
195.9054 	EXP 	right_label_stim: autoDraw = False
195.9054 	EXP 	fb_text_left: height = np.float64(0.046)
195.9054 	EXP 	fb_text_left: height = np.float64(0.046)
195.9054 	EXP 	fb_text_left: height = np.float64(0.046)
195.9054 	EXP 	fb_text_left: text = 'Correct answer:\nOrange'
195.9054 	EXP 	question_text: autoDraw = True
195.9054 	EXP 	cue_image: autoDraw = True
195.9054 	EXP 	cue_label_stim: autoDraw = True
195.9054 	EXP 	left_image: autoDraw = True
195.9054 	EXP 	left_label_stim: autoDraw = True
195.9054 	EXP 	right_image: autoDraw = True
195.9054 	EXP 	right_label_stim: autoDraw = True
195.9054 	EXP 	fb_text_left: autoDraw = True
195.9054 	EXP 	fb_line_left: autoDraw = True
195.9054 	EXP 	fb_head_left: autoDraw = True
196.0134 	EXP 	Device response: <KeyPress from None: t=195.89316809998127, value=1, duration=0.11926800000946969>
196.6077 	DATA 	Mouse: Left button down, pos=(1086,469)
196.7240 	DATA 	Mouse:  Left button up, pos=(1086,467)
197.9052 	EXP 	New trial (rep=0, index=3): OrderedDict([('cueImage', 'stimuli/prac_apple.png'), ('leftImage', 'stimuli/prac_orange.png'), ('rightImage', 'stimuli/prac_grape.png'), ('corrAns', 'right'), ('trial_type', 'line'), ('cueLabel', 'Apple'), ('leftLabel', 'Orange'), ('rightLabel', 'Grape'), ('corrLabel', 'Grape')])
197.9055 	DEPRECATION 	Clock.add() is deprecated in favor of .addTime() due to the counterintuitive design (it added time to the baseline, which reduced the values returned from getTime() )
197.9128 	EXP 	question_text: autoDraw = False
197.9128 	EXP 	cue_image: autoDraw = False
197.9128 	EXP 	cue_label_stim: autoDraw = False
197.9128 	EXP 	left_image: autoDraw = False
197.9128 	EXP 	left_label_stim: autoDraw = False
197.9128 	EXP 	right_image: autoDraw = False
197.9128 	EXP 	right_label_stim: autoDraw = False
197.9128 	EXP 	fb_text_left: autoDraw = False
197.9128 	EXP 	fb_line_left: autoDraw = False
197.9128 	EXP 	fb_head_left: autoDraw = False
197.9128 	EXP 	fixation: autoDraw = True
198.9210 	INFO 	Keyboard events cleared
198.9210 	EXP 	fixation: autoDraw = False
198.9210 	EXP 	cue_image: image = 'stimuli/prac_apple.png'
198.9210 	EXP 	left_image: image = 'stimuli/prac_orange.png'
198.9210 	EXP 	right_image: image = 'stimuli/prac_grape.png'
198.9210 	EXP 	cue_label_stim: text = 'Apple'
198.9210 	EXP 	left_label_stim: text = 'Orange'
198.9210 	EXP 	right_label_stim: text = 'Grape'
198.9210 	EXP 	question_text: height = np.float64(0.055)
198.9210 	EXP 	question_text: height = np.float64(0.055)
198.9210 	EXP 	question_text: height = np.float64(0.055)
198.9210 	EXP 	question_text: text = 'Which is the shortest straight-line distance from the start?'
198.9210 	EXP 	question_text: autoDraw = True
198.9210 	EXP 	cue_image: autoDraw = True
198.9210 	EXP 	cue_label_stim: autoDraw = True
198.9210 	EXP 	left_image: autoDraw = True
198.9210 	EXP 	left_label_stim: autoDraw = True
198.9210 	EXP 	right_image: autoDraw = True
198.9210 	EXP 	right_label_stim: autoDraw = True
199.5055 	EXP 	Device response: <KeyPress from None: t=199.50416719994973, value=2, duration=None>
199.5086 	DEPRECATION 	Clock.add() is deprecated in favor of .addTime() due to the counterintuitive design (it added time to the baseline, which reduced the values returned from getTime() )
199.5097 	DATA 	Keypress: 2
199.5129 	EXP 	question_text: autoDraw = False
199.5129 	EXP 	cue_image: autoDraw = False
199.5129 	EXP 	cue_label_stim: autoDraw = False
199.5129 	EXP 	left_image: autoDraw = False
199.5129 	EXP 	left_label_stim: autoDraw = False
199.5129 	EXP 	right_image: autoDraw = False
199.5129 	EXP 	right_label_stim: autoDraw = False
199.5129 	EXP 	fb_text_right: height = np.float64(0.046)
199.5129 	EXP 	fb_text_right: height = np.float64(0.046)
199.5129 	EXP 	fb_text_right: height = np.float64(0.046)
199.5129 	EXP 	fb_text_right: text = 'Correct answer:\nGrape'
199.5129 	EXP 	question_text: autoDraw = True
199.5129 	EXP 	cue_image: autoDraw = True
199.5129 	EXP 	cue_label_stim: autoDraw = True
199.5129 	EXP 	left_image: autoDraw = True
199.5129 	EXP 	left_label_stim: autoDraw = True
199.5129 	EXP 	right_image: autoDraw = True
199.5129 	EXP 	right_label_stim: autoDraw = True
199.5129 	EXP 	fb_text_right: autoDraw = True
199.5129 	EXP 	fb_line_right: autoDraw = True
199.5129 	EXP 	fb_head_right: autoDraw = True
199.7734 	EXP 	Device response: <KeyPress from None: t=199.50416719994973, value=2, duration=0.2612941000261344>
201.5306 	EXP 	Created unnamed TextStim = TextStim(__class__=<class 'psychopy.visual.text.TextStim'>, alignHoriz=method-wrapper(...), alignText='center', alignVert=method-wrapper(...), anchorHoriz='center', anchorVert='center', antialias=True, autoDraw=False, autoLog=True, bold=False, color=array([1., 1., 1.]), colorSpace='rgb', contrast=1.0, depth=-1.0, draggable=False, flipHoriz=False, flipVert=False, font='Arial', fontFiles=[], height=np.float64(0.036), italic=False, languageStyle='LTR', name='unnamed TextStim', opacity=1.0, ori=0.0, pos=array([0.  , 0.12]), rgb=UNKNOWN, text=str(...), units='height', win=Window(...), wrapWidth=1.5)
201.5358 	EXP 	Created unnamed TextStim = TextStim(__class__=<class 'psychopy.visual.text.TextStim'>, alignHoriz=method-wrapper(...), alignText='center', alignVert=method-wrapper(...), anchorHoriz='center', anchorVert='center', antialias=True, autoDraw=False, autoLog=True, bold=False, color=array([0.4, 0.4, 0.4]), colorSpace='rgb', contrast=1.0, depth=-4.0, draggable=False, flipHoriz=False, flipVert=False, font='Arial', fontFiles=[], height=np.float64(0.030999999999999996), italic=False, languageStyle='LTR', name='unnamed TextStim', opacity=1.0, ori=0.0, pos=array([ 0.  , -0.47]), rgb=UNKNOWN, text='Press any number to continue.', units='height', win=Window(...), wrapWidth=1)
201.5373 	INFO 	Keyboard events cleared
201.5373 	EXP 	question_text: autoDraw = False
201.5373 	EXP 	cue_image: autoDraw = False
201.5373 	EXP 	cue_label_stim: autoDraw = False
201.5373 	EXP 	left_image: autoDraw = False
201.5373 	EXP 	left_label_stim: autoDraw = False
201.5373 	EXP 	right_image: autoDraw = False
201.5373 	EXP 	right_label_stim: autoDraw = False
201.5373 	EXP 	fb_text_right: autoDraw = False
201.5373 	EXP 	fb_line_right: autoDraw = False
201.5373 	EXP 	fb_head_right: autoDraw = False
201.5373 	EXP 	unnamed TextStim: autoDraw = True
201.5373 	EXP 	unnamed TextStim: autoDraw = True
204.1223 	EXP 	Device response: <KeyPress from None: t=204.116141699953, value=space, duration=None>
204.1230 	DATA 	Keypress: space
204.3565 	EXP 	Device response: <KeyPress from None: t=204.116141699953, value=space, duration=0.23401880002347752>
204.9141 	EXP 	Device response: <KeyPress from None: t=204.91092729999218, value=2, duration=None>
204.9393 	DATA 	Keypress: 2
204.9535 	INFO 	Keyboard events cleared
204.9534 	EXP 	unnamed TextStim: autoDraw = False
204.9534 	EXP 	unnamed TextStim: autoDraw = False
204.9534 	EXP 	env_label: height = np.float64(0.048)
204.9534 	EXP 	env_label: height = np.float64(0.048)
204.9534 	EXP 	env_label: height = np.float64(0.048)
204.9534 	EXP 	env_label: text = 'Environment: brick maze'
204.9534 	EXP 	env_maze_image: image = 'stimuli/brick_maze.png'
204.9534 	EXP 	env_label: autoDraw = True
204.9534 	EXP 	env_maze_image: autoDraw = True
204.9534 	EXP 	env_advance: autoDraw = True
205.1388 	EXP 	Device response: <KeyPress from None: t=204.91092729999218, value=2, duration=0.22330099996179342>
209.9399 	EXP 	Device response: <KeyPress from None: t=209.9342324999743, value=2, duration=None>
209.9435 	DEBUG 	Read csv file with pandas: nav_task_practice_brick.csv
209.9440 	DEBUG 	Clearing unnamed columns from nav_task_practice_brick.csv
209.9444 	EXP 	Imported nav_task_practice_brick.csv as conditions, 2 conditions, 9 params
209.9446 	EXP 	Created sequence: sequential, trialTypes=2, nReps=1, seed=None
209.9447 	EXP 	New trial (rep=0, index=0): OrderedDict([('cueImage', 'stimuli/brick_telescope.png'), ('leftImage', 'stimuli/brick_plant.png'), ('rightImage', 'stimuli/brick_well.png'), ('corrAns', 'left'), ('trial_type', 'route'), ('cueLabel', 'Telescope'), ('leftLabel', 'Plant'), ('rightLabel', 'Well'), ('corrLabel', 'Plant')])
209.9449 	DEPRECATION 	Clock.add() is deprecated in favor of .addTime() due to the counterintuitive design (it added time to the baseline, which reduced the values returned from getTime() )
209.9454 	DATA 	Keypress: 2
209.9473 	EXP 	env_label: autoDraw = False
209.9473 	EXP 	env_maze_image: autoDraw = False
209.9473 	EXP 	env_advance: autoDraw = False
209.9473 	EXP 	fixation: autoDraw = True
210.2240 	EXP 	Device response: <KeyPress from None: t=209.9342324999743, value=2, duration=0.2870249000261538>
210.9619 	INFO 	Keyboard events cleared
210.9619 	EXP 	fixation: autoDraw = False
210.9619 	EXP 	cue_image: image = 'stimuli/brick_telescope.png'
210.9619 	EXP 	left_image: image = 'stimuli/brick_plant.png'
210.9619 	EXP 	right_image: image = 'stimuli/brick_well.png'
210.9619 	EXP 	cue_label_stim: height = np.float64(0.042)
210.9619 	EXP 	cue_label_stim: height = np.float64(0.042)
210.9619 	EXP 	cue_label_stim: height = np.float64(0.042)
210.9619 	EXP 	cue_label_stim: text = 'Telescope'
210.9619 	EXP 	left_label_stim: height = np.float64(0.042)
210.9619 	EXP 	left_label_stim: height = np.float64(0.042)
210.9619 	EXP 	left_label_stim: height = np.float64(0.042)
210.9619 	EXP 	left_label_stim: text = 'Plant'
210.9619 	EXP 	right_label_stim: height = np.float64(0.042)
210.9619 	EXP 	right_label_stim: height = np.float64(0.042)
210.9619 	EXP 	right_label_stim: height = np.float64(0.042)
210.9619 	EXP 	right_label_stim: text = 'Well'
210.9619 	EXP 	question_text: height = np.float64(0.055)
210.9619 	EXP 	question_text: height = np.float64(0.055)
210.9619 	EXP 	question_text: height = np.float64(0.055)
210.9619 	EXP 	question_text: text = 'Which is the shortest path distance from the start?'
210.9619 	EXP 	question_text: autoDraw = True
210.9619 	EXP 	cue_image: autoDraw = True
210.9619 	EXP 	cue_label_stim: autoDraw = True
210.9619 	EXP 	left_image: autoDraw = True
210.9619 	EXP 	left_label_stim: autoDraw = True
210.9619 	EXP 	right_image: autoDraw = True
210.9619 	EXP 	right_label_stim: autoDraw = True
211.7395 	EXP 	Device response: <KeyPress from None: t=211.73878249997506, value=2, duration=None>
211.7445 	DEPRECATION 	Clock.add() is deprecated in favor of .addTime() due to the counterintuitive design (it added time to the baseline, which reduced the values returned from getTime() )
211.7453 	DATA 	Keypress: 2
211.7477 	EXP 	question_text: autoDraw = False
211.7477 	EXP 	cue_image: autoDraw = False
211.7477 	EXP 	cue_label_stim: autoDraw = False
211.7477 	EXP 	left_image: autoDraw = False
211.7477 	EXP 	left_label_stim: autoDraw = False
211.7477 	EXP 	right_image: autoDraw = False
211.7477 	EXP 	right_label_stim: autoDraw = False
211.7477 	EXP 	fb_text_left: height = np.float64(0.046)
211.7477 	EXP 	fb_text_left: height = np.float64(0.046)
211.7477 	EXP 	fb_text_left: height = np.float64(0.046)
211.7477 	EXP 	fb_text_left: text = 'Correct answer:\nPlant'
211.7477 	EXP 	question_text: autoDraw = True
211.7477 	EXP 	cue_image: autoDraw = True
211.7477 	EXP 	cue_label_stim: autoDraw = True
211.7477 	EXP 	left_image: autoDraw = True
211.7477 	EXP 	left_label_stim: autoDraw = True
211.7477 	EXP 	right_image: autoDraw = True
211.7477 	EXP 	right_label_stim: autoDraw = True
211.7477 	EXP 	fb_text_left: autoDraw = True
211.7477 	EXP 	fb_line_left: autoDraw = True
211.7477 	EXP 	fb_head_left: autoDraw = True
212.0062 	EXP 	Device response: <KeyPress from None: t=211.73878249997506, value=2, duration=0.2669517999747768>
213.7488 	EXP 	New trial (rep=0, index=1): OrderedDict([('cueImage', 'stimuli/brick_telescope.png'), ('leftImage', 'stimuli/brick_plant.png'), ('rightImage', 'stimuli/brick_well.png'), ('corrAns', 'left'), ('trial_type', 'line'), ('cueLabel', 'Telescope'), ('leftLabel', 'Plant'), ('rightLabel', 'Well'), ('corrLabel', 'Plant')])
213.7492 	DEPRECATION 	Clock.add() is deprecated in favor of .addTime() due to the counterintuitive design (it added time to the baseline, which reduced the values returned from getTime() )
213.7568 	EXP 	question_text: autoDraw = False
213.7568 	EXP 	cue_image: autoDraw = False
213.7568 	EXP 	cue_label_stim: autoDraw = False
213.7568 	EXP 	left_image: autoDraw = False
213.7568 	EXP 	left_label_stim: autoDraw = False
213.7568 	EXP 	right_image: autoDraw = False
213.7568 	EXP 	right_label_stim: autoDraw = False
213.7568 	EXP 	fb_text_left: autoDraw = False
213.7568 	EXP 	fb_line_left: autoDraw = False
213.7568 	EXP 	fb_head_left: autoDraw = False
213.7568 	EXP 	fixation: autoDraw = True
214.7661 	INFO 	Keyboard events cleared
214.7660 	EXP 	fixation: autoDraw = False
214.7660 	EXP 	cue_image: image = 'stimuli/brick_telescope.png'
214.7660 	EXP 	left_image: image = 'stimuli/brick_plant.png'
214.7660 	EXP 	right_image: image = 'stimuli/brick_well.png'
214.7660 	EXP 	cue_label_stim: text = 'Telescope'
214.7660 	EXP 	left_label_stim: text = 'Plant'
214.7660 	EXP 	right_label_stim: text = 'Well'
214.7660 	EXP 	question_text: height = np.float64(0.055)
214.7660 	EXP 	question_text: height = np.float64(0.055)
214.7660 	EXP 	question_text: height = np.float64(0.055)
214.7660 	EXP 	question_text: text = 'Which is the shortest straight-line distance from the start?'
214.7660 	EXP 	question_text: autoDraw = True
214.7660 	EXP 	cue_image: autoDraw = True
214.7660 	EXP 	cue_label_stim: autoDraw = True
214.7660 	EXP 	left_image: autoDraw = True
214.7660 	EXP 	left_label_stim: autoDraw = True
214.7660 	EXP 	right_image: autoDraw = True
214.7660 	EXP 	right_label_stim: autoDraw = True
215.2080 	DATA 	Keypress: 2
215.2153 	EXP 	Device response: <KeyPress from None: t=215.2068971999688, value=2, duration=None>
215.2155 	DEPRECATION 	Clock.add() is deprecated in favor of .addTime() due to the counterintuitive design (it added time to the baseline, which reduced the values returned from getTime() )
215.2230 	EXP 	question_text: autoDraw = False
215.2230 	EXP 	cue_image: autoDraw = False
215.2230 	EXP 	cue_label_stim: autoDraw = False
215.2230 	EXP 	left_image: autoDraw = False
215.2230 	EXP 	left_label_stim: autoDraw = False
215.2230 	EXP 	right_image: autoDraw = False
215.2230 	EXP 	right_label_stim: autoDraw = False
215.2230 	EXP 	fb_text_left: text = 'Correct answer:\nPlant'
215.2230 	EXP 	question_text: autoDraw = True
215.2230 	EXP 	cue_image: autoDraw = True
215.2230 	EXP 	cue_label_stim: autoDraw = True
215.2230 	EXP 	left_image: autoDraw = True
215.2230 	EXP 	left_label_stim: autoDraw = True
215.2230 	EXP 	right_image: autoDraw = True
215.2230 	EXP 	right_label_stim: autoDraw = True
215.2230 	EXP 	fb_text_left: autoDraw = True
215.2230 	EXP 	fb_line_left: autoDraw = True
215.2230 	EXP 	fb_head_left: autoDraw = True
215.5150 	EXP 	Device response: <KeyPress from None: t=215.2068971999688, value=2, duration=0.30670429999008775>
217.2285 	DEBUG 	Read csv file with pandas: nav_task_conditions_brick.csv
217.2291 	DEBUG 	Clearing unnamed columns from nav_task_conditions_brick.csv
217.2299 	EXP 	Imported nav_task_conditions_brick.csv as conditions, 24 conditions, 9 params
217.2302 	EXP 	Created sequence: random, trialTypes=24, nReps=1, seed=None
217.2303 	EXP 	New trial (rep=0, index=0): OrderedDict([('cueImage', 'stimuli/brick_piano.png'), ('leftImage', 'stimuli/brick_trashcan.png'), ('rightImage', 'stimuli/brick_mailbox.png'), ('corrAns', 'left'), ('trial_type', 'route'), ('cueLabel', 'Piano'), ('leftLabel', 'Trash Can'), ('rightLabel', 'Mailbox'), ('corrLabel', 'Trash Can')])
217.2305 	DEPRECATION 	Clock.add() is deprecated in favor of .addTime() due to the counterintuitive design (it added time to the baseline, which reduced the values returned from getTime() )
217.2325 	EXP 	question_text: autoDraw = False
217.2325 	EXP 	cue_image: autoDraw = False
217.2325 	EXP 	cue_label_stim: autoDraw = False
217.2325 	EXP 	left_image: autoDraw = False
217.2325 	EXP 	left_label_stim: autoDraw = False
217.2325 	EXP 	right_image: autoDraw = False
217.2325 	EXP 	right_label_stim: autoDraw = False
217.2325 	EXP 	fb_text_left: autoDraw = False
217.2325 	EXP 	fb_line_left: autoDraw = False
217.2325 	EXP 	fb_head_left: autoDraw = False
217.2325 	EXP 	fixation: autoDraw = True
218.2328 	ERROR 	Couldn't find image stimuli/brick_piano.png; check path? (tried: F:\Github\PaperFolding\stimuli\brick_piano.png)
218.3027 	DEBUG 	Saving data for GraphMaze_Navigation ExperimentHandler
218.3037 	INFO 	saved data to F:\Github\PaperFolding\data\123_GraphMaze_Navigation_2026-10-02_15h59.20.634.psydat
218.3043 	INFO 	saved data to 'F:\\Github\\PaperFolding\\data\\123_GraphMaze_Navigation_2026-10-02_15h59.20.634.csv'
218.3120 	INFO 	Stopping keyboard key buffers.
