6.6810 	INFO 	Loaded monitor calibration from ['2026_09_21 04:14']
6.6987 	WARNING 	User requested fullscreen with size [1440  900], but screen is actually [1920, 1080]. Using actual size
6.9320 	INFO 	Using renderer 'AMD Radeon RX 7900 XT' for graphics
6.9320 	INFO 	OpenGL version supported by driver is 4..
6.9987 	DEBUG 	TextBox2 loaded 1 chars with 0 blanks and 1 valid
7.0078 	DEBUG 	TextBox2 loaded 1 chars with 0 blanks and 1 valid
7.0170 	DEBUG 	TextBox2 loaded 1 chars with 0 blanks and 1 valid
7.0268 	DEBUG 	TextBox2 loaded 1 chars with 0 blanks and 1 valid
7.0362 	DEBUG 	TextBox2 loaded 1 chars with 0 blanks and 1 valid
7.0450 	DEBUG 	TextBox2 loaded 1 chars with 0 blanks and 1 valid
7.0539 	DEBUG 	TextBox2 loaded 1 chars with 0 blanks and 1 valid
7.0632 	DEBUG 	TextBox2 loaded 1 chars with 0 blanks and 1 valid
7.0714 	DEBUG 	TextBox2 loaded 1 chars with 0 blanks and 1 valid
7.0797 	DEBUG 	TextBox2 loaded 1 chars with 0 blanks and 1 valid
7.0890 	DEBUG 	TextBox2 loaded 1 chars with 0 blanks and 1 valid
7.0984 	DEBUG 	TextBox2 loaded 1 chars with 0 blanks and 1 valid
7.1081 	DEBUG 	TextBox2 loaded 1 chars with 0 blanks and 1 valid
7.1174 	DEBUG 	TextBox2 loaded 1 chars with 0 blanks and 1 valid
7.1262 	DEBUG 	TextBox2 loaded 1 chars with 0 blanks and 1 valid
7.1352 	DEBUG 	TextBox2 loaded 1 chars with 0 blanks and 1 valid
7.1444 	DEBUG 	TextBox2 loaded 1 chars with 0 blanks and 1 valid
7.1528 	DEBUG 	TextBox2 loaded 1 chars with 0 blanks and 1 valid
7.1613 	DEBUG 	TextBox2 loaded 1 chars with 0 blanks and 1 valid
7.1707 	DEBUG 	TextBox2 loaded 1 chars with 0 blanks and 1 valid
7.1791 	DEBUG 	TextBox2 loaded 1 chars with 0 blanks and 1 valid
7.1794 	DEBUG 	Uploading Texture Font fontname to graphics card
7.1808 	DEBUG 	Upload of Texture Font fontname complete
7.1993 	DEBUG 	TextBox2 loaded 1 chars with 0 blanks and 1 valid
7.2092 	DEBUG 	TextBox2 loaded 1 chars with 0 blanks and 1 valid
7.2188 	DEBUG 	TextBox2 loaded 1 chars with 0 blanks and 1 valid
7.2191 	DEBUG 	Uploading Texture Font fontname to graphics card
7.2199 	DEBUG 	Upload of Texture Font fontname complete
8.1976 	EXP 	Created window1 = Window(allowGUI=False, allowStencil=False, autoLog=True, backendConf=UNKNOWN, backgroundFit=<method-wrapper '__getattribute__' of attributeSetter object at 0x000002013601B430>, backgroundImage=<method-wrapper '__getattribute__' of attributeSetter object at 0x000002013601B100>, bitsMode=UNKNOWN, blendMode='avg', bpc=(8, 8, 8), color=array([0, 0, 0]), colorSpace='rgb', depthBits=8, fullscr=True, gamma=None, gammaErrorPolicy='raise', infoMsg=UNKNOWN, lms=UNKNOWN, monitor=<psychopy.monitors.calibTools.Monitor object at 0x00000201435CB160>, multiSample=False, name='window1', numSamples=2, pos=(0, 0), screen=0, size=array([1920, 1080]), stencilBits=0, stereo=False, title='PsychoPy', units='height', useFBO=True, useRetina=False, viewOri=0.0, viewPos=None, viewScale=None, waitBlanking=True, winType='pyglet')
8.1977 	EXP 	window1: backgroundImage = None
8.1977 	EXP 	window1: backgroundFit = 'cover'
8.1991 	EXP 	window1: Attempting to measure frame rate of screen (0) ...
8.1991 	EXP 	window1: recordFrameIntervals = False
8.2806 	EXP 	window1: recordFrameIntervals = True
9.1143 	EXP 	window1: recordFrameIntervals = False
9.1144 	EXP 	Screen (0) actual frame rate measured at 119.97Hz
9.5785 	INFO 	keyboard.Keyboard is using ptb backend.
9.6702 	EXP 	Created fixation = TextStim(__class__=<class 'psychopy.visual.text.TextStim'>, alignHoriz=method-wrapper(...), alignText='center', alignVert=method-wrapper(...), anchorHoriz='center', anchorVert='center', antialias=True, autoDraw=False, autoLog=True, bold=False, color=array([1., 1., 1.]), colorSpace='rgb', contrast=1.0, depth=0.0, draggable=False, flipHoriz=False, flipVert=False, font='Arial', fontFiles=[], height=np.float64(0.12), italic=False, languageStyle='LTR', name='fixation', opacity=1, ori=0, pos=array([0., 0.]), rgb=UNKNOWN, text='+', units='height', win=Window(...), wrapWidth=1)
9.6716 	EXP 	Created maze_image = ImageStim(__class__=<class 'psychopy.visual.image.ImageStim'>, anchor=('center', 'center'), autoLog=True, color=array([1., 1., 1.]), colorSpace='rgb', contrast=1.0, depth=0.0, draggable=False, flipHoriz=np.False_, flipVert=np.False_, image='sin', interpolate=True, mask=None, maskParams=None, name='maze_image', opacity=1, ori=0.0, pos=array([ 0.  , -0.03]), size=array([0.85, 0.85]), texRes=128.0, units='height', win=Window(...))
9.6765 	EXP 	Created maze_title_stim = TextStim(__class__=<class 'psychopy.visual.text.TextStim'>, alignHoriz=method-wrapper(...), alignText='center', alignVert=method-wrapper(...), anchorHoriz='center', anchorVert='center', antialias=True, autoDraw=False, autoLog=True, bold=False, color=array([1., 1., 1.]), colorSpace='rgb', contrast=1.0, depth=-1.0, draggable=False, flipHoriz=False, flipVert=False, font='Arial', fontFiles=[], height=np.float64(0.048), italic=False, languageStyle='LTR', name='maze_title_stim', opacity=1, ori=0, pos=array([-0.55,  0.43]), rgb=UNKNOWN, text='Example Practice Maze', units='height', win=Window(...), wrapWidth=1.4)
9.6770 	EXP 	Created env_label = TextStim(__class__=<class 'psychopy.visual.text.TextStim'>, alignHoriz=method-wrapper(...), alignText='center', alignVert=method-wrapper(...), anchorHoriz='center', anchorVert='center', antialias=True, autoDraw=False, autoLog=True, bold=False, color=array([1., 1., 1.]), colorSpace='rgb', contrast=1.0, depth=0.0, draggable=False, flipHoriz=False, flipVert=False, font='Arial', fontFiles=[], height=0.048, italic=False, languageStyle='LTR', name='env_label', opacity=1, ori=0, pos=array([-0.65,  0.43]), rgb=UNKNOWN, text='', units='height', win=Window(...), wrapWidth=1.4)
9.6818 	EXP 	Created env_advance = TextStim(__class__=<class 'psychopy.visual.text.TextStim'>, alignHoriz=method-wrapper(...), alignText='center', alignVert=method-wrapper(...), anchorHoriz='center', anchorVert='center', antialias=True, autoDraw=False, autoLog=True, bold=False, color=array([1., 1., 1.]), colorSpace='rgb', contrast=1.0, depth=-1.0, draggable=False, flipHoriz=False, flipVert=False, font='Arial', fontFiles=[], height=np.float64(0.038), italic=False, languageStyle='LTR', name='env_advance', opacity=1, ori=0, pos=array([ 0. , -0.4]), rgb=UNKNOWN, text='Press space to continue.', units='height', win=Window(...), wrapWidth=1)
9.6827 	EXP 	Created question_text = TextStim(__class__=<class 'psychopy.visual.text.TextStim'>, alignHoriz=method-wrapper(...), alignText='center', alignVert=method-wrapper(...), anchorHoriz='center', anchorVert='center', antialias=True, autoDraw=False, autoLog=True, bold=False, color=array([-1., -1., -1.]), colorSpace='rgb', contrast=1.0, depth=0.0, draggable=False, flipHoriz=False, flipVert=False, font='Arial', fontFiles=[], height=0.055, italic=False, languageStyle='LTR', name='question_text', opacity=1, ori=0, pos=array([0. , 0.4]), rgb=UNKNOWN, text='', units='height', win=Window(...), wrapWidth=1.5)
9.6837 	EXP 	Created cue_image = ImageStim(__class__=<class 'psychopy.visual.image.ImageStim'>, anchor=('center', 'center'), autoLog=True, color=array([1., 1., 1.]), colorSpace='rgb', contrast=1.0, depth=-1.0, draggable=False, flipHoriz=np.False_, flipVert=np.False_, image='sin', interpolate=True, mask=None, maskParams=None, name='cue_image', opacity=1, ori=0.0, pos=array([0.  , 0.12]), size=array([0.25, 0.25]), texRes=512, units='height', win=Window(...))
9.6842 	EXP 	Created cue_label_stim = TextStim(__class__=<class 'psychopy.visual.text.TextStim'>, alignHoriz=method-wrapper(...), alignText='center', alignVert=method-wrapper(...), anchorHoriz='center', anchorVert='center', antialias=True, autoDraw=False, autoLog=True, bold=False, color=array([-1., -1., -1.]), colorSpace='rgb', contrast=1.0, depth=-2.0, draggable=False, flipHoriz=False, flipVert=False, font='Arial', fontFiles=[], height=0.042, italic=False, languageStyle='LTR', name='cue_label_stim', opacity=1, ori=0, pos=array([ 0.  , -0.02]), rgb=UNKNOWN, text='', units='height', win=Window(...), wrapWidth=0.5)
9.6850 	EXP 	Created left_image = ImageStim(__class__=<class 'psychopy.visual.image.ImageStim'>, anchor=('center', 'center'), autoLog=True, color=array([1., 1., 1.]), colorSpace='rgb', contrast=1.0, depth=-3.0, draggable=False, flipHoriz=np.False_, flipVert=np.False_, image='sin', interpolate=True, mask=None, maskParams=None, name='left_image', opacity=1, ori=0.0, pos=array([-0.22, -0.22]), size=array([0.22, 0.22]), texRes=512, units='height', win=Window(...))
9.6855 	EXP 	Created left_label_stim = TextStim(__class__=<class 'psychopy.visual.text.TextStim'>, alignHoriz=method-wrapper(...), alignText='center', alignVert=method-wrapper(...), anchorHoriz='center', anchorVert='center', antialias=True, autoDraw=False, autoLog=True, bold=False, color=array([-1., -1., -1.]), colorSpace='rgb', contrast=1.0, depth=-4.0, draggable=False, flipHoriz=False, flipVert=False, font='Arial', fontFiles=[], height=0.042, italic=False, languageStyle='LTR', name='left_label_stim', opacity=1, ori=0, pos=array([-0.22, -0.36]), rgb=UNKNOWN, text='', units='height', win=Window(...), wrapWidth=0.35)
9.6862 	EXP 	Created right_image = ImageStim(__class__=<class 'psychopy.visual.image.ImageStim'>, anchor=('center', 'center'), autoLog=True, color=array([1., 1., 1.]), colorSpace='rgb', contrast=1.0, depth=-5.0, draggable=False, flipHoriz=np.False_, flipVert=np.False_, image='sin', interpolate=True, mask=None, maskParams=None, name='right_image', opacity=1, ori=0.0, pos=array([ 0.22, -0.22]), size=array([0.22, 0.22]), texRes=512, units='height', win=Window(...))
9.6867 	EXP 	Created right_label_stim = TextStim(__class__=<class 'psychopy.visual.text.TextStim'>, alignHoriz=method-wrapper(...), alignText='center', alignVert=method-wrapper(...), anchorHoriz='center', anchorVert='center', antialias=True, autoDraw=False, autoLog=True, bold=False, color=array([-1., -1., -1.]), colorSpace='rgb', contrast=1.0, depth=-6.0, draggable=False, flipHoriz=False, flipVert=False, font='Arial', fontFiles=[], height=0.042, italic=False, languageStyle='LTR', name='right_label_stim', opacity=1, ori=0, pos=array([ 0.22, -0.36]), rgb=UNKNOWN, text='', units='height', win=Window(...), wrapWidth=0.35)
9.6872 	EXP 	Created fb_text_left = TextStim(__class__=<class 'psychopy.visual.text.TextStim'>, alignHoriz=method-wrapper(...), alignText='center', alignVert=method-wrapper(...), anchorHoriz='center', anchorVert='center', antialias=True, autoDraw=False, autoLog=True, bold=False, color=array([-1.        ,  0.00392157, -1.        ]), colorSpace='rgb', contrast=1.0, depth=0.0, draggable=False, flipHoriz=False, flipVert=False, font='Arial', fontFiles=[], height=0.046, italic=False, languageStyle='LTR', name='fb_text_left', opacity=1, ori=0, pos=array([-0.65,  0.02]), rgb=UNKNOWN, text='', units='height', win=Window(...), wrapWidth=0.25)
9.6873 	WARNING 	lineColorSpace parameter is deprecated. Please use colorSpace instead.
9.6893 	EXP 	Created fb_line_left = Line(__class__=<class 'psychopy.visual.line.Line'>, anchor=('center', 'center'), autoDraw=False, autoLog=True, closeShape=False, color=array([-1.        ,  0.00392157, -1.        ]), colorSpace='rgb', contrast=None, depth=0, draggable=False, fillColor=ndarray(...), fillColorSpace='rgb', fillRGB=ndarray(...), interpolate=True, lineColor=array([-1.        ,  0.00392157, -1.        ]), lineColorSpace='rgb', lineRGB=array([-1.        ,  0.00392157, -1.        ]), lineWidth=3.0, name='fb_line_left', opacity=1, ori=0.0, pos=array([0., 0.]), size=array([1., 1.]), units='height', vertices=array([[-0.52, -0.07],
       [-0.35, -0.17]]), win=Window(...), windingRule=None)
9.6894 	WARNING 	fillColorSpace parameter is deprecated. Please use colorSpace instead.
9.6895 	WARNING 	lineColorSpace parameter is deprecated. Please use colorSpace instead.
9.6904 	EXP 	Created fb_head_left = ShapeStim(__class__=<class 'psychopy.visual.shape.ShapeStim'>, anchor=('center', 'center'), autoDraw=False, autoLog=True, closeShape=True, color=method-wrapper(...), colorSpace='rgb', contrast=None, depth=-1.0, draggable=False, fillColor=array([-1.        ,  0.00392157, -1.        ]), fillColorSpace='rgb', fillRGB=array([-1.        ,  0.00392157, -1.        ]), interpolate=True, lineColor=array([-1.        ,  0.00392157, -1.        ]), lineColorSpace='rgb', lineRGB=array([-1.        ,  0.00392157, -1.        ]), lineWidth=1.5, name='fb_head_left', opacity=1, ori=0.0, pos=array([0., 0.]), size=array([1., 1.]), units='height', vertices=ndarray(...), win=Window(...), windingRule=None)
9.6909 	EXP 	Created fb_text_right = TextStim(__class__=<class 'psychopy.visual.text.TextStim'>, alignHoriz=method-wrapper(...), alignText='center', alignVert=method-wrapper(...), anchorHoriz='center', anchorVert='center', antialias=True, autoDraw=False, autoLog=True, bold=False, color=array([-1.        ,  0.00392157, -1.        ]), colorSpace='rgb', contrast=1.0, depth=0.0, draggable=False, flipHoriz=False, flipVert=False, font='Arial', fontFiles=[], height=0.046, italic=False, languageStyle='LTR', name='fb_text_right', opacity=1, ori=0, pos=array([0.65, 0.02]), rgb=UNKNOWN, text='', units='height', win=Window(...), wrapWidth=0.25)
9.6910 	WARNING 	lineColorSpace parameter is deprecated. Please use colorSpace instead.
9.6918 	EXP 	Created fb_line_right = Line(__class__=<class 'psychopy.visual.line.Line'>, anchor=('center', 'center'), autoDraw=False, autoLog=True, closeShape=False, color=array([-1.        ,  0.00392157, -1.        ]), colorSpace='rgb', contrast=None, depth=0, draggable=False, fillColor=ndarray(...), fillColorSpace='rgb', fillRGB=ndarray(...), interpolate=True, lineColor=array([-1.        ,  0.00392157, -1.        ]), lineColorSpace='rgb', lineRGB=array([-1.        ,  0.00392157, -1.        ]), lineWidth=3.0, name='fb_line_right', opacity=1, ori=0.0, pos=array([0., 0.]), size=array([1., 1.]), units='height', vertices=array([[ 0.52, -0.07],
       [ 0.35, -0.17]]), win=Window(...), windingRule=None)
9.6919 	WARNING 	fillColorSpace parameter is deprecated. Please use colorSpace instead.
9.6922 	WARNING 	lineColorSpace parameter is deprecated. Please use colorSpace instead.
9.6931 	EXP 	Created fb_head_right = ShapeStim(__class__=<class 'psychopy.visual.shape.ShapeStim'>, anchor=('center', 'center'), autoDraw=False, autoLog=True, closeShape=True, color=method-wrapper(...), colorSpace='rgb', contrast=None, depth=-1.0, draggable=False, fillColor=array([-1.        ,  0.00392157, -1.        ]), fillColorSpace='rgb', fillRGB=array([-1.        ,  0.00392157, -1.        ]), interpolate=True, lineColor=array([-1.        ,  0.00392157, -1.        ]), lineColorSpace='rgb', lineRGB=array([-1.        ,  0.00392157, -1.        ]), lineWidth=1.5, name='fb_head_right', opacity=1, ori=0.0, pos=array([0., 0.]), size=array([1., 1.]), units='height', vertices=ndarray(...), win=Window(...), windingRule=None)
9.7018 	EXP 	Created thankyou = TextStim(__class__=<class 'psychopy.visual.text.TextStim'>, alignHoriz=method-wrapper(...), alignText='center', alignVert=method-wrapper(...), anchorHoriz='center', anchorVert='center', antialias=True, autoDraw=False, autoLog=True, bold=False, color=array([1., 1., 1.]), colorSpace='rgb', contrast=1.0, depth=0.0, draggable=False, flipHoriz=False, flipVert=False, font='Arial', fontFiles=[], height=np.float64(0.06), italic=False, languageStyle='LTR', name='thankyou', opacity=1, ori=0, pos=array([0. , 0.1]), rgb=UNKNOWN, text=str(...), units='height', win=Window(...), wrapWidth=1)
9.7057 	EXP 	Created finalslide = TextStim(__class__=<class 'psychopy.visual.text.TextStim'>, alignHoriz=method-wrapper(...), alignText='center', alignVert=method-wrapper(...), anchorHoriz='center', anchorVert='center', antialias=True, autoDraw=False, autoLog=True, bold=False, color=array([1., 1., 1.]), colorSpace='rgb', contrast=1.0, depth=-1.0, draggable=False, flipHoriz=False, flipVert=False, font='Arial', fontFiles=[], height=np.float64(0.04), italic=False, languageStyle='LTR', name='finalslide', opacity=1, ori=0, pos=array([ 0. , -0.2]), rgb=UNKNOWN, text='Press the space bar to exit.', units='height', win=Window(...), wrapWidth=1)
9.7121 	EXP 	Created unnamed TextStim = TextStim(__class__=<class 'psychopy.visual.text.TextStim'>, alignHoriz=method-wrapper(...), alignText='center', alignVert=method-wrapper(...), anchorHoriz='center', anchorVert='center', antialias=True, autoDraw=False, autoLog=True, bold=True, color=array([1., 1., 1.]), colorSpace='rgb', contrast=1.0, depth=0.0, draggable=False, flipHoriz=False, flipVert=False, font='Arial', fontFiles=[], height=np.float64(0.06), italic=False, languageStyle='LTR', name='unnamed TextStim', opacity=1.0, ori=0.0, pos=array([0.  , 0.39]), rgb=UNKNOWN, text='Practice Trials + Instructions', units='height', win=Window(...), wrapWidth=1.5)
9.7297 	EXP 	Created unnamed TextStim = TextStim(__class__=<class 'psychopy.visual.text.TextStim'>, alignHoriz=method-wrapper(...), alignText='center', alignVert=method-wrapper(...), anchorHoriz='center', anchorVert='center', antialias=True, autoDraw=False, autoLog=True, bold=False, color=array([1., 1., 1.]), colorSpace='rgb', contrast=1.0, depth=-1.0, draggable=False, flipHoriz=False, flipVert=False, font='Arial', fontFiles=[], height=np.float64(0.036), italic=False, languageStyle='LTR', name='unnamed TextStim', opacity=1.0, ori=0.0, pos=array([0.  , 0.03]), rgb=UNKNOWN, text=str(...), units='height', win=Window(...), wrapWidth=1.5)
9.7350 	EXP 	Created unnamed TextStim = TextStim(__class__=<class 'psychopy.visual.text.TextStim'>, alignHoriz=method-wrapper(...), alignText='center', alignVert=method-wrapper(...), anchorHoriz='center', anchorVert='center', antialias=True, autoDraw=False, autoLog=True, bold=False, color=array([-0.286,  0.216,  0.671]), colorSpace='rgb', contrast=1.0, depth=-2.0, draggable=False, flipHoriz=False, flipVert=False, font='Arial', fontFiles=[], height=np.float64(0.032), italic=False, languageStyle='LTR', name='unnamed TextStim', opacity=1.0, ori=0.0, pos=array([-0.17, -0.4 ]), rgb=UNKNOWN, text='Blue background  =  path distance trials', units='height', win=Window(...), wrapWidth=1)
9.7372 	EXP 	Created unnamed TextStim = TextStim(__class__=<class 'psychopy.visual.text.TextStim'>, alignHoriz=method-wrapper(...), alignText='center', alignVert=method-wrapper(...), anchorHoriz='center', anchorVert='center', antialias=True, autoDraw=False, autoLog=True, bold=False, color=array([0.914, 0.506, 0.09 ]), colorSpace='rgb', contrast=1.0, depth=-3.0, draggable=False, flipHoriz=False, flipVert=False, font='Arial', fontFiles=[], height=np.float64(0.032), italic=False, languageStyle='LTR', name='unnamed TextStim', opacity=1.0, ori=0.0, pos=array([ 0.07, -0.44]), rgb=UNKNOWN, text=str(...), units='height', win=Window(...), wrapWidth=1)
9.7397 	EXP 	Created unnamed TextStim = TextStim(__class__=<class 'psychopy.visual.text.TextStim'>, alignHoriz=method-wrapper(...), alignText='center', alignVert=method-wrapper(...), anchorHoriz='center', anchorVert='center', antialias=True, autoDraw=False, autoLog=True, bold=False, color=array([0.4, 0.4, 0.4]), colorSpace='rgb', contrast=1.0, depth=-4.0, draggable=False, flipHoriz=False, flipVert=False, font='Arial', fontFiles=[], height=np.float64(0.030999999999999996), italic=False, languageStyle='LTR', name='unnamed TextStim', opacity=1.0, ori=0.0, pos=array([ 0.  , -0.47]), rgb=UNKNOWN, text='Press space to continue.', units='height', win=Window(...), wrapWidth=1)
9.7442 	INFO 	Keyboard events cleared
9.7441 	EXP 	unnamed TextStim: autoDraw = True
9.7441 	EXP 	unnamed TextStim: autoDraw = True
9.7441 	EXP 	unnamed TextStim: autoDraw = True
9.7441 	EXP 	unnamed TextStim: autoDraw = True
9.7441 	EXP 	unnamed TextStim: autoDraw = True
10.6986 	DATA 	Mouse: Left button down, pos=(841,676)
10.7820 	DATA 	Mouse:  Left button up, pos=(841,676)
11.5584 	EXP 	Device response: <KeyPress from None: t=11.550010199993267, value=space, duration=None>
11.5621 	DATA 	Keypress: space
11.5640 	INFO 	Keyboard events cleared
11.5639 	EXP 	unnamed TextStim: autoDraw = False
11.5639 	EXP 	unnamed TextStim: autoDraw = False
11.5639 	EXP 	unnamed TextStim: autoDraw = False
11.5639 	EXP 	unnamed TextStim: autoDraw = False
11.5639 	EXP 	unnamed TextStim: autoDraw = False
11.5639 	EXP 	maze_image: image = 'stimuli/prac_maze.png'
11.5639 	EXP 	maze_image: autoDraw = True
11.5639 	EXP 	maze_title_stim: autoDraw = True
11.7477 	EXP 	Device response: <KeyPress from None: t=11.550010199993267, value=space, duration=0.1908936999971047>
12.1814 	EXP 	Device response: <KeyPress from None: t=12.176868900001864, value=space, duration=None>
12.1991 	DEBUG 	Read csv file with pandas: nav_task_practice_fruit.csv
12.2062 	DEBUG 	Clearing unnamed columns from nav_task_practice_fruit.csv
12.2076 	EXP 	Imported nav_task_practice_fruit.csv as conditions, 4 conditions, 9 params
12.2079 	EXP 	Created sequence: sequential, trialTypes=4, nReps=1, seed=None
12.2080 	EXP 	New trial (rep=0, index=0): OrderedDict([('cueImage', 'stimuli/prac_apple.png'), ('leftImage', 'stimuli/prac_orange.png'), ('rightImage', 'stimuli/prac_banana.png'), ('corrAns', 'right'), ('trial_type', 'route'), ('cueLabel', 'Apple'), ('leftLabel', 'Orange'), ('rightLabel', 'Banana'), ('corrLabel', 'Banana')])
12.2082 	DEPRECATION 	Clock.add() is deprecated in favor of .addTime() due to the counterintuitive design (it added time to the baseline, which reduced the values returned from getTime() )
12.2093 	DATA 	Keypress: space
12.2108 	EXP 	maze_image: autoDraw = False
12.2108 	EXP 	maze_title_stim: autoDraw = False
12.2108 	EXP 	fixation: autoDraw = True
12.3894 	EXP 	Device response: <KeyPress from None: t=12.176868900001864, value=space, duration=0.20774949999758974>
13.2947 	INFO 	Keyboard events cleared
13.2946 	EXP 	fixation: autoDraw = False
13.2946 	EXP 	cue_image: image = 'stimuli/prac_apple.png'
13.2946 	EXP 	left_image: image = 'stimuli/prac_orange.png'
13.2946 	EXP 	right_image: image = 'stimuli/prac_banana.png'
13.2946 	EXP 	cue_label_stim: height = np.float64(0.042)
13.2946 	EXP 	cue_label_stim: height = np.float64(0.042)
13.2946 	EXP 	cue_label_stim: height = np.float64(0.042)
13.2946 	EXP 	cue_label_stim: text = 'Apple'
13.2946 	EXP 	left_label_stim: height = np.float64(0.042)
13.2946 	EXP 	left_label_stim: height = np.float64(0.042)
13.2946 	EXP 	left_label_stim: height = np.float64(0.042)
13.2946 	EXP 	left_label_stim: text = 'Orange'
13.2946 	EXP 	right_label_stim: height = np.float64(0.042)
13.2946 	EXP 	right_label_stim: height = np.float64(0.042)
13.2946 	EXP 	right_label_stim: height = np.float64(0.042)
13.2946 	EXP 	right_label_stim: text = 'Banana'
13.2946 	EXP 	question_text: height = np.float64(0.055)
13.2946 	EXP 	question_text: height = np.float64(0.055)
13.2946 	EXP 	question_text: height = np.float64(0.055)
13.2946 	EXP 	question_text: text = 'Which is the shortest path distance from the start?'
13.2946 	EXP 	question_text: autoDraw = True
13.2946 	EXP 	cue_image: autoDraw = True
13.2946 	EXP 	cue_label_stim: autoDraw = True
13.2946 	EXP 	left_image: autoDraw = True
13.2946 	EXP 	left_label_stim: autoDraw = True
13.2946 	EXP 	right_image: autoDraw = True
13.2946 	EXP 	right_label_stim: autoDraw = True
17.1072 	DATA 	Keypress: left
17.1151 	EXP 	Device response: <KeyPress from None: t=17.10693789999641, value=left, duration=None>
17.1244 	DEPRECATION 	Clock.add() is deprecated in favor of .addTime() due to the counterintuitive design (it added time to the baseline, which reduced the values returned from getTime() )
17.2613 	EXP 	question_text: autoDraw = False
17.2613 	EXP 	cue_image: autoDraw = False
17.2613 	EXP 	cue_label_stim: autoDraw = False
17.2613 	EXP 	left_image: autoDraw = False
17.2613 	EXP 	left_label_stim: autoDraw = False
17.2613 	EXP 	right_image: autoDraw = False
17.2613 	EXP 	right_label_stim: autoDraw = False
17.2613 	EXP 	fb_text_right: height = np.float64(0.046)
17.2613 	EXP 	fb_text_right: height = np.float64(0.046)
17.2613 	EXP 	fb_text_right: height = np.float64(0.046)
17.2613 	EXP 	fb_text_right: text = 'Correct answer:\nBanana'
17.2613 	EXP 	question_text: autoDraw = True
17.2613 	EXP 	cue_image: autoDraw = True
17.2613 	EXP 	cue_label_stim: autoDraw = True
17.2613 	EXP 	left_image: autoDraw = True
17.2613 	EXP 	left_label_stim: autoDraw = True
17.2613 	EXP 	right_image: autoDraw = True
17.2613 	EXP 	right_label_stim: autoDraw = True
17.2613 	EXP 	fb_text_right: autoDraw = True
17.2613 	EXP 	fb_line_right: autoDraw = True
17.2613 	EXP 	fb_head_right: autoDraw = True
17.2987 	EXP 	Device response: <KeyPress from None: t=17.10693789999641, value=left, duration=0.19076959999802057>
19.1326 	EXP 	New trial (rep=0, index=1): OrderedDict([('cueImage', 'stimuli/prac_apple.png'), ('leftImage', 'stimuli/prac_orange.png'), ('rightImage', 'stimuli/prac_banana.png'), ('corrAns', 'right'), ('trial_type', 'line'), ('cueLabel', 'Apple'), ('leftLabel', 'Orange'), ('rightLabel', 'Banana'), ('corrLabel', 'Banana')])
19.1328 	DEPRECATION 	Clock.add() is deprecated in favor of .addTime() due to the counterintuitive design (it added time to the baseline, which reduced the values returned from getTime() )
19.1401 	EXP 	question_text: autoDraw = False
19.1401 	EXP 	cue_image: autoDraw = False
19.1401 	EXP 	cue_label_stim: autoDraw = False
19.1401 	EXP 	left_image: autoDraw = False
19.1401 	EXP 	left_label_stim: autoDraw = False
19.1401 	EXP 	right_image: autoDraw = False
19.1401 	EXP 	right_label_stim: autoDraw = False
19.1401 	EXP 	fb_text_right: autoDraw = False
19.1401 	EXP 	fb_line_right: autoDraw = False
19.1401 	EXP 	fb_head_right: autoDraw = False
19.1401 	EXP 	fixation: autoDraw = True
20.1483 	INFO 	Keyboard events cleared
20.1483 	EXP 	fixation: autoDraw = False
20.1483 	EXP 	cue_image: image = 'stimuli/prac_apple.png'
20.1483 	EXP 	left_image: image = 'stimuli/prac_orange.png'
20.1483 	EXP 	right_image: image = 'stimuli/prac_banana.png'
20.1483 	EXP 	cue_label_stim: text = 'Apple'
20.1483 	EXP 	left_label_stim: text = 'Orange'
20.1483 	EXP 	right_label_stim: text = 'Banana'
20.1483 	EXP 	question_text: height = np.float64(0.055)
20.1483 	EXP 	question_text: height = np.float64(0.055)
20.1483 	EXP 	question_text: height = np.float64(0.055)
20.1483 	EXP 	question_text: text = 'Which is the shortest straight-line distance from the start?'
20.1483 	EXP 	question_text: autoDraw = True
20.1483 	EXP 	cue_image: autoDraw = True
20.1483 	EXP 	cue_label_stim: autoDraw = True
20.1483 	EXP 	left_image: autoDraw = True
20.1483 	EXP 	left_label_stim: autoDraw = True
20.1483 	EXP 	right_image: autoDraw = True
20.1483 	EXP 	right_label_stim: autoDraw = True
21.6071 	EXP 	Device response: <KeyPress from None: t=21.602742399991257, value=left, duration=None>
21.6072 	DEPRECATION 	Clock.add() is deprecated in favor of .addTime() due to the counterintuitive design (it added time to the baseline, which reduced the values returned from getTime() )
21.6081 	DATA 	Keypress: left
21.6155 	EXP 	question_text: autoDraw = False
21.6155 	EXP 	cue_image: autoDraw = False
21.6155 	EXP 	cue_label_stim: autoDraw = False
21.6155 	EXP 	left_image: autoDraw = False
21.6155 	EXP 	left_label_stim: autoDraw = False
21.6155 	EXP 	right_image: autoDraw = False
21.6155 	EXP 	right_label_stim: autoDraw = False
21.6155 	EXP 	fb_text_right: text = 'Correct answer:\nBanana'
21.6155 	EXP 	question_text: autoDraw = True
21.6155 	EXP 	cue_image: autoDraw = True
21.6155 	EXP 	cue_label_stim: autoDraw = True
21.6155 	EXP 	left_image: autoDraw = True
21.6155 	EXP 	left_label_stim: autoDraw = True
21.6155 	EXP 	right_image: autoDraw = True
21.6155 	EXP 	right_label_stim: autoDraw = True
21.6155 	EXP 	fb_text_right: autoDraw = True
21.6155 	EXP 	fb_line_right: autoDraw = True
21.6155 	EXP 	fb_head_right: autoDraw = True
21.8323 	EXP 	Device response: <KeyPress from None: t=21.602742399991257, value=left, duration=0.22410950000630692>
23.6079 	EXP 	New trial (rep=0, index=2): OrderedDict([('cueImage', 'stimuli/prac_apple.png'), ('leftImage', 'stimuli/prac_orange.png'), ('rightImage', 'stimuli/prac_grape.png'), ('corrAns', 'left'), ('trial_type', 'route'), ('cueLabel', 'Apple'), ('leftLabel', 'Orange'), ('rightLabel', 'Grape'), ('corrLabel', 'Orange')])
23.6156 	INFO 	Keyboard events cleared
23.6155 	EXP 	question_text: autoDraw = False
23.6155 	EXP 	cue_image: autoDraw = False
23.6155 	EXP 	cue_label_stim: autoDraw = False
23.6155 	EXP 	left_image: autoDraw = False
23.6155 	EXP 	left_label_stim: autoDraw = False
23.6155 	EXP 	right_image: autoDraw = False
23.6155 	EXP 	right_label_stim: autoDraw = False
23.6155 	EXP 	fb_text_right: autoDraw = False
23.6155 	EXP 	fb_line_right: autoDraw = False
23.6155 	EXP 	fb_head_right: autoDraw = False
23.6155 	EXP 	maze_image: image = 'stimuli/prac_maze.png'
23.6155 	EXP 	maze_image: autoDraw = True
23.6155 	EXP 	maze_title_stim: autoDraw = True
27.2998 	EXP 	Device response: <KeyPress from None: t=27.293057499991846, value=space, duration=None>
27.3001 	DEPRECATION 	Clock.add() is deprecated in favor of .addTime() due to the counterintuitive design (it added time to the baseline, which reduced the values returned from getTime() )
27.3005 	DATA 	Keypress: space
27.3078 	EXP 	maze_image: autoDraw = False
27.3078 	EXP 	maze_title_stim: autoDraw = False
27.3078 	EXP 	fixation: autoDraw = True
27.5247 	EXP 	Device response: <KeyPress from None: t=27.293057499991846, value=space, duration=0.22480779999750666>
28.3528 	INFO 	Keyboard events cleared
28.3527 	EXP 	fixation: autoDraw = False
28.3527 	EXP 	cue_image: image = 'stimuli/prac_apple.png'
28.3527 	EXP 	left_image: image = 'stimuli/prac_orange.png'
28.3527 	EXP 	right_image: image = 'stimuli/prac_grape.png'
28.3527 	EXP 	cue_label_stim: text = 'Apple'
28.3527 	EXP 	left_label_stim: text = 'Orange'
28.3527 	EXP 	right_label_stim: height = np.float64(0.042)
28.3527 	EXP 	right_label_stim: height = np.float64(0.042)
28.3527 	EXP 	right_label_stim: height = np.float64(0.042)
28.3527 	EXP 	right_label_stim: text = 'Grape'
28.3527 	EXP 	question_text: height = np.float64(0.055)
28.3527 	EXP 	question_text: height = np.float64(0.055)
28.3527 	EXP 	question_text: height = np.float64(0.055)
28.3527 	EXP 	question_text: text = 'Which is the shortest path distance from the start?'
28.3527 	EXP 	question_text: autoDraw = True
28.3527 	EXP 	cue_image: autoDraw = True
28.3527 	EXP 	cue_label_stim: autoDraw = True
28.3527 	EXP 	left_image: autoDraw = True
28.3527 	EXP 	left_label_stim: autoDraw = True
28.3527 	EXP 	right_image: autoDraw = True
28.3527 	EXP 	right_label_stim: autoDraw = True
30.4415 	EXP 	Device response: <KeyPress from None: t=30.438831599996774, value=right, duration=None>
30.4456 	DEPRECATION 	Clock.add() is deprecated in favor of .addTime() due to the counterintuitive design (it added time to the baseline, which reduced the values returned from getTime() )
30.4473 	DATA 	Keypress: right
30.4498 	EXP 	question_text: autoDraw = False
30.4498 	EXP 	cue_image: autoDraw = False
30.4498 	EXP 	cue_label_stim: autoDraw = False
30.4498 	EXP 	left_image: autoDraw = False
30.4498 	EXP 	left_label_stim: autoDraw = False
30.4498 	EXP 	right_image: autoDraw = False
30.4498 	EXP 	right_label_stim: autoDraw = False
30.4498 	EXP 	fb_text_left: height = np.float64(0.046)
30.4498 	EXP 	fb_text_left: height = np.float64(0.046)
30.4498 	EXP 	fb_text_left: height = np.float64(0.046)
30.4498 	EXP 	fb_text_left: text = 'Correct answer:\nOrange'
30.4498 	EXP 	question_text: autoDraw = True
30.4498 	EXP 	cue_image: autoDraw = True
30.4498 	EXP 	cue_label_stim: autoDraw = True
30.4498 	EXP 	left_image: autoDraw = True
30.4498 	EXP 	left_label_stim: autoDraw = True
30.4498 	EXP 	right_image: autoDraw = True
30.4498 	EXP 	right_label_stim: autoDraw = True
30.4498 	EXP 	fb_text_left: autoDraw = True
30.4498 	EXP 	fb_line_left: autoDraw = True
30.4498 	EXP 	fb_head_left: autoDraw = True
30.7003 	EXP 	Device response: <KeyPress from None: t=30.438831599996774, value=right, duration=0.2530341999954544>
31.2004 	EXP 	Device response: <KeyPress from None: t=31.198850100001437, value=left, duration=None>
31.2017 	DATA 	Keypress: left
31.2751 	EXP 	Device response: <KeyPress from None: t=31.198850100001437, value=left, duration=0.06998059999023098>
32.4506 	EXP 	New trial (rep=0, index=3): OrderedDict([('cueImage', 'stimuli/prac_apple.png'), ('leftImage', 'stimuli/prac_orange.png'), ('rightImage', 'stimuli/prac_grape.png'), ('corrAns', 'right'), ('trial_type', 'line'), ('cueLabel', 'Apple'), ('leftLabel', 'Orange'), ('rightLabel', 'Grape'), ('corrLabel', 'Grape')])
32.4509 	DEPRECATION 	Clock.add() is deprecated in favor of .addTime() due to the counterintuitive design (it added time to the baseline, which reduced the values returned from getTime() )
32.4585 	EXP 	question_text: autoDraw = False
32.4585 	EXP 	cue_image: autoDraw = False
32.4585 	EXP 	cue_label_stim: autoDraw = False
32.4585 	EXP 	left_image: autoDraw = False
32.4585 	EXP 	left_label_stim: autoDraw = False
32.4585 	EXP 	right_image: autoDraw = False
32.4585 	EXP 	right_label_stim: autoDraw = False
32.4585 	EXP 	fb_text_left: autoDraw = False
32.4585 	EXP 	fb_line_left: autoDraw = False
32.4585 	EXP 	fb_head_left: autoDraw = False
32.4585 	EXP 	fixation: autoDraw = True
33.4669 	INFO 	Keyboard events cleared
33.4669 	EXP 	fixation: autoDraw = False
33.4669 	EXP 	cue_image: image = 'stimuli/prac_apple.png'
33.4669 	EXP 	left_image: image = 'stimuli/prac_orange.png'
33.4669 	EXP 	right_image: image = 'stimuli/prac_grape.png'
33.4669 	EXP 	cue_label_stim: text = 'Apple'
33.4669 	EXP 	left_label_stim: text = 'Orange'
33.4669 	EXP 	right_label_stim: text = 'Grape'
33.4669 	EXP 	question_text: height = np.float64(0.055)
33.4669 	EXP 	question_text: height = np.float64(0.055)
33.4669 	EXP 	question_text: height = np.float64(0.055)
33.4669 	EXP 	question_text: text = 'Which is the shortest straight-line distance from the start?'
33.4669 	EXP 	question_text: autoDraw = True
33.4669 	EXP 	cue_image: autoDraw = True
33.4669 	EXP 	cue_label_stim: autoDraw = True
33.4669 	EXP 	left_image: autoDraw = True
33.4669 	EXP 	left_label_stim: autoDraw = True
33.4669 	EXP 	right_image: autoDraw = True
33.4669 	EXP 	right_label_stim: autoDraw = True
34.6588 	EXP 	Device response: <KeyPress from None: t=34.65785109999706, value=right, duration=None>
34.6625 	DEPRECATION 	Clock.add() is deprecated in favor of .addTime() due to the counterintuitive design (it added time to the baseline, which reduced the values returned from getTime() )
34.6632 	DATA 	Keypress: right
34.6670 	EXP 	question_text: autoDraw = False
34.6670 	EXP 	cue_image: autoDraw = False
34.6670 	EXP 	cue_label_stim: autoDraw = False
34.6670 	EXP 	left_image: autoDraw = False
34.6670 	EXP 	left_label_stim: autoDraw = False
34.6670 	EXP 	right_image: autoDraw = False
34.6670 	EXP 	right_label_stim: autoDraw = False
34.6670 	EXP 	fb_text_right: height = np.float64(0.046)
34.6670 	EXP 	fb_text_right: height = np.float64(0.046)
34.6670 	EXP 	fb_text_right: height = np.float64(0.046)
34.6670 	EXP 	fb_text_right: text = 'Correct answer:\nGrape'
34.6670 	EXP 	question_text: autoDraw = True
34.6670 	EXP 	cue_image: autoDraw = True
34.6670 	EXP 	cue_label_stim: autoDraw = True
34.6670 	EXP 	left_image: autoDraw = True
34.6670 	EXP 	left_label_stim: autoDraw = True
34.6670 	EXP 	right_image: autoDraw = True
34.6670 	EXP 	right_label_stim: autoDraw = True
34.6670 	EXP 	fb_text_right: autoDraw = True
34.6670 	EXP 	fb_line_right: autoDraw = True
34.6670 	EXP 	fb_head_right: autoDraw = True
34.8839 	EXP 	Device response: <KeyPress from None: t=34.65785109999706, value=right, duration=0.22004339999693912>
36.6858 	EXP 	Created unnamed TextStim = TextStim(__class__=<class 'psychopy.visual.text.TextStim'>, alignHoriz=method-wrapper(...), alignText='center', alignVert=method-wrapper(...), anchorHoriz='center', anchorVert='center', antialias=True, autoDraw=False, autoLog=True, bold=False, color=array([1., 1., 1.]), colorSpace='rgb', contrast=1.0, depth=-1.0, draggable=False, flipHoriz=False, flipVert=False, font='Arial', fontFiles=[], height=np.float64(0.036), italic=False, languageStyle='LTR', name='unnamed TextStim', opacity=1.0, ori=0.0, pos=array([0.  , 0.12]), rgb=UNKNOWN, text=str(...), units='height', win=Window(...), wrapWidth=1.5)
36.6901 	EXP 	Created unnamed TextStim = TextStim(__class__=<class 'psychopy.visual.text.TextStim'>, alignHoriz=method-wrapper(...), alignText='center', alignVert=method-wrapper(...), anchorHoriz='center', anchorVert='center', antialias=True, autoDraw=False, autoLog=True, bold=False, color=array([0.4, 0.4, 0.4]), colorSpace='rgb', contrast=1.0, depth=-4.0, draggable=False, flipHoriz=False, flipVert=False, font='Arial', fontFiles=[], height=np.float64(0.030999999999999996), italic=False, languageStyle='LTR', name='unnamed TextStim', opacity=1.0, ori=0.0, pos=array([ 0.  , -0.47]), rgb=UNKNOWN, text='Press space to continue.', units='height', win=Window(...), wrapWidth=1)
36.6919 	INFO 	Keyboard events cleared
36.6918 	EXP 	question_text: autoDraw = False
36.6918 	EXP 	cue_image: autoDraw = False
36.6918 	EXP 	cue_label_stim: autoDraw = False
36.6918 	EXP 	left_image: autoDraw = False
36.6918 	EXP 	left_label_stim: autoDraw = False
36.6918 	EXP 	right_image: autoDraw = False
36.6918 	EXP 	right_label_stim: autoDraw = False
36.6918 	EXP 	fb_text_right: autoDraw = False
36.6918 	EXP 	fb_line_right: autoDraw = False
36.6918 	EXP 	fb_head_right: autoDraw = False
36.6918 	EXP 	unnamed TextStim: autoDraw = True
36.6918 	EXP 	unnamed TextStim: autoDraw = True
60.0785 	EXP 	Device response: <KeyPress from None: t=60.07285579999734, value=space, duration=None>
60.0861 	DATA 	Keypress: space
60.0881 	INFO 	Keyboard events cleared
60.0880 	EXP 	unnamed TextStim: autoDraw = False
60.0880 	EXP 	unnamed TextStim: autoDraw = False
60.0880 	EXP 	env_label: height = np.float64(0.048)
60.0880 	EXP 	env_label: height = np.float64(0.048)
60.0880 	EXP 	env_label: height = np.float64(0.048)
60.0880 	EXP 	env_label: text = 'Environment: brick maze'
60.0880 	EXP 	env_label: autoDraw = True
60.0880 	EXP 	env_advance: autoDraw = True
60.2286 	EXP 	Device response: <KeyPress from None: t=60.07285579999734, value=space, duration=0.1481519999942975>
62.4373 	EXP 	Device response: <KeyPress from None: t=62.43582759999845, value=space, duration=None>
62.4399 	DEBUG 	Read csv file with pandas: nav_task_practice_brick.csv
62.4404 	DEBUG 	Clearing unnamed columns from nav_task_practice_brick.csv
62.4408 	EXP 	Imported nav_task_practice_brick.csv as conditions, 2 conditions, 9 params
62.4410 	EXP 	Created sequence: sequential, trialTypes=2, nReps=1, seed=None
62.4411 	EXP 	New trial (rep=0, index=0): OrderedDict([('cueImage', 'stimuli/brick_telescope.png'), ('leftImage', 'stimuli/brick_plant.png'), ('rightImage', 'stimuli/brick_well.png'), ('corrAns', 'left'), ('trial_type', 'route'), ('cueLabel', 'Telescope'), ('leftLabel', 'Plant'), ('rightLabel', 'Well'), ('corrLabel', 'Plant')])
62.4413 	DEPRECATION 	Clock.add() is deprecated in favor of .addTime() due to the counterintuitive design (it added time to the baseline, which reduced the values returned from getTime() )
62.4417 	DATA 	Keypress: space
62.4454 	EXP 	env_label: autoDraw = False
62.4454 	EXP 	env_advance: autoDraw = False
62.4454 	EXP 	fixation: autoDraw = True
62.6372 	EXP 	Device response: <KeyPress from None: t=62.43582759999845, value=space, duration=0.1969148999924073>
63.5188 	INFO 	Keyboard events cleared
63.5188 	EXP 	fixation: autoDraw = False
63.5188 	EXP 	cue_image: image = 'stimuli/brick_telescope.png'
63.5188 	EXP 	left_image: image = 'stimuli/brick_plant.png'
63.5188 	EXP 	right_image: image = 'stimuli/brick_well.png'
63.5188 	EXP 	cue_label_stim: height = np.float64(0.042)
63.5188 	EXP 	cue_label_stim: height = np.float64(0.042)
63.5188 	EXP 	cue_label_stim: height = np.float64(0.042)
63.5188 	EXP 	cue_label_stim: text = 'Telescope'
63.5188 	EXP 	left_label_stim: height = np.float64(0.042)
63.5188 	EXP 	left_label_stim: height = np.float64(0.042)
63.5188 	EXP 	left_label_stim: height = np.float64(0.042)
63.5188 	EXP 	left_label_stim: text = 'Plant'
63.5188 	EXP 	right_label_stim: height = np.float64(0.042)
63.5188 	EXP 	right_label_stim: height = np.float64(0.042)
63.5188 	EXP 	right_label_stim: height = np.float64(0.042)
63.5188 	EXP 	right_label_stim: text = 'Well'
63.5188 	EXP 	question_text: height = np.float64(0.055)
63.5188 	EXP 	question_text: height = np.float64(0.055)
63.5188 	EXP 	question_text: height = np.float64(0.055)
63.5188 	EXP 	question_text: text = 'Which is the shortest path distance from the start?'
63.5188 	EXP 	question_text: autoDraw = True
63.5188 	EXP 	cue_image: autoDraw = True
63.5188 	EXP 	cue_label_stim: autoDraw = True
63.5188 	EXP 	left_image: autoDraw = True
63.5188 	EXP 	left_label_stim: autoDraw = True
63.5188 	EXP 	right_image: autoDraw = True
63.5188 	EXP 	right_label_stim: autoDraw = True
68.9548 	EXP 	Device response: <KeyPress from None: t=68.9480390999961, value=left, duration=None>
68.9613 	DEPRECATION 	Clock.add() is deprecated in favor of .addTime() due to the counterintuitive design (it added time to the baseline, which reduced the values returned from getTime() )
68.9621 	DATA 	Keypress: left
68.9633 	EXP 	question_text: autoDraw = False
68.9633 	EXP 	cue_image: autoDraw = False
68.9633 	EXP 	cue_label_stim: autoDraw = False
68.9633 	EXP 	left_image: autoDraw = False
68.9633 	EXP 	left_label_stim: autoDraw = False
68.9633 	EXP 	right_image: autoDraw = False
68.9633 	EXP 	right_label_stim: autoDraw = False
68.9633 	EXP 	fb_text_left: height = np.float64(0.046)
68.9633 	EXP 	fb_text_left: height = np.float64(0.046)
68.9633 	EXP 	fb_text_left: height = np.float64(0.046)
68.9633 	EXP 	fb_text_left: text = 'Correct answer:\nPlant'
68.9633 	EXP 	question_text: autoDraw = True
68.9633 	EXP 	cue_image: autoDraw = True
68.9633 	EXP 	cue_label_stim: autoDraw = True
68.9633 	EXP 	left_image: autoDraw = True
68.9633 	EXP 	left_label_stim: autoDraw = True
68.9633 	EXP 	right_image: autoDraw = True
68.9633 	EXP 	right_label_stim: autoDraw = True
68.9633 	EXP 	fb_text_left: autoDraw = True
68.9633 	EXP 	fb_line_left: autoDraw = True
68.9633 	EXP 	fb_head_left: autoDraw = True
69.1215 	EXP 	Device response: <KeyPress from None: t=68.9480390999961, value=left, duration=0.16792439999699127>
70.9636 	EXP 	New trial (rep=0, index=1): OrderedDict([('cueImage', 'stimuli/brick_telescope.png'), ('leftImage', 'stimuli/brick_plant.png'), ('rightImage', 'stimuli/brick_well.png'), ('corrAns', 'left'), ('trial_type', 'line'), ('cueLabel', 'Telescope'), ('leftLabel', 'Plant'), ('rightLabel', 'Well'), ('corrLabel', 'Plant')])
70.9638 	DEPRECATION 	Clock.add() is deprecated in favor of .addTime() due to the counterintuitive design (it added time to the baseline, which reduced the values returned from getTime() )
70.9713 	EXP 	question_text: autoDraw = False
70.9713 	EXP 	cue_image: autoDraw = False
70.9713 	EXP 	cue_label_stim: autoDraw = False
70.9713 	EXP 	left_image: autoDraw = False
70.9713 	EXP 	left_label_stim: autoDraw = False
70.9713 	EXP 	right_image: autoDraw = False
70.9713 	EXP 	right_label_stim: autoDraw = False
70.9713 	EXP 	fb_text_left: autoDraw = False
70.9713 	EXP 	fb_line_left: autoDraw = False
70.9713 	EXP 	fb_head_left: autoDraw = False
70.9713 	EXP 	fixation: autoDraw = True
71.9809 	INFO 	Keyboard events cleared
71.9808 	EXP 	fixation: autoDraw = False
71.9808 	EXP 	cue_image: image = 'stimuli/brick_telescope.png'
71.9808 	EXP 	left_image: image = 'stimuli/brick_plant.png'
71.9808 	EXP 	right_image: image = 'stimuli/brick_well.png'
71.9808 	EXP 	cue_label_stim: text = 'Telescope'
71.9808 	EXP 	left_label_stim: text = 'Plant'
71.9808 	EXP 	right_label_stim: text = 'Well'
71.9808 	EXP 	question_text: height = np.float64(0.055)
71.9808 	EXP 	question_text: height = np.float64(0.055)
71.9808 	EXP 	question_text: height = np.float64(0.055)
71.9808 	EXP 	question_text: text = 'Which is the shortest straight-line distance from the start?'
71.9808 	EXP 	question_text: autoDraw = True
71.9808 	EXP 	cue_image: autoDraw = True
71.9808 	EXP 	cue_label_stim: autoDraw = True
71.9808 	EXP 	left_image: autoDraw = True
71.9808 	EXP 	left_label_stim: autoDraw = True
71.9808 	EXP 	right_image: autoDraw = True
71.9808 	EXP 	right_label_stim: autoDraw = True
73.6303 	EXP 	Device response: <KeyPress from None: t=73.62677469999471, value=right, duration=None>
73.6304 	DEPRECATION 	Clock.add() is deprecated in favor of .addTime() due to the counterintuitive design (it added time to the baseline, which reduced the values returned from getTime() )
73.6312 	DATA 	Keypress: right
73.6383 	EXP 	question_text: autoDraw = False
73.6383 	EXP 	cue_image: autoDraw = False
73.6383 	EXP 	cue_label_stim: autoDraw = False
73.6383 	EXP 	left_image: autoDraw = False
73.6383 	EXP 	left_label_stim: autoDraw = False
73.6383 	EXP 	right_image: autoDraw = False
73.6383 	EXP 	right_label_stim: autoDraw = False
73.6383 	EXP 	fb_text_left: text = 'Correct answer:\nPlant'
73.6383 	EXP 	question_text: autoDraw = True
73.6383 	EXP 	cue_image: autoDraw = True
73.6383 	EXP 	cue_label_stim: autoDraw = True
73.6383 	EXP 	left_image: autoDraw = True
73.6383 	EXP 	left_label_stim: autoDraw = True
73.6383 	EXP 	right_image: autoDraw = True
73.6383 	EXP 	right_label_stim: autoDraw = True
73.6383 	EXP 	fb_text_left: autoDraw = True
73.6383 	EXP 	fb_line_left: autoDraw = True
73.6383 	EXP 	fb_head_left: autoDraw = True
73.8220 	EXP 	Device response: <KeyPress from None: t=73.62677469999471, value=right, duration=0.188346900002216>
75.6383 	INFO 	Keyboard events cleared
75.6383 	EXP 	question_text: autoDraw = False
75.6383 	EXP 	cue_image: autoDraw = False
75.6383 	EXP 	cue_label_stim: autoDraw = False
75.6383 	EXP 	left_image: autoDraw = False
75.6383 	EXP 	left_label_stim: autoDraw = False
75.6383 	EXP 	right_image: autoDraw = False
75.6383 	EXP 	right_label_stim: autoDraw = False
75.6383 	EXP 	fb_text_left: autoDraw = False
75.6383 	EXP 	fb_line_left: autoDraw = False
75.6383 	EXP 	fb_head_left: autoDraw = False
75.6383 	EXP 	env_label: height = np.float64(0.048)
75.6383 	EXP 	env_label: height = np.float64(0.048)
75.6383 	EXP 	env_label: height = np.float64(0.048)
75.6383 	EXP 	env_label: text = 'Environment: hedge maze'
75.6383 	EXP 	env_label: autoDraw = True
75.6383 	EXP 	env_advance: autoDraw = True
77.6307 	EXP 	Device response: <KeyPress from None: t=77.62878400000045, value=space, duration=None>
77.6335 	DEBUG 	Read csv file with pandas: nav_task_practice_hedge.csv
77.6340 	DEBUG 	Clearing unnamed columns from nav_task_practice_hedge.csv
77.6344 	EXP 	Imported nav_task_practice_hedge.csv as conditions, 2 conditions, 9 params
77.6346 	EXP 	Created sequence: sequential, trialTypes=2, nReps=1, seed=None
77.6347 	EXP 	New trial (rep=0, index=0): OrderedDict([('cueImage', 'stimuli/maze_compass.png'), ('leftImage', 'stimuli/maze_lampPost.png'), ('rightImage', 'stimuli/maze_snowman.png'), ('corrAns', 'right'), ('trial_type', 'route'), ('cueLabel', 'Compass'), ('leftLabel', 'Lamp Post'), ('rightLabel', 'Snowman'), ('corrLabel', 'Snowman')])
77.6349 	DEPRECATION 	Clock.add() is deprecated in favor of .addTime() due to the counterintuitive design (it added time to the baseline, which reduced the values returned from getTime() )
77.6353 	DATA 	Keypress: space
77.6386 	EXP 	env_label: autoDraw = False
77.6386 	EXP 	env_advance: autoDraw = False
77.6386 	EXP 	fixation: autoDraw = True
77.8724 	EXP 	Device response: <KeyPress from None: t=77.62878400000045, value=space, duration=0.2370840999938082>
78.7221 	INFO 	Keyboard events cleared
78.7220 	EXP 	fixation: autoDraw = False
78.7220 	EXP 	cue_image: image = 'stimuli/maze_compass.png'
78.7220 	EXP 	left_image: image = 'stimuli/maze_lampPost.png'
78.7220 	EXP 	right_image: image = 'stimuli/maze_snowman.png'
78.7220 	EXP 	cue_label_stim: height = np.float64(0.042)
78.7220 	EXP 	cue_label_stim: height = np.float64(0.042)
78.7220 	EXP 	cue_label_stim: height = np.float64(0.042)
78.7220 	EXP 	cue_label_stim: text = 'Compass'
78.7220 	EXP 	left_label_stim: height = np.float64(0.042)
78.7220 	EXP 	left_label_stim: height = np.float64(0.042)
78.7220 	EXP 	left_label_stim: height = np.float64(0.042)
78.7220 	EXP 	left_label_stim: text = 'Lamp Post'
78.7220 	EXP 	right_label_stim: height = np.float64(0.042)
78.7220 	EXP 	right_label_stim: height = np.float64(0.042)
78.7220 	EXP 	right_label_stim: height = np.float64(0.042)
78.7220 	EXP 	right_label_stim: text = 'Snowman'
78.7220 	EXP 	question_text: height = np.float64(0.055)
78.7220 	EXP 	question_text: height = np.float64(0.055)
78.7220 	EXP 	question_text: height = np.float64(0.055)
78.7220 	EXP 	question_text: text = 'Which is the shortest path distance from the start?'
78.7220 	EXP 	question_text: autoDraw = True
78.7220 	EXP 	cue_image: autoDraw = True
78.7220 	EXP 	cue_label_stim: autoDraw = True
78.7220 	EXP 	left_image: autoDraw = True
78.7220 	EXP 	left_label_stim: autoDraw = True
78.7220 	EXP 	right_image: autoDraw = True
78.7220 	EXP 	right_label_stim: autoDraw = True
80.5727 	EXP 	Device response: <KeyPress from None: t=80.56874969998898, value=right, duration=None>
80.5783 	DEPRECATION 	Clock.add() is deprecated in favor of .addTime() due to the counterintuitive design (it added time to the baseline, which reduced the values returned from getTime() )
80.5791 	DATA 	Keypress: right
80.5806 	EXP 	question_text: autoDraw = False
80.5806 	EXP 	cue_image: autoDraw = False
80.5806 	EXP 	cue_label_stim: autoDraw = False
80.5806 	EXP 	left_image: autoDraw = False
80.5806 	EXP 	left_label_stim: autoDraw = False
80.5806 	EXP 	right_image: autoDraw = False
80.5806 	EXP 	right_label_stim: autoDraw = False
80.5806 	EXP 	fb_text_right: height = np.float64(0.046)
80.5806 	EXP 	fb_text_right: height = np.float64(0.046)
80.5806 	EXP 	fb_text_right: height = np.float64(0.046)
80.5806 	EXP 	fb_text_right: text = 'Correct answer:\nSnowman'
80.5806 	EXP 	question_text: autoDraw = True
80.5806 	EXP 	cue_image: autoDraw = True
80.5806 	EXP 	cue_label_stim: autoDraw = True
80.5806 	EXP 	left_image: autoDraw = True
80.5806 	EXP 	left_label_stim: autoDraw = True
80.5806 	EXP 	right_image: autoDraw = True
80.5806 	EXP 	right_label_stim: autoDraw = True
80.5806 	EXP 	fb_text_right: autoDraw = True
80.5806 	EXP 	fb_line_right: autoDraw = True
80.5806 	EXP 	fb_head_right: autoDraw = True
80.7979 	EXP 	Device response: <KeyPress from None: t=80.56874969998898, value=right, duration=0.22312850000162143>
82.5826 	EXP 	New trial (rep=0, index=1): OrderedDict([('cueImage', 'stimuli/maze_compass.png'), ('leftImage', 'stimuli/maze_lampPost.png'), ('rightImage', 'stimuli/maze_snowman.png'), ('corrAns', 'left'), ('trial_type', 'line'), ('cueLabel', 'Compass'), ('leftLabel', 'Lamp Post'), ('rightLabel', 'Snowman'), ('corrLabel', 'Lamp Post')])
82.5831 	DEPRECATION 	Clock.add() is deprecated in favor of .addTime() due to the counterintuitive design (it added time to the baseline, which reduced the values returned from getTime() )
82.5895 	EXP 	question_text: autoDraw = False
82.5895 	EXP 	cue_image: autoDraw = False
82.5895 	EXP 	cue_label_stim: autoDraw = False
82.5895 	EXP 	left_image: autoDraw = False
82.5895 	EXP 	left_label_stim: autoDraw = False
82.5895 	EXP 	right_image: autoDraw = False
82.5895 	EXP 	right_label_stim: autoDraw = False
82.5895 	EXP 	fb_text_right: autoDraw = False
82.5895 	EXP 	fb_line_right: autoDraw = False
82.5895 	EXP 	fb_head_right: autoDraw = False
82.5895 	EXP 	fixation: autoDraw = True
83.6075 	INFO 	Keyboard events cleared
83.6074 	EXP 	fixation: autoDraw = False
83.6074 	EXP 	cue_image: image = 'stimuli/maze_compass.png'
83.6074 	EXP 	left_image: image = 'stimuli/maze_lampPost.png'
83.6074 	EXP 	right_image: image = 'stimuli/maze_snowman.png'
83.6074 	EXP 	cue_label_stim: text = 'Compass'
83.6074 	EXP 	left_label_stim: text = 'Lamp Post'
83.6074 	EXP 	right_label_stim: text = 'Snowman'
83.6074 	EXP 	question_text: height = np.float64(0.055)
83.6074 	EXP 	question_text: height = np.float64(0.055)
83.6074 	EXP 	question_text: height = np.float64(0.055)
83.6074 	EXP 	question_text: text = 'Which is the shortest straight-line distance from the start?'
83.6074 	EXP 	question_text: autoDraw = True
83.6074 	EXP 	cue_image: autoDraw = True
83.6074 	EXP 	cue_label_stim: autoDraw = True
83.6074 	EXP 	left_image: autoDraw = True
83.6074 	EXP 	left_label_stim: autoDraw = True
83.6074 	EXP 	right_image: autoDraw = True
83.6074 	EXP 	right_label_stim: autoDraw = True
84.3815 	EXP 	Device response: <KeyPress from None: t=84.37882769999851, value=left, duration=None>
84.3846 	DEPRECATION 	Clock.add() is deprecated in favor of .addTime() due to the counterintuitive design (it added time to the baseline, which reduced the values returned from getTime() )
84.3856 	DATA 	Keypress: left
84.3894 	EXP 	question_text: autoDraw = False
84.3894 	EXP 	cue_image: autoDraw = False
84.3894 	EXP 	cue_label_stim: autoDraw = False
84.3894 	EXP 	left_image: autoDraw = False
84.3894 	EXP 	left_label_stim: autoDraw = False
84.3894 	EXP 	right_image: autoDraw = False
84.3894 	EXP 	right_label_stim: autoDraw = False
84.3894 	EXP 	fb_text_left: height = np.float64(0.046)
84.3894 	EXP 	fb_text_left: height = np.float64(0.046)
84.3894 	EXP 	fb_text_left: height = np.float64(0.046)
84.3894 	EXP 	fb_text_left: text = 'Correct answer:\nLamp Post'
84.3894 	EXP 	question_text: autoDraw = True
84.3894 	EXP 	cue_image: autoDraw = True
84.3894 	EXP 	cue_label_stim: autoDraw = True
84.3894 	EXP 	left_image: autoDraw = True
84.3894 	EXP 	left_label_stim: autoDraw = True
84.3894 	EXP 	right_image: autoDraw = True
84.3894 	EXP 	right_label_stim: autoDraw = True
84.3894 	EXP 	fb_text_left: autoDraw = True
84.3894 	EXP 	fb_line_left: autoDraw = True
84.3894 	EXP 	fb_head_left: autoDraw = True
84.6150 	EXP 	Device response: <KeyPress from None: t=84.37882769999851, value=left, duration=0.23398599999200087>
86.4025 	DEBUG 	Read csv file with pandas: nav_task_conditions.csv
86.4029 	DEBUG 	Clearing unnamed columns from nav_task_conditions.csv
86.4035 	EXP 	Imported nav_task_conditions.csv as conditions, 16 conditions, 9 params
86.4044 	EXP 	Created sequence: random, trialTypes=16, nReps=1, seed=None
86.4046 	EXP 	New trial (rep=0, index=0): OrderedDict([('cueImage', 'stimuli/maze_shuttle.png'), ('leftImage', 'stimuli/maze_umbrella.png'), ('rightImage', 'stimuli/maze_snowman.png'), ('corrAns', 'left'), ('trial_type', 'line'), ('cueLabel', 'Space Shuttle'), ('leftLabel', 'Umbrella'), ('rightLabel', 'Snowman'), ('corrLabel', 'Umbrella')])
86.4048 	DEPRECATION 	Clock.add() is deprecated in favor of .addTime() due to the counterintuitive design (it added time to the baseline, which reduced the values returned from getTime() )
86.4061 	EXP 	question_text: autoDraw = False
86.4061 	EXP 	cue_image: autoDraw = False
86.4061 	EXP 	cue_label_stim: autoDraw = False
86.4061 	EXP 	left_image: autoDraw = False
86.4061 	EXP 	left_label_stim: autoDraw = False
86.4061 	EXP 	right_image: autoDraw = False
86.4061 	EXP 	right_label_stim: autoDraw = False
86.4061 	EXP 	fb_text_left: autoDraw = False
86.4061 	EXP 	fb_line_left: autoDraw = False
86.4061 	EXP 	fb_head_left: autoDraw = False
86.4061 	EXP 	fixation: autoDraw = True
87.4074 	ERROR 	Couldn't find image stimuli/maze_shuttle.png; check path? (tried: F:\Github\PaperFolding\stimuli\maze_shuttle.png)
87.4571 	DEBUG 	Saving data for GraphMaze_Navigation ExperimentHandler
87.4588 	INFO 	saved data to F:\Github\PaperFolding\data\123_GraphMaze_Navigation_2026-09-28_15h43.52.882.psydat
87.4593 	INFO 	saved data to 'F:\\Github\\PaperFolding\\data\\123_GraphMaze_Navigation_2026-09-28_15h43.52.882.csv'
87.4732 	INFO 	Stopping keyboard key buffers.
