8.1493 	INFO 	Loaded monitor calibration from ['2026_09_21 04:14']
8.1725 	WARNING 	User requested fullscreen with size [1440  900], but screen is actually [1920, 1080]. Using actual size
8.5507 	INFO 	Using renderer 'AMD Radeon RX 7900 XT' for graphics
8.5507 	INFO 	OpenGL version supported by driver is 4..
8.6305 	DEBUG 	TextBox2 loaded 1 chars with 0 blanks and 1 valid
8.6431 	DEBUG 	TextBox2 loaded 1 chars with 0 blanks and 1 valid
8.6547 	DEBUG 	TextBox2 loaded 1 chars with 0 blanks and 1 valid
8.6650 	DEBUG 	TextBox2 loaded 1 chars with 0 blanks and 1 valid
8.6751 	DEBUG 	TextBox2 loaded 1 chars with 0 blanks and 1 valid
8.6858 	DEBUG 	TextBox2 loaded 1 chars with 0 blanks and 1 valid
8.6955 	DEBUG 	TextBox2 loaded 1 chars with 0 blanks and 1 valid
8.7054 	DEBUG 	TextBox2 loaded 1 chars with 0 blanks and 1 valid
8.7143 	DEBUG 	TextBox2 loaded 1 chars with 0 blanks and 1 valid
8.7234 	DEBUG 	TextBox2 loaded 1 chars with 0 blanks and 1 valid
8.7331 	DEBUG 	TextBox2 loaded 1 chars with 0 blanks and 1 valid
8.7427 	DEBUG 	TextBox2 loaded 1 chars with 0 blanks and 1 valid
8.7524 	DEBUG 	TextBox2 loaded 1 chars with 0 blanks and 1 valid
8.7626 	DEBUG 	TextBox2 loaded 1 chars with 0 blanks and 1 valid
8.7718 	DEBUG 	TextBox2 loaded 1 chars with 0 blanks and 1 valid
8.7814 	DEBUG 	TextBox2 loaded 1 chars with 0 blanks and 1 valid
8.7910 	DEBUG 	TextBox2 loaded 1 chars with 0 blanks and 1 valid
8.7998 	DEBUG 	TextBox2 loaded 1 chars with 0 blanks and 1 valid
8.8094 	DEBUG 	TextBox2 loaded 1 chars with 0 blanks and 1 valid
8.8196 	DEBUG 	TextBox2 loaded 1 chars with 0 blanks and 1 valid
8.8288 	DEBUG 	TextBox2 loaded 1 chars with 0 blanks and 1 valid
8.8291 	DEBUG 	Uploading Texture Font fontname to graphics card
8.8301 	DEBUG 	Upload of Texture Font fontname complete
8.8496 	DEBUG 	TextBox2 loaded 1 chars with 0 blanks and 1 valid
8.8601 	DEBUG 	TextBox2 loaded 1 chars with 0 blanks and 1 valid
8.8700 	DEBUG 	TextBox2 loaded 1 chars with 0 blanks and 1 valid
8.8704 	DEBUG 	Uploading Texture Font fontname to graphics card
8.8716 	DEBUG 	Upload of Texture Font fontname complete
9.8835 	EXP 	Created window1 = Window(allowGUI=False, allowStencil=False, autoLog=True, backendConf=UNKNOWN, backgroundFit=<method-wrapper '__getattribute__' of attributeSetter object at 0x00000194FC5AA3B0>, backgroundImage=<method-wrapper '__getattribute__' of attributeSetter object at 0x00000194FC5AA410>, bitsMode=UNKNOWN, blendMode='avg', bpc=(8, 8, 8), color=array([0, 0, 0]), colorSpace='rgb', depthBits=8, fullscr=True, gamma=None, gammaErrorPolicy='raise', infoMsg=UNKNOWN, lms=UNKNOWN, monitor=<psychopy.monitors.calibTools.Monitor object at 0x00000194F0D58640>, multiSample=False, name='window1', numSamples=2, pos=(0, 0), screen=0, size=array([1920, 1080]), stencilBits=0, stereo=False, title='PsychoPy', units='height', useFBO=True, useRetina=False, viewOri=0.0, viewPos=None, viewScale=None, waitBlanking=True, winType='pyglet')
9.8836 	EXP 	window1: backgroundImage = None
9.8836 	EXP 	window1: backgroundFit = 'cover'
9.8854 	EXP 	window1: Attempting to measure frame rate of screen (0) ...
9.8854 	EXP 	window1: recordFrameIntervals = False
9.9666 	EXP 	window1: recordFrameIntervals = True
10.8001 	EXP 	window1: recordFrameIntervals = False
10.8001 	EXP 	Screen (0) actual frame rate measured at 120.21Hz
11.1098 	INFO 	keyboard.Keyboard is using ptb backend.
11.2123 	EXP 	Created fixation = TextStim(__class__=<class 'psychopy.visual.text.TextStim'>, alignHoriz=method-wrapper(...), alignText='center', alignVert=method-wrapper(...), anchorHoriz='center', anchorVert='center', antialias=True, autoDraw=False, autoLog=True, bold=False, color=array([1., 1., 1.]), colorSpace='rgb', contrast=1.0, depth=0.0, draggable=False, flipHoriz=False, flipVert=False, font='Arial', fontFiles=[], height=np.float64(0.12), italic=False, languageStyle='LTR', name='fixation', opacity=1, ori=0, pos=array([0., 0.]), rgb=UNKNOWN, text='+', units='height', win=Window(...), wrapWidth=1)
11.2137 	EXP 	Created maze_image = ImageStim(__class__=<class 'psychopy.visual.image.ImageStim'>, anchor=('center', 'center'), autoLog=True, color=array([1., 1., 1.]), colorSpace='rgb', contrast=1.0, depth=0.0, draggable=False, flipHoriz=np.False_, flipVert=np.False_, image='sin', interpolate=True, mask=None, maskParams=None, name='maze_image', opacity=1, ori=0.0, pos=array([ 0.  , -0.03]), size=array([0.85, 0.85]), texRes=128.0, units='height', win=Window(...))
11.2186 	EXP 	Created maze_title_stim = TextStim(__class__=<class 'psychopy.visual.text.TextStim'>, alignHoriz=method-wrapper(...), alignText='center', alignVert=method-wrapper(...), anchorHoriz='center', anchorVert='center', antialias=True, autoDraw=False, autoLog=True, bold=False, color=array([1., 1., 1.]), colorSpace='rgb', contrast=1.0, depth=-1.0, draggable=False, flipHoriz=False, flipVert=False, font='Arial', fontFiles=[], height=np.float64(0.048), italic=False, languageStyle='LTR', name='maze_title_stim', opacity=1, ori=0, pos=array([0.  , 0.43]), rgb=UNKNOWN, text='Example Practice Maze', units='height', win=Window(...), wrapWidth=1.4)
11.2197 	EXP 	Created env_maze_image = ImageStim(__class__=<class 'psychopy.visual.image.ImageStim'>, anchor=('center', 'center'), autoLog=True, color=array([1., 1., 1.]), colorSpace='rgb', contrast=1.0, depth=-2.0, draggable=False, flipHoriz=np.False_, flipVert=np.False_, image='sin', interpolate=True, mask=None, maskParams=None, name='env_maze_image', opacity=1, ori=0.0, pos=array([ 0.  , -0.06]), size=array([0.72, 0.72]), texRes=128.0, units='height', win=Window(...))
11.2201 	EXP 	Created env_label = TextStim(__class__=<class 'psychopy.visual.text.TextStim'>, alignHoriz=method-wrapper(...), alignText='center', alignVert=method-wrapper(...), anchorHoriz='center', anchorVert='center', antialias=True, autoDraw=False, autoLog=True, bold=False, color=array([1., 1., 1.]), colorSpace='rgb', contrast=1.0, depth=0.0, draggable=False, flipHoriz=False, flipVert=False, font='Arial', fontFiles=[], height=0.048, italic=False, languageStyle='LTR', name='env_label', opacity=1, ori=0, pos=array([0.  , 0.43]), rgb=UNKNOWN, text='', units='height', win=Window(...), wrapWidth=1.4)
11.2248 	EXP 	Created env_advance = TextStim(__class__=<class 'psychopy.visual.text.TextStim'>, alignHoriz=method-wrapper(...), alignText='center', alignVert=method-wrapper(...), anchorHoriz='center', anchorVert='center', antialias=True, autoDraw=False, autoLog=True, bold=False, color=array([1., 1., 1.]), colorSpace='rgb', contrast=1.0, depth=-1.0, draggable=False, flipHoriz=False, flipVert=False, font='Arial', fontFiles=[], height=np.float64(0.038), italic=False, languageStyle='LTR', name='env_advance', opacity=1, ori=0, pos=array([ 0.  , -0.46]), rgb=UNKNOWN, text='Press any number to continue.', units='height', win=Window(...), wrapWidth=1)
11.2256 	EXP 	Created question_text = TextStim(__class__=<class 'psychopy.visual.text.TextStim'>, alignHoriz=method-wrapper(...), alignText='center', alignVert=method-wrapper(...), anchorHoriz='center', anchorVert='center', antialias=True, autoDraw=False, autoLog=True, bold=False, color=array([-1., -1., -1.]), colorSpace='rgb', contrast=1.0, depth=0.0, draggable=False, flipHoriz=False, flipVert=False, font='Arial', fontFiles=[], height=0.055, italic=False, languageStyle='LTR', name='question_text', opacity=1, ori=0, pos=array([0. , 0.4]), rgb=UNKNOWN, text='', units='height', win=Window(...), wrapWidth=1.5)
11.2268 	EXP 	Created cue_image = ImageStim(__class__=<class 'psychopy.visual.image.ImageStim'>, anchor=('center', 'center'), autoLog=True, color=array([1., 1., 1.]), colorSpace='rgb', contrast=1.0, depth=-1.0, draggable=False, flipHoriz=np.False_, flipVert=np.False_, image='sin', interpolate=True, mask=None, maskParams=None, name='cue_image', opacity=1, ori=0.0, pos=array([0.  , 0.12]), size=array([0.25, 0.25]), texRes=512, units='height', win=Window(...))
11.2276 	EXP 	Created cue_label_stim = TextStim(__class__=<class 'psychopy.visual.text.TextStim'>, alignHoriz=method-wrapper(...), alignText='center', alignVert=method-wrapper(...), anchorHoriz='center', anchorVert='center', antialias=True, autoDraw=False, autoLog=True, bold=False, color=array([-1., -1., -1.]), colorSpace='rgb', contrast=1.0, depth=-2.0, draggable=False, flipHoriz=False, flipVert=False, font='Arial', fontFiles=[], height=0.042, italic=False, languageStyle='LTR', name='cue_label_stim', opacity=1, ori=0, pos=array([ 0.  , -0.02]), rgb=UNKNOWN, text='', units='height', win=Window(...), wrapWidth=0.5)
11.2294 	EXP 	Created left_image = ImageStim(__class__=<class 'psychopy.visual.image.ImageStim'>, anchor=('center', 'center'), autoLog=True, color=array([1., 1., 1.]), colorSpace='rgb', contrast=1.0, depth=-3.0, draggable=False, flipHoriz=np.False_, flipVert=np.False_, image='sin', interpolate=True, mask=None, maskParams=None, name='left_image', opacity=1, ori=0.0, pos=array([-0.22, -0.22]), size=array([0.22, 0.22]), texRes=512, units='height', win=Window(...))
11.2301 	EXP 	Created left_label_stim = TextStim(__class__=<class 'psychopy.visual.text.TextStim'>, alignHoriz=method-wrapper(...), alignText='center', alignVert=method-wrapper(...), anchorHoriz='center', anchorVert='center', antialias=True, autoDraw=False, autoLog=True, bold=False, color=array([-1., -1., -1.]), colorSpace='rgb', contrast=1.0, depth=-4.0, draggable=False, flipHoriz=False, flipVert=False, font='Arial', fontFiles=[], height=0.042, italic=False, languageStyle='LTR', name='left_label_stim', opacity=1, ori=0, pos=array([-0.22, -0.36]), rgb=UNKNOWN, text='', units='height', win=Window(...), wrapWidth=0.35)
11.2310 	EXP 	Created right_image = ImageStim(__class__=<class 'psychopy.visual.image.ImageStim'>, anchor=('center', 'center'), autoLog=True, color=array([1., 1., 1.]), colorSpace='rgb', contrast=1.0, depth=-5.0, draggable=False, flipHoriz=np.False_, flipVert=np.False_, image='sin', interpolate=True, mask=None, maskParams=None, name='right_image', opacity=1, ori=0.0, pos=array([ 0.22, -0.22]), size=array([0.22, 0.22]), texRes=512, units='height', win=Window(...))
11.2314 	EXP 	Created right_label_stim = TextStim(__class__=<class 'psychopy.visual.text.TextStim'>, alignHoriz=method-wrapper(...), alignText='center', alignVert=method-wrapper(...), anchorHoriz='center', anchorVert='center', antialias=True, autoDraw=False, autoLog=True, bold=False, color=array([-1., -1., -1.]), colorSpace='rgb', contrast=1.0, depth=-6.0, draggable=False, flipHoriz=False, flipVert=False, font='Arial', fontFiles=[], height=0.042, italic=False, languageStyle='LTR', name='right_label_stim', opacity=1, ori=0, pos=array([ 0.22, -0.36]), rgb=UNKNOWN, text='', units='height', win=Window(...), wrapWidth=0.35)
11.2318 	EXP 	Created fb_text_left = TextStim(__class__=<class 'psychopy.visual.text.TextStim'>, alignHoriz=method-wrapper(...), alignText='center', alignVert=method-wrapper(...), anchorHoriz='center', anchorVert='center', antialias=True, autoDraw=False, autoLog=True, bold=False, color=array([0. , 0.5, 0. ]), colorSpace='rgb', contrast=1.0, depth=0.0, draggable=False, flipHoriz=False, flipVert=False, font='Arial', fontFiles=[], height=0.046, italic=False, languageStyle='LTR', name='fb_text_left', opacity=1, ori=0, pos=array([-0.65,  0.02]), rgb=UNKNOWN, text='', units='height', win=Window(...), wrapWidth=0.25)
11.2319 	WARNING 	lineColorSpace parameter is deprecated. Please use colorSpace instead.
11.2340 	EXP 	Created fb_line_left = Line(__class__=<class 'psychopy.visual.line.Line'>, anchor=('center', 'center'), autoDraw=False, autoLog=True, closeShape=False, color=array([0. , 0.5, 0. ]), colorSpace='rgb', contrast=None, depth=0, draggable=False, fillColor=ndarray(...), fillColorSpace='rgb', fillRGB=ndarray(...), interpolate=True, lineColor=array([0. , 0.5, 0. ]), lineColorSpace='rgb', lineRGB=array([0. , 0.5, 0. ]), lineWidth=3.0, name='fb_line_left', opacity=1, ori=0.0, pos=array([0., 0.]), size=array([1., 1.]), units='height', vertices=array([[-0.52, -0.07],
       [-0.35, -0.17]]), win=Window(...), windingRule=None)
11.2342 	WARNING 	fillColorSpace parameter is deprecated. Please use colorSpace instead.
11.2342 	WARNING 	lineColorSpace parameter is deprecated. Please use colorSpace instead.
11.2347 	EXP 	Created fb_head_left = ShapeStim(__class__=<class 'psychopy.visual.shape.ShapeStim'>, anchor=('center', 'center'), autoDraw=False, autoLog=True, closeShape=True, color=method-wrapper(...), colorSpace='rgb', contrast=None, depth=-1.0, draggable=False, fillColor=array([0. , 0.5, 0. ]), fillColorSpace='rgb', fillRGB=array([0. , 0.5, 0. ]), interpolate=True, lineColor=array([0. , 0.5, 0. ]), lineColorSpace='rgb', lineRGB=array([0. , 0.5, 0. ]), lineWidth=1.5, name='fb_head_left', opacity=1, ori=0.0, pos=array([0., 0.]), size=array([1., 1.]), units='height', vertices=ndarray(...), win=Window(...), windingRule=None)
11.2351 	EXP 	Created fb_text_right = TextStim(__class__=<class 'psychopy.visual.text.TextStim'>, alignHoriz=method-wrapper(...), alignText='center', alignVert=method-wrapper(...), anchorHoriz='center', anchorVert='center', antialias=True, autoDraw=False, autoLog=True, bold=False, color=array([0. , 0.5, 0. ]), colorSpace='rgb', contrast=1.0, depth=0.0, draggable=False, flipHoriz=False, flipVert=False, font='Arial', fontFiles=[], height=0.046, italic=False, languageStyle='LTR', name='fb_text_right', opacity=1, ori=0, pos=array([0.65, 0.02]), rgb=UNKNOWN, text='', units='height', win=Window(...), wrapWidth=0.25)
11.2351 	WARNING 	lineColorSpace parameter is deprecated. Please use colorSpace instead.
11.2356 	EXP 	Created fb_line_right = Line(__class__=<class 'psychopy.visual.line.Line'>, anchor=('center', 'center'), autoDraw=False, autoLog=True, closeShape=False, color=array([0. , 0.5, 0. ]), colorSpace='rgb', contrast=None, depth=0, draggable=False, fillColor=ndarray(...), fillColorSpace='rgb', fillRGB=ndarray(...), interpolate=True, lineColor=array([0. , 0.5, 0. ]), lineColorSpace='rgb', lineRGB=array([0. , 0.5, 0. ]), lineWidth=3.0, name='fb_line_right', opacity=1, ori=0.0, pos=array([0., 0.]), size=array([1., 1.]), units='height', vertices=array([[ 0.52, -0.07],
       [ 0.35, -0.17]]), win=Window(...), windingRule=None)
11.2357 	WARNING 	fillColorSpace parameter is deprecated. Please use colorSpace instead.
11.2357 	WARNING 	lineColorSpace parameter is deprecated. Please use colorSpace instead.
11.2363 	EXP 	Created fb_head_right = ShapeStim(__class__=<class 'psychopy.visual.shape.ShapeStim'>, anchor=('center', 'center'), autoDraw=False, autoLog=True, closeShape=True, color=method-wrapper(...), colorSpace='rgb', contrast=None, depth=-1.0, draggable=False, fillColor=array([0. , 0.5, 0. ]), fillColorSpace='rgb', fillRGB=array([0. , 0.5, 0. ]), interpolate=True, lineColor=array([0. , 0.5, 0. ]), lineColorSpace='rgb', lineRGB=array([0. , 0.5, 0. ]), lineWidth=1.5, name='fb_head_right', opacity=1, ori=0.0, pos=array([0., 0.]), size=array([1., 1.]), units='height', vertices=ndarray(...), win=Window(...), windingRule=None)
11.2539 	EXP 	Created thankyou = TextStim(__class__=<class 'psychopy.visual.text.TextStim'>, alignHoriz=method-wrapper(...), alignText='center', alignVert=method-wrapper(...), anchorHoriz='center', anchorVert='center', antialias=True, autoDraw=False, autoLog=True, bold=False, color=array([1., 1., 1.]), colorSpace='rgb', contrast=1.0, depth=0.0, draggable=False, flipHoriz=False, flipVert=False, font='Arial', fontFiles=[], height=np.float64(0.06), italic=False, languageStyle='LTR', name='thankyou', opacity=1, ori=0, pos=array([0. , 0.1]), rgb=UNKNOWN, text=str(...), units='height', win=Window(...), wrapWidth=1)
11.2597 	EXP 	Created finalslide = TextStim(__class__=<class 'psychopy.visual.text.TextStim'>, alignHoriz=method-wrapper(...), alignText='center', alignVert=method-wrapper(...), anchorHoriz='center', anchorVert='center', antialias=True, autoDraw=False, autoLog=True, bold=False, color=array([1., 1., 1.]), colorSpace='rgb', contrast=1.0, depth=-1.0, draggable=False, flipHoriz=False, flipVert=False, font='Arial', fontFiles=[], height=np.float64(0.04), italic=False, languageStyle='LTR', name='finalslide', opacity=1, ori=0, pos=array([ 0. , -0.2]), rgb=UNKNOWN, text='Press any number to exit.', units='height', win=Window(...), wrapWidth=1)
11.2672 	EXP 	Created unnamed TextStim = TextStim(__class__=<class 'psychopy.visual.text.TextStim'>, alignHoriz=method-wrapper(...), alignText='center', alignVert=method-wrapper(...), anchorHoriz='center', anchorVert='center', antialias=True, autoDraw=False, autoLog=True, bold=True, color=array([1., 1., 1.]), colorSpace='rgb', contrast=1.0, depth=0.0, draggable=False, flipHoriz=False, flipVert=False, font='Arial', fontFiles=[], height=np.float64(0.06), italic=False, languageStyle='LTR', name='unnamed TextStim', opacity=1.0, ori=0.0, pos=array([0.  , 0.39]), rgb=UNKNOWN, text='Practice Trials + Instructions', units='height', win=Window(...), wrapWidth=1.5)
11.2850 	EXP 	Created unnamed TextStim = TextStim(__class__=<class 'psychopy.visual.text.TextStim'>, alignHoriz=method-wrapper(...), alignText='center', alignVert=method-wrapper(...), anchorHoriz='center', anchorVert='center', antialias=True, autoDraw=False, autoLog=True, bold=False, color=array([1., 1., 1.]), colorSpace='rgb', contrast=1.0, depth=-1.0, draggable=False, flipHoriz=False, flipVert=False, font='Arial', fontFiles=[], height=np.float64(0.036), italic=False, languageStyle='LTR', name='unnamed TextStim', opacity=1.0, ori=0.0, pos=array([0.  , 0.03]), rgb=UNKNOWN, text=str(...), units='height', win=Window(...), wrapWidth=1.5)
11.2908 	EXP 	Created unnamed TextStim = TextStim(__class__=<class 'psychopy.visual.text.TextStim'>, alignHoriz=method-wrapper(...), alignText='center', alignVert=method-wrapper(...), anchorHoriz='center', anchorVert='center', antialias=True, autoDraw=False, autoLog=True, bold=False, color=array([0.2 , 0.55, 0.95]), colorSpace='rgb', contrast=1.0, depth=-2.0, draggable=False, flipHoriz=False, flipVert=False, font='Arial', fontFiles=[], height=np.float64(0.032), italic=False, languageStyle='LTR', name='unnamed TextStim', opacity=1.0, ori=0.0, pos=array([ 0. , -0.4]), rgb=UNKNOWN, text='Blue background  =  path distance trials', units='height', win=Window(...), wrapWidth=1)
11.2937 	EXP 	Created unnamed TextStim = TextStim(__class__=<class 'psychopy.visual.text.TextStim'>, alignHoriz=method-wrapper(...), alignText='center', alignVert=method-wrapper(...), anchorHoriz='center', anchorVert='center', antialias=True, autoDraw=False, autoLog=True, bold=False, color=array([0.914, 0.506, 0.09 ]), colorSpace='rgb', contrast=1.0, depth=-3.0, draggable=False, flipHoriz=False, flipVert=False, font='Arial', fontFiles=[], height=np.float64(0.032), italic=False, languageStyle='LTR', name='unnamed TextStim', opacity=1.0, ori=0.0, pos=array([ 0.  , -0.44]), rgb=UNKNOWN, text=str(...), units='height', win=Window(...), wrapWidth=1)
11.2974 	EXP 	Created unnamed TextStim = TextStim(__class__=<class 'psychopy.visual.text.TextStim'>, alignHoriz=method-wrapper(...), alignText='center', alignVert=method-wrapper(...), anchorHoriz='center', anchorVert='center', antialias=True, autoDraw=False, autoLog=True, bold=False, color=array([0.4, 0.4, 0.4]), colorSpace='rgb', contrast=1.0, depth=-4.0, draggable=False, flipHoriz=False, flipVert=False, font='Arial', fontFiles=[], height=np.float64(0.030999999999999996), italic=False, languageStyle='LTR', name='unnamed TextStim', opacity=1.0, ori=0.0, pos=array([ 0.  , -0.47]), rgb=UNKNOWN, text='Press any number to continue.', units='height', win=Window(...), wrapWidth=1)
11.3007 	INFO 	Keyboard events cleared
11.3006 	EXP 	unnamed TextStim: autoDraw = True
11.3006 	EXP 	unnamed TextStim: autoDraw = True
11.3006 	EXP 	unnamed TextStim: autoDraw = True
11.3006 	EXP 	unnamed TextStim: autoDraw = True
11.3006 	EXP 	unnamed TextStim: autoDraw = True
104.5868 	DATA 	Keypress: 2
104.5975 	EXP 	Device response: <KeyPress from None: t=104.58656920003705, value=2, duration=None>
104.6037 	INFO 	Keyboard events cleared
104.6036 	EXP 	unnamed TextStim: autoDraw = False
104.6036 	EXP 	unnamed TextStim: autoDraw = False
104.6036 	EXP 	unnamed TextStim: autoDraw = False
104.6036 	EXP 	unnamed TextStim: autoDraw = False
104.6036 	EXP 	unnamed TextStim: autoDraw = False
104.6036 	EXP 	maze_image: image = 'stimuli/prac_maze.png'
104.6036 	EXP 	maze_image: autoDraw = True
104.6036 	EXP 	maze_title_stim: autoDraw = True
104.6036 	EXP 	env_advance: autoDraw = True
104.7449 	EXP 	Device response: <KeyPress from None: t=104.58656920003705, value=2, duration=0.15203749999636784>
106.6198 	EXP 	Device response: <KeyPress from None: t=106.61743540002499, value=3, duration=None>
106.6253 	DEBUG 	Read csv file with pandas: nav_task_practice_fruit.csv
106.6260 	DEBUG 	Clearing unnamed columns from nav_task_practice_fruit.csv
106.6264 	EXP 	Imported nav_task_practice_fruit.csv as conditions, 4 conditions, 9 params
106.6266 	EXP 	Created sequence: sequential, trialTypes=4, nReps=1, seed=None
106.6267 	EXP 	New trial (rep=0, index=0): OrderedDict([('cueImage', 'stimuli/prac_apple.png'), ('leftImage', 'stimuli/prac_orange.png'), ('rightImage', 'stimuli/prac_banana.png'), ('corrAns', 'right'), ('trial_type', 'route'), ('cueLabel', 'Apple'), ('leftLabel', 'Orange'), ('rightLabel', 'Banana'), ('corrLabel', 'Banana')])
106.6270 	DEPRECATION 	Clock.add() is deprecated in favor of .addTime() due to the counterintuitive design (it added time to the baseline, which reduced the values returned from getTime() )
106.6281 	DATA 	Keypress: 3
106.6310 	EXP 	maze_image: autoDraw = False
106.6310 	EXP 	maze_title_stim: autoDraw = False
106.6310 	EXP 	env_advance: autoDraw = False
106.6310 	EXP 	fixation: autoDraw = True
106.8116 	EXP 	Device response: <KeyPress from None: t=106.61743540002499, value=3, duration=0.1872408000053838>
107.6428 	INFO 	Keyboard events cleared
107.6428 	EXP 	fixation: autoDraw = False
107.6428 	EXP 	cue_image: image = 'stimuli/prac_apple.png'
107.6428 	EXP 	left_image: image = 'stimuli/prac_orange.png'
107.6428 	EXP 	right_image: image = 'stimuli/prac_banana.png'
107.6428 	EXP 	cue_label_stim: height = np.float64(0.042)
107.6428 	EXP 	cue_label_stim: height = np.float64(0.042)
107.6428 	EXP 	cue_label_stim: height = np.float64(0.042)
107.6428 	EXP 	cue_label_stim: text = 'Apple'
107.6428 	EXP 	left_label_stim: height = np.float64(0.042)
107.6428 	EXP 	left_label_stim: height = np.float64(0.042)
107.6428 	EXP 	left_label_stim: height = np.float64(0.042)
107.6428 	EXP 	left_label_stim: text = 'Orange'
107.6428 	EXP 	right_label_stim: height = np.float64(0.042)
107.6428 	EXP 	right_label_stim: height = np.float64(0.042)
107.6428 	EXP 	right_label_stim: height = np.float64(0.042)
107.6428 	EXP 	right_label_stim: text = 'Banana'
107.6428 	EXP 	question_text: height = np.float64(0.055)
107.6428 	EXP 	question_text: height = np.float64(0.055)
107.6428 	EXP 	question_text: height = np.float64(0.055)
107.6428 	EXP 	question_text: text = 'Which is the shortest path distance from the start?'
107.6428 	EXP 	question_text: autoDraw = True
107.6428 	EXP 	cue_image: autoDraw = True
107.6428 	EXP 	cue_label_stim: autoDraw = True
107.6428 	EXP 	left_image: autoDraw = True
107.6428 	EXP 	left_label_stim: autoDraw = True
107.6428 	EXP 	right_image: autoDraw = True
107.6428 	EXP 	right_label_stim: autoDraw = True
108.4462 	DATA 	Keypress: 1
108.4535 	EXP 	Device response: <KeyPress from None: t=108.44567809998989, value=1, duration=None>
108.4611 	DEPRECATION 	Clock.add() is deprecated in favor of .addTime() due to the counterintuitive design (it added time to the baseline, which reduced the values returned from getTime() )
108.4653 	EXP 	question_text: autoDraw = False
108.4653 	EXP 	cue_image: autoDraw = False
108.4653 	EXP 	cue_label_stim: autoDraw = False
108.4653 	EXP 	left_image: autoDraw = False
108.4653 	EXP 	left_label_stim: autoDraw = False
108.4653 	EXP 	right_image: autoDraw = False
108.4653 	EXP 	right_label_stim: autoDraw = False
108.4653 	EXP 	fb_text_right: height = np.float64(0.046)
108.4653 	EXP 	fb_text_right: height = np.float64(0.046)
108.4653 	EXP 	fb_text_right: height = np.float64(0.046)
108.4653 	EXP 	fb_text_right: text = 'Correct answer:\nBanana'
108.4653 	EXP 	question_text: autoDraw = True
108.4653 	EXP 	cue_image: autoDraw = True
108.4653 	EXP 	cue_label_stim: autoDraw = True
108.4653 	EXP 	left_image: autoDraw = True
108.4653 	EXP 	left_label_stim: autoDraw = True
108.4653 	EXP 	right_image: autoDraw = True
108.4653 	EXP 	right_label_stim: autoDraw = True
108.4653 	EXP 	fb_text_right: autoDraw = True
108.4653 	EXP 	fb_line_right: autoDraw = True
108.4653 	EXP 	fb_head_right: autoDraw = True
108.6619 	EXP 	Device response: <KeyPress from None: t=108.44567809998989, value=1, duration=0.21592410001903772>
110.4630 	EXP 	New trial (rep=0, index=1): OrderedDict([('cueImage', 'stimuli/prac_apple.png'), ('leftImage', 'stimuli/prac_orange.png'), ('rightImage', 'stimuli/prac_banana.png'), ('corrAns', 'right'), ('trial_type', 'line'), ('cueLabel', 'Apple'), ('leftLabel', 'Orange'), ('rightLabel', 'Banana'), ('corrLabel', 'Banana')])
110.4633 	DEPRECATION 	Clock.add() is deprecated in favor of .addTime() due to the counterintuitive design (it added time to the baseline, which reduced the values returned from getTime() )
110.4700 	EXP 	question_text: autoDraw = False
110.4700 	EXP 	cue_image: autoDraw = False
110.4700 	EXP 	cue_label_stim: autoDraw = False
110.4700 	EXP 	left_image: autoDraw = False
110.4700 	EXP 	left_label_stim: autoDraw = False
110.4700 	EXP 	right_image: autoDraw = False
110.4700 	EXP 	right_label_stim: autoDraw = False
110.4700 	EXP 	fb_text_right: autoDraw = False
110.4700 	EXP 	fb_line_right: autoDraw = False
110.4700 	EXP 	fb_head_right: autoDraw = False
110.4700 	EXP 	fixation: autoDraw = True
111.4814 	INFO 	Keyboard events cleared
111.4813 	EXP 	fixation: autoDraw = False
111.4813 	EXP 	cue_image: image = 'stimuli/prac_apple.png'
111.4813 	EXP 	left_image: image = 'stimuli/prac_orange.png'
111.4813 	EXP 	right_image: image = 'stimuli/prac_banana.png'
111.4813 	EXP 	cue_label_stim: text = 'Apple'
111.4813 	EXP 	left_label_stim: text = 'Orange'
111.4813 	EXP 	right_label_stim: text = 'Banana'
111.4813 	EXP 	question_text: height = np.float64(0.055)
111.4813 	EXP 	question_text: height = np.float64(0.055)
111.4813 	EXP 	question_text: height = np.float64(0.055)
111.4813 	EXP 	question_text: text = 'Which is the shortest straight-line distance from the start?'
111.4813 	EXP 	question_text: autoDraw = True
111.4813 	EXP 	cue_image: autoDraw = True
111.4813 	EXP 	cue_label_stim: autoDraw = True
111.4813 	EXP 	left_image: autoDraw = True
111.4813 	EXP 	left_label_stim: autoDraw = True
111.4813 	EXP 	right_image: autoDraw = True
111.4813 	EXP 	right_label_stim: autoDraw = True
121.4816 	DEPRECATION 	Clock.add() is deprecated in favor of .addTime() due to the counterintuitive design (it added time to the baseline, which reduced the values returned from getTime() )
121.4880 	EXP 	question_text: autoDraw = False
121.4880 	EXP 	cue_image: autoDraw = False
121.4880 	EXP 	cue_label_stim: autoDraw = False
121.4880 	EXP 	left_image: autoDraw = False
121.4880 	EXP 	left_label_stim: autoDraw = False
121.4880 	EXP 	right_image: autoDraw = False
121.4880 	EXP 	right_label_stim: autoDraw = False
121.4880 	EXP 	fb_text_right: text = 'Correct answer:\nBanana'
121.4880 	EXP 	question_text: autoDraw = True
121.4880 	EXP 	cue_image: autoDraw = True
121.4880 	EXP 	cue_label_stim: autoDraw = True
121.4880 	EXP 	left_image: autoDraw = True
121.4880 	EXP 	left_label_stim: autoDraw = True
121.4880 	EXP 	right_image: autoDraw = True
121.4880 	EXP 	right_label_stim: autoDraw = True
121.4880 	EXP 	fb_text_right: autoDraw = True
121.4880 	EXP 	fb_line_right: autoDraw = True
121.4880 	EXP 	fb_head_right: autoDraw = True
123.4894 	EXP 	New trial (rep=0, index=2): OrderedDict([('cueImage', 'stimuli/prac_apple.png'), ('leftImage', 'stimuli/prac_orange.png'), ('rightImage', 'stimuli/prac_grape.png'), ('corrAns', 'left'), ('trial_type', 'route'), ('cueLabel', 'Apple'), ('leftLabel', 'Orange'), ('rightLabel', 'Grape'), ('corrLabel', 'Orange')])
123.4972 	INFO 	Keyboard events cleared
123.4971 	EXP 	question_text: autoDraw = False
123.4971 	EXP 	cue_image: autoDraw = False
123.4971 	EXP 	cue_label_stim: autoDraw = False
123.4971 	EXP 	left_image: autoDraw = False
123.4971 	EXP 	left_label_stim: autoDraw = False
123.4971 	EXP 	right_image: autoDraw = False
123.4971 	EXP 	right_label_stim: autoDraw = False
123.4971 	EXP 	fb_text_right: autoDraw = False
123.4971 	EXP 	fb_line_right: autoDraw = False
123.4971 	EXP 	fb_head_right: autoDraw = False
123.4971 	EXP 	maze_image: image = 'stimuli/prac_maze.png'
123.4971 	EXP 	maze_image: autoDraw = True
123.4971 	EXP 	maze_title_stim: autoDraw = True
123.4971 	EXP 	env_advance: autoDraw = True
129.7978 	EXP 	Device response: <KeyPress from None: t=129.7927289000363, value=2, duration=None>
129.7982 	DEPRECATION 	Clock.add() is deprecated in favor of .addTime() due to the counterintuitive design (it added time to the baseline, which reduced the values returned from getTime() )
129.7988 	DATA 	Keypress: 2
129.8060 	EXP 	maze_image: autoDraw = False
129.8060 	EXP 	maze_title_stim: autoDraw = False
129.8060 	EXP 	env_advance: autoDraw = False
129.8060 	EXP 	fixation: autoDraw = True
129.9892 	EXP 	Device response: <KeyPress from None: t=129.7927289000363, value=2, duration=0.19265149999409914>
130.8167 	INFO 	Keyboard events cleared
130.8166 	EXP 	fixation: autoDraw = False
130.8166 	EXP 	cue_image: image = 'stimuli/prac_apple.png'
130.8166 	EXP 	left_image: image = 'stimuli/prac_orange.png'
130.8166 	EXP 	right_image: image = 'stimuli/prac_grape.png'
130.8166 	EXP 	cue_label_stim: text = 'Apple'
130.8166 	EXP 	left_label_stim: text = 'Orange'
130.8166 	EXP 	right_label_stim: height = np.float64(0.042)
130.8166 	EXP 	right_label_stim: height = np.float64(0.042)
130.8166 	EXP 	right_label_stim: height = np.float64(0.042)
130.8166 	EXP 	right_label_stim: text = 'Grape'
130.8166 	EXP 	question_text: height = np.float64(0.055)
130.8166 	EXP 	question_text: height = np.float64(0.055)
130.8166 	EXP 	question_text: height = np.float64(0.055)
130.8166 	EXP 	question_text: text = 'Which is the shortest path distance from the start?'
130.8166 	EXP 	question_text: autoDraw = True
130.8166 	EXP 	cue_image: autoDraw = True
130.8166 	EXP 	cue_label_stim: autoDraw = True
130.8166 	EXP 	left_image: autoDraw = True
130.8166 	EXP 	left_label_stim: autoDraw = True
130.8166 	EXP 	right_image: autoDraw = True
130.8166 	EXP 	right_label_stim: autoDraw = True
131.9729 	EXP 	Device response: <KeyPress from None: t=131.97112910001306, value=2, duration=None>
131.9766 	DEPRECATION 	Clock.add() is deprecated in favor of .addTime() due to the counterintuitive design (it added time to the baseline, which reduced the values returned from getTime() )
131.9786 	DATA 	Keypress: 2
131.9806 	EXP 	question_text: autoDraw = False
131.9806 	EXP 	cue_image: autoDraw = False
131.9806 	EXP 	cue_label_stim: autoDraw = False
131.9806 	EXP 	left_image: autoDraw = False
131.9806 	EXP 	left_label_stim: autoDraw = False
131.9806 	EXP 	right_image: autoDraw = False
131.9806 	EXP 	right_label_stim: autoDraw = False
131.9806 	EXP 	fb_text_left: height = np.float64(0.046)
131.9806 	EXP 	fb_text_left: height = np.float64(0.046)
131.9806 	EXP 	fb_text_left: height = np.float64(0.046)
131.9806 	EXP 	fb_text_left: text = 'Correct answer:\nOrange'
131.9806 	EXP 	question_text: autoDraw = True
131.9806 	EXP 	cue_image: autoDraw = True
131.9806 	EXP 	cue_label_stim: autoDraw = True
131.9806 	EXP 	left_image: autoDraw = True
131.9806 	EXP 	left_label_stim: autoDraw = True
131.9806 	EXP 	right_image: autoDraw = True
131.9806 	EXP 	right_label_stim: autoDraw = True
131.9806 	EXP 	fb_text_left: autoDraw = True
131.9806 	EXP 	fb_line_left: autoDraw = True
131.9806 	EXP 	fb_head_left: autoDraw = True
132.1398 	EXP 	Device response: <KeyPress from None: t=131.97112910001306, value=2, duration=0.1606681999983266>
133.9833 	EXP 	New trial (rep=0, index=3): OrderedDict([('cueImage', 'stimuli/prac_apple.png'), ('leftImage', 'stimuli/prac_orange.png'), ('rightImage', 'stimuli/prac_grape.png'), ('corrAns', 'right'), ('trial_type', 'line'), ('cueLabel', 'Apple'), ('leftLabel', 'Orange'), ('rightLabel', 'Grape'), ('corrLabel', 'Grape')])
133.9835 	DEPRECATION 	Clock.add() is deprecated in favor of .addTime() due to the counterintuitive design (it added time to the baseline, which reduced the values returned from getTime() )
133.9898 	EXP 	question_text: autoDraw = False
133.9898 	EXP 	cue_image: autoDraw = False
133.9898 	EXP 	cue_label_stim: autoDraw = False
133.9898 	EXP 	left_image: autoDraw = False
133.9898 	EXP 	left_label_stim: autoDraw = False
133.9898 	EXP 	right_image: autoDraw = False
133.9898 	EXP 	right_label_stim: autoDraw = False
133.9898 	EXP 	fb_text_left: autoDraw = False
133.9898 	EXP 	fb_line_left: autoDraw = False
133.9898 	EXP 	fb_head_left: autoDraw = False
133.9898 	EXP 	fixation: autoDraw = True
134.9977 	INFO 	Keyboard events cleared
134.9977 	EXP 	fixation: autoDraw = False
134.9977 	EXP 	cue_image: image = 'stimuli/prac_apple.png'
134.9977 	EXP 	left_image: image = 'stimuli/prac_orange.png'
134.9977 	EXP 	right_image: image = 'stimuli/prac_grape.png'
134.9977 	EXP 	cue_label_stim: text = 'Apple'
134.9977 	EXP 	left_label_stim: text = 'Orange'
134.9977 	EXP 	right_label_stim: text = 'Grape'
134.9977 	EXP 	question_text: height = np.float64(0.055)
134.9977 	EXP 	question_text: height = np.float64(0.055)
134.9977 	EXP 	question_text: height = np.float64(0.055)
134.9977 	EXP 	question_text: text = 'Which is the shortest straight-line distance from the start?'
134.9977 	EXP 	question_text: autoDraw = True
134.9977 	EXP 	cue_image: autoDraw = True
134.9977 	EXP 	cue_label_stim: autoDraw = True
134.9977 	EXP 	left_image: autoDraw = True
134.9977 	EXP 	left_label_stim: autoDraw = True
134.9977 	EXP 	right_image: autoDraw = True
134.9977 	EXP 	right_label_stim: autoDraw = True
135.5486 	EXP 	Device response: <KeyPress from None: t=135.54550720000407, value=1, duration=None>
135.5519 	DEPRECATION 	Clock.add() is deprecated in favor of .addTime() due to the counterintuitive design (it added time to the baseline, which reduced the values returned from getTime() )
135.5529 	DATA 	Keypress: 1
135.5565 	EXP 	question_text: autoDraw = False
135.5565 	EXP 	cue_image: autoDraw = False
135.5565 	EXP 	cue_label_stim: autoDraw = False
135.5565 	EXP 	left_image: autoDraw = False
135.5565 	EXP 	left_label_stim: autoDraw = False
135.5565 	EXP 	right_image: autoDraw = False
135.5565 	EXP 	right_label_stim: autoDraw = False
135.5565 	EXP 	fb_text_right: height = np.float64(0.046)
135.5565 	EXP 	fb_text_right: height = np.float64(0.046)
135.5565 	EXP 	fb_text_right: height = np.float64(0.046)
135.5565 	EXP 	fb_text_right: text = 'Correct answer:\nGrape'
135.5565 	EXP 	question_text: autoDraw = True
135.5565 	EXP 	cue_image: autoDraw = True
135.5565 	EXP 	cue_label_stim: autoDraw = True
135.5565 	EXP 	left_image: autoDraw = True
135.5565 	EXP 	left_label_stim: autoDraw = True
135.5565 	EXP 	right_image: autoDraw = True
135.5565 	EXP 	right_label_stim: autoDraw = True
135.5565 	EXP 	fb_text_right: autoDraw = True
135.5565 	EXP 	fb_line_right: autoDraw = True
135.5565 	EXP 	fb_head_right: autoDraw = True
135.7484 	EXP 	Device response: <KeyPress from None: t=135.54550720000407, value=1, duration=0.20205070002702996>
137.5712 	EXP 	Created unnamed TextStim = TextStim(__class__=<class 'psychopy.visual.text.TextStim'>, alignHoriz=method-wrapper(...), alignText='center', alignVert=method-wrapper(...), anchorHoriz='center', anchorVert='center', antialias=True, autoDraw=False, autoLog=True, bold=False, color=array([1., 1., 1.]), colorSpace='rgb', contrast=1.0, depth=-1.0, draggable=False, flipHoriz=False, flipVert=False, font='Arial', fontFiles=[], height=np.float64(0.036), italic=False, languageStyle='LTR', name='unnamed TextStim', opacity=1.0, ori=0.0, pos=array([0.  , 0.12]), rgb=UNKNOWN, text=str(...), units='height', win=Window(...), wrapWidth=1.5)
137.5767 	EXP 	Created unnamed TextStim = TextStim(__class__=<class 'psychopy.visual.text.TextStim'>, alignHoriz=method-wrapper(...), alignText='center', alignVert=method-wrapper(...), anchorHoriz='center', anchorVert='center', antialias=True, autoDraw=False, autoLog=True, bold=False, color=array([0.4, 0.4, 0.4]), colorSpace='rgb', contrast=1.0, depth=-4.0, draggable=False, flipHoriz=False, flipVert=False, font='Arial', fontFiles=[], height=np.float64(0.030999999999999996), italic=False, languageStyle='LTR', name='unnamed TextStim', opacity=1.0, ori=0.0, pos=array([ 0.  , -0.47]), rgb=UNKNOWN, text='Press any number to continue.', units='height', win=Window(...), wrapWidth=1)
137.5794 	INFO 	Keyboard events cleared
137.5793 	EXP 	question_text: autoDraw = False
137.5793 	EXP 	cue_image: autoDraw = False
137.5793 	EXP 	cue_label_stim: autoDraw = False
137.5793 	EXP 	left_image: autoDraw = False
137.5793 	EXP 	left_label_stim: autoDraw = False
137.5793 	EXP 	right_image: autoDraw = False
137.5793 	EXP 	right_label_stim: autoDraw = False
137.5793 	EXP 	fb_text_right: autoDraw = False
137.5793 	EXP 	fb_line_right: autoDraw = False
137.5793 	EXP 	fb_head_right: autoDraw = False
137.5793 	EXP 	unnamed TextStim: autoDraw = True
137.5793 	EXP 	unnamed TextStim: autoDraw = True
139.3240 	EXP 	Device response: <KeyPress from None: t=139.31939409999177, value=2, duration=None>
139.3428 	DATA 	Keypress: 2
139.3509 	INFO 	Keyboard events cleared
139.3508 	EXP 	unnamed TextStim: autoDraw = False
139.3508 	EXP 	unnamed TextStim: autoDraw = False
139.3508 	EXP 	env_label: height = np.float64(0.048)
139.3508 	EXP 	env_label: height = np.float64(0.048)
139.3508 	EXP 	env_label: height = np.float64(0.048)
139.3508 	EXP 	env_label: text = 'Environment: brick maze'
139.3508 	EXP 	env_maze_image: image = 'stimuli/brick_maze.png'
139.3508 	EXP 	env_label: autoDraw = True
139.3508 	EXP 	env_maze_image: autoDraw = True
139.3508 	EXP 	env_advance: autoDraw = True
139.5737 	EXP 	Device response: <KeyPress from None: t=139.31939409999177, value=2, duration=0.2519997000345029>
140.8905 	EXP 	Device response: <KeyPress from None: t=140.88861439999891, value=space, duration=None>
140.8913 	DATA 	Keypress: space
141.1240 	EXP 	Device response: <KeyPress from None: t=140.88861439999891, value=space, duration=0.23203200002899393>
141.4739 	EXP 	Device response: <KeyPress from None: t=141.4714479999966, value=2, duration=None>
141.4768 	DEBUG 	Read csv file with pandas: nav_task_practice_brick.csv
141.4772 	DEBUG 	Clearing unnamed columns from nav_task_practice_brick.csv
141.4776 	EXP 	Imported nav_task_practice_brick.csv as conditions, 2 conditions, 9 params
141.4777 	EXP 	Created sequence: sequential, trialTypes=2, nReps=1, seed=None
141.4778 	EXP 	New trial (rep=0, index=0): OrderedDict([('cueImage', 'stimuli/brick_telescope.png'), ('leftImage', 'stimuli/brick_plant.png'), ('rightImage', 'stimuli/brick_well.png'), ('corrAns', 'left'), ('trial_type', 'route'), ('cueLabel', 'Telescope'), ('leftLabel', 'Plant'), ('rightLabel', 'Well'), ('corrLabel', 'Plant')])
141.4780 	DEPRECATION 	Clock.add() is deprecated in favor of .addTime() due to the counterintuitive design (it added time to the baseline, which reduced the values returned from getTime() )
141.4785 	DATA 	Keypress: 2
141.4820 	EXP 	env_label: autoDraw = False
141.4820 	EXP 	env_maze_image: autoDraw = False
141.4820 	EXP 	env_advance: autoDraw = False
141.4820 	EXP 	fixation: autoDraw = True
141.6907 	EXP 	Device response: <KeyPress from None: t=141.4714479999966, value=2, duration=0.2134366999962367>
142.5001 	INFO 	Keyboard events cleared
142.5000 	EXP 	fixation: autoDraw = False
142.5000 	EXP 	cue_image: image = 'stimuli/brick_telescope.png'
142.5000 	EXP 	left_image: image = 'stimuli/brick_plant.png'
142.5000 	EXP 	right_image: image = 'stimuli/brick_well.png'
142.5000 	EXP 	cue_label_stim: height = np.float64(0.042)
142.5000 	EXP 	cue_label_stim: height = np.float64(0.042)
142.5000 	EXP 	cue_label_stim: height = np.float64(0.042)
142.5000 	EXP 	cue_label_stim: text = 'Telescope'
142.5000 	EXP 	left_label_stim: height = np.float64(0.042)
142.5000 	EXP 	left_label_stim: height = np.float64(0.042)
142.5000 	EXP 	left_label_stim: height = np.float64(0.042)
142.5000 	EXP 	left_label_stim: text = 'Plant'
142.5000 	EXP 	right_label_stim: height = np.float64(0.042)
142.5000 	EXP 	right_label_stim: height = np.float64(0.042)
142.5000 	EXP 	right_label_stim: height = np.float64(0.042)
142.5000 	EXP 	right_label_stim: text = 'Well'
142.5000 	EXP 	question_text: height = np.float64(0.055)
142.5000 	EXP 	question_text: height = np.float64(0.055)
142.5000 	EXP 	question_text: height = np.float64(0.055)
142.5000 	EXP 	question_text: text = 'Which is the shortest path distance from the start?'
142.5000 	EXP 	question_text: autoDraw = True
142.5000 	EXP 	cue_image: autoDraw = True
142.5000 	EXP 	cue_label_stim: autoDraw = True
142.5000 	EXP 	left_image: autoDraw = True
142.5000 	EXP 	left_label_stim: autoDraw = True
142.5000 	EXP 	right_image: autoDraw = True
142.5000 	EXP 	right_label_stim: autoDraw = True
143.2995 	EXP 	Device response: <KeyPress from None: t=143.29800710000563, value=1, duration=None>
143.3051 	DEPRECATION 	Clock.add() is deprecated in favor of .addTime() due to the counterintuitive design (it added time to the baseline, which reduced the values returned from getTime() )
143.3061 	DATA 	Keypress: 1
143.3086 	EXP 	question_text: autoDraw = False
143.3086 	EXP 	cue_image: autoDraw = False
143.3086 	EXP 	cue_label_stim: autoDraw = False
143.3086 	EXP 	left_image: autoDraw = False
143.3086 	EXP 	left_label_stim: autoDraw = False
143.3086 	EXP 	right_image: autoDraw = False
143.3086 	EXP 	right_label_stim: autoDraw = False
143.3086 	EXP 	fb_text_left: height = np.float64(0.046)
143.3086 	EXP 	fb_text_left: height = np.float64(0.046)
143.3086 	EXP 	fb_text_left: height = np.float64(0.046)
143.3086 	EXP 	fb_text_left: text = 'Correct answer:\nPlant'
143.3086 	EXP 	question_text: autoDraw = True
143.3086 	EXP 	cue_image: autoDraw = True
143.3086 	EXP 	cue_label_stim: autoDraw = True
143.3086 	EXP 	left_image: autoDraw = True
143.3086 	EXP 	left_label_stim: autoDraw = True
143.3086 	EXP 	right_image: autoDraw = True
143.3086 	EXP 	right_label_stim: autoDraw = True
143.3086 	EXP 	fb_text_left: autoDraw = True
143.3086 	EXP 	fb_line_left: autoDraw = True
143.3086 	EXP 	fb_head_left: autoDraw = True
143.4992 	EXP 	Device response: <KeyPress from None: t=143.29800710000563, value=1, duration=0.19561270001577213>
145.3088 	EXP 	New trial (rep=0, index=1): OrderedDict([('cueImage', 'stimuli/brick_telescope.png'), ('leftImage', 'stimuli/brick_plant.png'), ('rightImage', 'stimuli/brick_well.png'), ('corrAns', 'left'), ('trial_type', 'line'), ('cueLabel', 'Telescope'), ('leftLabel', 'Plant'), ('rightLabel', 'Well'), ('corrLabel', 'Plant')])
145.3091 	DEPRECATION 	Clock.add() is deprecated in favor of .addTime() due to the counterintuitive design (it added time to the baseline, which reduced the values returned from getTime() )
145.3159 	EXP 	question_text: autoDraw = False
145.3159 	EXP 	cue_image: autoDraw = False
145.3159 	EXP 	cue_label_stim: autoDraw = False
145.3159 	EXP 	left_image: autoDraw = False
145.3159 	EXP 	left_label_stim: autoDraw = False
145.3159 	EXP 	right_image: autoDraw = False
145.3159 	EXP 	right_label_stim: autoDraw = False
145.3159 	EXP 	fb_text_left: autoDraw = False
145.3159 	EXP 	fb_line_left: autoDraw = False
145.3159 	EXP 	fb_head_left: autoDraw = False
145.3159 	EXP 	fixation: autoDraw = True
146.3247 	INFO 	Keyboard events cleared
146.3246 	EXP 	fixation: autoDraw = False
146.3246 	EXP 	cue_image: image = 'stimuli/brick_telescope.png'
146.3246 	EXP 	left_image: image = 'stimuli/brick_plant.png'
146.3246 	EXP 	right_image: image = 'stimuli/brick_well.png'
146.3246 	EXP 	cue_label_stim: text = 'Telescope'
146.3246 	EXP 	left_label_stim: text = 'Plant'
146.3246 	EXP 	right_label_stim: text = 'Well'
146.3246 	EXP 	question_text: height = np.float64(0.055)
146.3246 	EXP 	question_text: height = np.float64(0.055)
146.3246 	EXP 	question_text: height = np.float64(0.055)
146.3246 	EXP 	question_text: text = 'Which is the shortest straight-line distance from the start?'
146.3246 	EXP 	question_text: autoDraw = True
146.3246 	EXP 	cue_image: autoDraw = True
146.3246 	EXP 	cue_label_stim: autoDraw = True
146.3246 	EXP 	left_image: autoDraw = True
146.3246 	EXP 	left_label_stim: autoDraw = True
146.3246 	EXP 	right_image: autoDraw = True
146.3246 	EXP 	right_label_stim: autoDraw = True
146.7080 	EXP 	Device response: <KeyPress from None: t=146.70193219999783, value=2, duration=None>
146.7082 	DEPRECATION 	Clock.add() is deprecated in favor of .addTime() due to the counterintuitive design (it added time to the baseline, which reduced the values returned from getTime() )
146.7092 	DATA 	Keypress: 2
146.7161 	EXP 	question_text: autoDraw = False
146.7161 	EXP 	cue_image: autoDraw = False
146.7161 	EXP 	cue_label_stim: autoDraw = False
146.7161 	EXP 	left_image: autoDraw = False
146.7161 	EXP 	left_label_stim: autoDraw = False
146.7161 	EXP 	right_image: autoDraw = False
146.7161 	EXP 	right_label_stim: autoDraw = False
146.7161 	EXP 	fb_text_left: text = 'Correct answer:\nPlant'
146.7161 	EXP 	question_text: autoDraw = True
146.7161 	EXP 	cue_image: autoDraw = True
146.7161 	EXP 	cue_label_stim: autoDraw = True
146.7161 	EXP 	left_image: autoDraw = True
146.7161 	EXP 	left_label_stim: autoDraw = True
146.7161 	EXP 	right_image: autoDraw = True
146.7161 	EXP 	right_label_stim: autoDraw = True
146.7161 	EXP 	fb_text_left: autoDraw = True
146.7161 	EXP 	fb_line_left: autoDraw = True
146.7161 	EXP 	fb_head_left: autoDraw = True
146.9330 	EXP 	Device response: <KeyPress from None: t=146.70193219999783, value=2, duration=0.2297563999891281>
148.7092 	INFO 	Keyboard events cleared
148.7128 	DEBUG 	Read csv file with pandas: nav_task_conditions_brick.csv
148.7134 	DEBUG 	Clearing unnamed columns from nav_task_conditions_brick.csv
148.7142 	EXP 	Imported nav_task_conditions_brick.csv as conditions, 24 conditions, 9 params
148.7144 	EXP 	Created sequence: random, trialTypes=24, nReps=1, seed=None
148.7145 	EXP 	New trial (rep=0, index=0): OrderedDict([('cueImage', 'stimuli/brick_chair.png'), ('leftImage', 'stimuli/brick_piano.png'), ('rightImage', 'stimuli/brick_well.png'), ('corrAns', 'right'), ('trial_type', 'route'), ('cueLabel', 'Chair'), ('leftLabel', 'Piano'), ('rightLabel', 'Well'), ('corrLabel', 'Well')])
148.7147 	DEPRECATION 	Clock.add() is deprecated in favor of .addTime() due to the counterintuitive design (it added time to the baseline, which reduced the values returned from getTime() )
148.7167 	EXP 	question_text: autoDraw = False
148.7167 	EXP 	cue_image: autoDraw = False
148.7167 	EXP 	cue_label_stim: autoDraw = False
148.7167 	EXP 	left_image: autoDraw = False
148.7167 	EXP 	left_label_stim: autoDraw = False
148.7167 	EXP 	right_image: autoDraw = False
148.7167 	EXP 	right_label_stim: autoDraw = False
148.7167 	EXP 	fb_text_left: autoDraw = False
148.7167 	EXP 	fb_line_left: autoDraw = False
148.7167 	EXP 	fb_head_left: autoDraw = False
148.7167 	EXP 	fixation: autoDraw = True
149.7217 	ERROR 	Couldn't find image stimuli/brick_piano.png; check path? (tried: F:\Github\PaperFolding\stimuli\brick_piano.png)
149.7925 	DEBUG 	Saving data for GraphMaze_Navigation ExperimentHandler
149.7943 	INFO 	saved data to F:\Github\PaperFolding\data\123_GraphMaze_Navigation_2026-10-02_16h13.25.496.psydat
149.7954 	INFO 	saved data to 'F:\\Github\\PaperFolding\\data\\123_GraphMaze_Navigation_2026-10-02_16h13.25.496.csv'
149.8093 	INFO 	Stopping keyboard key buffers.
