10.2653 	INFO 	Loaded monitor calibration from ['2026_09_21 04:14']
10.2791 	WARNING 	User requested fullscreen with size [1440  900], but screen is actually [1920, 1080]. Using actual size
10.5577 	INFO 	Using renderer 'AMD Radeon RX 7900 XT' for graphics
10.5577 	INFO 	OpenGL version supported by driver is 4..
10.6229 	DEBUG 	TextBox2 loaded 1 chars with 0 blanks and 1 valid
10.6323 	DEBUG 	TextBox2 loaded 1 chars with 0 blanks and 1 valid
10.6418 	DEBUG 	TextBox2 loaded 1 chars with 0 blanks and 1 valid
10.6516 	DEBUG 	TextBox2 loaded 1 chars with 0 blanks and 1 valid
10.6614 	DEBUG 	TextBox2 loaded 1 chars with 0 blanks and 1 valid
10.6702 	DEBUG 	TextBox2 loaded 1 chars with 0 blanks and 1 valid
10.6796 	DEBUG 	TextBox2 loaded 1 chars with 0 blanks and 1 valid
10.6894 	DEBUG 	TextBox2 loaded 1 chars with 0 blanks and 1 valid
10.6983 	DEBUG 	TextBox2 loaded 1 chars with 0 blanks and 1 valid
10.7070 	DEBUG 	TextBox2 loaded 1 chars with 0 blanks and 1 valid
10.7161 	DEBUG 	TextBox2 loaded 1 chars with 0 blanks and 1 valid
10.7257 	DEBUG 	TextBox2 loaded 1 chars with 0 blanks and 1 valid
10.7372 	DEBUG 	TextBox2 loaded 1 chars with 0 blanks and 1 valid
10.7474 	DEBUG 	TextBox2 loaded 1 chars with 0 blanks and 1 valid
10.7568 	DEBUG 	TextBox2 loaded 1 chars with 0 blanks and 1 valid
10.7668 	DEBUG 	TextBox2 loaded 1 chars with 0 blanks and 1 valid
10.7761 	DEBUG 	TextBox2 loaded 1 chars with 0 blanks and 1 valid
10.7849 	DEBUG 	TextBox2 loaded 1 chars with 0 blanks and 1 valid
10.7936 	DEBUG 	TextBox2 loaded 1 chars with 0 blanks and 1 valid
10.8041 	DEBUG 	TextBox2 loaded 1 chars with 0 blanks and 1 valid
10.8127 	DEBUG 	TextBox2 loaded 1 chars with 0 blanks and 1 valid
10.8130 	DEBUG 	Uploading Texture Font fontname to graphics card
10.8146 	DEBUG 	Upload of Texture Font fontname complete
10.8370 	DEBUG 	TextBox2 loaded 1 chars with 0 blanks and 1 valid
10.8471 	DEBUG 	TextBox2 loaded 1 chars with 0 blanks and 1 valid
10.8586 	DEBUG 	TextBox2 loaded 1 chars with 0 blanks and 1 valid
10.8589 	DEBUG 	Uploading Texture Font fontname to graphics card
10.8597 	DEBUG 	Upload of Texture Font fontname complete
11.8369 	EXP 	Created window1 = Window(allowGUI=False, allowStencil=False, autoLog=True, backendConf=UNKNOWN, backgroundFit=<method-wrapper '__getattribute__' of attributeSetter object at 0x0000029CB4D83DF0>, backgroundImage=<method-wrapper '__getattribute__' of attributeSetter object at 0x0000029CB4D83E50>, bitsMode=UNKNOWN, blendMode='avg', bpc=(8, 8, 8), color=array([0, 0, 0]), colorSpace='rgb', depthBits=8, fullscr=True, gamma=None, gammaErrorPolicy='raise', infoMsg=UNKNOWN, lms=UNKNOWN, monitor=<psychopy.monitors.calibTools.Monitor object at 0x0000029CB76B6DD0>, multiSample=False, name='window1', numSamples=2, pos=(0, 0), screen=0, size=array([1920, 1080]), stencilBits=0, stereo=False, title='PsychoPy', units='height', useFBO=True, useRetina=False, viewOri=0.0, viewPos=None, viewScale=None, waitBlanking=True, winType='pyglet')
11.8369 	EXP 	window1: backgroundImage = None
11.8370 	EXP 	window1: backgroundFit = 'cover'
11.8384 	EXP 	window1: Attempting to measure frame rate of screen (0) ...
11.8384 	EXP 	window1: recordFrameIntervals = False
11.9199 	EXP 	window1: recordFrameIntervals = True
12.7536 	EXP 	window1: recordFrameIntervals = False
12.7537 	EXP 	Screen (0) actual frame rate measured at 120.30Hz
13.2240 	INFO 	keyboard.Keyboard is using ptb backend.
13.3172 	EXP 	Created fixation = TextStim(__class__=<class 'psychopy.visual.text.TextStim'>, alignHoriz=method-wrapper(...), alignText='center', alignVert=method-wrapper(...), anchorHoriz='center', anchorVert='center', antialias=True, autoDraw=False, autoLog=True, bold=False, color=array([1., 1., 1.]), colorSpace='rgb', contrast=1.0, depth=0.0, draggable=False, flipHoriz=False, flipVert=False, font='Arial', fontFiles=[], height=np.float64(0.12), italic=False, languageStyle='LTR', name='fixation', opacity=1, ori=0, pos=array([0., 0.]), rgb=UNKNOWN, text='+', units='height', win=Window(...), wrapWidth=1)
13.3188 	EXP 	Created maze_image = ImageStim(__class__=<class 'psychopy.visual.image.ImageStim'>, anchor=('center', 'center'), autoLog=True, color=array([1., 1., 1.]), colorSpace='rgb', contrast=1.0, depth=0.0, draggable=False, flipHoriz=np.False_, flipVert=np.False_, image='sin', interpolate=True, mask=None, maskParams=None, name='maze_image', opacity=1, ori=0.0, pos=array([ 0.  , -0.03]), size=array([0.85, 0.85]), texRes=128.0, units='height', win=Window(...))
13.3244 	EXP 	Created maze_title_stim = TextStim(__class__=<class 'psychopy.visual.text.TextStim'>, alignHoriz=method-wrapper(...), alignText='center', alignVert=method-wrapper(...), anchorHoriz='center', anchorVert='center', antialias=True, autoDraw=False, autoLog=True, bold=False, color=array([1., 1., 1.]), colorSpace='rgb', contrast=1.0, depth=-1.0, draggable=False, flipHoriz=False, flipVert=False, font='Arial', fontFiles=[], height=np.float64(0.048), italic=False, languageStyle='LTR', name='maze_title_stim', opacity=1, ori=0, pos=array([-0.55,  0.43]), rgb=UNKNOWN, text='Example Practice Maze', units='height', win=Window(...), wrapWidth=1.4)
13.3249 	EXP 	Created env_label = TextStim(__class__=<class 'psychopy.visual.text.TextStim'>, alignHoriz=method-wrapper(...), alignText='center', alignVert=method-wrapper(...), anchorHoriz='center', anchorVert='center', antialias=True, autoDraw=False, autoLog=True, bold=False, color=array([1., 1., 1.]), colorSpace='rgb', contrast=1.0, depth=0.0, draggable=False, flipHoriz=False, flipVert=False, font='Arial', fontFiles=[], height=0.048, italic=False, languageStyle='LTR', name='env_label', opacity=1, ori=0, pos=array([-0.65,  0.43]), rgb=UNKNOWN, text='', units='height', win=Window(...), wrapWidth=1.4)
13.3298 	EXP 	Created env_advance = TextStim(__class__=<class 'psychopy.visual.text.TextStim'>, alignHoriz=method-wrapper(...), alignText='center', alignVert=method-wrapper(...), anchorHoriz='center', anchorVert='center', antialias=True, autoDraw=False, autoLog=True, bold=False, color=array([1., 1., 1.]), colorSpace='rgb', contrast=1.0, depth=-1.0, draggable=False, flipHoriz=False, flipVert=False, font='Arial', fontFiles=[], height=np.float64(0.038), italic=False, languageStyle='LTR', name='env_advance', opacity=1, ori=0, pos=array([ 0. , -0.4]), rgb=UNKNOWN, text='Press any number to continue.', units='height', win=Window(...), wrapWidth=1)
13.3305 	EXP 	Created question_text = TextStim(__class__=<class 'psychopy.visual.text.TextStim'>, alignHoriz=method-wrapper(...), alignText='center', alignVert=method-wrapper(...), anchorHoriz='center', anchorVert='center', antialias=True, autoDraw=False, autoLog=True, bold=False, color=array([-1., -1., -1.]), colorSpace='rgb', contrast=1.0, depth=0.0, draggable=False, flipHoriz=False, flipVert=False, font='Arial', fontFiles=[], height=0.055, italic=False, languageStyle='LTR', name='question_text', opacity=1, ori=0, pos=array([0. , 0.4]), rgb=UNKNOWN, text='', units='height', win=Window(...), wrapWidth=1.5)
13.3314 	EXP 	Created cue_image = ImageStim(__class__=<class 'psychopy.visual.image.ImageStim'>, anchor=('center', 'center'), autoLog=True, color=array([1., 1., 1.]), colorSpace='rgb', contrast=1.0, depth=-1.0, draggable=False, flipHoriz=np.False_, flipVert=np.False_, image='sin', interpolate=True, mask=None, maskParams=None, name='cue_image', opacity=1, ori=0.0, pos=array([0.  , 0.12]), size=array([0.25, 0.25]), texRes=512, units='height', win=Window(...))
13.3320 	EXP 	Created cue_label_stim = TextStim(__class__=<class 'psychopy.visual.text.TextStim'>, alignHoriz=method-wrapper(...), alignText='center', alignVert=method-wrapper(...), anchorHoriz='center', anchorVert='center', antialias=True, autoDraw=False, autoLog=True, bold=False, color=array([-1., -1., -1.]), colorSpace='rgb', contrast=1.0, depth=-2.0, draggable=False, flipHoriz=False, flipVert=False, font='Arial', fontFiles=[], height=0.042, italic=False, languageStyle='LTR', name='cue_label_stim', opacity=1, ori=0, pos=array([ 0.  , -0.02]), rgb=UNKNOWN, text='', units='height', win=Window(...), wrapWidth=0.5)
13.3327 	EXP 	Created left_image = ImageStim(__class__=<class 'psychopy.visual.image.ImageStim'>, anchor=('center', 'center'), autoLog=True, color=array([1., 1., 1.]), colorSpace='rgb', contrast=1.0, depth=-3.0, draggable=False, flipHoriz=np.False_, flipVert=np.False_, image='sin', interpolate=True, mask=None, maskParams=None, name='left_image', opacity=1, ori=0.0, pos=array([-0.22, -0.22]), size=array([0.22, 0.22]), texRes=512, units='height', win=Window(...))
13.3331 	EXP 	Created left_label_stim = TextStim(__class__=<class 'psychopy.visual.text.TextStim'>, alignHoriz=method-wrapper(...), alignText='center', alignVert=method-wrapper(...), anchorHoriz='center', anchorVert='center', antialias=True, autoDraw=False, autoLog=True, bold=False, color=array([-1., -1., -1.]), colorSpace='rgb', contrast=1.0, depth=-4.0, draggable=False, flipHoriz=False, flipVert=False, font='Arial', fontFiles=[], height=0.042, italic=False, languageStyle='LTR', name='left_label_stim', opacity=1, ori=0, pos=array([-0.22, -0.36]), rgb=UNKNOWN, text='', units='height', win=Window(...), wrapWidth=0.35)
13.3338 	EXP 	Created right_image = ImageStim(__class__=<class 'psychopy.visual.image.ImageStim'>, anchor=('center', 'center'), autoLog=True, color=array([1., 1., 1.]), colorSpace='rgb', contrast=1.0, depth=-5.0, draggable=False, flipHoriz=np.False_, flipVert=np.False_, image='sin', interpolate=True, mask=None, maskParams=None, name='right_image', opacity=1, ori=0.0, pos=array([ 0.22, -0.22]), size=array([0.22, 0.22]), texRes=512, units='height', win=Window(...))
13.3343 	EXP 	Created right_label_stim = TextStim(__class__=<class 'psychopy.visual.text.TextStim'>, alignHoriz=method-wrapper(...), alignText='center', alignVert=method-wrapper(...), anchorHoriz='center', anchorVert='center', antialias=True, autoDraw=False, autoLog=True, bold=False, color=array([-1., -1., -1.]), colorSpace='rgb', contrast=1.0, depth=-6.0, draggable=False, flipHoriz=False, flipVert=False, font='Arial', fontFiles=[], height=0.042, italic=False, languageStyle='LTR', name='right_label_stim', opacity=1, ori=0, pos=array([ 0.22, -0.36]), rgb=UNKNOWN, text='', units='height', win=Window(...), wrapWidth=0.35)
13.3348 	EXP 	Created fb_text_left = TextStim(__class__=<class 'psychopy.visual.text.TextStim'>, alignHoriz=method-wrapper(...), alignText='center', alignVert=method-wrapper(...), anchorHoriz='center', anchorVert='center', antialias=True, autoDraw=False, autoLog=True, bold=False, color=array([-1.        ,  0.00392157, -1.        ]), colorSpace='rgb', contrast=1.0, depth=0.0, draggable=False, flipHoriz=False, flipVert=False, font='Arial', fontFiles=[], height=0.046, italic=False, languageStyle='LTR', name='fb_text_left', opacity=1, ori=0, pos=array([-0.65,  0.02]), rgb=UNKNOWN, text='', units='height', win=Window(...), wrapWidth=0.25)
13.3349 	WARNING 	lineColorSpace parameter is deprecated. Please use colorSpace instead.
13.3370 	EXP 	Created fb_line_left = Line(__class__=<class 'psychopy.visual.line.Line'>, anchor=('center', 'center'), autoDraw=False, autoLog=True, closeShape=False, color=array([-1.        ,  0.00392157, -1.        ]), colorSpace='rgb', contrast=None, depth=0, draggable=False, fillColor=ndarray(...), fillColorSpace='rgb', fillRGB=ndarray(...), interpolate=True, lineColor=array([-1.        ,  0.00392157, -1.        ]), lineColorSpace='rgb', lineRGB=array([-1.        ,  0.00392157, -1.        ]), lineWidth=3.0, name='fb_line_left', opacity=1, ori=0.0, pos=array([0., 0.]), size=array([1., 1.]), units='height', vertices=array([[-0.52, -0.07],
       [-0.35, -0.17]]), win=Window(...), windingRule=None)
13.3371 	WARNING 	fillColorSpace parameter is deprecated. Please use colorSpace instead.
13.3372 	WARNING 	lineColorSpace parameter is deprecated. Please use colorSpace instead.
13.3381 	EXP 	Created fb_head_left = ShapeStim(__class__=<class 'psychopy.visual.shape.ShapeStim'>, anchor=('center', 'center'), autoDraw=False, autoLog=True, closeShape=True, color=method-wrapper(...), colorSpace='rgb', contrast=None, depth=-1.0, draggable=False, fillColor=array([-1.        ,  0.00392157, -1.        ]), fillColorSpace='rgb', fillRGB=array([-1.        ,  0.00392157, -1.        ]), interpolate=True, lineColor=array([-1.        ,  0.00392157, -1.        ]), lineColorSpace='rgb', lineRGB=array([-1.        ,  0.00392157, -1.        ]), lineWidth=1.5, name='fb_head_left', opacity=1, ori=0.0, pos=array([0., 0.]), size=array([1., 1.]), units='height', vertices=ndarray(...), win=Window(...), windingRule=None)
13.3386 	EXP 	Created fb_text_right = TextStim(__class__=<class 'psychopy.visual.text.TextStim'>, alignHoriz=method-wrapper(...), alignText='center', alignVert=method-wrapper(...), anchorHoriz='center', anchorVert='center', antialias=True, autoDraw=False, autoLog=True, bold=False, color=array([-1.        ,  0.00392157, -1.        ]), colorSpace='rgb', contrast=1.0, depth=0.0, draggable=False, flipHoriz=False, flipVert=False, font='Arial', fontFiles=[], height=0.046, italic=False, languageStyle='LTR', name='fb_text_right', opacity=1, ori=0, pos=array([0.65, 0.02]), rgb=UNKNOWN, text='', units='height', win=Window(...), wrapWidth=0.25)
13.3387 	WARNING 	lineColorSpace parameter is deprecated. Please use colorSpace instead.
13.3394 	EXP 	Created fb_line_right = Line(__class__=<class 'psychopy.visual.line.Line'>, anchor=('center', 'center'), autoDraw=False, autoLog=True, closeShape=False, color=array([-1.        ,  0.00392157, -1.        ]), colorSpace='rgb', contrast=None, depth=0, draggable=False, fillColor=ndarray(...), fillColorSpace='rgb', fillRGB=ndarray(...), interpolate=True, lineColor=array([-1.        ,  0.00392157, -1.        ]), lineColorSpace='rgb', lineRGB=array([-1.        ,  0.00392157, -1.        ]), lineWidth=3.0, name='fb_line_right', opacity=1, ori=0.0, pos=array([0., 0.]), size=array([1., 1.]), units='height', vertices=array([[ 0.52, -0.07],
       [ 0.35, -0.17]]), win=Window(...), windingRule=None)
13.3395 	WARNING 	fillColorSpace parameter is deprecated. Please use colorSpace instead.
13.3395 	WARNING 	lineColorSpace parameter is deprecated. Please use colorSpace instead.
13.3403 	EXP 	Created fb_head_right = ShapeStim(__class__=<class 'psychopy.visual.shape.ShapeStim'>, anchor=('center', 'center'), autoDraw=False, autoLog=True, closeShape=True, color=method-wrapper(...), colorSpace='rgb', contrast=None, depth=-1.0, draggable=False, fillColor=array([-1.        ,  0.00392157, -1.        ]), fillColorSpace='rgb', fillRGB=array([-1.        ,  0.00392157, -1.        ]), interpolate=True, lineColor=array([-1.        ,  0.00392157, -1.        ]), lineColorSpace='rgb', lineRGB=array([-1.        ,  0.00392157, -1.        ]), lineWidth=1.5, name='fb_head_right', opacity=1, ori=0.0, pos=array([0., 0.]), size=array([1., 1.]), units='height', vertices=ndarray(...), win=Window(...), windingRule=None)
13.3483 	EXP 	Created thankyou = TextStim(__class__=<class 'psychopy.visual.text.TextStim'>, alignHoriz=method-wrapper(...), alignText='center', alignVert=method-wrapper(...), anchorHoriz='center', anchorVert='center', antialias=True, autoDraw=False, autoLog=True, bold=False, color=array([1., 1., 1.]), colorSpace='rgb', contrast=1.0, depth=0.0, draggable=False, flipHoriz=False, flipVert=False, font='Arial', fontFiles=[], height=np.float64(0.06), italic=False, languageStyle='LTR', name='thankyou', opacity=1, ori=0, pos=array([0. , 0.1]), rgb=UNKNOWN, text=str(...), units='height', win=Window(...), wrapWidth=1)
13.3523 	EXP 	Created finalslide = TextStim(__class__=<class 'psychopy.visual.text.TextStim'>, alignHoriz=method-wrapper(...), alignText='center', alignVert=method-wrapper(...), anchorHoriz='center', anchorVert='center', antialias=True, autoDraw=False, autoLog=True, bold=False, color=array([1., 1., 1.]), colorSpace='rgb', contrast=1.0, depth=-1.0, draggable=False, flipHoriz=False, flipVert=False, font='Arial', fontFiles=[], height=np.float64(0.04), italic=False, languageStyle='LTR', name='finalslide', opacity=1, ori=0, pos=array([ 0. , -0.2]), rgb=UNKNOWN, text='Press any number to exit.', units='height', win=Window(...), wrapWidth=1)
13.3582 	EXP 	Created unnamed TextStim = TextStim(__class__=<class 'psychopy.visual.text.TextStim'>, alignHoriz=method-wrapper(...), alignText='center', alignVert=method-wrapper(...), anchorHoriz='center', anchorVert='center', antialias=True, autoDraw=False, autoLog=True, bold=True, color=array([1., 1., 1.]), colorSpace='rgb', contrast=1.0, depth=0.0, draggable=False, flipHoriz=False, flipVert=False, font='Arial', fontFiles=[], height=np.float64(0.06), italic=False, languageStyle='LTR', name='unnamed TextStim', opacity=1.0, ori=0.0, pos=array([0.  , 0.39]), rgb=UNKNOWN, text='Practice Trials + Instructions', units='height', win=Window(...), wrapWidth=1.5)
13.3731 	EXP 	Created unnamed TextStim = TextStim(__class__=<class 'psychopy.visual.text.TextStim'>, alignHoriz=method-wrapper(...), alignText='center', alignVert=method-wrapper(...), anchorHoriz='center', anchorVert='center', antialias=True, autoDraw=False, autoLog=True, bold=False, color=array([1., 1., 1.]), colorSpace='rgb', contrast=1.0, depth=-1.0, draggable=False, flipHoriz=False, flipVert=False, font='Arial', fontFiles=[], height=np.float64(0.036), italic=False, languageStyle='LTR', name='unnamed TextStim', opacity=1.0, ori=0.0, pos=array([0.  , 0.03]), rgb=UNKNOWN, text=str(...), units='height', win=Window(...), wrapWidth=1.5)
13.3784 	EXP 	Created unnamed TextStim = TextStim(__class__=<class 'psychopy.visual.text.TextStim'>, alignHoriz=method-wrapper(...), alignText='center', alignVert=method-wrapper(...), anchorHoriz='center', anchorVert='center', antialias=True, autoDraw=False, autoLog=True, bold=False, color=array([-0.286,  0.216,  0.671]), colorSpace='rgb', contrast=1.0, depth=-2.0, draggable=False, flipHoriz=False, flipVert=False, font='Arial', fontFiles=[], height=np.float64(0.032), italic=False, languageStyle='LTR', name='unnamed TextStim', opacity=1.0, ori=0.0, pos=array([-0. , -0.4]), rgb=UNKNOWN, text='Blue background  =  path distance trials', units='height', win=Window(...), wrapWidth=1)
13.3817 	EXP 	Created unnamed TextStim = TextStim(__class__=<class 'psychopy.visual.text.TextStim'>, alignHoriz=method-wrapper(...), alignText='center', alignVert=method-wrapper(...), anchorHoriz='center', anchorVert='center', antialias=True, autoDraw=False, autoLog=True, bold=False, color=array([0.914, 0.506, 0.09 ]), colorSpace='rgb', contrast=1.0, depth=-3.0, draggable=False, flipHoriz=False, flipVert=False, font='Arial', fontFiles=[], height=np.float64(0.032), italic=False, languageStyle='LTR', name='unnamed TextStim', opacity=1.0, ori=0.0, pos=array([ 0.  , -0.44]), rgb=UNKNOWN, text=str(...), units='height', win=Window(...), wrapWidth=1)
13.3843 	EXP 	Created unnamed TextStim = TextStim(__class__=<class 'psychopy.visual.text.TextStim'>, alignHoriz=method-wrapper(...), alignText='center', alignVert=method-wrapper(...), anchorHoriz='center', anchorVert='center', antialias=True, autoDraw=False, autoLog=True, bold=False, color=array([0.4, 0.4, 0.4]), colorSpace='rgb', contrast=1.0, depth=-4.0, draggable=False, flipHoriz=False, flipVert=False, font='Arial', fontFiles=[], height=np.float64(0.030999999999999996), italic=False, languageStyle='LTR', name='unnamed TextStim', opacity=1.0, ori=0.0, pos=array([ 0.  , -0.47]), rgb=UNKNOWN, text='Press any number to continue.', units='height', win=Window(...), wrapWidth=1)
13.3869 	INFO 	Keyboard events cleared
13.3868 	EXP 	unnamed TextStim: autoDraw = True
13.3868 	EXP 	unnamed TextStim: autoDraw = True
13.3868 	EXP 	unnamed TextStim: autoDraw = True
13.3868 	EXP 	unnamed TextStim: autoDraw = True
13.3868 	EXP 	unnamed TextStim: autoDraw = True
14.2560 	EXP 	Device response: <KeyPress from None: t=14.252130800014129, value=2, duration=None>
14.2598 	DATA 	Keypress: 2
14.2617 	INFO 	Keyboard events cleared
14.2617 	EXP 	unnamed TextStim: autoDraw = False
14.2617 	EXP 	unnamed TextStim: autoDraw = False
14.2617 	EXP 	unnamed TextStim: autoDraw = False
14.2617 	EXP 	unnamed TextStim: autoDraw = False
14.2617 	EXP 	unnamed TextStim: autoDraw = False
14.2617 	EXP 	maze_image: image = 'stimuli/prac_maze.png'
14.2617 	EXP 	maze_image: autoDraw = True
14.2617 	EXP 	maze_title_stim: autoDraw = True
14.4372 	EXP 	Device response: <KeyPress from None: t=14.252130800014129, value=2, duration=0.17903619998833165>
15.5208 	EXP 	Device response: <KeyPress from None: t=15.517199699999765, value=3, duration=None>
15.5267 	DEBUG 	Read csv file with pandas: nav_task_practice_fruit.csv
15.5274 	DEBUG 	Clearing unnamed columns from nav_task_practice_fruit.csv
15.5280 	EXP 	Imported nav_task_practice_fruit.csv as conditions, 4 conditions, 9 params
15.5282 	EXP 	Created sequence: sequential, trialTypes=4, nReps=1, seed=None
15.5283 	EXP 	New trial (rep=0, index=0): OrderedDict([('cueImage', 'stimuli/prac_apple.png'), ('leftImage', 'stimuli/prac_orange.png'), ('rightImage', 'stimuli/prac_banana.png'), ('corrAns', 'right'), ('trial_type', 'route'), ('cueLabel', 'Apple'), ('leftLabel', 'Orange'), ('rightLabel', 'Banana'), ('corrLabel', 'Banana')])
15.5287 	DEPRECATION 	Clock.add() is deprecated in favor of .addTime() due to the counterintuitive design (it added time to the baseline, which reduced the values returned from getTime() )
15.5299 	DATA 	Keypress: 3
15.5312 	EXP 	maze_image: autoDraw = False
15.5312 	EXP 	maze_title_stim: autoDraw = False
15.5312 	EXP 	fixation: autoDraw = True
15.7790 	EXP 	Device response: <KeyPress from None: t=15.517199699999765, value=3, duration=0.25447990000247955>
16.5446 	INFO 	Keyboard events cleared
16.5445 	EXP 	fixation: autoDraw = False
16.5445 	EXP 	cue_image: image = 'stimuli/prac_apple.png'
16.5445 	EXP 	left_image: image = 'stimuli/prac_orange.png'
16.5445 	EXP 	right_image: image = 'stimuli/prac_banana.png'
16.5445 	EXP 	cue_label_stim: height = np.float64(0.042)
16.5445 	EXP 	cue_label_stim: height = np.float64(0.042)
16.5445 	EXP 	cue_label_stim: height = np.float64(0.042)
16.5445 	EXP 	cue_label_stim: text = 'Apple'
16.5445 	EXP 	left_label_stim: height = np.float64(0.042)
16.5445 	EXP 	left_label_stim: height = np.float64(0.042)
16.5445 	EXP 	left_label_stim: height = np.float64(0.042)
16.5445 	EXP 	left_label_stim: text = 'Orange'
16.5445 	EXP 	right_label_stim: height = np.float64(0.042)
16.5445 	EXP 	right_label_stim: height = np.float64(0.042)
16.5445 	EXP 	right_label_stim: height = np.float64(0.042)
16.5445 	EXP 	right_label_stim: text = 'Banana'
16.5445 	EXP 	question_text: height = np.float64(0.055)
16.5445 	EXP 	question_text: height = np.float64(0.055)
16.5445 	EXP 	question_text: height = np.float64(0.055)
16.5445 	EXP 	question_text: text = 'Which is the shortest path distance from the start?'
16.5445 	EXP 	question_text: autoDraw = True
16.5445 	EXP 	cue_image: autoDraw = True
16.5445 	EXP 	cue_label_stim: autoDraw = True
16.5445 	EXP 	left_image: autoDraw = True
16.5445 	EXP 	left_label_stim: autoDraw = True
16.5445 	EXP 	right_image: autoDraw = True
16.5445 	EXP 	right_label_stim: autoDraw = True
17.3625 	EXP 	Device response: <KeyPress from None: t=17.357945399999153, value=3, duration=None>
17.3635 	DATA 	Keypress: 3
17.5627 	EXP 	Device response: <KeyPress from None: t=17.357945399999153, value=3, duration=0.19828710000729188>
17.8540 	EXP 	Device response: <KeyPress from None: t=17.852985300007276, value=2, duration=None>
17.8597 	DEPRECATION 	Clock.add() is deprecated in favor of .addTime() due to the counterintuitive design (it added time to the baseline, which reduced the values returned from getTime() )
17.8613 	DATA 	Keypress: 2
17.8620 	EXP 	question_text: autoDraw = False
17.8620 	EXP 	cue_image: autoDraw = False
17.8620 	EXP 	cue_label_stim: autoDraw = False
17.8620 	EXP 	left_image: autoDraw = False
17.8620 	EXP 	left_label_stim: autoDraw = False
17.8620 	EXP 	right_image: autoDraw = False
17.8620 	EXP 	right_label_stim: autoDraw = False
17.8620 	EXP 	fb_text_right: height = np.float64(0.046)
17.8620 	EXP 	fb_text_right: height = np.float64(0.046)
17.8620 	EXP 	fb_text_right: height = np.float64(0.046)
17.8620 	EXP 	fb_text_right: text = 'Correct answer:\nBanana'
17.8620 	EXP 	question_text: autoDraw = True
17.8620 	EXP 	cue_image: autoDraw = True
17.8620 	EXP 	cue_label_stim: autoDraw = True
17.8620 	EXP 	left_image: autoDraw = True
17.8620 	EXP 	left_label_stim: autoDraw = True
17.8620 	EXP 	right_image: autoDraw = True
17.8620 	EXP 	right_label_stim: autoDraw = True
17.8620 	EXP 	fb_text_right: autoDraw = True
17.8620 	EXP 	fb_line_right: autoDraw = True
17.8620 	EXP 	fb_head_right: autoDraw = True
18.0460 	EXP 	Device response: <KeyPress from None: t=17.852985300007276, value=2, duration=0.18897269997978583>
19.8634 	EXP 	New trial (rep=0, index=1): OrderedDict([('cueImage', 'stimuli/prac_apple.png'), ('leftImage', 'stimuli/prac_orange.png'), ('rightImage', 'stimuli/prac_banana.png'), ('corrAns', 'right'), ('trial_type', 'line'), ('cueLabel', 'Apple'), ('leftLabel', 'Orange'), ('rightLabel', 'Banana'), ('corrLabel', 'Banana')])
19.8638 	DEPRECATION 	Clock.add() is deprecated in favor of .addTime() due to the counterintuitive design (it added time to the baseline, which reduced the values returned from getTime() )
19.8709 	EXP 	question_text: autoDraw = False
19.8709 	EXP 	cue_image: autoDraw = False
19.8709 	EXP 	cue_label_stim: autoDraw = False
19.8709 	EXP 	left_image: autoDraw = False
19.8709 	EXP 	left_label_stim: autoDraw = False
19.8709 	EXP 	right_image: autoDraw = False
19.8709 	EXP 	right_label_stim: autoDraw = False
19.8709 	EXP 	fb_text_right: autoDraw = False
19.8709 	EXP 	fb_line_right: autoDraw = False
19.8709 	EXP 	fb_head_right: autoDraw = False
19.8709 	EXP 	fixation: autoDraw = True
20.8793 	INFO 	Keyboard events cleared
20.8792 	EXP 	fixation: autoDraw = False
20.8792 	EXP 	cue_image: image = 'stimuli/prac_apple.png'
20.8792 	EXP 	left_image: image = 'stimuli/prac_orange.png'
20.8792 	EXP 	right_image: image = 'stimuli/prac_banana.png'
20.8792 	EXP 	cue_label_stim: text = 'Apple'
20.8792 	EXP 	left_label_stim: text = 'Orange'
20.8792 	EXP 	right_label_stim: text = 'Banana'
20.8792 	EXP 	question_text: height = np.float64(0.055)
20.8792 	EXP 	question_text: height = np.float64(0.055)
20.8792 	EXP 	question_text: height = np.float64(0.055)
20.8792 	EXP 	question_text: text = 'Which is the shortest straight-line distance from the start?'
20.8792 	EXP 	question_text: autoDraw = True
20.8792 	EXP 	cue_image: autoDraw = True
20.8792 	EXP 	cue_label_stim: autoDraw = True
20.8792 	EXP 	left_image: autoDraw = True
20.8792 	EXP 	left_label_stim: autoDraw = True
20.8792 	EXP 	right_image: autoDraw = True
20.8792 	EXP 	right_label_stim: autoDraw = True
22.2964 	EXP 	Device response: <KeyPress from None: t=22.295084599987604, value=1, duration=None>
22.2966 	DEPRECATION 	Clock.add() is deprecated in favor of .addTime() due to the counterintuitive design (it added time to the baseline, which reduced the values returned from getTime() )
22.2977 	DATA 	Keypress: 1
22.3043 	EXP 	question_text: autoDraw = False
22.3043 	EXP 	cue_image: autoDraw = False
22.3043 	EXP 	cue_label_stim: autoDraw = False
22.3043 	EXP 	left_image: autoDraw = False
22.3043 	EXP 	left_label_stim: autoDraw = False
22.3043 	EXP 	right_image: autoDraw = False
22.3043 	EXP 	right_label_stim: autoDraw = False
22.3043 	EXP 	fb_text_right: text = 'Correct answer:\nBanana'
22.3043 	EXP 	question_text: autoDraw = True
22.3043 	EXP 	cue_image: autoDraw = True
22.3043 	EXP 	cue_label_stim: autoDraw = True
22.3043 	EXP 	left_image: autoDraw = True
22.3043 	EXP 	left_label_stim: autoDraw = True
22.3043 	EXP 	right_image: autoDraw = True
22.3043 	EXP 	right_label_stim: autoDraw = True
22.3043 	EXP 	fb_text_right: autoDraw = True
22.3043 	EXP 	fb_line_right: autoDraw = True
22.3043 	EXP 	fb_head_right: autoDraw = True
22.5632 	EXP 	Device response: <KeyPress from None: t=22.295084599987604, value=1, duration=0.26315680000698194>
24.3057 	EXP 	New trial (rep=0, index=2): OrderedDict([('cueImage', 'stimuli/prac_apple.png'), ('leftImage', 'stimuli/prac_orange.png'), ('rightImage', 'stimuli/prac_grape.png'), ('corrAns', 'left'), ('trial_type', 'route'), ('cueLabel', 'Apple'), ('leftLabel', 'Orange'), ('rightLabel', 'Grape'), ('corrLabel', 'Orange')])
24.3129 	INFO 	Keyboard events cleared
24.3128 	EXP 	question_text: autoDraw = False
24.3128 	EXP 	cue_image: autoDraw = False
24.3128 	EXP 	cue_label_stim: autoDraw = False
24.3128 	EXP 	left_image: autoDraw = False
24.3128 	EXP 	left_label_stim: autoDraw = False
24.3128 	EXP 	right_image: autoDraw = False
24.3128 	EXP 	right_label_stim: autoDraw = False
24.3128 	EXP 	fb_text_right: autoDraw = False
24.3128 	EXP 	fb_line_right: autoDraw = False
24.3128 	EXP 	fb_head_right: autoDraw = False
24.3128 	EXP 	maze_image: image = 'stimuli/prac_maze.png'
24.3128 	EXP 	maze_image: autoDraw = True
24.3128 	EXP 	maze_title_stim: autoDraw = True
28.1471 	EXP 	Device response: <KeyPress from None: t=28.140217999985907, value=2, duration=None>
28.1474 	DEPRECATION 	Clock.add() is deprecated in favor of .addTime() due to the counterintuitive design (it added time to the baseline, which reduced the values returned from getTime() )
28.1478 	DATA 	Keypress: 2
28.1553 	EXP 	maze_image: autoDraw = False
28.1553 	EXP 	maze_title_stim: autoDraw = False
28.1553 	EXP 	fixation: autoDraw = True
28.4055 	EXP 	Device response: <KeyPress from None: t=28.140217999985907, value=2, duration=0.2598481000168249>
29.1637 	INFO 	Keyboard events cleared
29.1637 	EXP 	fixation: autoDraw = False
29.1637 	EXP 	cue_image: image = 'stimuli/prac_apple.png'
29.1637 	EXP 	left_image: image = 'stimuli/prac_orange.png'
29.1637 	EXP 	right_image: image = 'stimuli/prac_grape.png'
29.1637 	EXP 	cue_label_stim: text = 'Apple'
29.1637 	EXP 	left_label_stim: text = 'Orange'
29.1637 	EXP 	right_label_stim: height = np.float64(0.042)
29.1637 	EXP 	right_label_stim: height = np.float64(0.042)
29.1637 	EXP 	right_label_stim: height = np.float64(0.042)
29.1637 	EXP 	right_label_stim: text = 'Grape'
29.1637 	EXP 	question_text: height = np.float64(0.055)
29.1637 	EXP 	question_text: height = np.float64(0.055)
29.1637 	EXP 	question_text: height = np.float64(0.055)
29.1637 	EXP 	question_text: text = 'Which is the shortest path distance from the start?'
29.1637 	EXP 	question_text: autoDraw = True
29.1637 	EXP 	cue_image: autoDraw = True
29.1637 	EXP 	cue_label_stim: autoDraw = True
29.1637 	EXP 	left_image: autoDraw = True
29.1637 	EXP 	left_label_stim: autoDraw = True
29.1637 	EXP 	right_image: autoDraw = True
29.1637 	EXP 	right_label_stim: autoDraw = True
30.0324 	DATA 	Keypress: 2
30.0389 	EXP 	Device response: <KeyPress from None: t=30.03211870000814, value=2, duration=None>
30.0415 	DEPRECATION 	Clock.add() is deprecated in favor of .addTime() due to the counterintuitive design (it added time to the baseline, which reduced the values returned from getTime() )
30.0472 	EXP 	question_text: autoDraw = False
30.0472 	EXP 	cue_image: autoDraw = False
30.0472 	EXP 	cue_label_stim: autoDraw = False
30.0472 	EXP 	left_image: autoDraw = False
30.0472 	EXP 	left_label_stim: autoDraw = False
30.0472 	EXP 	right_image: autoDraw = False
30.0472 	EXP 	right_label_stim: autoDraw = False
30.0472 	EXP 	fb_text_left: height = np.float64(0.046)
30.0472 	EXP 	fb_text_left: height = np.float64(0.046)
30.0472 	EXP 	fb_text_left: height = np.float64(0.046)
30.0472 	EXP 	fb_text_left: text = 'Correct answer:\nOrange'
30.0472 	EXP 	question_text: autoDraw = True
30.0472 	EXP 	cue_image: autoDraw = True
30.0472 	EXP 	cue_label_stim: autoDraw = True
30.0472 	EXP 	left_image: autoDraw = True
30.0472 	EXP 	left_label_stim: autoDraw = True
30.0472 	EXP 	right_image: autoDraw = True
30.0472 	EXP 	right_label_stim: autoDraw = True
30.0472 	EXP 	fb_text_left: autoDraw = True
30.0472 	EXP 	fb_line_left: autoDraw = True
30.0472 	EXP 	fb_head_left: autoDraw = True
30.3975 	EXP 	Device response: <KeyPress from None: t=30.03211870000814, value=2, duration=0.36317319999216124>
32.0479 	EXP 	New trial (rep=0, index=3): OrderedDict([('cueImage', 'stimuli/prac_apple.png'), ('leftImage', 'stimuli/prac_orange.png'), ('rightImage', 'stimuli/prac_grape.png'), ('corrAns', 'right'), ('trial_type', 'line'), ('cueLabel', 'Apple'), ('leftLabel', 'Orange'), ('rightLabel', 'Grape'), ('corrLabel', 'Grape')])
32.0481 	DEPRECATION 	Clock.add() is deprecated in favor of .addTime() due to the counterintuitive design (it added time to the baseline, which reduced the values returned from getTime() )
32.0556 	EXP 	question_text: autoDraw = False
32.0556 	EXP 	cue_image: autoDraw = False
32.0556 	EXP 	cue_label_stim: autoDraw = False
32.0556 	EXP 	left_image: autoDraw = False
32.0556 	EXP 	left_label_stim: autoDraw = False
32.0556 	EXP 	right_image: autoDraw = False
32.0556 	EXP 	right_label_stim: autoDraw = False
32.0556 	EXP 	fb_text_left: autoDraw = False
32.0556 	EXP 	fb_line_left: autoDraw = False
32.0556 	EXP 	fb_head_left: autoDraw = False
32.0556 	EXP 	fixation: autoDraw = True
33.0640 	INFO 	Keyboard events cleared
33.0640 	EXP 	fixation: autoDraw = False
33.0640 	EXP 	cue_image: image = 'stimuli/prac_apple.png'
33.0640 	EXP 	left_image: image = 'stimuli/prac_orange.png'
33.0640 	EXP 	right_image: image = 'stimuli/prac_grape.png'
33.0640 	EXP 	cue_label_stim: text = 'Apple'
33.0640 	EXP 	left_label_stim: text = 'Orange'
33.0640 	EXP 	right_label_stim: text = 'Grape'
33.0640 	EXP 	question_text: height = np.float64(0.055)
33.0640 	EXP 	question_text: height = np.float64(0.055)
33.0640 	EXP 	question_text: height = np.float64(0.055)
33.0640 	EXP 	question_text: text = 'Which is the shortest straight-line distance from the start?'
33.0640 	EXP 	question_text: autoDraw = True
33.0640 	EXP 	cue_image: autoDraw = True
33.0640 	EXP 	cue_label_stim: autoDraw = True
33.0640 	EXP 	left_image: autoDraw = True
33.0640 	EXP 	left_label_stim: autoDraw = True
33.0640 	EXP 	right_image: autoDraw = True
33.0640 	EXP 	right_label_stim: autoDraw = True
36.3654 	DATA 	Keypress: 1
36.3729 	EXP 	Device response: <KeyPress from None: t=36.36515180001152, value=1, duration=None>
36.3753 	DEPRECATION 	Clock.add() is deprecated in favor of .addTime() due to the counterintuitive design (it added time to the baseline, which reduced the values returned from getTime() )
36.3810 	EXP 	question_text: autoDraw = False
36.3810 	EXP 	cue_image: autoDraw = False
36.3810 	EXP 	cue_label_stim: autoDraw = False
36.3810 	EXP 	left_image: autoDraw = False
36.3810 	EXP 	left_label_stim: autoDraw = False
36.3810 	EXP 	right_image: autoDraw = False
36.3810 	EXP 	right_label_stim: autoDraw = False
36.3810 	EXP 	fb_text_right: height = np.float64(0.046)
36.3810 	EXP 	fb_text_right: height = np.float64(0.046)
36.3810 	EXP 	fb_text_right: height = np.float64(0.046)
36.3810 	EXP 	fb_text_right: text = 'Correct answer:\nGrape'
36.3810 	EXP 	question_text: autoDraw = True
36.3810 	EXP 	cue_image: autoDraw = True
36.3810 	EXP 	cue_label_stim: autoDraw = True
36.3810 	EXP 	left_image: autoDraw = True
36.3810 	EXP 	left_label_stim: autoDraw = True
36.3810 	EXP 	right_image: autoDraw = True
36.3810 	EXP 	right_label_stim: autoDraw = True
36.3810 	EXP 	fb_text_right: autoDraw = True
36.3810 	EXP 	fb_line_right: autoDraw = True
36.3810 	EXP 	fb_head_right: autoDraw = True
36.6149 	EXP 	Device response: <KeyPress from None: t=36.36515180001152, value=1, duration=0.24697619999642484>
38.3957 	EXP 	Created unnamed TextStim = TextStim(__class__=<class 'psychopy.visual.text.TextStim'>, alignHoriz=method-wrapper(...), alignText='center', alignVert=method-wrapper(...), anchorHoriz='center', anchorVert='center', antialias=True, autoDraw=False, autoLog=True, bold=False, color=array([1., 1., 1.]), colorSpace='rgb', contrast=1.0, depth=-1.0, draggable=False, flipHoriz=False, flipVert=False, font='Arial', fontFiles=[], height=np.float64(0.036), italic=False, languageStyle='LTR', name='unnamed TextStim', opacity=1.0, ori=0.0, pos=array([0.  , 0.12]), rgb=UNKNOWN, text=str(...), units='height', win=Window(...), wrapWidth=1.5)
38.4010 	EXP 	Created unnamed TextStim = TextStim(__class__=<class 'psychopy.visual.text.TextStim'>, alignHoriz=method-wrapper(...), alignText='center', alignVert=method-wrapper(...), anchorHoriz='center', anchorVert='center', antialias=True, autoDraw=False, autoLog=True, bold=False, color=array([0.4, 0.4, 0.4]), colorSpace='rgb', contrast=1.0, depth=-4.0, draggable=False, flipHoriz=False, flipVert=False, font='Arial', fontFiles=[], height=np.float64(0.030999999999999996), italic=False, languageStyle='LTR', name='unnamed TextStim', opacity=1.0, ori=0.0, pos=array([ 0.  , -0.47]), rgb=UNKNOWN, text='Press any number to continue.', units='height', win=Window(...), wrapWidth=1)
38.4028 	INFO 	Keyboard events cleared
38.4027 	EXP 	question_text: autoDraw = False
38.4027 	EXP 	cue_image: autoDraw = False
38.4027 	EXP 	cue_label_stim: autoDraw = False
38.4027 	EXP 	left_image: autoDraw = False
38.4027 	EXP 	left_label_stim: autoDraw = False
38.4027 	EXP 	right_image: autoDraw = False
38.4027 	EXP 	right_label_stim: autoDraw = False
38.4027 	EXP 	fb_text_right: autoDraw = False
38.4027 	EXP 	fb_line_right: autoDraw = False
38.4027 	EXP 	fb_head_right: autoDraw = False
38.4027 	EXP 	unnamed TextStim: autoDraw = True
38.4027 	EXP 	unnamed TextStim: autoDraw = True
40.9073 	EXP 	Device response: <KeyPress from None: t=40.90323160000844, value=space, duration=None>
40.9079 	DATA 	Keypress: space
41.0988 	EXP 	Device response: <KeyPress from None: t=40.90323160000844, value=space, duration=0.19487209999351762>
41.6402 	EXP 	Device response: <KeyPress from None: t=41.636123200005386, value=2, duration=None>
41.6454 	DATA 	Keypress: 2
41.6484 	INFO 	Keyboard events cleared
41.6483 	EXP 	unnamed TextStim: autoDraw = False
41.6483 	EXP 	unnamed TextStim: autoDraw = False
41.6483 	EXP 	env_label: height = np.float64(0.048)
41.6483 	EXP 	env_label: height = np.float64(0.048)
41.6483 	EXP 	env_label: height = np.float64(0.048)
41.6483 	EXP 	env_label: text = 'Environment: brick maze'
41.6483 	EXP 	env_label: autoDraw = True
41.6483 	EXP 	env_advance: autoDraw = True
41.8403 	EXP 	Device response: <KeyPress from None: t=41.636123200005386, value=2, duration=0.19710940000368282>
43.7072 	EXP 	Device response: <KeyPress from None: t=43.700092499988386, value=2, duration=None>
43.7113 	DEBUG 	Read csv file with pandas: nav_task_practice_brick.csv
43.7117 	DEBUG 	Clearing unnamed columns from nav_task_practice_brick.csv
43.7121 	EXP 	Imported nav_task_practice_brick.csv as conditions, 2 conditions, 9 params
43.7122 	EXP 	Created sequence: sequential, trialTypes=2, nReps=1, seed=None
43.7123 	EXP 	New trial (rep=0, index=0): OrderedDict([('cueImage', 'stimuli/brick_telescope.png'), ('leftImage', 'stimuli/brick_plant.png'), ('rightImage', 'stimuli/brick_well.png'), ('corrAns', 'left'), ('trial_type', 'route'), ('cueLabel', 'Telescope'), ('leftLabel', 'Plant'), ('rightLabel', 'Well'), ('corrLabel', 'Plant')])
43.7125 	DEPRECATION 	Clock.add() is deprecated in favor of .addTime() due to the counterintuitive design (it added time to the baseline, which reduced the values returned from getTime() )
43.7129 	DATA 	Keypress: 2
43.7153 	EXP 	env_label: autoDraw = False
43.7153 	EXP 	env_advance: autoDraw = False
43.7153 	EXP 	fixation: autoDraw = True
43.9324 	EXP 	Device response: <KeyPress from None: t=43.700092499988386, value=2, duration=0.2249532999994699>
44.7313 	INFO 	Keyboard events cleared
44.7312 	EXP 	fixation: autoDraw = False
44.7312 	EXP 	cue_image: image = 'stimuli/brick_telescope.png'
44.7312 	EXP 	left_image: image = 'stimuli/brick_plant.png'
44.7312 	EXP 	right_image: image = 'stimuli/brick_well.png'
44.7312 	EXP 	cue_label_stim: height = np.float64(0.042)
44.7312 	EXP 	cue_label_stim: height = np.float64(0.042)
44.7312 	EXP 	cue_label_stim: height = np.float64(0.042)
44.7312 	EXP 	cue_label_stim: text = 'Telescope'
44.7312 	EXP 	left_label_stim: height = np.float64(0.042)
44.7312 	EXP 	left_label_stim: height = np.float64(0.042)
44.7312 	EXP 	left_label_stim: height = np.float64(0.042)
44.7312 	EXP 	left_label_stim: text = 'Plant'
44.7312 	EXP 	right_label_stim: height = np.float64(0.042)
44.7312 	EXP 	right_label_stim: height = np.float64(0.042)
44.7312 	EXP 	right_label_stim: height = np.float64(0.042)
44.7312 	EXP 	right_label_stim: text = 'Well'
44.7312 	EXP 	question_text: height = np.float64(0.055)
44.7312 	EXP 	question_text: height = np.float64(0.055)
44.7312 	EXP 	question_text: height = np.float64(0.055)
44.7312 	EXP 	question_text: text = 'Which is the shortest path distance from the start?'
44.7312 	EXP 	question_text: autoDraw = True
44.7312 	EXP 	cue_image: autoDraw = True
44.7312 	EXP 	cue_label_stim: autoDraw = True
44.7312 	EXP 	left_image: autoDraw = True
44.7312 	EXP 	left_label_stim: autoDraw = True
44.7312 	EXP 	right_image: autoDraw = True
44.7312 	EXP 	right_label_stim: autoDraw = True
45.8166 	EXP 	Device response: <KeyPress from None: t=45.81641379999928, value=1, duration=None>
45.8178 	DATA 	Keypress: 1
45.8303 	DEPRECATION 	Clock.add() is deprecated in favor of .addTime() due to the counterintuitive design (it added time to the baseline, which reduced the values returned from getTime() )
45.8341 	EXP 	question_text: autoDraw = False
45.8341 	EXP 	cue_image: autoDraw = False
45.8341 	EXP 	cue_label_stim: autoDraw = False
45.8341 	EXP 	left_image: autoDraw = False
45.8341 	EXP 	left_label_stim: autoDraw = False
45.8341 	EXP 	right_image: autoDraw = False
45.8341 	EXP 	right_label_stim: autoDraw = False
45.8341 	EXP 	fb_text_left: height = np.float64(0.046)
45.8341 	EXP 	fb_text_left: height = np.float64(0.046)
45.8341 	EXP 	fb_text_left: height = np.float64(0.046)
45.8341 	EXP 	fb_text_left: text = 'Correct answer:\nPlant'
45.8341 	EXP 	question_text: autoDraw = True
45.8341 	EXP 	cue_image: autoDraw = True
45.8341 	EXP 	cue_label_stim: autoDraw = True
45.8341 	EXP 	left_image: autoDraw = True
45.8341 	EXP 	left_label_stim: autoDraw = True
45.8341 	EXP 	right_image: autoDraw = True
45.8341 	EXP 	right_label_stim: autoDraw = True
45.8341 	EXP 	fb_text_left: autoDraw = True
45.8341 	EXP 	fb_line_left: autoDraw = True
45.8341 	EXP 	fb_head_left: autoDraw = True
46.0074 	EXP 	Device response: <KeyPress from None: t=45.81641379999928, value=1, duration=0.18469829999958165>
47.8337 	EXP 	New trial (rep=0, index=1): OrderedDict([('cueImage', 'stimuli/brick_telescope.png'), ('leftImage', 'stimuli/brick_plant.png'), ('rightImage', 'stimuli/brick_well.png'), ('corrAns', 'left'), ('trial_type', 'line'), ('cueLabel', 'Telescope'), ('leftLabel', 'Plant'), ('rightLabel', 'Well'), ('corrLabel', 'Plant')])
47.8342 	DEPRECATION 	Clock.add() is deprecated in favor of .addTime() due to the counterintuitive design (it added time to the baseline, which reduced the values returned from getTime() )
47.8412 	EXP 	question_text: autoDraw = False
47.8412 	EXP 	cue_image: autoDraw = False
47.8412 	EXP 	cue_label_stim: autoDraw = False
47.8412 	EXP 	left_image: autoDraw = False
47.8412 	EXP 	left_label_stim: autoDraw = False
47.8412 	EXP 	right_image: autoDraw = False
47.8412 	EXP 	right_label_stim: autoDraw = False
47.8412 	EXP 	fb_text_left: autoDraw = False
47.8412 	EXP 	fb_line_left: autoDraw = False
47.8412 	EXP 	fb_head_left: autoDraw = False
47.8412 	EXP 	fixation: autoDraw = True
48.8492 	INFO 	Keyboard events cleared
48.8492 	EXP 	fixation: autoDraw = False
48.8492 	EXP 	cue_image: image = 'stimuli/brick_telescope.png'
48.8492 	EXP 	left_image: image = 'stimuli/brick_plant.png'
48.8492 	EXP 	right_image: image = 'stimuli/brick_well.png'
48.8492 	EXP 	cue_label_stim: text = 'Telescope'
48.8492 	EXP 	left_label_stim: text = 'Plant'
48.8492 	EXP 	right_label_stim: text = 'Well'
48.8492 	EXP 	question_text: height = np.float64(0.055)
48.8492 	EXP 	question_text: height = np.float64(0.055)
48.8492 	EXP 	question_text: height = np.float64(0.055)
48.8492 	EXP 	question_text: text = 'Which is the shortest straight-line distance from the start?'
48.8492 	EXP 	question_text: autoDraw = True
48.8492 	EXP 	cue_image: autoDraw = True
48.8492 	EXP 	cue_label_stim: autoDraw = True
48.8492 	EXP 	left_image: autoDraw = True
48.8492 	EXP 	left_label_stim: autoDraw = True
48.8492 	EXP 	right_image: autoDraw = True
48.8492 	EXP 	right_label_stim: autoDraw = True
49.4831 	EXP 	Device response: <KeyPress from None: t=49.47621029999573, value=2, duration=None>
49.4833 	DEPRECATION 	Clock.add() is deprecated in favor of .addTime() due to the counterintuitive design (it added time to the baseline, which reduced the values returned from getTime() )
49.4842 	DATA 	Keypress: 2
49.4912 	EXP 	question_text: autoDraw = False
49.4912 	EXP 	cue_image: autoDraw = False
49.4912 	EXP 	cue_label_stim: autoDraw = False
49.4912 	EXP 	left_image: autoDraw = False
49.4912 	EXP 	left_label_stim: autoDraw = False
49.4912 	EXP 	right_image: autoDraw = False
49.4912 	EXP 	right_label_stim: autoDraw = False
49.4912 	EXP 	fb_text_left: text = 'Correct answer:\nPlant'
49.4912 	EXP 	question_text: autoDraw = True
49.4912 	EXP 	cue_image: autoDraw = True
49.4912 	EXP 	cue_label_stim: autoDraw = True
49.4912 	EXP 	left_image: autoDraw = True
49.4912 	EXP 	left_label_stim: autoDraw = True
49.4912 	EXP 	right_image: autoDraw = True
49.4912 	EXP 	right_label_stim: autoDraw = True
49.4912 	EXP 	fb_text_left: autoDraw = True
49.4912 	EXP 	fb_line_left: autoDraw = True
49.4912 	EXP 	fb_head_left: autoDraw = True
49.7329 	EXP 	Device response: <KeyPress from None: t=49.47621029999573, value=2, duration=0.25275929999770597>
51.4996 	INFO 	Keyboard events cleared
51.4995 	EXP 	question_text: autoDraw = False
51.4995 	EXP 	cue_image: autoDraw = False
51.4995 	EXP 	cue_label_stim: autoDraw = False
51.4995 	EXP 	left_image: autoDraw = False
51.4995 	EXP 	left_label_stim: autoDraw = False
51.4995 	EXP 	right_image: autoDraw = False
51.4995 	EXP 	right_label_stim: autoDraw = False
51.4995 	EXP 	fb_text_left: autoDraw = False
51.4995 	EXP 	fb_line_left: autoDraw = False
51.4995 	EXP 	fb_head_left: autoDraw = False
51.4995 	EXP 	env_label: height = np.float64(0.048)
51.4995 	EXP 	env_label: height = np.float64(0.048)
51.4995 	EXP 	env_label: height = np.float64(0.048)
51.4995 	EXP 	env_label: text = 'Environment: hedge maze'
51.4995 	EXP 	env_label: autoDraw = True
51.4995 	EXP 	env_advance: autoDraw = True
52.1752 	EXP 	Device response: <KeyPress from None: t=52.16817310001352, value=space, duration=None>
52.1759 	DATA 	Keypress: space
52.4083 	EXP 	Device response: <KeyPress from None: t=52.16817310001352, value=space, duration=0.23186629998963326>
52.5335 	EXP 	Device response: <KeyPress from None: t=52.528134399995906, value=2, duration=None>
52.5404 	DEBUG 	Read csv file with pandas: nav_task_practice_hedge.csv
52.5410 	DEBUG 	Clearing unnamed columns from nav_task_practice_hedge.csv
52.5414 	EXP 	Imported nav_task_practice_hedge.csv as conditions, 2 conditions, 9 params
52.5415 	EXP 	Created sequence: sequential, trialTypes=2, nReps=1, seed=None
52.5416 	EXP 	New trial (rep=0, index=0): OrderedDict([('cueImage', 'stimuli/maze_compass.png'), ('leftImage', 'stimuli/maze_lampPost.png'), ('rightImage', 'stimuli/maze_snowman.png'), ('corrAns', 'right'), ('trial_type', 'route'), ('cueLabel', 'Compass'), ('leftLabel', 'Lamp Post'), ('rightLabel', 'Snowman'), ('corrLabel', 'Snowman')])
52.5419 	DEPRECATION 	Clock.add() is deprecated in favor of .addTime() due to the counterintuitive design (it added time to the baseline, which reduced the values returned from getTime() )
52.5425 	DATA 	Keypress: 2
52.5438 	EXP 	env_label: autoDraw = False
52.5438 	EXP 	env_advance: autoDraw = False
52.5438 	EXP 	fixation: autoDraw = True
52.7916 	EXP 	Device response: <KeyPress from None: t=52.528134399995906, value=2, duration=0.25784659999771975>
53.5894 	INFO 	Keyboard events cleared
53.5893 	EXP 	fixation: autoDraw = False
53.5893 	EXP 	cue_image: image = 'stimuli/maze_compass.png'
53.5893 	EXP 	left_image: image = 'stimuli/maze_lampPost.png'
53.5893 	EXP 	right_image: image = 'stimuli/maze_snowman.png'
53.5893 	EXP 	cue_label_stim: height = np.float64(0.042)
53.5893 	EXP 	cue_label_stim: height = np.float64(0.042)
53.5893 	EXP 	cue_label_stim: height = np.float64(0.042)
53.5893 	EXP 	cue_label_stim: text = 'Compass'
53.5893 	EXP 	left_label_stim: height = np.float64(0.042)
53.5893 	EXP 	left_label_stim: height = np.float64(0.042)
53.5893 	EXP 	left_label_stim: height = np.float64(0.042)
53.5893 	EXP 	left_label_stim: text = 'Lamp Post'
53.5893 	EXP 	right_label_stim: height = np.float64(0.042)
53.5893 	EXP 	right_label_stim: height = np.float64(0.042)
53.5893 	EXP 	right_label_stim: height = np.float64(0.042)
53.5893 	EXP 	right_label_stim: text = 'Snowman'
53.5893 	EXP 	question_text: height = np.float64(0.055)
53.5893 	EXP 	question_text: height = np.float64(0.055)
53.5893 	EXP 	question_text: height = np.float64(0.055)
53.5893 	EXP 	question_text: text = 'Which is the shortest path distance from the start?'
53.5893 	EXP 	question_text: autoDraw = True
53.5893 	EXP 	cue_image: autoDraw = True
53.5893 	EXP 	cue_label_stim: autoDraw = True
53.5893 	EXP 	left_image: autoDraw = True
53.5893 	EXP 	left_label_stim: autoDraw = True
53.5893 	EXP 	right_image: autoDraw = True
53.5893 	EXP 	right_label_stim: autoDraw = True
54.6089 	EXP 	Device response: <KeyPress from None: t=54.60795629999484, value=1, duration=None>
54.6145 	DEPRECATION 	Clock.add() is deprecated in favor of .addTime() due to the counterintuitive design (it added time to the baseline, which reduced the values returned from getTime() )
54.6152 	DATA 	Keypress: 1
54.6167 	EXP 	question_text: autoDraw = False
54.6167 	EXP 	cue_image: autoDraw = False
54.6167 	EXP 	cue_label_stim: autoDraw = False
54.6167 	EXP 	left_image: autoDraw = False
54.6167 	EXP 	left_label_stim: autoDraw = False
54.6167 	EXP 	right_image: autoDraw = False
54.6167 	EXP 	right_label_stim: autoDraw = False
54.6167 	EXP 	fb_text_right: height = np.float64(0.046)
54.6167 	EXP 	fb_text_right: height = np.float64(0.046)
54.6167 	EXP 	fb_text_right: height = np.float64(0.046)
54.6167 	EXP 	fb_text_right: text = 'Correct answer:\nSnowman'
54.6167 	EXP 	question_text: autoDraw = True
54.6167 	EXP 	cue_image: autoDraw = True
54.6167 	EXP 	cue_label_stim: autoDraw = True
54.6167 	EXP 	left_image: autoDraw = True
54.6167 	EXP 	left_label_stim: autoDraw = True
54.6167 	EXP 	right_image: autoDraw = True
54.6167 	EXP 	right_label_stim: autoDraw = True
54.6167 	EXP 	fb_text_right: autoDraw = True
54.6167 	EXP 	fb_line_right: autoDraw = True
54.6167 	EXP 	fb_head_right: autoDraw = True
54.8757 	EXP 	Device response: <KeyPress from None: t=54.60795629999484, value=1, duration=0.2621733999985736>
56.6182 	EXP 	New trial (rep=0, index=1): OrderedDict([('cueImage', 'stimuli/maze_compass.png'), ('leftImage', 'stimuli/maze_lampPost.png'), ('rightImage', 'stimuli/maze_snowman.png'), ('corrAns', 'left'), ('trial_type', 'line'), ('cueLabel', 'Compass'), ('leftLabel', 'Lamp Post'), ('rightLabel', 'Snowman'), ('corrLabel', 'Lamp Post')])
56.6184 	DEPRECATION 	Clock.add() is deprecated in favor of .addTime() due to the counterintuitive design (it added time to the baseline, which reduced the values returned from getTime() )
56.6255 	EXP 	question_text: autoDraw = False
56.6255 	EXP 	cue_image: autoDraw = False
56.6255 	EXP 	cue_label_stim: autoDraw = False
56.6255 	EXP 	left_image: autoDraw = False
56.6255 	EXP 	left_label_stim: autoDraw = False
56.6255 	EXP 	right_image: autoDraw = False
56.6255 	EXP 	right_label_stim: autoDraw = False
56.6255 	EXP 	fb_text_right: autoDraw = False
56.6255 	EXP 	fb_line_right: autoDraw = False
56.6255 	EXP 	fb_head_right: autoDraw = False
56.6255 	EXP 	fixation: autoDraw = True
57.6402 	INFO 	Keyboard events cleared
57.6401 	EXP 	fixation: autoDraw = False
57.6401 	EXP 	cue_image: image = 'stimuli/maze_compass.png'
57.6401 	EXP 	left_image: image = 'stimuli/maze_lampPost.png'
57.6401 	EXP 	right_image: image = 'stimuli/maze_snowman.png'
57.6401 	EXP 	cue_label_stim: text = 'Compass'
57.6401 	EXP 	left_label_stim: text = 'Lamp Post'
57.6401 	EXP 	right_label_stim: text = 'Snowman'
57.6401 	EXP 	question_text: height = np.float64(0.055)
57.6401 	EXP 	question_text: height = np.float64(0.055)
57.6401 	EXP 	question_text: height = np.float64(0.055)
57.6401 	EXP 	question_text: text = 'Which is the shortest straight-line distance from the start?'
57.6401 	EXP 	question_text: autoDraw = True
57.6401 	EXP 	cue_image: autoDraw = True
57.6401 	EXP 	cue_label_stim: autoDraw = True
57.6401 	EXP 	left_image: autoDraw = True
57.6401 	EXP 	left_label_stim: autoDraw = True
57.6401 	EXP 	right_image: autoDraw = True
57.6401 	EXP 	right_label_stim: autoDraw = True
58.2506 	EXP 	Device response: <KeyPress from None: t=58.250007800001185, value=1, duration=None>
58.2537 	DEPRECATION 	Clock.add() is deprecated in favor of .addTime() due to the counterintuitive design (it added time to the baseline, which reduced the values returned from getTime() )
58.2545 	DATA 	Keypress: 1
58.2589 	EXP 	question_text: autoDraw = False
58.2589 	EXP 	cue_image: autoDraw = False
58.2589 	EXP 	cue_label_stim: autoDraw = False
58.2589 	EXP 	left_image: autoDraw = False
58.2589 	EXP 	left_label_stim: autoDraw = False
58.2589 	EXP 	right_image: autoDraw = False
58.2589 	EXP 	right_label_stim: autoDraw = False
58.2589 	EXP 	fb_text_left: height = np.float64(0.046)
58.2589 	EXP 	fb_text_left: height = np.float64(0.046)
58.2589 	EXP 	fb_text_left: height = np.float64(0.046)
58.2589 	EXP 	fb_text_left: text = 'Correct answer:\nLamp Post'
58.2589 	EXP 	question_text: autoDraw = True
58.2589 	EXP 	cue_image: autoDraw = True
58.2589 	EXP 	cue_label_stim: autoDraw = True
58.2589 	EXP 	left_image: autoDraw = True
58.2589 	EXP 	left_label_stim: autoDraw = True
58.2589 	EXP 	right_image: autoDraw = True
58.2589 	EXP 	right_label_stim: autoDraw = True
58.2589 	EXP 	fb_text_left: autoDraw = True
58.2589 	EXP 	fb_line_left: autoDraw = True
58.2589 	EXP 	fb_head_left: autoDraw = True
58.5173 	EXP 	Device response: <KeyPress from None: t=58.250007800001185, value=1, duration=0.261976500012679>
60.2708 	DEBUG 	Read csv file with pandas: nav_task_conditions.csv
60.2712 	DEBUG 	Clearing unnamed columns from nav_task_conditions.csv
60.2718 	EXP 	Imported nav_task_conditions.csv as conditions, 16 conditions, 9 params
60.2727 	EXP 	Created sequence: random, trialTypes=16, nReps=1, seed=None
60.2729 	EXP 	New trial (rep=0, index=0): OrderedDict([('cueImage', 'stimuli/maze_guitar.png'), ('leftImage', 'stimuli/maze_clock.png'), ('rightImage', 'stimuli/maze_umbrella.png'), ('corrAns', 'right'), ('trial_type', 'route'), ('cueLabel', 'Guitar'), ('leftLabel', 'Clock'), ('rightLabel', 'Umbrella'), ('corrLabel', 'Umbrella')])
60.2731 	DEPRECATION 	Clock.add() is deprecated in favor of .addTime() due to the counterintuitive design (it added time to the baseline, which reduced the values returned from getTime() )
60.2744 	EXP 	question_text: autoDraw = False
60.2744 	EXP 	cue_image: autoDraw = False
60.2744 	EXP 	cue_label_stim: autoDraw = False
60.2744 	EXP 	left_image: autoDraw = False
60.2744 	EXP 	left_label_stim: autoDraw = False
60.2744 	EXP 	right_image: autoDraw = False
60.2744 	EXP 	right_label_stim: autoDraw = False
60.2744 	EXP 	fb_text_left: autoDraw = False
60.2744 	EXP 	fb_line_left: autoDraw = False
60.2744 	EXP 	fb_head_left: autoDraw = False
60.2744 	EXP 	fixation: autoDraw = True
61.3141 	INFO 	Keyboard events cleared
61.3141 	EXP 	fixation: autoDraw = False
61.3141 	EXP 	cue_image: image = 'stimuli/maze_guitar.png'
61.3141 	EXP 	left_image: image = 'stimuli/maze_clock.png'
61.3141 	EXP 	right_image: image = 'stimuli/maze_umbrella.png'
61.3141 	EXP 	cue_label_stim: height = np.float64(0.042)
61.3141 	EXP 	cue_label_stim: height = np.float64(0.042)
61.3141 	EXP 	cue_label_stim: height = np.float64(0.042)
61.3141 	EXP 	cue_label_stim: text = 'Guitar'
61.3141 	EXP 	left_label_stim: height = np.float64(0.042)
61.3141 	EXP 	left_label_stim: height = np.float64(0.042)
61.3141 	EXP 	left_label_stim: height = np.float64(0.042)
61.3141 	EXP 	left_label_stim: text = 'Clock'
61.3141 	EXP 	right_label_stim: height = np.float64(0.042)
61.3141 	EXP 	right_label_stim: height = np.float64(0.042)
61.3141 	EXP 	right_label_stim: height = np.float64(0.042)
61.3141 	EXP 	right_label_stim: text = 'Umbrella'
61.3141 	EXP 	question_text: height = np.float64(0.055)
61.3141 	EXP 	question_text: height = np.float64(0.055)
61.3141 	EXP 	question_text: height = np.float64(0.055)
61.3141 	EXP 	question_text: text = 'Which is the shortest path distance from the start?'
61.3141 	EXP 	question_text: autoDraw = True
61.3141 	EXP 	cue_image: autoDraw = True
61.3141 	EXP 	cue_label_stim: autoDraw = True
61.3141 	EXP 	left_image: autoDraw = True
61.3141 	EXP 	left_label_stim: autoDraw = True
61.3141 	EXP 	right_image: autoDraw = True
61.3141 	EXP 	right_label_stim: autoDraw = True
62.2513 	EXP 	Device response: <KeyPress from None: t=62.24432090000482, value=2, duration=None>
62.2520 	EXP 	New trial (rep=0, index=1): OrderedDict([('cueImage', 'stimuli/maze_chair.png'), ('leftImage', 'stimuli/maze_clock.png'), ('rightImage', 'stimuli/maze_guitar.png'), ('corrAns', 'left'), ('trial_type', 'line'), ('cueLabel', 'Chair'), ('leftLabel', 'Clock'), ('rightLabel', 'Guitar'), ('corrLabel', 'Clock')])
62.2522 	DEPRECATION 	Clock.add() is deprecated in favor of .addTime() due to the counterintuitive design (it added time to the baseline, which reduced the values returned from getTime() )
62.2527 	DATA 	Keypress: 2
62.2594 	EXP 	question_text: autoDraw = False
62.2594 	EXP 	cue_image: autoDraw = False
62.2594 	EXP 	cue_label_stim: autoDraw = False
62.2594 	EXP 	left_image: autoDraw = False
62.2594 	EXP 	left_label_stim: autoDraw = False
62.2594 	EXP 	right_image: autoDraw = False
62.2594 	EXP 	right_label_stim: autoDraw = False
62.2594 	EXP 	fixation: autoDraw = True
62.4761 	EXP 	Device response: <KeyPress from None: t=62.24432090000482, value=2, duration=0.2307559000037145>
63.2844 	INFO 	Keyboard events cleared
63.2843 	EXP 	fixation: autoDraw = False
63.2843 	EXP 	cue_image: image = 'stimuli/maze_chair.png'
63.2843 	EXP 	left_image: image = 'stimuli/maze_clock.png'
63.2843 	EXP 	right_image: image = 'stimuli/maze_guitar.png'
63.2843 	EXP 	cue_label_stim: height = np.float64(0.042)
63.2843 	EXP 	cue_label_stim: height = np.float64(0.042)
63.2843 	EXP 	cue_label_stim: height = np.float64(0.042)
63.2843 	EXP 	cue_label_stim: text = 'Chair'
63.2843 	EXP 	left_label_stim: text = 'Clock'
63.2843 	EXP 	right_label_stim: height = np.float64(0.042)
63.2843 	EXP 	right_label_stim: height = np.float64(0.042)
63.2843 	EXP 	right_label_stim: height = np.float64(0.042)
63.2843 	EXP 	right_label_stim: text = 'Guitar'
63.2843 	EXP 	question_text: height = np.float64(0.055)
63.2843 	EXP 	question_text: height = np.float64(0.055)
63.2843 	EXP 	question_text: height = np.float64(0.055)
63.2843 	EXP 	question_text: text = 'Which is the shortest straight-line distance from the start?'
63.2843 	EXP 	question_text: autoDraw = True
63.2843 	EXP 	cue_image: autoDraw = True
63.2843 	EXP 	cue_label_stim: autoDraw = True
63.2843 	EXP 	left_image: autoDraw = True
63.2843 	EXP 	left_label_stim: autoDraw = True
63.2843 	EXP 	right_image: autoDraw = True
63.2843 	EXP 	right_label_stim: autoDraw = True
64.1681 	EXP 	Device response: <KeyPress from None: t=64.16135229999782, value=1, duration=None>
64.1686 	EXP 	New trial (rep=0, index=2): OrderedDict([('cueImage', 'stimuli/maze_umbrella.png'), ('leftImage', 'stimuli/maze_shuttle.png'), ('rightImage', 'stimuli/maze_snowman.png'), ('corrAns', 'left'), ('trial_type', 'line'), ('cueLabel', 'Umbrella'), ('leftLabel', 'Space Shuttle'), ('rightLabel', 'Snowman'), ('corrLabel', 'Space Shuttle')])
64.1689 	DEPRECATION 	Clock.add() is deprecated in favor of .addTime() due to the counterintuitive design (it added time to the baseline, which reduced the values returned from getTime() )
64.1693 	DATA 	Keypress: 1
64.1760 	EXP 	question_text: autoDraw = False
64.1760 	EXP 	cue_image: autoDraw = False
64.1760 	EXP 	cue_label_stim: autoDraw = False
64.1760 	EXP 	left_image: autoDraw = False
64.1760 	EXP 	left_label_stim: autoDraw = False
64.1760 	EXP 	right_image: autoDraw = False
64.1760 	EXP 	right_label_stim: autoDraw = False
64.1760 	EXP 	fixation: autoDraw = True
64.3680 	EXP 	Device response: <KeyPress from None: t=64.16135229999782, value=1, duration=0.20561259999522008>
65.2031 	INFO 	Keyboard events cleared
65.2030 	EXP 	fixation: autoDraw = False
65.2030 	EXP 	cue_image: image = 'stimuli/maze_umbrella.png'
65.2030 	EXP 	left_image: image = 'stimuli/maze_shuttle.png'
65.2030 	EXP 	right_image: image = 'stimuli/maze_snowman.png'
65.2030 	EXP 	cue_label_stim: height = np.float64(0.042)
65.2030 	EXP 	cue_label_stim: height = np.float64(0.042)
65.2030 	EXP 	cue_label_stim: height = np.float64(0.042)
65.2030 	EXP 	cue_label_stim: text = 'Umbrella'
65.2030 	EXP 	left_label_stim: height = np.float64(0.042)
65.2030 	EXP 	left_label_stim: height = np.float64(0.042)
65.2030 	EXP 	left_label_stim: height = np.float64(0.042)
65.2030 	EXP 	left_label_stim: text = 'Space Shuttle'
65.2030 	EXP 	right_label_stim: height = np.float64(0.042)
65.2030 	EXP 	right_label_stim: height = np.float64(0.042)
65.2030 	EXP 	right_label_stim: height = np.float64(0.042)
65.2030 	EXP 	right_label_stim: text = 'Snowman'
65.2030 	EXP 	question_text: text = 'Which is the shortest straight-line distance from the start?'
65.2030 	EXP 	question_text: autoDraw = True
65.2030 	EXP 	cue_image: autoDraw = True
65.2030 	EXP 	cue_label_stim: autoDraw = True
65.2030 	EXP 	left_image: autoDraw = True
65.2030 	EXP 	left_label_stim: autoDraw = True
65.2030 	EXP 	right_image: autoDraw = True
65.2030 	EXP 	right_label_stim: autoDraw = True
66.1018 	EXP 	Device response: <KeyPress from None: t=66.09518040000694, value=1, duration=None>
66.1022 	EXP 	New trial (rep=0, index=3): OrderedDict([('cueImage', 'stimuli/maze_lampPost.png'), ('leftImage', 'stimuli/maze_shuttle.png'), ('rightImage', 'stimuli/maze_snowman.png'), ('corrAns', 'left'), ('trial_type', 'line'), ('cueLabel', 'Lamp Post'), ('leftLabel', 'Space Shuttle'), ('rightLabel', 'Snowman'), ('corrLabel', 'Space Shuttle')])
66.1024 	DEPRECATION 	Clock.add() is deprecated in favor of .addTime() due to the counterintuitive design (it added time to the baseline, which reduced the values returned from getTime() )
66.1029 	DATA 	Keypress: 1
66.1096 	EXP 	question_text: autoDraw = False
66.1096 	EXP 	cue_image: autoDraw = False
66.1096 	EXP 	cue_label_stim: autoDraw = False
66.1096 	EXP 	left_image: autoDraw = False
66.1096 	EXP 	left_label_stim: autoDraw = False
66.1096 	EXP 	right_image: autoDraw = False
66.1096 	EXP 	right_label_stim: autoDraw = False
66.1096 	EXP 	fixation: autoDraw = True
66.3687 	EXP 	Device response: <KeyPress from None: t=66.09518040000694, value=1, duration=0.2718239999958314>
67.1248 	INFO 	Keyboard events cleared
67.1247 	EXP 	fixation: autoDraw = False
67.1247 	EXP 	cue_image: image = 'stimuli/maze_lampPost.png'
67.1247 	EXP 	left_image: image = 'stimuli/maze_shuttle.png'
67.1247 	EXP 	right_image: image = 'stimuli/maze_snowman.png'
67.1247 	EXP 	cue_label_stim: height = np.float64(0.042)
67.1247 	EXP 	cue_label_stim: height = np.float64(0.042)
67.1247 	EXP 	cue_label_stim: height = np.float64(0.042)
67.1247 	EXP 	cue_label_stim: text = 'Lamp Post'
67.1247 	EXP 	left_label_stim: text = 'Space Shuttle'
67.1247 	EXP 	right_label_stim: text = 'Snowman'
67.1247 	EXP 	question_text: text = 'Which is the shortest straight-line distance from the start?'
67.1247 	EXP 	question_text: autoDraw = True
67.1247 	EXP 	cue_image: autoDraw = True
67.1247 	EXP 	cue_label_stim: autoDraw = True
67.1247 	EXP 	left_image: autoDraw = True
67.1247 	EXP 	left_label_stim: autoDraw = True
67.1247 	EXP 	right_image: autoDraw = True
67.1247 	EXP 	right_label_stim: autoDraw = True
69.4688 	EXP 	Device response: <KeyPress from None: t=69.46813540000585, value=1, duration=None>
69.4693 	EXP 	New trial (rep=0, index=4): OrderedDict([('cueImage', 'stimuli/maze_snowman.png'), ('leftImage', 'stimuli/maze_chair.png'), ('rightImage', 'stimuli/maze_compass.png'), ('corrAns', 'right'), ('trial_type', 'route'), ('cueLabel', 'Snowman'), ('leftLabel', 'Chair'), ('rightLabel', 'Compass'), ('corrLabel', 'Compass')])
69.4695 	DEPRECATION 	Clock.add() is deprecated in favor of .addTime() due to the counterintuitive design (it added time to the baseline, which reduced the values returned from getTime() )
69.4702 	DATA 	Keypress: 1
69.4767 	EXP 	question_text: autoDraw = False
69.4767 	EXP 	cue_image: autoDraw = False
69.4767 	EXP 	cue_label_stim: autoDraw = False
69.4767 	EXP 	left_image: autoDraw = False
69.4767 	EXP 	left_label_stim: autoDraw = False
69.4767 	EXP 	right_image: autoDraw = False
69.4767 	EXP 	right_label_stim: autoDraw = False
69.4767 	EXP 	fixation: autoDraw = True
69.7773 	EXP 	Device response: <KeyPress from None: t=69.46813540000585, value=1, duration=0.3038239000015892>
70.4938 	INFO 	Keyboard events cleared
70.4937 	EXP 	fixation: autoDraw = False
70.4937 	EXP 	cue_image: image = 'stimuli/maze_snowman.png'
70.4937 	EXP 	left_image: image = 'stimuli/maze_chair.png'
70.4937 	EXP 	right_image: image = 'stimuli/maze_compass.png'
70.4937 	EXP 	cue_label_stim: height = np.float64(0.042)
70.4937 	EXP 	cue_label_stim: height = np.float64(0.042)
70.4937 	EXP 	cue_label_stim: height = np.float64(0.042)
70.4937 	EXP 	cue_label_stim: text = 'Snowman'
70.4937 	EXP 	left_label_stim: height = np.float64(0.042)
70.4937 	EXP 	left_label_stim: height = np.float64(0.042)
70.4937 	EXP 	left_label_stim: height = np.float64(0.042)
70.4937 	EXP 	left_label_stim: text = 'Chair'
70.4937 	EXP 	right_label_stim: height = np.float64(0.042)
70.4937 	EXP 	right_label_stim: height = np.float64(0.042)
70.4937 	EXP 	right_label_stim: height = np.float64(0.042)
70.4937 	EXP 	right_label_stim: text = 'Compass'
70.4937 	EXP 	question_text: height = np.float64(0.055)
70.4937 	EXP 	question_text: height = np.float64(0.055)
70.4937 	EXP 	question_text: height = np.float64(0.055)
70.4937 	EXP 	question_text: text = 'Which is the shortest path distance from the start?'
70.4937 	EXP 	question_text: autoDraw = True
70.4937 	EXP 	cue_image: autoDraw = True
70.4937 	EXP 	cue_label_stim: autoDraw = True
70.4937 	EXP 	left_image: autoDraw = True
70.4937 	EXP 	left_label_stim: autoDraw = True
70.4937 	EXP 	right_image: autoDraw = True
70.4937 	EXP 	right_label_stim: autoDraw = True
74.4775 	EXP 	Device response: <KeyPress from None: t=74.47216689999914, value=1, duration=None>
74.4780 	EXP 	New trial (rep=0, index=5): OrderedDict([('cueImage', 'stimuli/maze_compass.png'), ('leftImage', 'stimuli/maze_snowman.png'), ('rightImage', 'stimuli/maze_chair.png'), ('corrAns', 'left'), ('trial_type', 'route'), ('cueLabel', 'Compass'), ('leftLabel', 'Snowman'), ('rightLabel', 'Chair'), ('corrLabel', 'Snowman')])
74.4782 	DEPRECATION 	Clock.add() is deprecated in favor of .addTime() due to the counterintuitive design (it added time to the baseline, which reduced the values returned from getTime() )
74.4787 	DATA 	Keypress: 1
74.4856 	EXP 	question_text: autoDraw = False
74.4856 	EXP 	cue_image: autoDraw = False
74.4856 	EXP 	cue_label_stim: autoDraw = False
74.4856 	EXP 	left_image: autoDraw = False
74.4856 	EXP 	left_label_stim: autoDraw = False
74.4856 	EXP 	right_image: autoDraw = False
74.4856 	EXP 	right_label_stim: autoDraw = False
74.4856 	EXP 	fixation: autoDraw = True
74.7026 	EXP 	Device response: <KeyPress from None: t=74.47216689999914, value=1, duration=0.2297938000119757>
75.5046 	INFO 	Keyboard events cleared
75.5045 	EXP 	fixation: autoDraw = False
75.5045 	EXP 	cue_image: image = 'stimuli/maze_compass.png'
75.5045 	EXP 	left_image: image = 'stimuli/maze_snowman.png'
75.5045 	EXP 	right_image: image = 'stimuli/maze_chair.png'
75.5045 	EXP 	cue_label_stim: height = np.float64(0.042)
75.5045 	EXP 	cue_label_stim: height = np.float64(0.042)
75.5045 	EXP 	cue_label_stim: height = np.float64(0.042)
75.5045 	EXP 	cue_label_stim: text = 'Compass'
75.5045 	EXP 	left_label_stim: height = np.float64(0.042)
75.5045 	EXP 	left_label_stim: height = np.float64(0.042)
75.5045 	EXP 	left_label_stim: height = np.float64(0.042)
75.5045 	EXP 	left_label_stim: text = 'Snowman'
75.5045 	EXP 	right_label_stim: height = np.float64(0.042)
75.5045 	EXP 	right_label_stim: height = np.float64(0.042)
75.5045 	EXP 	right_label_stim: height = np.float64(0.042)
75.5045 	EXP 	right_label_stim: text = 'Chair'
75.5045 	EXP 	question_text: text = 'Which is the shortest path distance from the start?'
75.5045 	EXP 	question_text: autoDraw = True
75.5045 	EXP 	cue_image: autoDraw = True
75.5045 	EXP 	cue_label_stim: autoDraw = True
75.5045 	EXP 	left_image: autoDraw = True
75.5045 	EXP 	left_label_stim: autoDraw = True
75.5045 	EXP 	right_image: autoDraw = True
75.5045 	EXP 	right_label_stim: autoDraw = True
79.6448 	EXP 	Device response: <KeyPress from None: t=79.63714490001439, value=2, duration=None>
79.6453 	EXP 	New trial (rep=0, index=6): OrderedDict([('cueImage', 'stimuli/maze_chair.png'), ('leftImage', 'stimuli/maze_guitar.png'), ('rightImage', 'stimuli/maze_shuttle.png'), ('corrAns', 'right'), ('trial_type', 'route'), ('cueLabel', 'Chair'), ('leftLabel', 'Guitar'), ('rightLabel', 'Space Shuttle'), ('corrLabel', 'Space Shuttle')])
79.6456 	DEPRECATION 	Clock.add() is deprecated in favor of .addTime() due to the counterintuitive design (it added time to the baseline, which reduced the values returned from getTime() )
79.6460 	DATA 	Keypress: 2
79.6529 	EXP 	question_text: autoDraw = False
79.6529 	EXP 	cue_image: autoDraw = False
79.6529 	EXP 	cue_label_stim: autoDraw = False
79.6529 	EXP 	left_image: autoDraw = False
79.6529 	EXP 	left_label_stim: autoDraw = False
79.6529 	EXP 	right_image: autoDraw = False
79.6529 	EXP 	right_label_stim: autoDraw = False
79.6529 	EXP 	fixation: autoDraw = True
79.8368 	EXP 	Device response: <KeyPress from None: t=79.63714490001439, value=2, duration=0.19309589997283183>
80.6725 	INFO 	Keyboard events cleared
80.6724 	EXP 	fixation: autoDraw = False
80.6724 	EXP 	cue_image: image = 'stimuli/maze_chair.png'
80.6724 	EXP 	left_image: image = 'stimuli/maze_guitar.png'
80.6724 	EXP 	right_image: image = 'stimuli/maze_shuttle.png'
80.6724 	EXP 	cue_label_stim: height = np.float64(0.042)
80.6724 	EXP 	cue_label_stim: height = np.float64(0.042)
80.6724 	EXP 	cue_label_stim: height = np.float64(0.042)
80.6724 	EXP 	cue_label_stim: text = 'Chair'
80.6724 	EXP 	left_label_stim: height = np.float64(0.042)
80.6724 	EXP 	left_label_stim: height = np.float64(0.042)
80.6724 	EXP 	left_label_stim: height = np.float64(0.042)
80.6724 	EXP 	left_label_stim: text = 'Guitar'
80.6724 	EXP 	right_label_stim: height = np.float64(0.042)
80.6724 	EXP 	right_label_stim: height = np.float64(0.042)
80.6724 	EXP 	right_label_stim: height = np.float64(0.042)
80.6724 	EXP 	right_label_stim: text = 'Space Shuttle'
80.6724 	EXP 	question_text: text = 'Which is the shortest path distance from the start?'
80.6724 	EXP 	question_text: autoDraw = True
80.6724 	EXP 	cue_image: autoDraw = True
80.6724 	EXP 	cue_label_stim: autoDraw = True
80.6724 	EXP 	left_image: autoDraw = True
80.6724 	EXP 	left_label_stim: autoDraw = True
80.6724 	EXP 	right_image: autoDraw = True
80.6724 	EXP 	right_label_stim: autoDraw = True
500.8792 	DATA 	Mouse: Left button down, pos=(1093,376)
500.9967 	DATA 	Mouse:  Left button up, pos=(1247,538)
540.7884 	DATA 	Mouse: Left button down, pos=(1795,546)
540.8842 	DATA 	Mouse:  Left button up, pos=(1795,546)
541.5086 	EXP 	Device response: <KeyPress from None: t=541.5034749000042, value=escape, duration=None>
541.5107 	DATA 	Keypress: escape
541.6084 	EXP 	Device response: <KeyPress from None: t=541.5034749000042, value=escape, duration=0.10465709998970851>
541.6951 	DEBUG 	Saving data for GraphMaze_Navigation ExperimentHandler
541.6963 	INFO 	saved data to F:\Github\PaperFolding\data\123_GraphMaze_Navigation_2026-09-29_15h29.01.971.psydat
541.6977 	INFO 	saved data to 'F:\\Github\\PaperFolding\\data\\123_GraphMaze_Navigation_2026-09-29_15h29.01.971.csv'
541.7052 	INFO 	Stopping keyboard key buffers.
