30.3990 	INFO 	Loaded monitor calibration from ['2026_09_21 04:14']
30.4289 	WARNING 	User requested fullscreen with size [1440  900], but screen is actually [1920, 1080]. Using actual size
31.5268 	INFO 	Using renderer 'AMD Radeon RX 7900 XT' for graphics
31.5269 	INFO 	OpenGL version supported by driver is 4..
31.6455 	DEBUG 	TextBox2 loaded 1 chars with 0 blanks and 1 valid
31.6548 	DEBUG 	TextBox2 loaded 1 chars with 0 blanks and 1 valid
31.6642 	DEBUG 	TextBox2 loaded 1 chars with 0 blanks and 1 valid
31.6742 	DEBUG 	TextBox2 loaded 1 chars with 0 blanks and 1 valid
31.6841 	DEBUG 	TextBox2 loaded 1 chars with 0 blanks and 1 valid
31.6931 	DEBUG 	TextBox2 loaded 1 chars with 0 blanks and 1 valid
31.7026 	DEBUG 	TextBox2 loaded 1 chars with 0 blanks and 1 valid
31.7123 	DEBUG 	TextBox2 loaded 1 chars with 0 blanks and 1 valid
31.7215 	DEBUG 	TextBox2 loaded 1 chars with 0 blanks and 1 valid
31.7305 	DEBUG 	TextBox2 loaded 1 chars with 0 blanks and 1 valid
31.7403 	DEBUG 	TextBox2 loaded 1 chars with 0 blanks and 1 valid
31.7501 	DEBUG 	TextBox2 loaded 1 chars with 0 blanks and 1 valid
31.7597 	DEBUG 	TextBox2 loaded 1 chars with 0 blanks and 1 valid
31.7693 	DEBUG 	TextBox2 loaded 1 chars with 0 blanks and 1 valid
31.7788 	DEBUG 	TextBox2 loaded 1 chars with 0 blanks and 1 valid
31.7884 	DEBUG 	TextBox2 loaded 1 chars with 0 blanks and 1 valid
31.7984 	DEBUG 	TextBox2 loaded 1 chars with 0 blanks and 1 valid
31.8074 	DEBUG 	TextBox2 loaded 1 chars with 0 blanks and 1 valid
31.8175 	DEBUG 	TextBox2 loaded 1 chars with 0 blanks and 1 valid
31.8279 	DEBUG 	TextBox2 loaded 1 chars with 0 blanks and 1 valid
31.8371 	DEBUG 	TextBox2 loaded 1 chars with 0 blanks and 1 valid
31.8380 	DEBUG 	Uploading Texture Font fontname to graphics card
31.8404 	DEBUG 	Upload of Texture Font fontname complete
31.8614 	DEBUG 	TextBox2 loaded 1 chars with 0 blanks and 1 valid
31.8717 	DEBUG 	TextBox2 loaded 1 chars with 0 blanks and 1 valid
31.8817 	DEBUG 	TextBox2 loaded 1 chars with 0 blanks and 1 valid
31.8821 	DEBUG 	Uploading Texture Font fontname to graphics card
31.8835 	DEBUG 	Upload of Texture Font fontname complete
32.8668 	EXP 	Created window1 = Window(allowGUI=False, allowStencil=False, autoLog=True, backendConf=UNKNOWN, backgroundFit=<method-wrapper '__getattribute__' of attributeSetter object at 0x0000019689B2E5C0>, backgroundImage=<method-wrapper '__getattribute__' of attributeSetter object at 0x0000019689B2C550>, bitsMode=UNKNOWN, blendMode='avg', bpc=(8, 8, 8), color=array([0, 0, 0]), colorSpace='rgb', depthBits=8, fullscr=True, gamma=None, gammaErrorPolicy='raise', infoMsg=UNKNOWN, lms=UNKNOWN, monitor=<psychopy.monitors.calibTools.Monitor object at 0x0000019689B87820>, multiSample=False, name='window1', numSamples=2, pos=(0, 0), screen=0, size=array([1920, 1080]), stencilBits=0, stereo=False, title='PsychoPy', units='height', useFBO=True, useRetina=False, viewOri=0.0, viewPos=None, viewScale=None, waitBlanking=True, winType='pyglet')
32.8669 	EXP 	window1: backgroundImage = None
32.8669 	EXP 	window1: backgroundFit = 'cover'
32.8691 	EXP 	window1: Attempting to measure frame rate of screen (0) ...
32.8691 	EXP 	window1: recordFrameIntervals = False
32.9503 	EXP 	window1: recordFrameIntervals = True
33.7838 	EXP 	window1: recordFrameIntervals = False
33.7838 	EXP 	Screen (0) actual frame rate measured at 119.57Hz
35.5203 	INFO 	keyboard.Keyboard is using ptb backend.
36.0191 	EXP 	Created fixation = TextStim(__class__=<class 'psychopy.visual.text.TextStim'>, alignHoriz=method-wrapper(...), alignText='center', alignVert=method-wrapper(...), anchorHoriz='center', anchorVert='center', antialias=True, autoDraw=False, autoLog=True, bold=False, color=array([1., 1., 1.]), colorSpace='rgb', contrast=1.0, depth=0.0, draggable=False, flipHoriz=False, flipVert=False, font='Times New Roman', fontFiles=[], height=np.float64(0.12), italic=False, languageStyle='LTR', name='fixation', opacity=1, ori=0, pos=array([0., 0.]), rgb=UNKNOWN, text='+', units='height', win=Window(...), wrapWidth=1)
36.0239 	EXP 	Created instr_image = ImageStim(__class__=<class 'psychopy.visual.image.ImageStim'>, anchor=('center', 'center'), autoLog=True, color=array([1., 1., 1.]), colorSpace='rgb', contrast=1.0, depth=0.0, draggable=False, flipHoriz=np.False_, flipVert=np.False_, image='sin', interpolate=True, mask=None, maskParams=None, name='instr_image', opacity=1, ori=0.0, pos=array([0., 0.]), size=array([1.6, 0.9]), texRes=128.0, units='height', win=Window(...))
36.0249 	EXP 	Created env_label = TextStim(__class__=<class 'psychopy.visual.text.TextStim'>, alignHoriz=method-wrapper(...), alignText='center', alignVert=method-wrapper(...), anchorHoriz='center', anchorVert='center', antialias=True, autoDraw=False, autoLog=True, bold=False, color=array([1., 1., 1.]), colorSpace='rgb', contrast=1.0, depth=0.0, draggable=False, flipHoriz=False, flipVert=False, font='Times New Roman', fontFiles=[], height=0.06, italic=False, languageStyle='LTR', name='env_label', opacity=1, ori=0, pos=array([-0.6,  0.4]), rgb=UNKNOWN, text='', units='height', win=Window(...), wrapWidth=1.5)
36.0325 	EXP 	Created env_advance = TextStim(__class__=<class 'psychopy.visual.text.TextStim'>, alignHoriz=method-wrapper(...), alignText='center', alignVert=method-wrapper(...), anchorHoriz='center', anchorVert='center', antialias=True, autoDraw=False, autoLog=True, bold=False, color=array([1., 1., 1.]), colorSpace='rgb', contrast=1.0, depth=-1.0, draggable=False, flipHoriz=False, flipVert=False, font='Times New Roman', fontFiles=[], height=np.float64(0.04), italic=False, languageStyle='LTR', name='env_advance', opacity=1, ori=0, pos=array([ 0. , -0.4]), rgb=UNKNOWN, text='Press space to continue.', units='height', win=Window(...), wrapWidth=1)
36.0334 	EXP 	Created question_text = TextStim(__class__=<class 'psychopy.visual.text.TextStim'>, alignHoriz=method-wrapper(...), alignText='center', alignVert=method-wrapper(...), anchorHoriz='center', anchorVert='center', antialias=True, autoDraw=False, autoLog=True, bold=False, color=array([1., 1., 1.]), colorSpace='rgb', contrast=1.0, depth=0.0, draggable=False, flipHoriz=False, flipVert=False, font='Times New Roman', fontFiles=[], height=0.042, italic=False, languageStyle='LTR', name='question_text', opacity=1, ori=0, pos=array([-0.55,  0.3 ]), rgb=UNKNOWN, text='', units='height', win=Window(...), wrapWidth=0.52)
36.0345 	EXP 	Created cue_image = ImageStim(__class__=<class 'psychopy.visual.image.ImageStim'>, anchor=('center', 'center'), autoLog=True, color=array([1., 1., 1.]), colorSpace='rgb', contrast=1.0, depth=-1.0, draggable=False, flipHoriz=np.False_, flipVert=np.False_, image='sin', interpolate=True, mask=None, maskParams=None, name='cue_image', opacity=1, ori=0.0, pos=array([0.2 , 0.27]), size=array([0.24, 0.24]), texRes=512, units='height', win=Window(...))
36.0355 	EXP 	Created cue_label_stim = TextStim(__class__=<class 'psychopy.visual.text.TextStim'>, alignHoriz=method-wrapper(...), alignText='center', alignVert=method-wrapper(...), anchorHoriz='center', anchorVert='center', antialias=True, autoDraw=False, autoLog=True, bold=False, color=array([1., 1., 1.]), colorSpace='rgb', contrast=1.0, depth=-2.0, draggable=False, flipHoriz=False, flipVert=False, font='Times New Roman', fontFiles=[], height=0.038, italic=False, languageStyle='LTR', name='cue_label_stim', opacity=1, ori=0, pos=array([0.2 , 0.12]), rgb=UNKNOWN, text='', units='height', win=Window(...), wrapWidth=0.4)
36.0363 	EXP 	Created left_image = ImageStim(__class__=<class 'psychopy.visual.image.ImageStim'>, anchor=('center', 'center'), autoLog=True, color=array([1., 1., 1.]), colorSpace='rgb', contrast=1.0, depth=-3.0, draggable=False, flipHoriz=np.False_, flipVert=np.False_, image='sin', interpolate=True, mask=None, maskParams=None, name='left_image', opacity=1, ori=0.0, pos=array([-0.4 , -0.14]), size=array([0.24, 0.24]), texRes=512, units='height', win=Window(...))
36.0368 	EXP 	Created left_label_stim = TextStim(__class__=<class 'psychopy.visual.text.TextStim'>, alignHoriz=method-wrapper(...), alignText='center', alignVert=method-wrapper(...), anchorHoriz='center', anchorVert='center', antialias=True, autoDraw=False, autoLog=True, bold=False, color=array([1., 1., 1.]), colorSpace='rgb', contrast=1.0, depth=-4.0, draggable=False, flipHoriz=False, flipVert=False, font='Times New Roman', fontFiles=[], height=0.038, italic=False, languageStyle='LTR', name='left_label_stim', opacity=1, ori=0, pos=array([-0.4, -0.3]), rgb=UNKNOWN, text='', units='height', win=Window(...), wrapWidth=0.4)
36.0375 	EXP 	Created right_image = ImageStim(__class__=<class 'psychopy.visual.image.ImageStim'>, anchor=('center', 'center'), autoLog=True, color=array([1., 1., 1.]), colorSpace='rgb', contrast=1.0, depth=-5.0, draggable=False, flipHoriz=np.False_, flipVert=np.False_, image='sin', interpolate=True, mask=None, maskParams=None, name='right_image', opacity=1, ori=0.0, pos=array([ 0.4 , -0.14]), size=array([0.24, 0.24]), texRes=512, units='height', win=Window(...))
36.0380 	EXP 	Created right_label_stim = TextStim(__class__=<class 'psychopy.visual.text.TextStim'>, alignHoriz=method-wrapper(...), alignText='center', alignVert=method-wrapper(...), anchorHoriz='center', anchorVert='center', antialias=True, autoDraw=False, autoLog=True, bold=False, color=array([1., 1., 1.]), colorSpace='rgb', contrast=1.0, depth=-6.0, draggable=False, flipHoriz=False, flipVert=False, font='Times New Roman', fontFiles=[], height=0.038, italic=False, languageStyle='LTR', name='right_label_stim', opacity=1, ori=0, pos=array([ 0.4, -0.3]), rgb=UNKNOWN, text='', units='height', win=Window(...), wrapWidth=0.4)
36.0393 	EXP 	Created feedback_stim = TextStim(__class__=<class 'psychopy.visual.text.TextStim'>, alignHoriz=method-wrapper(...), alignText='center', alignVert=method-wrapper(...), anchorHoriz='center', anchorVert='center', antialias=True, autoDraw=False, autoLog=True, bold=False, color=array([-1.,  1., -1.]), colorSpace='rgb', contrast=1.0, depth=0.0, draggable=False, flipHoriz=False, flipVert=False, font='Times New Roman', fontFiles=[], height=0.05, italic=False, languageStyle='LTR', name='feedback_stim', opacity=1, ori=0, pos=array([-0.55, -0.05]), rgb=UNKNOWN, text='', units='height', win=Window(...), wrapWidth=0.6)
36.0876 	EXP 	Created thankyou = TextStim(__class__=<class 'psychopy.visual.text.TextStim'>, alignHoriz=method-wrapper(...), alignText='center', alignVert=method-wrapper(...), anchorHoriz='center', anchorVert='center', antialias=True, autoDraw=False, autoLog=True, bold=False, color=array([1., 1., 1.]), colorSpace='rgb', contrast=1.0, depth=0.0, draggable=False, flipHoriz=False, flipVert=False, font='Times New Roman', fontFiles=[], height=np.float64(0.06), italic=False, languageStyle='LTR', name='thankyou', opacity=1, ori=0, pos=array([0. , 0.1]), rgb=UNKNOWN, text=str(...), units='height', win=Window(...), wrapWidth=1)
36.0922 	EXP 	Created finalslide = TextStim(__class__=<class 'psychopy.visual.text.TextStim'>, alignHoriz=method-wrapper(...), alignText='center', alignVert=method-wrapper(...), anchorHoriz='center', anchorVert='center', antialias=True, autoDraw=False, autoLog=True, bold=False, color=array([1., 1., 1.]), colorSpace='rgb', contrast=1.0, depth=-1.0, draggable=False, flipHoriz=False, flipVert=False, font='Times New Roman', fontFiles=[], height=np.float64(0.04), italic=False, languageStyle='LTR', name='finalslide', opacity=1, ori=0, pos=array([ 0. , -0.2]), rgb=UNKNOWN, text='Press the space bar to exit.', units='height', win=Window(...), wrapWidth=1)
36.1943 	INFO 	Keyboard events cleared
36.1943 	EXP 	instr_image: image = 'nav_task_instr/Slide1.png'
36.1943 	EXP 	instr_image: autoDraw = True
38.9837 	EXP 	Device response: <KeyPress from None: t=38.90891630004626, value=right, duration=None>
38.9843 	DATA 	Keypress: right
39.0676 	EXP 	Device response: <KeyPress from None: t=38.90891630004626, value=right, duration=0.1574533999664709>
39.9510 	EXP 	Device response: <KeyPress from None: t=39.948877200018615, value=right, duration=None>
39.9517 	DATA 	Keypress: right
40.1431 	EXP 	Device response: <KeyPress from None: t=39.948877200018615, value=right, duration=0.18716169998515397>
40.3011 	EXP 	Device response: <KeyPress from None: t=40.295739000081085, value=left, duration=None>
40.3015 	DATA 	Keypress: left
40.4507 	EXP 	Device response: <KeyPress from None: t=40.295739000081085, value=left, duration=0.14767109998501837>
40.5843 	EXP 	Device response: <KeyPress from None: t=40.57682630000636, value=right, duration=None>
40.5847 	DATA 	Keypress: right
40.7093 	EXP 	Device response: <KeyPress from None: t=40.57682630000636, value=right, duration=0.1244151999708265>
41.3263 	EXP 	Device response: <KeyPress from None: t=41.324314899975434, value=3, duration=None>
41.3267 	DATA 	Keypress: 3
41.4682 	EXP 	Device response: <KeyPress from None: t=41.324314899975434, value=3, duration=0.13646070007234812>
41.6011 	EXP 	Device response: <KeyPress from None: t=41.59978950000368, value=1, duration=None>
41.6015 	DATA 	Keypress: 1
41.7936 	EXP 	Device response: <KeyPress from None: t=41.59978950000368, value=1, duration=0.1852556000230834>
41.8927 	EXP 	Device response: <KeyPress from None: t=41.88677009998355, value=2, duration=None>
41.8931 	DATA 	Keypress: 2
42.0763 	EXP 	Device response: <KeyPress from None: t=41.88677009998355, value=2, duration=0.18152189999818802>
42.1261 	EXP 	Device response: <KeyPress from None: t=42.12000170000829, value=3, duration=None>
42.1268 	DATA 	Keypress: 3
42.2679 	EXP 	Device response: <KeyPress from None: t=42.12000170000829, value=3, duration=0.1447098000207916>
42.3431 	EXP 	Device response: <KeyPress from None: t=42.341788300080225, value=4, duration=None>
42.3438 	DATA 	Keypress: 4
42.4763 	EXP 	Device response: <KeyPress from None: t=42.341788300080225, value=4, duration=0.13007809990085661>
42.5845 	EXP 	Device response: <KeyPress from None: t=42.5836575999856, value=5, duration=None>
42.5847 	DATA 	Keypress: 5
42.7431 	EXP 	Device response: <KeyPress from None: t=42.5836575999856, value=5, duration=0.15146279998589307>
43.2015 	EXP 	Device response: <KeyPress from None: t=43.19785050000064, value=right, duration=None>
43.2018 	DATA 	Keypress: right
43.3264 	EXP 	Device response: <KeyPress from None: t=43.19785050000064, value=right, duration=0.12493170006200671>
43.4015 	EXP 	Device response: <KeyPress from None: t=43.395027999999, value=right, duration=None>
43.4019 	DATA 	Keypress: right
43.5194 	EXP 	Device response: <KeyPress from None: t=43.395027999999, value=right, duration=0.11641740007326007>
43.6597 	EXP 	Device response: <KeyPress from None: t=43.658922699978575, value=left, duration=None>
43.6602 	DATA 	Keypress: left
43.7515 	EXP 	Device response: <KeyPress from None: t=43.658922699978575, value=left, duration=0.08718110003974289>
43.8597 	EXP 	Device response: <KeyPress from None: t=43.853069200064056, value=left, duration=None>
43.8601 	DATA 	Keypress: left
43.9346 	EXP 	Device response: <KeyPress from None: t=43.853069200064056, value=left, duration=0.07855949993245304>
44.1350 	EXP 	Device response: <KeyPress from None: t=44.134443500079215, value=right, duration=None>
44.1355 	DATA 	Keypress: right
44.2099 	EXP 	Device response: <KeyPress from None: t=44.134443500079215, value=right, duration=0.07230879995040596>
44.2933 	EXP 	Device response: <KeyPress from None: t=44.287087699980475, value=right, duration=None>
44.2937 	DATA 	Keypress: right
44.4348 	EXP 	Device response: <KeyPress from None: t=44.287087699980475, value=right, duration=0.14257150003686547>
44.6684 	EXP 	Device response: <KeyPress from None: t=44.660808700020425, value=return, duration=None>
44.6690 	DATA 	Keypress: return
44.7850 	EXP 	Device response: <KeyPress from None: t=44.660808700020425, value=return, duration=0.11894660000689328>
44.8598 	EXP 	Device response: <KeyPress from None: t=44.85403260006569, value=return, duration=None>
44.8602 	DATA 	Keypress: return
44.9599 	EXP 	Device response: <KeyPress from None: t=44.85403260006569, value=return, duration=0.10060289991088212>
45.2267 	EXP 	Device response: <KeyPress from None: t=45.22110900003463, value=space, duration=None>
45.2368 	DATA 	Keypress: space
45.2376 	INFO 	Keyboard events cleared
45.2376 	EXP 	instr_image: autoDraw = False
45.2376 	EXP 	env_label: height = np.float64(0.06)
45.2376 	EXP 	env_label: height = np.float64(0.06)
45.2376 	EXP 	env_label: height = np.float64(0.06)
45.2376 	EXP 	env_label: text = 'Environment: hedge maze'
45.2376 	EXP 	env_label: autoDraw = True
45.2376 	EXP 	env_advance: autoDraw = True
45.3936 	EXP 	Device response: <KeyPress from None: t=45.22110900003463, value=space, duration=0.17063820001203567>
48.5441 	EXP 	Device response: <KeyPress from None: t=48.539975200081244, value=space, duration=None>
48.5737 	DEBUG 	Read csv file with pandas: nav_task_practice.csv
48.5812 	DEBUG 	Clearing unnamed columns from nav_task_practice.csv
48.5822 	EXP 	Imported nav_task_practice.csv as conditions, 2 conditions, 9 params
48.5824 	EXP 	Created sequence: sequential, trialTypes=2, nReps=1, seed=None
48.5826 	EXP 	New trial (rep=0, index=0): OrderedDict([('cueImage', 'stimuli/maze_compass.png'), ('leftImage', 'stimuli/maze_lampPost.png'), ('rightImage', 'stimuli/maze_snowman.png'), ('corrAns', 'right'), ('trial_type', 'route'), ('cueLabel', 'Compass'), ('leftLabel', 'Lamp Post'), ('rightLabel', 'Snowman'), ('corrLabel', 'Snowman')])
48.5827 	DEPRECATION 	Clock.add() is deprecated in favor of .addTime() due to the counterintuitive design (it added time to the baseline, which reduced the values returned from getTime() )
48.5845 	DATA 	Keypress: space
48.5880 	EXP 	env_label: autoDraw = False
48.5880 	EXP 	env_advance: autoDraw = False
48.5880 	EXP 	fixation: autoDraw = True
48.6771 	EXP 	Device response: <KeyPress from None: t=48.539975200081244, value=space, duration=0.1307022999972105>
49.6672 	INFO 	Keyboard events cleared
49.6671 	EXP 	fixation: autoDraw = False
49.6671 	EXP 	cue_image: image = 'stimuli/maze_compass.png'
49.6671 	EXP 	left_image: image = 'stimuli/maze_lampPost.png'
49.6671 	EXP 	right_image: image = 'stimuli/maze_snowman.png'
49.6671 	EXP 	cue_label_stim: height = np.float64(0.038)
49.6671 	EXP 	cue_label_stim: height = np.float64(0.038)
49.6671 	EXP 	cue_label_stim: height = np.float64(0.038)
49.6671 	EXP 	cue_label_stim: text = 'Compass'
49.6671 	EXP 	left_label_stim: height = np.float64(0.038)
49.6671 	EXP 	left_label_stim: height = np.float64(0.038)
49.6671 	EXP 	left_label_stim: height = np.float64(0.038)
49.6671 	EXP 	left_label_stim: text = 'Lamp Post'
49.6671 	EXP 	right_label_stim: height = np.float64(0.038)
49.6671 	EXP 	right_label_stim: height = np.float64(0.038)
49.6671 	EXP 	right_label_stim: height = np.float64(0.038)
49.6671 	EXP 	right_label_stim: text = 'Snowman'
49.6671 	EXP 	question_text: height = np.float64(0.042)
49.6671 	EXP 	question_text: height = np.float64(0.042)
49.6671 	EXP 	question_text: height = np.float64(0.042)
49.6671 	EXP 	question_text: text = 'Which object has the shortest\npath distance from the\nstarting object?'
49.6671 	EXP 	question_text: autoDraw = True
49.6671 	EXP 	cue_image: autoDraw = True
49.6671 	EXP 	cue_label_stim: autoDraw = True
49.6671 	EXP 	left_image: autoDraw = True
49.6671 	EXP 	left_label_stim: autoDraw = True
49.6671 	EXP 	right_image: autoDraw = True
49.6671 	EXP 	right_label_stim: autoDraw = True
53.2276 	EXP 	Device response: <KeyPress from None: t=53.22682530002203, value=1, duration=None>
53.2284 	DATA 	Keypress: 1
53.3860 	EXP 	Device response: <KeyPress from None: t=53.22682530002203, value=1, duration=0.15298540005460382>
54.0362 	EXP 	Device response: <KeyPress from None: t=54.02898559998721, value=left, duration=None>
54.0440 	DEPRECATION 	Clock.add() is deprecated in favor of .addTime() due to the counterintuitive design (it added time to the baseline, which reduced the values returned from getTime() )
54.0448 	DATA 	Keypress: left
54.0463 	EXP 	question_text: autoDraw = False
54.0463 	EXP 	cue_image: autoDraw = False
54.0463 	EXP 	cue_label_stim: autoDraw = False
54.0463 	EXP 	left_image: autoDraw = False
54.0463 	EXP 	left_label_stim: autoDraw = False
54.0463 	EXP 	right_image: autoDraw = False
54.0463 	EXP 	right_label_stim: autoDraw = False
54.0463 	EXP 	feedback_stim: height = np.float64(0.05)
54.0463 	EXP 	feedback_stim: height = np.float64(0.05)
54.0463 	EXP 	feedback_stim: height = np.float64(0.05)
54.0463 	EXP 	feedback_stim: text = 'Correct answer: Snowman'
54.0463 	EXP 	feedback_stim: autoDraw = True
54.2027 	EXP 	Device response: <KeyPress from None: t=54.02898559998721, value=left, duration=0.16869830002542585>
56.0451 	EXP 	New trial (rep=0, index=1): OrderedDict([('cueImage', 'stimuli/maze_compass.png'), ('leftImage', 'stimuli/maze_lampPost.png'), ('rightImage', 'stimuli/maze_snowman.png'), ('corrAns', 'left'), ('trial_type', 'line'), ('cueLabel', 'Compass'), ('leftLabel', 'Lamp Post'), ('rightLabel', 'Snowman'), ('corrLabel', 'Lamp Post')])
56.0452 	DEPRECATION 	Clock.add() is deprecated in favor of .addTime() due to the counterintuitive design (it added time to the baseline, which reduced the values returned from getTime() )
56.0529 	EXP 	feedback_stim: autoDraw = False
56.0529 	EXP 	fixation: autoDraw = True
57.0733 	INFO 	Keyboard events cleared
57.0732 	EXP 	fixation: autoDraw = False
57.0732 	EXP 	cue_image: image = 'stimuli/maze_compass.png'
57.0732 	EXP 	left_image: image = 'stimuli/maze_lampPost.png'
57.0732 	EXP 	right_image: image = 'stimuli/maze_snowman.png'
57.0732 	EXP 	cue_label_stim: text = 'Compass'
57.0732 	EXP 	left_label_stim: text = 'Lamp Post'
57.0732 	EXP 	right_label_stim: text = 'Snowman'
57.0732 	EXP 	question_text: height = np.float64(0.042)
57.0732 	EXP 	question_text: height = np.float64(0.042)
57.0732 	EXP 	question_text: height = np.float64(0.042)
57.0732 	EXP 	question_text: text = 'Which object has the shortest\nstraight-line distance from the\nstarting object?'
57.0732 	EXP 	question_text: autoDraw = True
57.0732 	EXP 	cue_image: autoDraw = True
57.0732 	EXP 	cue_label_stim: autoDraw = True
57.0732 	EXP 	left_image: autoDraw = True
57.0732 	EXP 	left_label_stim: autoDraw = True
57.0732 	EXP 	right_image: autoDraw = True
57.0732 	EXP 	right_label_stim: autoDraw = True
63.9959 	EXP 	Device response: <KeyPress from None: t=63.99391950003337, value=right, duration=None>
63.9994 	DEPRECATION 	Clock.add() is deprecated in favor of .addTime() due to the counterintuitive design (it added time to the baseline, which reduced the values returned from getTime() )
63.9998 	DATA 	Keypress: right
64.0037 	EXP 	question_text: autoDraw = False
64.0037 	EXP 	cue_image: autoDraw = False
64.0037 	EXP 	cue_label_stim: autoDraw = False
64.0037 	EXP 	left_image: autoDraw = False
64.0037 	EXP 	left_label_stim: autoDraw = False
64.0037 	EXP 	right_image: autoDraw = False
64.0037 	EXP 	right_label_stim: autoDraw = False
64.0037 	EXP 	feedback_stim: height = np.float64(0.05)
64.0037 	EXP 	feedback_stim: height = np.float64(0.05)
64.0037 	EXP 	feedback_stim: height = np.float64(0.05)
64.0037 	EXP 	feedback_stim: text = 'Correct answer: Lamp Post'
64.0037 	EXP 	feedback_stim: autoDraw = True
64.1459 	EXP 	Device response: <KeyPress from None: t=63.99391950003337, value=right, duration=0.14425500005017966>
66.0930 	INFO 	Keyboard events cleared
66.0929 	EXP 	feedback_stim: autoDraw = False
66.0929 	EXP 	instr_image: image = 'nav_task_instr/Slide2.png'
66.0929 	EXP 	instr_image: autoDraw = True
67.8629 	EXP 	Device response: <KeyPress from None: t=67.85517430002801, value=right, duration=None>
67.8634 	DATA 	Keypress: right
68.0376 	EXP 	Device response: <KeyPress from None: t=67.85517430002801, value=right, duration=0.18148250004742295>
68.5878 	EXP 	Device response: <KeyPress from None: t=68.58380090002902, value=right, duration=None>
68.5881 	DATA 	Keypress: right
68.7044 	EXP 	Device response: <KeyPress from None: t=68.58380090002902, value=right, duration=0.11811170005239546>
68.9302 	EXP 	Device response: <KeyPress from None: t=68.92978710005991, value=right, duration=None>
68.9306 	DATA 	Keypress: right
69.0963 	EXP 	Device response: <KeyPress from None: t=68.92978710005991, value=right, duration=0.16622629994526505>
69.9966 	EXP 	Device response: <KeyPress from None: t=69.98911950003821, value=space, duration=None>
69.9997 	DEBUG 	Read csv file with pandas: nav_task_conditions.csv
70.0001 	DEBUG 	Clearing unnamed columns from nav_task_conditions.csv
70.0007 	EXP 	Imported nav_task_conditions.csv as conditions, 16 conditions, 9 params
70.0017 	EXP 	Created sequence: random, trialTypes=16, nReps=1, seed=None
70.0019 	EXP 	New trial (rep=0, index=0): OrderedDict([('cueImage', 'stimuli/maze_lampPost.png'), ('leftImage', 'stimuli/maze_shuttle.png'), ('rightImage', 'stimuli/maze_snowman.png'), ('corrAns', 'left'), ('trial_type', 'line'), ('cueLabel', 'Lamp Post'), ('leftLabel', 'Space Shuttle'), ('rightLabel', 'Snowman'), ('corrLabel', 'Space Shuttle')])
70.0020 	DEPRECATION 	Clock.add() is deprecated in favor of .addTime() due to the counterintuitive design (it added time to the baseline, which reduced the values returned from getTime() )
70.0024 	DATA 	Keypress: space
70.0040 	EXP 	instr_image: autoDraw = False
70.0040 	EXP 	fixation: autoDraw = True
70.1384 	EXP 	Device response: <KeyPress from None: t=69.98911950003821, value=space, duration=0.14358829997945577>
71.0104 	ERROR 	Couldn't find image stimuli/maze_shuttle.png; check path? (tried: F:\Github\PaperFolding\stimuli\maze_shuttle.png)
71.0926 	DEBUG 	Saving data for GraphMaze_Navigation ExperimentHandler
71.0937 	INFO 	saved data to F:\Github\PaperFolding\data\123_GraphMaze_Navigation_2026-09-22_23h24.56.189.psydat
71.0949 	INFO 	saved data to 'F:\\Github\\PaperFolding\\data\\123_GraphMaze_Navigation_2026-09-22_23h24.56.189.csv'
71.1096 	INFO 	Stopping keyboard key buffers.
