6.9336 	INFO 	Loaded monitor calibration from ['2026_09_21 04:14']
6.9559 	WARNING 	User requested fullscreen with size [1440  900], but screen is actually [1920, 1080]. Using actual size
7.5068 	INFO 	Using renderer 'AMD Radeon RX 7900 XT' for graphics
7.5068 	INFO 	OpenGL version supported by driver is 4..
7.6428 	DEBUG 	TextBox2 loaded 1 chars with 0 blanks and 1 valid
7.6519 	DEBUG 	TextBox2 loaded 1 chars with 0 blanks and 1 valid
7.6615 	DEBUG 	TextBox2 loaded 1 chars with 0 blanks and 1 valid
7.6713 	DEBUG 	TextBox2 loaded 1 chars with 0 blanks and 1 valid
7.6809 	DEBUG 	TextBox2 loaded 1 chars with 0 blanks and 1 valid
7.6903 	DEBUG 	TextBox2 loaded 1 chars with 0 blanks and 1 valid
7.6994 	DEBUG 	TextBox2 loaded 1 chars with 0 blanks and 1 valid
7.7090 	DEBUG 	TextBox2 loaded 1 chars with 0 blanks and 1 valid
7.7183 	DEBUG 	TextBox2 loaded 1 chars with 0 blanks and 1 valid
7.7283 	DEBUG 	TextBox2 loaded 1 chars with 0 blanks and 1 valid
7.7395 	DEBUG 	TextBox2 loaded 1 chars with 0 blanks and 1 valid
7.7495 	DEBUG 	TextBox2 loaded 1 chars with 0 blanks and 1 valid
7.7596 	DEBUG 	TextBox2 loaded 1 chars with 0 blanks and 1 valid
7.7696 	DEBUG 	TextBox2 loaded 1 chars with 0 blanks and 1 valid
7.7801 	DEBUG 	TextBox2 loaded 1 chars with 0 blanks and 1 valid
7.7901 	DEBUG 	TextBox2 loaded 1 chars with 0 blanks and 1 valid
7.7995 	DEBUG 	TextBox2 loaded 1 chars with 0 blanks and 1 valid
7.8084 	DEBUG 	TextBox2 loaded 1 chars with 0 blanks and 1 valid
7.8178 	DEBUG 	TextBox2 loaded 1 chars with 0 blanks and 1 valid
7.8278 	DEBUG 	TextBox2 loaded 1 chars with 0 blanks and 1 valid
7.8367 	DEBUG 	TextBox2 loaded 1 chars with 0 blanks and 1 valid
7.8371 	DEBUG 	Uploading Texture Font fontname to graphics card
7.8383 	DEBUG 	Upload of Texture Font fontname complete
7.8569 	DEBUG 	TextBox2 loaded 1 chars with 0 blanks and 1 valid
7.8668 	DEBUG 	TextBox2 loaded 1 chars with 0 blanks and 1 valid
7.8772 	DEBUG 	TextBox2 loaded 1 chars with 0 blanks and 1 valid
7.8775 	DEBUG 	Uploading Texture Font fontname to graphics card
7.8783 	DEBUG 	Upload of Texture Font fontname complete
7.8997 	DATA 	Mouse: Left button down, pos=(1621,21)
7.9002 	DATA 	Mouse:  Left button up, pos=(1621,21)
8.8925 	EXP 	Created window1 = Window(allowGUI=False, allowStencil=False, autoLog=True, backendConf=UNKNOWN, backgroundFit=<method-wrapper '__getattribute__' of attributeSetter object at 0x000002A9F2B30370>, backgroundImage=<method-wrapper '__getattribute__' of attributeSetter object at 0x000002A9F2B303D0>, bitsMode=UNKNOWN, blendMode='avg', bpc=(8, 8, 8), color=array([0, 0, 0]), colorSpace='rgb', depthBits=8, fullscr=True, gamma=None, gammaErrorPolicy='raise', infoMsg=UNKNOWN, lms=UNKNOWN, monitor=<psychopy.monitors.calibTools.Monitor object at 0x000002A9F2C34BE0>, multiSample=False, name='window1', numSamples=2, pos=(0, 0), screen=0, size=array([1920, 1080]), stencilBits=0, stereo=False, title='PsychoPy', units='height', useFBO=True, useRetina=False, viewOri=0.0, viewPos=None, viewScale=None, waitBlanking=True, winType='pyglet')
8.8925 	EXP 	window1: backgroundImage = None
8.8925 	EXP 	window1: backgroundFit = 'cover'
8.8942 	EXP 	window1: Attempting to measure frame rate of screen (0) ...
8.8942 	EXP 	window1: recordFrameIntervals = False
8.9753 	EXP 	window1: recordFrameIntervals = True
9.3613 	WARNING 	t of last frame was 11.52ms (=1/86)
9.4771 	WARNING 	t of last frame was 10.15ms (=1/98)
9.7446 	WARNING 	t of last frame was 10.85ms (=1/92)
9.8084 	EXP 	window1: recordFrameIntervals = False
9.8084 	EXP 	Screen (0) actual frame rate measured at 115.85Hz
10.2951 	INFO 	keyboard.Keyboard is using ptb backend.
10.4001 	EXP 	Created fixation = TextStim(__class__=<class 'psychopy.visual.text.TextStim'>, alignHoriz=method-wrapper(...), alignText='center', alignVert=method-wrapper(...), anchorHoriz='center', anchorVert='center', antialias=True, autoDraw=False, autoLog=True, bold=False, color=array([1., 1., 1.]), colorSpace='rgb', contrast=1.0, depth=0.0, draggable=False, flipHoriz=False, flipVert=False, font='Arial', fontFiles=[], height=np.float64(0.12), italic=False, languageStyle='LTR', name='fixation', opacity=1, ori=0, pos=array([0., 0.]), rgb=UNKNOWN, text='+', units='height', win=Window(...), wrapWidth=1)
10.4046 	EXP 	Created maze_image = ImageStim(__class__=<class 'psychopy.visual.image.ImageStim'>, anchor=('center', 'center'), autoLog=True, color=array([1., 1., 1.]), colorSpace='rgb', contrast=1.0, depth=0.0, draggable=False, flipHoriz=np.False_, flipVert=np.False_, image='sin', interpolate=True, mask=None, maskParams=None, name='maze_image', opacity=1, ori=0.0, pos=array([ 0.  , -0.03]), size=array([0.85, 0.85]), texRes=128.0, units='height', win=Window(...))
10.4111 	EXP 	Created maze_title_stim = TextStim(__class__=<class 'psychopy.visual.text.TextStim'>, alignHoriz=method-wrapper(...), alignText='center', alignVert=method-wrapper(...), anchorHoriz='center', anchorVert='center', antialias=True, autoDraw=False, autoLog=True, bold=False, color=array([1., 1., 1.]), colorSpace='rgb', contrast=1.0, depth=-1.0, draggable=False, flipHoriz=False, flipVert=False, font='Arial', fontFiles=[], height=np.float64(0.048), italic=False, languageStyle='LTR', name='maze_title_stim', opacity=1, ori=0, pos=array([0. , 0.4]), rgb=UNKNOWN, text='Example Practice Maze', units='height', win=Window(...), wrapWidth=1.4)
10.4123 	EXP 	Created env_maze_image = ImageStim(__class__=<class 'psychopy.visual.image.ImageStim'>, anchor=('center', 'center'), autoLog=True, color=array([1., 1., 1.]), colorSpace='rgb', contrast=1.0, depth=-2.0, draggable=False, flipHoriz=np.False_, flipVert=np.False_, image='sin', interpolate=True, mask=None, maskParams=None, name='env_maze_image', opacity=1, ori=0.0, pos=array([ 0.  , -0.06]), size=array([0.72, 0.72]), texRes=128.0, units='height', win=Window(...))
10.4128 	EXP 	Created env_label = TextStim(__class__=<class 'psychopy.visual.text.TextStim'>, alignHoriz=method-wrapper(...), alignText='center', alignVert=method-wrapper(...), anchorHoriz='center', anchorVert='center', antialias=True, autoDraw=False, autoLog=True, bold=False, color=array([1., 1., 1.]), colorSpace='rgb', contrast=1.0, depth=0.0, draggable=False, flipHoriz=False, flipVert=False, font='Arial', fontFiles=[], height=0.048, italic=False, languageStyle='LTR', name='env_label', opacity=1, ori=0, pos=array([0.  , 0.38]), rgb=UNKNOWN, text='', units='height', win=Window(...), wrapWidth=1.4)
10.4183 	EXP 	Created env_advance = TextStim(__class__=<class 'psychopy.visual.text.TextStim'>, alignHoriz=method-wrapper(...), alignText='center', alignVert=method-wrapper(...), anchorHoriz='center', anchorVert='center', antialias=True, autoDraw=False, autoLog=True, bold=False, color=array([1., 1., 1.]), colorSpace='rgb', contrast=1.0, depth=-1.0, draggable=False, flipHoriz=False, flipVert=False, font='Arial', fontFiles=[], height=np.float64(0.038), italic=False, languageStyle='LTR', name='env_advance', opacity=1, ori=0, pos=array([ 0.  , -0.43]), rgb=UNKNOWN, text='Press any number to continue.', units='height', win=Window(...), wrapWidth=1)
10.4193 	EXP 	Created question_text = TextStim(__class__=<class 'psychopy.visual.text.TextStim'>, alignHoriz=method-wrapper(...), alignText='center', alignVert=method-wrapper(...), anchorHoriz='center', anchorVert='center', antialias=True, autoDraw=False, autoLog=True, bold=False, color=array([-1., -1., -1.]), colorSpace='rgb', contrast=1.0, depth=0.0, draggable=False, flipHoriz=False, flipVert=False, font='Arial', fontFiles=[], height=0.055, italic=False, languageStyle='LTR', name='question_text', opacity=1, ori=0, pos=array([0. , 0.4]), rgb=UNKNOWN, text='', units='height', win=Window(...), wrapWidth=1.5)
10.4204 	EXP 	Created cue_image = ImageStim(__class__=<class 'psychopy.visual.image.ImageStim'>, anchor=('center', 'center'), autoLog=True, color=array([1., 1., 1.]), colorSpace='rgb', contrast=1.0, depth=-1.0, draggable=False, flipHoriz=np.False_, flipVert=np.False_, image='sin', interpolate=True, mask=None, maskParams=None, name='cue_image', opacity=1, ori=0.0, pos=array([0.  , 0.12]), size=array([0.25, 0.25]), texRes=512, units='height', win=Window(...))
10.4211 	EXP 	Created cue_label_stim = TextStim(__class__=<class 'psychopy.visual.text.TextStim'>, alignHoriz=method-wrapper(...), alignText='center', alignVert=method-wrapper(...), anchorHoriz='center', anchorVert='center', antialias=True, autoDraw=False, autoLog=True, bold=False, color=array([-1., -1., -1.]), colorSpace='rgb', contrast=1.0, depth=-2.0, draggable=False, flipHoriz=False, flipVert=False, font='Arial', fontFiles=[], height=0.042, italic=False, languageStyle='LTR', name='cue_label_stim', opacity=1, ori=0, pos=array([ 0.  , -0.02]), rgb=UNKNOWN, text='', units='height', win=Window(...), wrapWidth=0.5)
10.4226 	EXP 	Created left_image = ImageStim(__class__=<class 'psychopy.visual.image.ImageStim'>, anchor=('center', 'center'), autoLog=True, color=array([1., 1., 1.]), colorSpace='rgb', contrast=1.0, depth=-3.0, draggable=False, flipHoriz=np.False_, flipVert=np.False_, image='sin', interpolate=True, mask=None, maskParams=None, name='left_image', opacity=1, ori=0.0, pos=array([-0.22, -0.22]), size=array([0.22, 0.22]), texRes=512, units='height', win=Window(...))
10.4232 	EXP 	Created left_label_stim = TextStim(__class__=<class 'psychopy.visual.text.TextStim'>, alignHoriz=method-wrapper(...), alignText='center', alignVert=method-wrapper(...), anchorHoriz='center', anchorVert='center', antialias=True, autoDraw=False, autoLog=True, bold=False, color=array([-1., -1., -1.]), colorSpace='rgb', contrast=1.0, depth=-4.0, draggable=False, flipHoriz=False, flipVert=False, font='Arial', fontFiles=[], height=0.042, italic=False, languageStyle='LTR', name='left_label_stim', opacity=1, ori=0, pos=array([-0.22, -0.36]), rgb=UNKNOWN, text='', units='height', win=Window(...), wrapWidth=0.35)
10.4241 	EXP 	Created right_image = ImageStim(__class__=<class 'psychopy.visual.image.ImageStim'>, anchor=('center', 'center'), autoLog=True, color=array([1., 1., 1.]), colorSpace='rgb', contrast=1.0, depth=-5.0, draggable=False, flipHoriz=np.False_, flipVert=np.False_, image='sin', interpolate=True, mask=None, maskParams=None, name='right_image', opacity=1, ori=0.0, pos=array([ 0.22, -0.22]), size=array([0.22, 0.22]), texRes=512, units='height', win=Window(...))
10.4245 	EXP 	Created right_label_stim = TextStim(__class__=<class 'psychopy.visual.text.TextStim'>, alignHoriz=method-wrapper(...), alignText='center', alignVert=method-wrapper(...), anchorHoriz='center', anchorVert='center', antialias=True, autoDraw=False, autoLog=True, bold=False, color=array([-1., -1., -1.]), colorSpace='rgb', contrast=1.0, depth=-6.0, draggable=False, flipHoriz=False, flipVert=False, font='Arial', fontFiles=[], height=0.042, italic=False, languageStyle='LTR', name='right_label_stim', opacity=1, ori=0, pos=array([ 0.22, -0.36]), rgb=UNKNOWN, text='', units='height', win=Window(...), wrapWidth=0.35)
10.4252 	EXP 	Created fb_text_left = TextStim(__class__=<class 'psychopy.visual.text.TextStim'>, alignHoriz=method-wrapper(...), alignText='center', alignVert=method-wrapper(...), anchorHoriz='center', anchorVert='center', antialias=True, autoDraw=False, autoLog=True, bold=False, color=array([-1.        ,  0.00392157, -1.        ]), colorSpace='rgb', contrast=1.0, depth=0.0, draggable=False, flipHoriz=False, flipVert=False, font='Arial', fontFiles=[], height=0.046, italic=False, languageStyle='LTR', name='fb_text_left', opacity=1, ori=0, pos=array([-0.65,  0.02]), rgb=UNKNOWN, text='', units='height', win=Window(...), wrapWidth=0.25)
10.4253 	WARNING 	lineColorSpace parameter is deprecated. Please use colorSpace instead.
10.4289 	EXP 	Created fb_line_left = Line(__class__=<class 'psychopy.visual.line.Line'>, anchor=('center', 'center'), autoDraw=False, autoLog=True, closeShape=False, color=array([-1.        ,  0.00392157, -1.        ]), colorSpace='rgb', contrast=None, depth=0, draggable=False, fillColor=ndarray(...), fillColorSpace='rgb', fillRGB=ndarray(...), interpolate=True, lineColor=array([-1.        ,  0.00392157, -1.        ]), lineColorSpace='rgb', lineRGB=array([-1.        ,  0.00392157, -1.        ]), lineWidth=3.0, name='fb_line_left', opacity=1, ori=0.0, pos=array([0., 0.]), size=array([1., 1.]), units='height', vertices=array([[-0.52, -0.07],
       [-0.35, -0.17]]), win=Window(...), windingRule=None)
10.4291 	WARNING 	fillColorSpace parameter is deprecated. Please use colorSpace instead.
10.4292 	WARNING 	lineColorSpace parameter is deprecated. Please use colorSpace instead.
10.4300 	EXP 	Created fb_head_left = ShapeStim(__class__=<class 'psychopy.visual.shape.ShapeStim'>, anchor=('center', 'center'), autoDraw=False, autoLog=True, closeShape=True, color=method-wrapper(...), colorSpace='rgb', contrast=None, depth=-1.0, draggable=False, fillColor=array([-1.        ,  0.00392157, -1.        ]), fillColorSpace='rgb', fillRGB=array([-1.        ,  0.00392157, -1.        ]), interpolate=True, lineColor=array([-1.        ,  0.00392157, -1.        ]), lineColorSpace='rgb', lineRGB=array([-1.        ,  0.00392157, -1.        ]), lineWidth=1.5, name='fb_head_left', opacity=1, ori=0.0, pos=array([0., 0.]), size=array([1., 1.]), units='height', vertices=ndarray(...), win=Window(...), windingRule=None)
10.4305 	EXP 	Created fb_text_right = TextStim(__class__=<class 'psychopy.visual.text.TextStim'>, alignHoriz=method-wrapper(...), alignText='center', alignVert=method-wrapper(...), anchorHoriz='center', anchorVert='center', antialias=True, autoDraw=False, autoLog=True, bold=False, color=array([-1.        ,  0.00392157, -1.        ]), colorSpace='rgb', contrast=1.0, depth=0.0, draggable=False, flipHoriz=False, flipVert=False, font='Arial', fontFiles=[], height=0.046, italic=False, languageStyle='LTR', name='fb_text_right', opacity=1, ori=0, pos=array([0.65, 0.02]), rgb=UNKNOWN, text='', units='height', win=Window(...), wrapWidth=0.25)
10.4306 	WARNING 	lineColorSpace parameter is deprecated. Please use colorSpace instead.
10.4313 	EXP 	Created fb_line_right = Line(__class__=<class 'psychopy.visual.line.Line'>, anchor=('center', 'center'), autoDraw=False, autoLog=True, closeShape=False, color=array([-1.        ,  0.00392157, -1.        ]), colorSpace='rgb', contrast=None, depth=0, draggable=False, fillColor=ndarray(...), fillColorSpace='rgb', fillRGB=ndarray(...), interpolate=True, lineColor=array([-1.        ,  0.00392157, -1.        ]), lineColorSpace='rgb', lineRGB=array([-1.        ,  0.00392157, -1.        ]), lineWidth=3.0, name='fb_line_right', opacity=1, ori=0.0, pos=array([0., 0.]), size=array([1., 1.]), units='height', vertices=array([[ 0.52, -0.07],
       [ 0.35, -0.17]]), win=Window(...), windingRule=None)
10.4314 	WARNING 	fillColorSpace parameter is deprecated. Please use colorSpace instead.
10.4315 	WARNING 	lineColorSpace parameter is deprecated. Please use colorSpace instead.
10.4321 	EXP 	Created fb_head_right = ShapeStim(__class__=<class 'psychopy.visual.shape.ShapeStim'>, anchor=('center', 'center'), autoDraw=False, autoLog=True, closeShape=True, color=method-wrapper(...), colorSpace='rgb', contrast=None, depth=-1.0, draggable=False, fillColor=array([-1.        ,  0.00392157, -1.        ]), fillColorSpace='rgb', fillRGB=array([-1.        ,  0.00392157, -1.        ]), interpolate=True, lineColor=array([-1.        ,  0.00392157, -1.        ]), lineColorSpace='rgb', lineRGB=array([-1.        ,  0.00392157, -1.        ]), lineWidth=1.5, name='fb_head_right', opacity=1, ori=0.0, pos=array([0., 0.]), size=array([1., 1.]), units='height', vertices=ndarray(...), win=Window(...), windingRule=None)
10.4423 	EXP 	Created thankyou = TextStim(__class__=<class 'psychopy.visual.text.TextStim'>, alignHoriz=method-wrapper(...), alignText='center', alignVert=method-wrapper(...), anchorHoriz='center', anchorVert='center', antialias=True, autoDraw=False, autoLog=True, bold=False, color=array([1., 1., 1.]), colorSpace='rgb', contrast=1.0, depth=0.0, draggable=False, flipHoriz=False, flipVert=False, font='Arial', fontFiles=[], height=np.float64(0.06), italic=False, languageStyle='LTR', name='thankyou', opacity=1, ori=0, pos=array([0. , 0.1]), rgb=UNKNOWN, text=str(...), units='height', win=Window(...), wrapWidth=1)
10.4471 	EXP 	Created finalslide = TextStim(__class__=<class 'psychopy.visual.text.TextStim'>, alignHoriz=method-wrapper(...), alignText='center', alignVert=method-wrapper(...), anchorHoriz='center', anchorVert='center', antialias=True, autoDraw=False, autoLog=True, bold=False, color=array([1., 1., 1.]), colorSpace='rgb', contrast=1.0, depth=-1.0, draggable=False, flipHoriz=False, flipVert=False, font='Arial', fontFiles=[], height=np.float64(0.04), italic=False, languageStyle='LTR', name='finalslide', opacity=1, ori=0, pos=array([ 0. , -0.2]), rgb=UNKNOWN, text='Press any number to exit.', units='height', win=Window(...), wrapWidth=1)
10.4535 	EXP 	Created unnamed TextStim = TextStim(__class__=<class 'psychopy.visual.text.TextStim'>, alignHoriz=method-wrapper(...), alignText='center', alignVert=method-wrapper(...), anchorHoriz='center', anchorVert='center', antialias=True, autoDraw=False, autoLog=True, bold=True, color=array([1., 1., 1.]), colorSpace='rgb', contrast=1.0, depth=0.0, draggable=False, flipHoriz=False, flipVert=False, font='Arial', fontFiles=[], height=np.float64(0.06), italic=False, languageStyle='LTR', name='unnamed TextStim', opacity=1.0, ori=0.0, pos=array([0.  , 0.39]), rgb=UNKNOWN, text='Practice Trials + Instructions', units='height', win=Window(...), wrapWidth=1.5)
10.4716 	EXP 	Created unnamed TextStim = TextStim(__class__=<class 'psychopy.visual.text.TextStim'>, alignHoriz=method-wrapper(...), alignText='center', alignVert=method-wrapper(...), anchorHoriz='center', anchorVert='center', antialias=True, autoDraw=False, autoLog=True, bold=False, color=array([1., 1., 1.]), colorSpace='rgb', contrast=1.0, depth=-1.0, draggable=False, flipHoriz=False, flipVert=False, font='Arial', fontFiles=[], height=np.float64(0.036), italic=False, languageStyle='LTR', name='unnamed TextStim', opacity=1.0, ori=0.0, pos=array([0.  , 0.03]), rgb=UNKNOWN, text=str(...), units='height', win=Window(...), wrapWidth=1.5)
10.4775 	EXP 	Created unnamed TextStim = TextStim(__class__=<class 'psychopy.visual.text.TextStim'>, alignHoriz=method-wrapper(...), alignText='center', alignVert=method-wrapper(...), anchorHoriz='center', anchorVert='center', antialias=True, autoDraw=False, autoLog=True, bold=False, color=array([-0.286,  0.216,  0.671]), colorSpace='rgb', contrast=1.0, depth=-2.0, draggable=False, flipHoriz=False, flipVert=False, font='Arial', fontFiles=[], height=np.float64(0.032), italic=False, languageStyle='LTR', name='unnamed TextStim', opacity=1.0, ori=0.0, pos=array([ 0. , -0.4]), rgb=UNKNOWN, text='Blue background  =  path distance trials', units='height', win=Window(...), wrapWidth=1)
10.4799 	EXP 	Created unnamed TextStim = TextStim(__class__=<class 'psychopy.visual.text.TextStim'>, alignHoriz=method-wrapper(...), alignText='center', alignVert=method-wrapper(...), anchorHoriz='center', anchorVert='center', antialias=True, autoDraw=False, autoLog=True, bold=False, color=array([0.914, 0.506, 0.09 ]), colorSpace='rgb', contrast=1.0, depth=-3.0, draggable=False, flipHoriz=False, flipVert=False, font='Arial', fontFiles=[], height=np.float64(0.032), italic=False, languageStyle='LTR', name='unnamed TextStim', opacity=1.0, ori=0.0, pos=array([ 0.  , -0.44]), rgb=UNKNOWN, text=str(...), units='height', win=Window(...), wrapWidth=1)
10.4821 	EXP 	Created unnamed TextStim = TextStim(__class__=<class 'psychopy.visual.text.TextStim'>, alignHoriz=method-wrapper(...), alignText='center', alignVert=method-wrapper(...), anchorHoriz='center', anchorVert='center', antialias=True, autoDraw=False, autoLog=True, bold=False, color=array([0.4, 0.4, 0.4]), colorSpace='rgb', contrast=1.0, depth=-4.0, draggable=False, flipHoriz=False, flipVert=False, font='Arial', fontFiles=[], height=np.float64(0.030999999999999996), italic=False, languageStyle='LTR', name='unnamed TextStim', opacity=1.0, ori=0.0, pos=array([ 0.  , -0.47]), rgb=UNKNOWN, text='Press any number to continue.', units='height', win=Window(...), wrapWidth=1)
10.4865 	INFO 	Keyboard events cleared
10.4864 	EXP 	unnamed TextStim: autoDraw = True
10.4864 	EXP 	unnamed TextStim: autoDraw = True
10.4864 	EXP 	unnamed TextStim: autoDraw = True
10.4864 	EXP 	unnamed TextStim: autoDraw = True
10.4864 	EXP 	unnamed TextStim: autoDraw = True
28.4372 	DATA 	Mouse: Left button down, pos=(1609,502)
28.5286 	DATA 	Mouse:  Left button up, pos=(1617,501)
30.2277 	EXP 	Device response: <KeyPress from None: t=30.221759499982, value=2, duration=None>
30.2662 	DATA 	Keypress: 2
30.2684 	INFO 	Keyboard events cleared
30.2683 	EXP 	unnamed TextStim: autoDraw = False
30.2683 	EXP 	unnamed TextStim: autoDraw = False
30.2683 	EXP 	unnamed TextStim: autoDraw = False
30.2683 	EXP 	unnamed TextStim: autoDraw = False
30.2683 	EXP 	unnamed TextStim: autoDraw = False
30.2683 	EXP 	maze_image: image = 'stimuli/prac_maze.png'
30.2683 	EXP 	maze_image: autoDraw = True
30.2683 	EXP 	maze_title_stim: autoDraw = True
30.3776 	EXP 	Device response: <KeyPress from None: t=30.221759499982, value=2, duration=0.15071820002049208>
31.8697 	EXP 	Device response: <KeyPress from None: t=31.863479699997697, value=3, duration=None>
31.8872 	DEBUG 	Read csv file with pandas: nav_task_practice_fruit.csv
31.8943 	DEBUG 	Clearing unnamed columns from nav_task_practice_fruit.csv
31.8953 	EXP 	Imported nav_task_practice_fruit.csv as conditions, 4 conditions, 9 params
31.8956 	EXP 	Created sequence: sequential, trialTypes=4, nReps=1, seed=None
31.8958 	EXP 	New trial (rep=0, index=0): OrderedDict([('cueImage', 'stimuli/prac_apple.png'), ('leftImage', 'stimuli/prac_orange.png'), ('rightImage', 'stimuli/prac_banana.png'), ('corrAns', 'right'), ('trial_type', 'route'), ('cueLabel', 'Apple'), ('leftLabel', 'Orange'), ('rightLabel', 'Banana'), ('corrLabel', 'Banana')])
31.8961 	DEPRECATION 	Clock.add() is deprecated in favor of .addTime() due to the counterintuitive design (it added time to the baseline, which reduced the values returned from getTime() )
31.8971 	DATA 	Keypress: 3
31.8992 	EXP 	maze_image: autoDraw = False
31.8992 	EXP 	maze_title_stim: autoDraw = False
31.8992 	EXP 	fixation: autoDraw = True
32.0695 	EXP 	Device response: <KeyPress from None: t=31.863479699997697, value=3, duration=0.20064609998371452>
32.7113 	EXP 	Device response: <KeyPress from None: t=32.7048709000228, value=3, duration=None>
32.7119 	DATA 	Keypress: 3
32.8786 	EXP 	Device response: <KeyPress from None: t=32.7048709000228, value=3, duration=0.17000330000882968>
32.9598 	INFO 	Keyboard events cleared
32.9597 	EXP 	fixation: autoDraw = False
32.9597 	EXP 	cue_image: image = 'stimuli/prac_apple.png'
32.9597 	EXP 	left_image: image = 'stimuli/prac_orange.png'
32.9597 	EXP 	right_image: image = 'stimuli/prac_banana.png'
32.9597 	EXP 	cue_label_stim: height = np.float64(0.042)
32.9597 	EXP 	cue_label_stim: height = np.float64(0.042)
32.9597 	EXP 	cue_label_stim: height = np.float64(0.042)
32.9597 	EXP 	cue_label_stim: text = 'Apple'
32.9597 	EXP 	left_label_stim: height = np.float64(0.042)
32.9597 	EXP 	left_label_stim: height = np.float64(0.042)
32.9597 	EXP 	left_label_stim: height = np.float64(0.042)
32.9597 	EXP 	left_label_stim: text = 'Orange'
32.9597 	EXP 	right_label_stim: height = np.float64(0.042)
32.9597 	EXP 	right_label_stim: height = np.float64(0.042)
32.9597 	EXP 	right_label_stim: height = np.float64(0.042)
32.9597 	EXP 	right_label_stim: text = 'Banana'
32.9597 	EXP 	question_text: height = np.float64(0.055)
32.9597 	EXP 	question_text: height = np.float64(0.055)
32.9597 	EXP 	question_text: height = np.float64(0.055)
32.9597 	EXP 	question_text: text = 'Which is the shortest path distance from the start?'
32.9597 	EXP 	question_text: autoDraw = True
32.9597 	EXP 	cue_image: autoDraw = True
32.9597 	EXP 	cue_label_stim: autoDraw = True
32.9597 	EXP 	left_image: autoDraw = True
32.9597 	EXP 	left_label_stim: autoDraw = True
32.9597 	EXP 	right_image: autoDraw = True
32.9597 	EXP 	right_label_stim: autoDraw = True
33.7283 	EXP 	Device response: <KeyPress from None: t=33.72664110001642, value=1, duration=None>
33.7339 	DEPRECATION 	Clock.add() is deprecated in favor of .addTime() due to the counterintuitive design (it added time to the baseline, which reduced the values returned from getTime() )
33.7357 	DATA 	Keypress: 1
33.7373 	EXP 	question_text: autoDraw = False
33.7373 	EXP 	cue_image: autoDraw = False
33.7373 	EXP 	cue_label_stim: autoDraw = False
33.7373 	EXP 	left_image: autoDraw = False
33.7373 	EXP 	left_label_stim: autoDraw = False
33.7373 	EXP 	right_image: autoDraw = False
33.7373 	EXP 	right_label_stim: autoDraw = False
33.7373 	EXP 	fb_text_right: height = np.float64(0.046)
33.7373 	EXP 	fb_text_right: height = np.float64(0.046)
33.7373 	EXP 	fb_text_right: height = np.float64(0.046)
33.7373 	EXP 	fb_text_right: text = 'Correct answer:\nBanana'
33.7373 	EXP 	question_text: autoDraw = True
33.7373 	EXP 	cue_image: autoDraw = True
33.7373 	EXP 	cue_label_stim: autoDraw = True
33.7373 	EXP 	left_image: autoDraw = True
33.7373 	EXP 	left_label_stim: autoDraw = True
33.7373 	EXP 	right_image: autoDraw = True
33.7373 	EXP 	right_label_stim: autoDraw = True
33.7373 	EXP 	fb_text_right: autoDraw = True
33.7373 	EXP 	fb_line_right: autoDraw = True
33.7373 	EXP 	fb_head_right: autoDraw = True
33.9622 	EXP 	Device response: <KeyPress from None: t=33.72664110001642, value=1, duration=0.23198799998499453>
34.4032 	EXP 	Device response: <KeyPress from None: t=34.399810899980366, value=2, duration=None>
34.4044 	DATA 	Keypress: 2
34.6306 	EXP 	Device response: <KeyPress from None: t=34.399810899980366, value=2, duration=0.22827360004885122>
35.7383 	EXP 	New trial (rep=0, index=1): OrderedDict([('cueImage', 'stimuli/prac_apple.png'), ('leftImage', 'stimuli/prac_orange.png'), ('rightImage', 'stimuli/prac_banana.png'), ('corrAns', 'right'), ('trial_type', 'line'), ('cueLabel', 'Apple'), ('leftLabel', 'Orange'), ('rightLabel', 'Banana'), ('corrLabel', 'Banana')])
35.7388 	DEPRECATION 	Clock.add() is deprecated in favor of .addTime() due to the counterintuitive design (it added time to the baseline, which reduced the values returned from getTime() )
35.7446 	EXP 	question_text: autoDraw = False
35.7446 	EXP 	cue_image: autoDraw = False
35.7446 	EXP 	cue_label_stim: autoDraw = False
35.7446 	EXP 	left_image: autoDraw = False
35.7446 	EXP 	left_label_stim: autoDraw = False
35.7446 	EXP 	right_image: autoDraw = False
35.7446 	EXP 	right_label_stim: autoDraw = False
35.7446 	EXP 	fb_text_right: autoDraw = False
35.7446 	EXP 	fb_line_right: autoDraw = False
35.7446 	EXP 	fb_head_right: autoDraw = False
35.7446 	EXP 	fixation: autoDraw = True
36.7593 	INFO 	Keyboard events cleared
36.7591 	EXP 	fixation: autoDraw = False
36.7591 	EXP 	cue_image: image = 'stimuli/prac_apple.png'
36.7591 	EXP 	left_image: image = 'stimuli/prac_orange.png'
36.7591 	EXP 	right_image: image = 'stimuli/prac_banana.png'
36.7591 	EXP 	cue_label_stim: text = 'Apple'
36.7591 	EXP 	left_label_stim: text = 'Orange'
36.7591 	EXP 	right_label_stim: text = 'Banana'
36.7591 	EXP 	question_text: height = np.float64(0.055)
36.7591 	EXP 	question_text: height = np.float64(0.055)
36.7591 	EXP 	question_text: height = np.float64(0.055)
36.7591 	EXP 	question_text: text = 'Which is the shortest straight-line distance from the start?'
36.7591 	EXP 	question_text: autoDraw = True
36.7591 	EXP 	cue_image: autoDraw = True
36.7591 	EXP 	cue_label_stim: autoDraw = True
36.7591 	EXP 	left_image: autoDraw = True
36.7591 	EXP 	left_label_stim: autoDraw = True
36.7591 	EXP 	right_image: autoDraw = True
36.7591 	EXP 	right_label_stim: autoDraw = True
37.3952 	EXP 	Device response: <KeyPress from None: t=37.39373210002668, value=2, duration=None>
37.3954 	DEPRECATION 	Clock.add() is deprecated in favor of .addTime() due to the counterintuitive design (it added time to the baseline, which reduced the values returned from getTime() )
37.3963 	DATA 	Keypress: 2
37.4031 	EXP 	question_text: autoDraw = False
37.4031 	EXP 	cue_image: autoDraw = False
37.4031 	EXP 	cue_label_stim: autoDraw = False
37.4031 	EXP 	left_image: autoDraw = False
37.4031 	EXP 	left_label_stim: autoDraw = False
37.4031 	EXP 	right_image: autoDraw = False
37.4031 	EXP 	right_label_stim: autoDraw = False
37.4031 	EXP 	fb_text_right: text = 'Correct answer:\nBanana'
37.4031 	EXP 	question_text: autoDraw = True
37.4031 	EXP 	cue_image: autoDraw = True
37.4031 	EXP 	cue_label_stim: autoDraw = True
37.4031 	EXP 	left_image: autoDraw = True
37.4031 	EXP 	left_label_stim: autoDraw = True
37.4031 	EXP 	right_image: autoDraw = True
37.4031 	EXP 	right_label_stim: autoDraw = True
37.4031 	EXP 	fb_text_right: autoDraw = True
37.4031 	EXP 	fb_line_right: autoDraw = True
37.4031 	EXP 	fb_head_right: autoDraw = True
37.6535 	EXP 	Device response: <KeyPress from None: t=37.39373210002668, value=2, duration=0.25493689998984337>
39.4044 	EXP 	New trial (rep=0, index=2): OrderedDict([('cueImage', 'stimuli/prac_apple.png'), ('leftImage', 'stimuli/prac_orange.png'), ('rightImage', 'stimuli/prac_grape.png'), ('corrAns', 'left'), ('trial_type', 'route'), ('cueLabel', 'Apple'), ('leftLabel', 'Orange'), ('rightLabel', 'Grape'), ('corrLabel', 'Orange')])
39.4117 	INFO 	Keyboard events cleared
39.4116 	EXP 	question_text: autoDraw = False
39.4116 	EXP 	cue_image: autoDraw = False
39.4116 	EXP 	cue_label_stim: autoDraw = False
39.4116 	EXP 	left_image: autoDraw = False
39.4116 	EXP 	left_label_stim: autoDraw = False
39.4116 	EXP 	right_image: autoDraw = False
39.4116 	EXP 	right_label_stim: autoDraw = False
39.4116 	EXP 	fb_text_right: autoDraw = False
39.4116 	EXP 	fb_line_right: autoDraw = False
39.4116 	EXP 	fb_head_right: autoDraw = False
39.4116 	EXP 	maze_image: image = 'stimuli/prac_maze.png'
39.4116 	EXP 	maze_image: autoDraw = True
39.4116 	EXP 	maze_title_stim: autoDraw = True
39.7974 	DATA 	Keypress: 1
39.8039 	EXP 	Device response: <KeyPress from None: t=39.79625790001592, value=1, duration=None>
39.8044 	DEPRECATION 	Clock.add() is deprecated in favor of .addTime() due to the counterintuitive design (it added time to the baseline, which reduced the values returned from getTime() )
39.8117 	EXP 	maze_image: autoDraw = False
39.8117 	EXP 	maze_title_stim: autoDraw = False
39.8117 	EXP 	fixation: autoDraw = True
40.0454 	EXP 	Device response: <KeyPress from None: t=39.79625790001592, value=1, duration=0.24625580001156777>
40.8560 	INFO 	Keyboard events cleared
40.8558 	EXP 	fixation: autoDraw = False
40.8558 	EXP 	cue_image: image = 'stimuli/prac_apple.png'
40.8558 	EXP 	left_image: image = 'stimuli/prac_orange.png'
40.8558 	EXP 	right_image: image = 'stimuli/prac_grape.png'
40.8558 	EXP 	cue_label_stim: text = 'Apple'
40.8558 	EXP 	left_label_stim: text = 'Orange'
40.8558 	EXP 	right_label_stim: height = np.float64(0.042)
40.8558 	EXP 	right_label_stim: height = np.float64(0.042)
40.8558 	EXP 	right_label_stim: height = np.float64(0.042)
40.8558 	EXP 	right_label_stim: text = 'Grape'
40.8558 	EXP 	question_text: height = np.float64(0.055)
40.8558 	EXP 	question_text: height = np.float64(0.055)
40.8558 	EXP 	question_text: height = np.float64(0.055)
40.8558 	EXP 	question_text: text = 'Which is the shortest path distance from the start?'
40.8558 	EXP 	question_text: autoDraw = True
40.8558 	EXP 	cue_image: autoDraw = True
40.8558 	EXP 	cue_label_stim: autoDraw = True
40.8558 	EXP 	left_image: autoDraw = True
40.8558 	EXP 	left_label_stim: autoDraw = True
40.8558 	EXP 	right_image: autoDraw = True
40.8558 	EXP 	right_label_stim: autoDraw = True
41.2502 	EXP 	Device response: <KeyPress from None: t=41.2426663999795, value=1, duration=None>
41.2552 	DEPRECATION 	Clock.add() is deprecated in favor of .addTime() due to the counterintuitive design (it added time to the baseline, which reduced the values returned from getTime() )
41.2579 	DATA 	Keypress: 1
41.2597 	EXP 	question_text: autoDraw = False
41.2597 	EXP 	cue_image: autoDraw = False
41.2597 	EXP 	cue_label_stim: autoDraw = False
41.2597 	EXP 	left_image: autoDraw = False
41.2597 	EXP 	left_label_stim: autoDraw = False
41.2597 	EXP 	right_image: autoDraw = False
41.2597 	EXP 	right_label_stim: autoDraw = False
41.2597 	EXP 	fb_text_left: height = np.float64(0.046)
41.2597 	EXP 	fb_text_left: height = np.float64(0.046)
41.2597 	EXP 	fb_text_left: height = np.float64(0.046)
41.2597 	EXP 	fb_text_left: text = 'Correct answer:\nOrange'
41.2597 	EXP 	question_text: autoDraw = True
41.2597 	EXP 	cue_image: autoDraw = True
41.2597 	EXP 	cue_label_stim: autoDraw = True
41.2597 	EXP 	left_image: autoDraw = True
41.2597 	EXP 	left_label_stim: autoDraw = True
41.2597 	EXP 	right_image: autoDraw = True
41.2597 	EXP 	right_label_stim: autoDraw = True
41.2597 	EXP 	fb_text_left: autoDraw = True
41.2597 	EXP 	fb_line_left: autoDraw = True
41.2597 	EXP 	fb_head_left: autoDraw = True
41.4623 	EXP 	Device response: <KeyPress from None: t=41.2426663999795, value=1, duration=0.21898630005307496>
43.2628 	EXP 	New trial (rep=0, index=3): OrderedDict([('cueImage', 'stimuli/prac_apple.png'), ('leftImage', 'stimuli/prac_orange.png'), ('rightImage', 'stimuli/prac_grape.png'), ('corrAns', 'right'), ('trial_type', 'line'), ('cueLabel', 'Apple'), ('leftLabel', 'Orange'), ('rightLabel', 'Grape'), ('corrLabel', 'Grape')])
43.2635 	DEPRECATION 	Clock.add() is deprecated in favor of .addTime() due to the counterintuitive design (it added time to the baseline, which reduced the values returned from getTime() )
43.2704 	EXP 	question_text: autoDraw = False
43.2704 	EXP 	cue_image: autoDraw = False
43.2704 	EXP 	cue_label_stim: autoDraw = False
43.2704 	EXP 	left_image: autoDraw = False
43.2704 	EXP 	left_label_stim: autoDraw = False
43.2704 	EXP 	right_image: autoDraw = False
43.2704 	EXP 	right_label_stim: autoDraw = False
43.2704 	EXP 	fb_text_left: autoDraw = False
43.2704 	EXP 	fb_line_left: autoDraw = False
43.2704 	EXP 	fb_head_left: autoDraw = False
43.2704 	EXP 	fixation: autoDraw = True
44.2813 	INFO 	Keyboard events cleared
44.2812 	EXP 	fixation: autoDraw = False
44.2812 	EXP 	cue_image: image = 'stimuli/prac_apple.png'
44.2812 	EXP 	left_image: image = 'stimuli/prac_orange.png'
44.2812 	EXP 	right_image: image = 'stimuli/prac_grape.png'
44.2812 	EXP 	cue_label_stim: text = 'Apple'
44.2812 	EXP 	left_label_stim: text = 'Orange'
44.2812 	EXP 	right_label_stim: text = 'Grape'
44.2812 	EXP 	question_text: height = np.float64(0.055)
44.2812 	EXP 	question_text: height = np.float64(0.055)
44.2812 	EXP 	question_text: height = np.float64(0.055)
44.2812 	EXP 	question_text: text = 'Which is the shortest straight-line distance from the start?'
44.2812 	EXP 	question_text: autoDraw = True
44.2812 	EXP 	cue_image: autoDraw = True
44.2812 	EXP 	cue_label_stim: autoDraw = True
44.2812 	EXP 	left_image: autoDraw = True
44.2812 	EXP 	left_label_stim: autoDraw = True
44.2812 	EXP 	right_image: autoDraw = True
44.2812 	EXP 	right_label_stim: autoDraw = True
44.5807 	EXP 	Device response: <KeyPress from None: t=44.579972699983045, value=2, duration=None>
44.5831 	DEPRECATION 	Clock.add() is deprecated in favor of .addTime() due to the counterintuitive design (it added time to the baseline, which reduced the values returned from getTime() )
44.5838 	DATA 	Keypress: 2
44.5874 	EXP 	question_text: autoDraw = False
44.5874 	EXP 	cue_image: autoDraw = False
44.5874 	EXP 	cue_label_stim: autoDraw = False
44.5874 	EXP 	left_image: autoDraw = False
44.5874 	EXP 	left_label_stim: autoDraw = False
44.5874 	EXP 	right_image: autoDraw = False
44.5874 	EXP 	right_label_stim: autoDraw = False
44.5874 	EXP 	fb_text_right: height = np.float64(0.046)
44.5874 	EXP 	fb_text_right: height = np.float64(0.046)
44.5874 	EXP 	fb_text_right: height = np.float64(0.046)
44.5874 	EXP 	fb_text_right: text = 'Correct answer:\nGrape'
44.5874 	EXP 	question_text: autoDraw = True
44.5874 	EXP 	cue_image: autoDraw = True
44.5874 	EXP 	cue_label_stim: autoDraw = True
44.5874 	EXP 	left_image: autoDraw = True
44.5874 	EXP 	left_label_stim: autoDraw = True
44.5874 	EXP 	right_image: autoDraw = True
44.5874 	EXP 	right_label_stim: autoDraw = True
44.5874 	EXP 	fb_text_right: autoDraw = True
44.5874 	EXP 	fb_line_right: autoDraw = True
44.5874 	EXP 	fb_head_right: autoDraw = True
44.7876 	EXP 	Device response: <KeyPress from None: t=44.579972699983045, value=2, duration=0.203715400013607>
46.6061 	EXP 	Created unnamed TextStim = TextStim(__class__=<class 'psychopy.visual.text.TextStim'>, alignHoriz=method-wrapper(...), alignText='center', alignVert=method-wrapper(...), anchorHoriz='center', anchorVert='center', antialias=True, autoDraw=False, autoLog=True, bold=False, color=array([1., 1., 1.]), colorSpace='rgb', contrast=1.0, depth=-1.0, draggable=False, flipHoriz=False, flipVert=False, font='Arial', fontFiles=[], height=np.float64(0.036), italic=False, languageStyle='LTR', name='unnamed TextStim', opacity=1.0, ori=0.0, pos=array([0.  , 0.12]), rgb=UNKNOWN, text=str(...), units='height', win=Window(...), wrapWidth=1.5)
46.6112 	EXP 	Created unnamed TextStim = TextStim(__class__=<class 'psychopy.visual.text.TextStim'>, alignHoriz=method-wrapper(...), alignText='center', alignVert=method-wrapper(...), anchorHoriz='center', anchorVert='center', antialias=True, autoDraw=False, autoLog=True, bold=False, color=array([0.4, 0.4, 0.4]), colorSpace='rgb', contrast=1.0, depth=-4.0, draggable=False, flipHoriz=False, flipVert=False, font='Arial', fontFiles=[], height=np.float64(0.030999999999999996), italic=False, languageStyle='LTR', name='unnamed TextStim', opacity=1.0, ori=0.0, pos=array([ 0.  , -0.47]), rgb=UNKNOWN, text='Press any number to continue.', units='height', win=Window(...), wrapWidth=1)
46.6141 	INFO 	Keyboard events cleared
46.6141 	EXP 	question_text: autoDraw = False
46.6141 	EXP 	cue_image: autoDraw = False
46.6141 	EXP 	cue_label_stim: autoDraw = False
46.6141 	EXP 	left_image: autoDraw = False
46.6141 	EXP 	left_label_stim: autoDraw = False
46.6141 	EXP 	right_image: autoDraw = False
46.6141 	EXP 	right_label_stim: autoDraw = False
46.6141 	EXP 	fb_text_right: autoDraw = False
46.6141 	EXP 	fb_line_right: autoDraw = False
46.6141 	EXP 	fb_head_right: autoDraw = False
46.6141 	EXP 	unnamed TextStim: autoDraw = True
46.6141 	EXP 	unnamed TextStim: autoDraw = True
50.6898 	DATA 	Mouse: Left button down, pos=(1825,526)
50.8157 	DATA 	Mouse:  Left button up, pos=(1825,526)
51.1967 	EXP 	Device response: <KeyPress from None: t=51.192027600016445, value=space, duration=None>
51.1972 	DATA 	Keypress: space
51.3385 	EXP 	Device response: <KeyPress from None: t=51.192027600016445, value=space, duration=0.13987499999348074>
51.9065 	DATA 	Mouse: Left button down, pos=(1670,533)
52.0563 	DATA 	Mouse:  Left button up, pos=(1670,533)
52.4302 	EXP 	Device response: <KeyPress from None: t=52.42341410001973, value=1, duration=None>
52.4939 	DATA 	Keypress: 1
52.4999 	INFO 	Keyboard events cleared
52.4998 	EXP 	unnamed TextStim: autoDraw = False
52.4998 	EXP 	unnamed TextStim: autoDraw = False
52.4998 	EXP 	env_label: height = np.float64(0.048)
52.4998 	EXP 	env_label: height = np.float64(0.048)
52.4998 	EXP 	env_label: height = np.float64(0.048)
52.4998 	EXP 	env_label: text = 'Environment: brick maze'
52.4998 	EXP 	env_maze_image: image = 'stimuli/brick_maze.png'
52.4998 	EXP 	env_label: autoDraw = True
52.4998 	EXP 	env_maze_image: autoDraw = True
52.4998 	EXP 	env_advance: autoDraw = True
52.6137 	EXP 	Device response: <KeyPress from None: t=52.42341410001973, value=1, duration=0.18836709996685386>
57.0643 	EXP 	Device response: <KeyPress from None: t=57.062747700023465, value=space, duration=None>
57.0648 	DATA 	Keypress: space
57.2560 	EXP 	Device response: <KeyPress from None: t=57.062747700023465, value=space, duration=0.1890381999546662>
57.7811 	EXP 	Device response: <KeyPress from None: t=57.77880460000597, value=1, duration=None>
57.7847 	DEBUG 	Read csv file with pandas: nav_task_practice_brick.csv
57.7853 	DEBUG 	Clearing unnamed columns from nav_task_practice_brick.csv
57.7857 	EXP 	Imported nav_task_practice_brick.csv as conditions, 2 conditions, 9 params
57.7859 	EXP 	Created sequence: sequential, trialTypes=2, nReps=1, seed=None
57.7860 	EXP 	New trial (rep=0, index=0): OrderedDict([('cueImage', 'stimuli/brick_telescope.png'), ('leftImage', 'stimuli/brick_plant.png'), ('rightImage', 'stimuli/brick_well.png'), ('corrAns', 'left'), ('trial_type', 'route'), ('cueLabel', 'Telescope'), ('leftLabel', 'Plant'), ('rightLabel', 'Well'), ('corrLabel', 'Plant')])
57.7863 	DEPRECATION 	Clock.add() is deprecated in favor of .addTime() due to the counterintuitive design (it added time to the baseline, which reduced the values returned from getTime() )
57.7868 	DATA 	Keypress: 1
57.7887 	EXP 	env_label: autoDraw = False
57.7887 	EXP 	env_maze_image: autoDraw = False
57.7887 	EXP 	env_advance: autoDraw = False
57.7887 	EXP 	fixation: autoDraw = True
58.0059 	EXP 	Device response: <KeyPress from None: t=57.77880460000597, value=1, duration=0.22205929999472573>
58.8107 	INFO 	Keyboard events cleared
58.8106 	EXP 	fixation: autoDraw = False
58.8106 	EXP 	cue_image: image = 'stimuli/brick_telescope.png'
58.8106 	EXP 	left_image: image = 'stimuli/brick_plant.png'
58.8106 	EXP 	right_image: image = 'stimuli/brick_well.png'
58.8106 	EXP 	cue_label_stim: height = np.float64(0.042)
58.8106 	EXP 	cue_label_stim: height = np.float64(0.042)
58.8106 	EXP 	cue_label_stim: height = np.float64(0.042)
58.8106 	EXP 	cue_label_stim: text = 'Telescope'
58.8106 	EXP 	left_label_stim: height = np.float64(0.042)
58.8106 	EXP 	left_label_stim: height = np.float64(0.042)
58.8106 	EXP 	left_label_stim: height = np.float64(0.042)
58.8106 	EXP 	left_label_stim: text = 'Plant'
58.8106 	EXP 	right_label_stim: height = np.float64(0.042)
58.8106 	EXP 	right_label_stim: height = np.float64(0.042)
58.8106 	EXP 	right_label_stim: height = np.float64(0.042)
58.8106 	EXP 	right_label_stim: text = 'Well'
58.8106 	EXP 	question_text: height = np.float64(0.055)
58.8106 	EXP 	question_text: height = np.float64(0.055)
58.8106 	EXP 	question_text: height = np.float64(0.055)
58.8106 	EXP 	question_text: text = 'Which is the shortest path distance from the start?'
58.8106 	EXP 	question_text: autoDraw = True
58.8106 	EXP 	cue_image: autoDraw = True
58.8106 	EXP 	cue_label_stim: autoDraw = True
58.8106 	EXP 	left_image: autoDraw = True
58.8106 	EXP 	left_label_stim: autoDraw = True
58.8106 	EXP 	right_image: autoDraw = True
58.8106 	EXP 	right_label_stim: autoDraw = True
60.0405 	DATA 	Keypress: 1
60.0478 	EXP 	Device response: <KeyPress from None: t=60.04011180001544, value=1, duration=None>
60.0549 	DEPRECATION 	Clock.add() is deprecated in favor of .addTime() due to the counterintuitive design (it added time to the baseline, which reduced the values returned from getTime() )
60.0577 	EXP 	question_text: autoDraw = False
60.0577 	EXP 	cue_image: autoDraw = False
60.0577 	EXP 	cue_label_stim: autoDraw = False
60.0577 	EXP 	left_image: autoDraw = False
60.0577 	EXP 	left_label_stim: autoDraw = False
60.0577 	EXP 	right_image: autoDraw = False
60.0577 	EXP 	right_label_stim: autoDraw = False
60.0577 	EXP 	fb_text_left: height = np.float64(0.046)
60.0577 	EXP 	fb_text_left: height = np.float64(0.046)
60.0577 	EXP 	fb_text_left: height = np.float64(0.046)
60.0577 	EXP 	fb_text_left: text = 'Correct answer:\nPlant'
60.0577 	EXP 	question_text: autoDraw = True
60.0577 	EXP 	cue_image: autoDraw = True
60.0577 	EXP 	cue_label_stim: autoDraw = True
60.0577 	EXP 	left_image: autoDraw = True
60.0577 	EXP 	left_label_stim: autoDraw = True
60.0577 	EXP 	right_image: autoDraw = True
60.0577 	EXP 	right_label_stim: autoDraw = True
60.0577 	EXP 	fb_text_left: autoDraw = True
60.0577 	EXP 	fb_line_left: autoDraw = True
60.0577 	EXP 	fb_head_left: autoDraw = True
60.3396 	EXP 	Device response: <KeyPress from None: t=60.04011180001544, value=1, duration=0.29757699999026954>
62.0570 	EXP 	New trial (rep=0, index=1): OrderedDict([('cueImage', 'stimuli/brick_telescope.png'), ('leftImage', 'stimuli/brick_plant.png'), ('rightImage', 'stimuli/brick_well.png'), ('corrAns', 'left'), ('trial_type', 'line'), ('cueLabel', 'Telescope'), ('leftLabel', 'Plant'), ('rightLabel', 'Well'), ('corrLabel', 'Plant')])
62.0573 	DEPRECATION 	Clock.add() is deprecated in favor of .addTime() due to the counterintuitive design (it added time to the baseline, which reduced the values returned from getTime() )
62.0646 	EXP 	question_text: autoDraw = False
62.0646 	EXP 	cue_image: autoDraw = False
62.0646 	EXP 	cue_label_stim: autoDraw = False
62.0646 	EXP 	left_image: autoDraw = False
62.0646 	EXP 	left_label_stim: autoDraw = False
62.0646 	EXP 	right_image: autoDraw = False
62.0646 	EXP 	right_label_stim: autoDraw = False
62.0646 	EXP 	fb_text_left: autoDraw = False
62.0646 	EXP 	fb_line_left: autoDraw = False
62.0646 	EXP 	fb_head_left: autoDraw = False
62.0646 	EXP 	fixation: autoDraw = True
63.0746 	INFO 	Keyboard events cleared
63.0745 	EXP 	fixation: autoDraw = False
63.0745 	EXP 	cue_image: image = 'stimuli/brick_telescope.png'
63.0745 	EXP 	left_image: image = 'stimuli/brick_plant.png'
63.0745 	EXP 	right_image: image = 'stimuli/brick_well.png'
63.0745 	EXP 	cue_label_stim: text = 'Telescope'
63.0745 	EXP 	left_label_stim: text = 'Plant'
63.0745 	EXP 	right_label_stim: text = 'Well'
63.0745 	EXP 	question_text: height = np.float64(0.055)
63.0745 	EXP 	question_text: height = np.float64(0.055)
63.0745 	EXP 	question_text: height = np.float64(0.055)
63.0745 	EXP 	question_text: text = 'Which is the shortest straight-line distance from the start?'
63.0745 	EXP 	question_text: autoDraw = True
63.0745 	EXP 	cue_image: autoDraw = True
63.0745 	EXP 	cue_label_stim: autoDraw = True
63.0745 	EXP 	left_image: autoDraw = True
63.0745 	EXP 	left_label_stim: autoDraw = True
63.0745 	EXP 	right_image: autoDraw = True
63.0745 	EXP 	right_label_stim: autoDraw = True
63.4489 	DATA 	Keypress: 1
63.4569 	EXP 	Device response: <KeyPress from None: t=63.448732700024266, value=1, duration=None>
63.4572 	DEPRECATION 	Clock.add() is deprecated in favor of .addTime() due to the counterintuitive design (it added time to the baseline, which reduced the values returned from getTime() )
63.4647 	EXP 	question_text: autoDraw = False
63.4647 	EXP 	cue_image: autoDraw = False
63.4647 	EXP 	cue_label_stim: autoDraw = False
63.4647 	EXP 	left_image: autoDraw = False
63.4647 	EXP 	left_label_stim: autoDraw = False
63.4647 	EXP 	right_image: autoDraw = False
63.4647 	EXP 	right_label_stim: autoDraw = False
63.4647 	EXP 	fb_text_left: text = 'Correct answer:\nPlant'
63.4647 	EXP 	question_text: autoDraw = True
63.4647 	EXP 	cue_image: autoDraw = True
63.4647 	EXP 	cue_label_stim: autoDraw = True
63.4647 	EXP 	left_image: autoDraw = True
63.4647 	EXP 	left_label_stim: autoDraw = True
63.4647 	EXP 	right_image: autoDraw = True
63.4647 	EXP 	right_label_stim: autoDraw = True
63.4647 	EXP 	fb_text_left: autoDraw = True
63.4647 	EXP 	fb_line_left: autoDraw = True
63.4647 	EXP 	fb_head_left: autoDraw = True
63.6739 	EXP 	Device response: <KeyPress from None: t=63.448732700024266, value=1, duration=0.2220524000003934>
65.5407 	INFO 	Keyboard events cleared
65.5406 	EXP 	question_text: autoDraw = False
65.5406 	EXP 	cue_image: autoDraw = False
65.5406 	EXP 	cue_label_stim: autoDraw = False
65.5406 	EXP 	left_image: autoDraw = False
65.5406 	EXP 	left_label_stim: autoDraw = False
65.5406 	EXP 	right_image: autoDraw = False
65.5406 	EXP 	right_label_stim: autoDraw = False
65.5406 	EXP 	fb_text_left: autoDraw = False
65.5406 	EXP 	fb_line_left: autoDraw = False
65.5406 	EXP 	fb_head_left: autoDraw = False
65.5406 	EXP 	env_label: height = np.float64(0.048)
65.5406 	EXP 	env_label: height = np.float64(0.048)
65.5406 	EXP 	env_label: height = np.float64(0.048)
65.5406 	EXP 	env_label: text = 'Environment: hedge maze'
65.5406 	EXP 	env_maze_image: image = 'stimuli/hedge_maze.png'
65.5406 	EXP 	env_label: autoDraw = True
65.5406 	EXP 	env_maze_image: autoDraw = True
65.5406 	EXP 	env_advance: autoDraw = True
71.4592 	DATA 	Mouse: Left button down, pos=(1392,509)
71.5589 	DATA 	Mouse:  Left button up, pos=(1392,509)
71.8743 	EXP 	Device response: <KeyPress from None: t=71.87067530001514, value=1, duration=None>
71.8777 	DEBUG 	Read csv file with pandas: nav_task_practice_hedge.csv
71.8782 	DEBUG 	Clearing unnamed columns from nav_task_practice_hedge.csv
71.8786 	EXP 	Imported nav_task_practice_hedge.csv as conditions, 2 conditions, 9 params
71.8788 	EXP 	Created sequence: sequential, trialTypes=2, nReps=1, seed=None
71.8789 	EXP 	New trial (rep=0, index=0): OrderedDict([('cueImage', 'stimuli/maze_compass.png'), ('leftImage', 'stimuli/maze_lampPost.png'), ('rightImage', 'stimuli/maze_snowman.png'), ('corrAns', 'right'), ('trial_type', 'route'), ('cueLabel', 'Compass'), ('leftLabel', 'Lamp Post'), ('rightLabel', 'Snowman'), ('corrLabel', 'Snowman')])
71.8791 	DEPRECATION 	Clock.add() is deprecated in favor of .addTime() due to the counterintuitive design (it added time to the baseline, which reduced the values returned from getTime() )
71.8796 	DATA 	Keypress: 1
71.8824 	EXP 	env_label: autoDraw = False
71.8824 	EXP 	env_maze_image: autoDraw = False
71.8824 	EXP 	env_advance: autoDraw = False
71.8824 	EXP 	fixation: autoDraw = True
72.0244 	EXP 	Device response: <KeyPress from None: t=71.87067530001514, value=1, duration=0.1464144999627024>
72.9844 	INFO 	Keyboard events cleared
72.9843 	EXP 	fixation: autoDraw = False
72.9843 	EXP 	cue_image: image = 'stimuli/maze_compass.png'
72.9843 	EXP 	left_image: image = 'stimuli/maze_lampPost.png'
72.9843 	EXP 	right_image: image = 'stimuli/maze_snowman.png'
72.9843 	EXP 	cue_label_stim: height = np.float64(0.042)
72.9843 	EXP 	cue_label_stim: height = np.float64(0.042)
72.9843 	EXP 	cue_label_stim: height = np.float64(0.042)
72.9843 	EXP 	cue_label_stim: text = 'Compass'
72.9843 	EXP 	left_label_stim: height = np.float64(0.042)
72.9843 	EXP 	left_label_stim: height = np.float64(0.042)
72.9843 	EXP 	left_label_stim: height = np.float64(0.042)
72.9843 	EXP 	left_label_stim: text = 'Lamp Post'
72.9843 	EXP 	right_label_stim: height = np.float64(0.042)
72.9843 	EXP 	right_label_stim: height = np.float64(0.042)
72.9843 	EXP 	right_label_stim: height = np.float64(0.042)
72.9843 	EXP 	right_label_stim: text = 'Snowman'
72.9843 	EXP 	question_text: height = np.float64(0.055)
72.9843 	EXP 	question_text: height = np.float64(0.055)
72.9843 	EXP 	question_text: height = np.float64(0.055)
72.9843 	EXP 	question_text: text = 'Which is the shortest path distance from the start?'
72.9843 	EXP 	question_text: autoDraw = True
72.9843 	EXP 	cue_image: autoDraw = True
72.9843 	EXP 	cue_label_stim: autoDraw = True
72.9843 	EXP 	left_image: autoDraw = True
72.9843 	EXP 	left_label_stim: autoDraw = True
72.9843 	EXP 	right_image: autoDraw = True
72.9843 	EXP 	right_label_stim: autoDraw = True
73.7172 	EXP 	Device response: <KeyPress from None: t=73.71408010000596, value=1, duration=None>
73.7240 	DEPRECATION 	Clock.add() is deprecated in favor of .addTime() due to the counterintuitive design (it added time to the baseline, which reduced the values returned from getTime() )
73.7250 	DATA 	Keypress: 1
73.7264 	EXP 	question_text: autoDraw = False
73.7264 	EXP 	cue_image: autoDraw = False
73.7264 	EXP 	cue_label_stim: autoDraw = False
73.7264 	EXP 	left_image: autoDraw = False
73.7264 	EXP 	left_label_stim: autoDraw = False
73.7264 	EXP 	right_image: autoDraw = False
73.7264 	EXP 	right_label_stim: autoDraw = False
73.7264 	EXP 	fb_text_right: height = np.float64(0.046)
73.7264 	EXP 	fb_text_right: height = np.float64(0.046)
73.7264 	EXP 	fb_text_right: height = np.float64(0.046)
73.7264 	EXP 	fb_text_right: text = 'Correct answer:\nSnowman'
73.7264 	EXP 	question_text: autoDraw = True
73.7264 	EXP 	cue_image: autoDraw = True
73.7264 	EXP 	cue_label_stim: autoDraw = True
73.7264 	EXP 	left_image: autoDraw = True
73.7264 	EXP 	left_label_stim: autoDraw = True
73.7264 	EXP 	right_image: autoDraw = True
73.7264 	EXP 	right_label_stim: autoDraw = True
73.7264 	EXP 	fb_text_right: autoDraw = True
73.7264 	EXP 	fb_line_right: autoDraw = True
73.7264 	EXP 	fb_head_right: autoDraw = True
73.9832 	EXP 	Device response: <KeyPress from None: t=73.71408010000596, value=1, duration=0.26754720002645627>
75.7250 	EXP 	New trial (rep=0, index=1): OrderedDict([('cueImage', 'stimuli/maze_compass.png'), ('leftImage', 'stimuli/maze_lampPost.png'), ('rightImage', 'stimuli/maze_snowman.png'), ('corrAns', 'left'), ('trial_type', 'line'), ('cueLabel', 'Compass'), ('leftLabel', 'Lamp Post'), ('rightLabel', 'Snowman'), ('corrLabel', 'Lamp Post')])
75.7254 	DEPRECATION 	Clock.add() is deprecated in favor of .addTime() due to the counterintuitive design (it added time to the baseline, which reduced the values returned from getTime() )
75.7327 	EXP 	question_text: autoDraw = False
75.7327 	EXP 	cue_image: autoDraw = False
75.7327 	EXP 	cue_label_stim: autoDraw = False
75.7327 	EXP 	left_image: autoDraw = False
75.7327 	EXP 	left_label_stim: autoDraw = False
75.7327 	EXP 	right_image: autoDraw = False
75.7327 	EXP 	right_label_stim: autoDraw = False
75.7327 	EXP 	fb_text_right: autoDraw = False
75.7327 	EXP 	fb_line_right: autoDraw = False
75.7327 	EXP 	fb_head_right: autoDraw = False
75.7327 	EXP 	fixation: autoDraw = True
76.7555 	INFO 	Keyboard events cleared
76.7554 	EXP 	fixation: autoDraw = False
76.7554 	EXP 	cue_image: image = 'stimuli/maze_compass.png'
76.7554 	EXP 	left_image: image = 'stimuli/maze_lampPost.png'
76.7554 	EXP 	right_image: image = 'stimuli/maze_snowman.png'
76.7554 	EXP 	cue_label_stim: text = 'Compass'
76.7554 	EXP 	left_label_stim: text = 'Lamp Post'
76.7554 	EXP 	right_label_stim: text = 'Snowman'
76.7554 	EXP 	question_text: height = np.float64(0.055)
76.7554 	EXP 	question_text: height = np.float64(0.055)
76.7554 	EXP 	question_text: height = np.float64(0.055)
76.7554 	EXP 	question_text: text = 'Which is the shortest straight-line distance from the start?'
76.7554 	EXP 	question_text: autoDraw = True
76.7554 	EXP 	cue_image: autoDraw = True
76.7554 	EXP 	cue_label_stim: autoDraw = True
76.7554 	EXP 	left_image: autoDraw = True
76.7554 	EXP 	left_label_stim: autoDraw = True
76.7554 	EXP 	right_image: autoDraw = True
76.7554 	EXP 	right_label_stim: autoDraw = True
102.6910 	DATA 	Mouse: Left button down, pos=(1399,570)
102.7877 	DATA 	Mouse:  Left button up, pos=(1398,570)
111.2655 	DATA 	Mouse: Left button down, pos=(567,619)
111.3143 	DATA 	Mouse:  Left button up, pos=(565,630)
111.7206 	EXP 	Device response: <KeyPress from None: t=111.71417230000952, value=2, duration=None>
111.7250 	DEPRECATION 	Clock.add() is deprecated in favor of .addTime() due to the counterintuitive design (it added time to the baseline, which reduced the values returned from getTime() )
111.7258 	DATA 	Keypress: 2
111.7286 	EXP 	question_text: autoDraw = False
111.7286 	EXP 	cue_image: autoDraw = False
111.7286 	EXP 	cue_label_stim: autoDraw = False
111.7286 	EXP 	left_image: autoDraw = False
111.7286 	EXP 	left_label_stim: autoDraw = False
111.7286 	EXP 	right_image: autoDraw = False
111.7286 	EXP 	right_label_stim: autoDraw = False
111.7286 	EXP 	fb_text_left: height = np.float64(0.046)
111.7286 	EXP 	fb_text_left: height = np.float64(0.046)
111.7286 	EXP 	fb_text_left: height = np.float64(0.046)
111.7286 	EXP 	fb_text_left: text = 'Correct answer:\nLamp Post'
111.7286 	EXP 	question_text: autoDraw = True
111.7286 	EXP 	cue_image: autoDraw = True
111.7286 	EXP 	cue_label_stim: autoDraw = True
111.7286 	EXP 	left_image: autoDraw = True
111.7286 	EXP 	left_label_stim: autoDraw = True
111.7286 	EXP 	right_image: autoDraw = True
111.7286 	EXP 	right_label_stim: autoDraw = True
111.7286 	EXP 	fb_text_left: autoDraw = True
111.7286 	EXP 	fb_line_left: autoDraw = True
111.7286 	EXP 	fb_head_left: autoDraw = True
111.8707 	EXP 	Device response: <KeyPress from None: t=111.71417230000952, value=2, duration=0.15172740002162755>
113.7650 	DEBUG 	Read csv file with pandas: nav_task_conditions.csv
113.7655 	DEBUG 	Clearing unnamed columns from nav_task_conditions.csv
113.7661 	EXP 	Imported nav_task_conditions.csv as conditions, 16 conditions, 9 params
113.7767 	DEBUG 	Read csv file with pandas: nav_task_conditions_brick.csv
113.7771 	DEBUG 	Clearing unnamed columns from nav_task_conditions_brick.csv
113.7779 	EXP 	Imported nav_task_conditions_brick.csv as conditions, 24 conditions, 9 params
113.7790 	EXP 	Created sequence: random, trialTypes=40, nReps=1, seed=None
113.7792 	EXP 	New trial (rep=0, index=0): OrderedDict([('cueImage', 'stimuli/brick_wheelbarrow.png'), ('leftImage', 'stimuli/brick_trashcan.png'), ('rightImage', 'stimuli/brick_harp.png'), ('corrAns', 'right'), ('trial_type', 'line'), ('cueLabel', 'Wheelbarrow'), ('leftLabel', 'Trash Can'), ('rightLabel', 'Harp'), ('corrLabel', 'Harp')])
113.7795 	DEPRECATION 	Clock.add() is deprecated in favor of .addTime() due to the counterintuitive design (it added time to the baseline, which reduced the values returned from getTime() )
113.7807 	DATA 	Mouse: Left button down, pos=(1104,566)
113.7829 	EXP 	question_text: autoDraw = False
113.7829 	EXP 	cue_image: autoDraw = False
113.7829 	EXP 	cue_label_stim: autoDraw = False
113.7829 	EXP 	left_image: autoDraw = False
113.7829 	EXP 	left_label_stim: autoDraw = False
113.7829 	EXP 	right_image: autoDraw = False
113.7829 	EXP 	right_label_stim: autoDraw = False
113.7829 	EXP 	fb_text_left: autoDraw = False
113.7829 	EXP 	fb_line_left: autoDraw = False
113.7829 	EXP 	fb_head_left: autoDraw = False
113.7829 	EXP 	fixation: autoDraw = True
113.9133 	DATA 	Mouse:  Left button up, pos=(1104,566)
114.8311 	INFO 	Keyboard events cleared
114.8310 	EXP 	fixation: autoDraw = False
114.8310 	EXP 	cue_image: image = 'stimuli/brick_wheelbarrow.png'
114.8310 	EXP 	left_image: image = 'stimuli/brick_trashcan.png'
114.8310 	EXP 	right_image: image = 'stimuli/brick_harp.png'
114.8310 	EXP 	cue_label_stim: height = np.float64(0.042)
114.8310 	EXP 	cue_label_stim: height = np.float64(0.042)
114.8310 	EXP 	cue_label_stim: height = np.float64(0.042)
114.8310 	EXP 	cue_label_stim: text = 'Wheelbarrow'
114.8310 	EXP 	left_label_stim: height = np.float64(0.042)
114.8310 	EXP 	left_label_stim: height = np.float64(0.042)
114.8310 	EXP 	left_label_stim: height = np.float64(0.042)
114.8310 	EXP 	left_label_stim: text = 'Trash Can'
114.8310 	EXP 	right_label_stim: height = np.float64(0.042)
114.8310 	EXP 	right_label_stim: height = np.float64(0.042)
114.8310 	EXP 	right_label_stim: height = np.float64(0.042)
114.8310 	EXP 	right_label_stim: text = 'Harp'
114.8310 	EXP 	question_text: text = 'Which is the shortest straight-line distance from the start?'
114.8310 	EXP 	question_text: autoDraw = True
114.8310 	EXP 	cue_image: autoDraw = True
114.8310 	EXP 	cue_label_stim: autoDraw = True
114.8310 	EXP 	left_image: autoDraw = True
114.8310 	EXP 	left_label_stim: autoDraw = True
114.8310 	EXP 	right_image: autoDraw = True
114.8310 	EXP 	right_label_stim: autoDraw = True
115.7061 	DATA 	Mouse: Left button down, pos=(1145,636)
115.8394 	DATA 	Mouse:  Left button up, pos=(1145,635)
115.8464 	EXP 	Device response: <KeyPress from None: t=115.84288970002672, value=1, duration=None>
115.8474 	EXP 	New trial (rep=0, index=1): OrderedDict([('cueImage', 'stimuli/maze_umbrella.png'), ('leftImage', 'stimuli/maze_guitar.png'), ('rightImage', 'stimuli/maze_clock.png'), ('corrAns', 'left'), ('trial_type', 'route'), ('cueLabel', 'Umbrella'), ('leftLabel', 'Guitar'), ('rightLabel', 'Clock'), ('corrLabel', 'Guitar')])
115.8476 	DEPRECATION 	Clock.add() is deprecated in favor of .addTime() due to the counterintuitive design (it added time to the baseline, which reduced the values returned from getTime() )
115.8481 	DATA 	Keypress: 1
115.8542 	EXP 	question_text: autoDraw = False
115.8542 	EXP 	cue_image: autoDraw = False
115.8542 	EXP 	cue_label_stim: autoDraw = False
115.8542 	EXP 	left_image: autoDraw = False
115.8542 	EXP 	left_label_stim: autoDraw = False
115.8542 	EXP 	right_image: autoDraw = False
115.8542 	EXP 	right_label_stim: autoDraw = False
115.8542 	EXP 	fixation: autoDraw = True
116.0629 	EXP 	Device response: <KeyPress from None: t=115.84288970002672, value=1, duration=0.2160950999823399>
116.9004 	INFO 	Keyboard events cleared
116.9003 	EXP 	fixation: autoDraw = False
116.9003 	EXP 	cue_image: image = 'stimuli/maze_umbrella.png'
116.9003 	EXP 	left_image: image = 'stimuli/maze_guitar.png'
116.9003 	EXP 	right_image: image = 'stimuli/maze_clock.png'
116.9003 	EXP 	cue_label_stim: height = np.float64(0.042)
116.9003 	EXP 	cue_label_stim: height = np.float64(0.042)
116.9003 	EXP 	cue_label_stim: height = np.float64(0.042)
116.9003 	EXP 	cue_label_stim: text = 'Umbrella'
116.9003 	EXP 	left_label_stim: height = np.float64(0.042)
116.9003 	EXP 	left_label_stim: height = np.float64(0.042)
116.9003 	EXP 	left_label_stim: height = np.float64(0.042)
116.9003 	EXP 	left_label_stim: text = 'Guitar'
116.9003 	EXP 	right_label_stim: height = np.float64(0.042)
116.9003 	EXP 	right_label_stim: height = np.float64(0.042)
116.9003 	EXP 	right_label_stim: height = np.float64(0.042)
116.9003 	EXP 	right_label_stim: text = 'Clock'
116.9003 	EXP 	question_text: height = np.float64(0.055)
116.9003 	EXP 	question_text: height = np.float64(0.055)
116.9003 	EXP 	question_text: height = np.float64(0.055)
116.9003 	EXP 	question_text: text = 'Which is the shortest path distance from the start?'
116.9003 	EXP 	question_text: autoDraw = True
116.9003 	EXP 	cue_image: autoDraw = True
116.9003 	EXP 	cue_label_stim: autoDraw = True
116.9003 	EXP 	left_image: autoDraw = True
116.9003 	EXP 	left_label_stim: autoDraw = True
116.9003 	EXP 	right_image: autoDraw = True
116.9003 	EXP 	right_label_stim: autoDraw = True
129.4881 	DATA 	Mouse: Left button down, pos=(1347,631)
129.6422 	DATA 	Mouse:  Left button up, pos=(1347,632)
195.5346 	DATA 	Mouse: Left button down, pos=(1610,531)
195.5821 	DATA 	Mouse:  Left button up, pos=(1610,531)
196.2810 	EXP 	Device response: <KeyPress from None: t=196.27757199999178, value=2, duration=None>
196.2817 	EXP 	New trial (rep=0, index=2): OrderedDict([('cueImage', 'stimuli/brick_harp.png'), ('leftImage', 'stimuli/brick_wheelbarrow.png'), ('rightImage', 'stimuli/brick_oven.png'), ('corrAns', 'left'), ('trial_type', 'route'), ('cueLabel', 'Harp'), ('leftLabel', 'Wheelbarrow'), ('rightLabel', 'Oven'), ('corrLabel', 'Wheelbarrow')])
196.2820 	DEPRECATION 	Clock.add() is deprecated in favor of .addTime() due to the counterintuitive design (it added time to the baseline, which reduced the values returned from getTime() )
196.2824 	DATA 	Keypress: 2
196.2887 	EXP 	question_text: autoDraw = False
196.2887 	EXP 	cue_image: autoDraw = False
196.2887 	EXP 	cue_label_stim: autoDraw = False
196.2887 	EXP 	left_image: autoDraw = False
196.2887 	EXP 	left_label_stim: autoDraw = False
196.2887 	EXP 	right_image: autoDraw = False
196.2887 	EXP 	right_label_stim: autoDraw = False
196.2887 	EXP 	fixation: autoDraw = True
196.4887 	EXP 	Device response: <KeyPress from None: t=196.27757199999178, value=2, duration=0.21002790000056848>
197.3387 	INFO 	Keyboard events cleared
197.3386 	EXP 	fixation: autoDraw = False
197.3386 	EXP 	cue_image: image = 'stimuli/brick_harp.png'
197.3386 	EXP 	left_image: image = 'stimuli/brick_wheelbarrow.png'
197.3386 	EXP 	right_image: image = 'stimuli/brick_oven.png'
197.3386 	EXP 	cue_label_stim: height = np.float64(0.042)
197.3386 	EXP 	cue_label_stim: height = np.float64(0.042)
197.3386 	EXP 	cue_label_stim: height = np.float64(0.042)
197.3386 	EXP 	cue_label_stim: text = 'Harp'
197.3386 	EXP 	left_label_stim: height = np.float64(0.042)
197.3386 	EXP 	left_label_stim: height = np.float64(0.042)
197.3386 	EXP 	left_label_stim: height = np.float64(0.042)
197.3386 	EXP 	left_label_stim: text = 'Wheelbarrow'
197.3386 	EXP 	right_label_stim: height = np.float64(0.042)
197.3386 	EXP 	right_label_stim: height = np.float64(0.042)
197.3386 	EXP 	right_label_stim: height = np.float64(0.042)
197.3386 	EXP 	right_label_stim: text = 'Oven'
197.3386 	EXP 	question_text: text = 'Which is the shortest path distance from the start?'
197.3386 	EXP 	question_text: autoDraw = True
197.3386 	EXP 	cue_image: autoDraw = True
197.3386 	EXP 	cue_label_stim: autoDraw = True
197.3386 	EXP 	left_image: autoDraw = True
197.3386 	EXP 	left_label_stim: autoDraw = True
197.3386 	EXP 	right_image: autoDraw = True
197.3386 	EXP 	right_label_stim: autoDraw = True
197.6642 	EXP 	Device response: <KeyPress from None: t=197.66379409999354, value=1, duration=None>
197.6650 	EXP 	New trial (rep=0, index=3): OrderedDict([('cueImage', 'stimuli/brick_bookshelf.png'), ('leftImage', 'stimuli/brick_mailbox.png'), ('rightImage', 'stimuli/brick_harp.png'), ('corrAns', 'right'), ('trial_type', 'line'), ('cueLabel', 'Bookshelf'), ('leftLabel', 'Mailbox'), ('rightLabel', 'Harp'), ('corrLabel', 'Harp')])
197.6652 	DEPRECATION 	Clock.add() is deprecated in favor of .addTime() due to the counterintuitive design (it added time to the baseline, which reduced the values returned from getTime() )
197.6657 	DATA 	Keypress: 1
197.6723 	EXP 	question_text: autoDraw = False
197.6723 	EXP 	cue_image: autoDraw = False
197.6723 	EXP 	cue_label_stim: autoDraw = False
197.6723 	EXP 	left_image: autoDraw = False
197.6723 	EXP 	left_label_stim: autoDraw = False
197.6723 	EXP 	right_image: autoDraw = False
197.6723 	EXP 	right_label_stim: autoDraw = False
197.6723 	EXP 	fixation: autoDraw = True
197.8478 	EXP 	Device response: <KeyPress from None: t=197.66379409999354, value=1, duration=0.18305140000302345>
198.6735 	ERROR 	Couldn't find image stimuli/brick_bookshelf.png; check path? (tried: F:\Github\PaperFolding\stimuli\brick_bookshelf.png)
198.7120 	DEBUG 	Saving data for GraphMaze_Navigation ExperimentHandler
198.7145 	INFO 	saved data to F:\Github\PaperFolding\data\123_GraphMaze_Navigation_2026-10-02_15h23.27.557.psydat
198.7157 	INFO 	saved data to 'F:\\Github\\PaperFolding\\data\\123_GraphMaze_Navigation_2026-10-02_15h23.27.557.csv'
198.7373 	INFO 	Stopping keyboard key buffers.
