5.4461 	INFO 	Loaded monitor calibration from ['2026_09_21 04:14']
5.4646 	WARNING 	User requested fullscreen with size [1440  900], but screen is actually [1920, 1080]. Using actual size
5.7230 	INFO 	Using renderer 'AMD Radeon RX 7900 XT' for graphics
5.7230 	INFO 	OpenGL version supported by driver is 4..
5.7900 	DEBUG 	TextBox2 loaded 1 chars with 0 blanks and 1 valid
5.7991 	DEBUG 	TextBox2 loaded 1 chars with 0 blanks and 1 valid
5.8084 	DEBUG 	TextBox2 loaded 1 chars with 0 blanks and 1 valid
5.8186 	DEBUG 	TextBox2 loaded 1 chars with 0 blanks and 1 valid
5.8283 	DEBUG 	TextBox2 loaded 1 chars with 0 blanks and 1 valid
5.8369 	DEBUG 	TextBox2 loaded 1 chars with 0 blanks and 1 valid
5.8458 	DEBUG 	TextBox2 loaded 1 chars with 0 blanks and 1 valid
5.8554 	DEBUG 	TextBox2 loaded 1 chars with 0 blanks and 1 valid
5.8636 	DEBUG 	TextBox2 loaded 1 chars with 0 blanks and 1 valid
5.8724 	DEBUG 	TextBox2 loaded 1 chars with 0 blanks and 1 valid
5.8816 	DEBUG 	TextBox2 loaded 1 chars with 0 blanks and 1 valid
5.8911 	DEBUG 	TextBox2 loaded 1 chars with 0 blanks and 1 valid
5.9002 	DEBUG 	TextBox2 loaded 1 chars with 0 blanks and 1 valid
5.9092 	DEBUG 	TextBox2 loaded 1 chars with 0 blanks and 1 valid
5.9181 	DEBUG 	TextBox2 loaded 1 chars with 0 blanks and 1 valid
5.9273 	DEBUG 	TextBox2 loaded 1 chars with 0 blanks and 1 valid
5.9365 	DEBUG 	TextBox2 loaded 1 chars with 0 blanks and 1 valid
5.9452 	DEBUG 	TextBox2 loaded 1 chars with 0 blanks and 1 valid
5.9544 	DEBUG 	TextBox2 loaded 1 chars with 0 blanks and 1 valid
5.9643 	DEBUG 	TextBox2 loaded 1 chars with 0 blanks and 1 valid
5.9728 	DEBUG 	TextBox2 loaded 1 chars with 0 blanks and 1 valid
5.9731 	DEBUG 	Uploading Texture Font fontname to graphics card
5.9740 	DEBUG 	Upload of Texture Font fontname complete
5.9939 	DEBUG 	TextBox2 loaded 1 chars with 0 blanks and 1 valid
6.0039 	DEBUG 	TextBox2 loaded 1 chars with 0 blanks and 1 valid
6.0137 	DEBUG 	TextBox2 loaded 1 chars with 0 blanks and 1 valid
6.0140 	DEBUG 	Uploading Texture Font fontname to graphics card
6.0148 	DEBUG 	Upload of Texture Font fontname complete
7.0159 	EXP 	Created window1 = Window(allowGUI=False, allowStencil=False, autoLog=True, backendConf=UNKNOWN, backgroundFit=<method-wrapper '__getattribute__' of attributeSetter object at 0x000002063221EC80>, backgroundImage=<method-wrapper '__getattribute__' of attributeSetter object at 0x000002063221EC20>, bitsMode=UNKNOWN, blendMode='avg', bpc=(8, 8, 8), color=array([0, 0, 0]), colorSpace='rgb', depthBits=8, fullscr=True, gamma=None, gammaErrorPolicy='raise', infoMsg=UNKNOWN, lms=UNKNOWN, monitor=<psychopy.monitors.calibTools.Monitor object at 0x0000020631978640>, multiSample=False, name='window1', numSamples=2, pos=(0, 0), screen=0, size=array([1920, 1080]), stencilBits=0, stereo=False, title='PsychoPy', units='height', useFBO=True, useRetina=False, viewOri=0.0, viewPos=None, viewScale=None, waitBlanking=True, winType='pyglet')
7.0159 	EXP 	window1: backgroundImage = None
7.0159 	EXP 	window1: backgroundFit = 'cover'
7.0174 	EXP 	window1: Attempting to measure frame rate of screen (0) ...
7.0174 	EXP 	window1: recordFrameIntervals = False
7.0990 	EXP 	window1: recordFrameIntervals = True
7.9325 	EXP 	window1: recordFrameIntervals = False
7.9325 	EXP 	Screen (0) actual frame rate measured at 119.88Hz
8.4055 	INFO 	keyboard.Keyboard is using ptb backend.
8.5039 	EXP 	Created fixation = TextStim(__class__=<class 'psychopy.visual.text.TextStim'>, alignHoriz=method-wrapper(...), alignText='center', alignVert=method-wrapper(...), anchorHoriz='center', anchorVert='center', antialias=True, autoDraw=False, autoLog=True, bold=False, color=array([1., 1., 1.]), colorSpace='rgb', contrast=1.0, depth=0.0, draggable=False, flipHoriz=False, flipVert=False, font='Arial', fontFiles=[], height=np.float64(0.12), italic=False, languageStyle='LTR', name='fixation', opacity=1, ori=0, pos=array([0., 0.]), rgb=UNKNOWN, text='+', units='height', win=Window(...), wrapWidth=1)
8.5057 	EXP 	Created maze_image = ImageStim(__class__=<class 'psychopy.visual.image.ImageStim'>, anchor=('center', 'center'), autoLog=True, color=array([1., 1., 1.]), colorSpace='rgb', contrast=1.0, depth=0.0, draggable=False, flipHoriz=np.False_, flipVert=np.False_, image='sin', interpolate=True, mask=None, maskParams=None, name='maze_image', opacity=1, ori=0.0, pos=array([ 0.  , -0.03]), size=array([0.85, 0.85]), texRes=128.0, units='height', win=Window(...))
8.5109 	EXP 	Created maze_title_stim = TextStim(__class__=<class 'psychopy.visual.text.TextStim'>, alignHoriz=method-wrapper(...), alignText='center', alignVert=method-wrapper(...), anchorHoriz='center', anchorVert='center', antialias=True, autoDraw=False, autoLog=True, bold=False, color=array([1., 1., 1.]), colorSpace='rgb', contrast=1.0, depth=-1.0, draggable=False, flipHoriz=False, flipVert=False, font='Arial', fontFiles=[], height=np.float64(0.048), italic=False, languageStyle='LTR', name='maze_title_stim', opacity=1, ori=0, pos=array([-0.55,  0.43]), rgb=UNKNOWN, text='Example Practice Maze', units='height', win=Window(...), wrapWidth=1.4)
8.5114 	EXP 	Created env_label = TextStim(__class__=<class 'psychopy.visual.text.TextStim'>, alignHoriz=method-wrapper(...), alignText='center', alignVert=method-wrapper(...), anchorHoriz='center', anchorVert='center', antialias=True, autoDraw=False, autoLog=True, bold=False, color=array([1., 1., 1.]), colorSpace='rgb', contrast=1.0, depth=0.0, draggable=False, flipHoriz=False, flipVert=False, font='Arial', fontFiles=[], height=0.048, italic=False, languageStyle='LTR', name='env_label', opacity=1, ori=0, pos=array([-0.65,  0.43]), rgb=UNKNOWN, text='', units='height', win=Window(...), wrapWidth=1.4)
8.5174 	EXP 	Created env_advance = TextStim(__class__=<class 'psychopy.visual.text.TextStim'>, alignHoriz=method-wrapper(...), alignText='center', alignVert=method-wrapper(...), anchorHoriz='center', anchorVert='center', antialias=True, autoDraw=False, autoLog=True, bold=False, color=array([1., 1., 1.]), colorSpace='rgb', contrast=1.0, depth=-1.0, draggable=False, flipHoriz=False, flipVert=False, font='Arial', fontFiles=[], height=np.float64(0.038), italic=False, languageStyle='LTR', name='env_advance', opacity=1, ori=0, pos=array([ 0. , -0.4]), rgb=UNKNOWN, text='Press any number to continue.', units='height', win=Window(...), wrapWidth=1)
8.5182 	EXP 	Created question_text = TextStim(__class__=<class 'psychopy.visual.text.TextStim'>, alignHoriz=method-wrapper(...), alignText='center', alignVert=method-wrapper(...), anchorHoriz='center', anchorVert='center', antialias=True, autoDraw=False, autoLog=True, bold=False, color=array([-1., -1., -1.]), colorSpace='rgb', contrast=1.0, depth=0.0, draggable=False, flipHoriz=False, flipVert=False, font='Arial', fontFiles=[], height=0.055, italic=False, languageStyle='LTR', name='question_text', opacity=1, ori=0, pos=array([0. , 0.4]), rgb=UNKNOWN, text='', units='height', win=Window(...), wrapWidth=1.5)
8.5194 	EXP 	Created cue_image = ImageStim(__class__=<class 'psychopy.visual.image.ImageStim'>, anchor=('center', 'center'), autoLog=True, color=array([1., 1., 1.]), colorSpace='rgb', contrast=1.0, depth=-1.0, draggable=False, flipHoriz=np.False_, flipVert=np.False_, image='sin', interpolate=True, mask=None, maskParams=None, name='cue_image', opacity=1, ori=0.0, pos=array([0.  , 0.12]), size=array([0.25, 0.25]), texRes=512, units='height', win=Window(...))
8.5201 	EXP 	Created cue_label_stim = TextStim(__class__=<class 'psychopy.visual.text.TextStim'>, alignHoriz=method-wrapper(...), alignText='center', alignVert=method-wrapper(...), anchorHoriz='center', anchorVert='center', antialias=True, autoDraw=False, autoLog=True, bold=False, color=array([-1., -1., -1.]), colorSpace='rgb', contrast=1.0, depth=-2.0, draggable=False, flipHoriz=False, flipVert=False, font='Arial', fontFiles=[], height=0.042, italic=False, languageStyle='LTR', name='cue_label_stim', opacity=1, ori=0, pos=array([ 0.  , -0.02]), rgb=UNKNOWN, text='', units='height', win=Window(...), wrapWidth=0.5)
8.5210 	EXP 	Created left_image = ImageStim(__class__=<class 'psychopy.visual.image.ImageStim'>, anchor=('center', 'center'), autoLog=True, color=array([1., 1., 1.]), colorSpace='rgb', contrast=1.0, depth=-3.0, draggable=False, flipHoriz=np.False_, flipVert=np.False_, image='sin', interpolate=True, mask=None, maskParams=None, name='left_image', opacity=1, ori=0.0, pos=array([-0.22, -0.22]), size=array([0.22, 0.22]), texRes=512, units='height', win=Window(...))
8.5214 	EXP 	Created left_label_stim = TextStim(__class__=<class 'psychopy.visual.text.TextStim'>, alignHoriz=method-wrapper(...), alignText='center', alignVert=method-wrapper(...), anchorHoriz='center', anchorVert='center', antialias=True, autoDraw=False, autoLog=True, bold=False, color=array([-1., -1., -1.]), colorSpace='rgb', contrast=1.0, depth=-4.0, draggable=False, flipHoriz=False, flipVert=False, font='Arial', fontFiles=[], height=0.042, italic=False, languageStyle='LTR', name='left_label_stim', opacity=1, ori=0, pos=array([-0.22, -0.36]), rgb=UNKNOWN, text='', units='height', win=Window(...), wrapWidth=0.35)
8.5222 	EXP 	Created right_image = ImageStim(__class__=<class 'psychopy.visual.image.ImageStim'>, anchor=('center', 'center'), autoLog=True, color=array([1., 1., 1.]), colorSpace='rgb', contrast=1.0, depth=-5.0, draggable=False, flipHoriz=np.False_, flipVert=np.False_, image='sin', interpolate=True, mask=None, maskParams=None, name='right_image', opacity=1, ori=0.0, pos=array([ 0.22, -0.22]), size=array([0.22, 0.22]), texRes=512, units='height', win=Window(...))
8.5226 	EXP 	Created right_label_stim = TextStim(__class__=<class 'psychopy.visual.text.TextStim'>, alignHoriz=method-wrapper(...), alignText='center', alignVert=method-wrapper(...), anchorHoriz='center', anchorVert='center', antialias=True, autoDraw=False, autoLog=True, bold=False, color=array([-1., -1., -1.]), colorSpace='rgb', contrast=1.0, depth=-6.0, draggable=False, flipHoriz=False, flipVert=False, font='Arial', fontFiles=[], height=0.042, italic=False, languageStyle='LTR', name='right_label_stim', opacity=1, ori=0, pos=array([ 0.22, -0.36]), rgb=UNKNOWN, text='', units='height', win=Window(...), wrapWidth=0.35)
8.5232 	EXP 	Created fb_text_left = TextStim(__class__=<class 'psychopy.visual.text.TextStim'>, alignHoriz=method-wrapper(...), alignText='center', alignVert=method-wrapper(...), anchorHoriz='center', anchorVert='center', antialias=True, autoDraw=False, autoLog=True, bold=False, color=array([-1.        ,  0.00392157, -1.        ]), colorSpace='rgb', contrast=1.0, depth=0.0, draggable=False, flipHoriz=False, flipVert=False, font='Arial', fontFiles=[], height=0.046, italic=False, languageStyle='LTR', name='fb_text_left', opacity=1, ori=0, pos=array([-0.65,  0.02]), rgb=UNKNOWN, text='', units='height', win=Window(...), wrapWidth=0.25)
8.5233 	WARNING 	lineColorSpace parameter is deprecated. Please use colorSpace instead.
8.5261 	EXP 	Created fb_line_left = Line(__class__=<class 'psychopy.visual.line.Line'>, anchor=('center', 'center'), autoDraw=False, autoLog=True, closeShape=False, color=array([-1.        ,  0.00392157, -1.        ]), colorSpace='rgb', contrast=None, depth=0, draggable=False, fillColor=ndarray(...), fillColorSpace='rgb', fillRGB=ndarray(...), interpolate=True, lineColor=array([-1.        ,  0.00392157, -1.        ]), lineColorSpace='rgb', lineRGB=array([-1.        ,  0.00392157, -1.        ]), lineWidth=3.0, name='fb_line_left', opacity=1, ori=0.0, pos=array([0., 0.]), size=array([1., 1.]), units='height', vertices=array([[-0.52, -0.07],
       [-0.35, -0.17]]), win=Window(...), windingRule=None)
8.5263 	WARNING 	fillColorSpace parameter is deprecated. Please use colorSpace instead.
8.5264 	WARNING 	lineColorSpace parameter is deprecated. Please use colorSpace instead.
8.5272 	EXP 	Created fb_head_left = ShapeStim(__class__=<class 'psychopy.visual.shape.ShapeStim'>, anchor=('center', 'center'), autoDraw=False, autoLog=True, closeShape=True, color=method-wrapper(...), colorSpace='rgb', contrast=None, depth=-1.0, draggable=False, fillColor=array([-1.        ,  0.00392157, -1.        ]), fillColorSpace='rgb', fillRGB=array([-1.        ,  0.00392157, -1.        ]), interpolate=True, lineColor=array([-1.        ,  0.00392157, -1.        ]), lineColorSpace='rgb', lineRGB=array([-1.        ,  0.00392157, -1.        ]), lineWidth=1.5, name='fb_head_left', opacity=1, ori=0.0, pos=array([0., 0.]), size=array([1., 1.]), units='height', vertices=ndarray(...), win=Window(...), windingRule=None)
8.5279 	EXP 	Created fb_text_right = TextStim(__class__=<class 'psychopy.visual.text.TextStim'>, alignHoriz=method-wrapper(...), alignText='center', alignVert=method-wrapper(...), anchorHoriz='center', anchorVert='center', antialias=True, autoDraw=False, autoLog=True, bold=False, color=array([-1.        ,  0.00392157, -1.        ]), colorSpace='rgb', contrast=1.0, depth=0.0, draggable=False, flipHoriz=False, flipVert=False, font='Arial', fontFiles=[], height=0.046, italic=False, languageStyle='LTR', name='fb_text_right', opacity=1, ori=0, pos=array([0.65, 0.02]), rgb=UNKNOWN, text='', units='height', win=Window(...), wrapWidth=0.25)
8.5280 	WARNING 	lineColorSpace parameter is deprecated. Please use colorSpace instead.
8.5287 	EXP 	Created fb_line_right = Line(__class__=<class 'psychopy.visual.line.Line'>, anchor=('center', 'center'), autoDraw=False, autoLog=True, closeShape=False, color=array([-1.        ,  0.00392157, -1.        ]), colorSpace='rgb', contrast=None, depth=0, draggable=False, fillColor=ndarray(...), fillColorSpace='rgb', fillRGB=ndarray(...), interpolate=True, lineColor=array([-1.        ,  0.00392157, -1.        ]), lineColorSpace='rgb', lineRGB=array([-1.        ,  0.00392157, -1.        ]), lineWidth=3.0, name='fb_line_right', opacity=1, ori=0.0, pos=array([0., 0.]), size=array([1., 1.]), units='height', vertices=array([[ 0.52, -0.07],
       [ 0.35, -0.17]]), win=Window(...), windingRule=None)
8.5288 	WARNING 	fillColorSpace parameter is deprecated. Please use colorSpace instead.
8.5288 	WARNING 	lineColorSpace parameter is deprecated. Please use colorSpace instead.
8.5296 	EXP 	Created fb_head_right = ShapeStim(__class__=<class 'psychopy.visual.shape.ShapeStim'>, anchor=('center', 'center'), autoDraw=False, autoLog=True, closeShape=True, color=method-wrapper(...), colorSpace='rgb', contrast=None, depth=-1.0, draggable=False, fillColor=array([-1.        ,  0.00392157, -1.        ]), fillColorSpace='rgb', fillRGB=array([-1.        ,  0.00392157, -1.        ]), interpolate=True, lineColor=array([-1.        ,  0.00392157, -1.        ]), lineColorSpace='rgb', lineRGB=array([-1.        ,  0.00392157, -1.        ]), lineWidth=1.5, name='fb_head_right', opacity=1, ori=0.0, pos=array([0., 0.]), size=array([1., 1.]), units='height', vertices=ndarray(...), win=Window(...), windingRule=None)
8.5396 	EXP 	Created thankyou = TextStim(__class__=<class 'psychopy.visual.text.TextStim'>, alignHoriz=method-wrapper(...), alignText='center', alignVert=method-wrapper(...), anchorHoriz='center', anchorVert='center', antialias=True, autoDraw=False, autoLog=True, bold=False, color=array([1., 1., 1.]), colorSpace='rgb', contrast=1.0, depth=0.0, draggable=False, flipHoriz=False, flipVert=False, font='Arial', fontFiles=[], height=np.float64(0.06), italic=False, languageStyle='LTR', name='thankyou', opacity=1, ori=0, pos=array([0. , 0.1]), rgb=UNKNOWN, text=str(...), units='height', win=Window(...), wrapWidth=1)
8.5471 	EXP 	Created finalslide = TextStim(__class__=<class 'psychopy.visual.text.TextStim'>, alignHoriz=method-wrapper(...), alignText='center', alignVert=method-wrapper(...), anchorHoriz='center', anchorVert='center', antialias=True, autoDraw=False, autoLog=True, bold=False, color=array([1., 1., 1.]), colorSpace='rgb', contrast=1.0, depth=-1.0, draggable=False, flipHoriz=False, flipVert=False, font='Arial', fontFiles=[], height=np.float64(0.04), italic=False, languageStyle='LTR', name='finalslide', opacity=1, ori=0, pos=array([ 0. , -0.2]), rgb=UNKNOWN, text='Press any number to exit.', units='height', win=Window(...), wrapWidth=1)
8.5529 	EXP 	Created unnamed TextStim = TextStim(__class__=<class 'psychopy.visual.text.TextStim'>, alignHoriz=method-wrapper(...), alignText='center', alignVert=method-wrapper(...), anchorHoriz='center', anchorVert='center', antialias=True, autoDraw=False, autoLog=True, bold=True, color=array([1., 1., 1.]), colorSpace='rgb', contrast=1.0, depth=0.0, draggable=False, flipHoriz=False, flipVert=False, font='Arial', fontFiles=[], height=np.float64(0.06), italic=False, languageStyle='LTR', name='unnamed TextStim', opacity=1.0, ori=0.0, pos=array([0.  , 0.39]), rgb=UNKNOWN, text='Practice Trials + Instructions', units='height', win=Window(...), wrapWidth=1.5)
8.5674 	EXP 	Created unnamed TextStim = TextStim(__class__=<class 'psychopy.visual.text.TextStim'>, alignHoriz=method-wrapper(...), alignText='center', alignVert=method-wrapper(...), anchorHoriz='center', anchorVert='center', antialias=True, autoDraw=False, autoLog=True, bold=False, color=array([1., 1., 1.]), colorSpace='rgb', contrast=1.0, depth=-1.0, draggable=False, flipHoriz=False, flipVert=False, font='Arial', fontFiles=[], height=np.float64(0.036), italic=False, languageStyle='LTR', name='unnamed TextStim', opacity=1.0, ori=0.0, pos=array([0.  , 0.03]), rgb=UNKNOWN, text=str(...), units='height', win=Window(...), wrapWidth=1.5)
8.5727 	EXP 	Created unnamed TextStim = TextStim(__class__=<class 'psychopy.visual.text.TextStim'>, alignHoriz=method-wrapper(...), alignText='center', alignVert=method-wrapper(...), anchorHoriz='center', anchorVert='center', antialias=True, autoDraw=False, autoLog=True, bold=False, color=array([-0.286,  0.216,  0.671]), colorSpace='rgb', contrast=1.0, depth=-2.0, draggable=False, flipHoriz=False, flipVert=False, font='Arial', fontFiles=[], height=np.float64(0.032), italic=False, languageStyle='LTR', name='unnamed TextStim', opacity=1.0, ori=0.0, pos=array([-0. , -0.4]), rgb=UNKNOWN, text='Blue background  =  path distance trials', units='height', win=Window(...), wrapWidth=1)
8.5748 	EXP 	Created unnamed TextStim = TextStim(__class__=<class 'psychopy.visual.text.TextStim'>, alignHoriz=method-wrapper(...), alignText='center', alignVert=method-wrapper(...), anchorHoriz='center', anchorVert='center', antialias=True, autoDraw=False, autoLog=True, bold=False, color=array([0.914, 0.506, 0.09 ]), colorSpace='rgb', contrast=1.0, depth=-3.0, draggable=False, flipHoriz=False, flipVert=False, font='Arial', fontFiles=[], height=np.float64(0.032), italic=False, languageStyle='LTR', name='unnamed TextStim', opacity=1.0, ori=0.0, pos=array([ 0.  , -0.44]), rgb=UNKNOWN, text=str(...), units='height', win=Window(...), wrapWidth=1)
8.5779 	EXP 	Created unnamed TextStim = TextStim(__class__=<class 'psychopy.visual.text.TextStim'>, alignHoriz=method-wrapper(...), alignText='center', alignVert=method-wrapper(...), anchorHoriz='center', anchorVert='center', antialias=True, autoDraw=False, autoLog=True, bold=False, color=array([0.4, 0.4, 0.4]), colorSpace='rgb', contrast=1.0, depth=-4.0, draggable=False, flipHoriz=False, flipVert=False, font='Arial', fontFiles=[], height=np.float64(0.030999999999999996), italic=False, languageStyle='LTR', name='unnamed TextStim', opacity=1.0, ori=0.0, pos=array([ 0.  , -0.47]), rgb=UNKNOWN, text='Press any number to continue.', units='height', win=Window(...), wrapWidth=1)
8.5803 	INFO 	Keyboard events cleared
8.5803 	EXP 	unnamed TextStim: autoDraw = True
8.5803 	EXP 	unnamed TextStim: autoDraw = True
8.5803 	EXP 	unnamed TextStim: autoDraw = True
8.5803 	EXP 	unnamed TextStim: autoDraw = True
8.5803 	EXP 	unnamed TextStim: autoDraw = True
9.5597 	EXP 	Device response: <KeyPress from None: t=9.552519399992889, value=space, duration=None>
9.5605 	DATA 	Keypress: space
9.7329 	EXP 	Device response: <KeyPress from None: t=9.552519399992889, value=space, duration=0.1747709000192117>
10.9413 	EXP 	Device response: <KeyPress from None: t=10.939090500003658, value=2, duration=None>
10.9473 	DATA 	Keypress: 2
10.9492 	INFO 	Keyboard events cleared
10.9491 	EXP 	unnamed TextStim: autoDraw = False
10.9491 	EXP 	unnamed TextStim: autoDraw = False
10.9491 	EXP 	unnamed TextStim: autoDraw = False
10.9491 	EXP 	unnamed TextStim: autoDraw = False
10.9491 	EXP 	unnamed TextStim: autoDraw = False
10.9491 	EXP 	maze_image: image = 'stimuli/prac_maze.png'
10.9491 	EXP 	maze_image: autoDraw = True
10.9491 	EXP 	maze_title_stim: autoDraw = True
11.1412 	EXP 	Device response: <KeyPress from None: t=10.939090500003658, value=2, duration=0.2001039999886416>
12.3668 	EXP 	Device response: <KeyPress from None: t=12.36136159999296, value=2, duration=None>
12.3714 	DEBUG 	Read csv file with pandas: nav_task_practice_fruit.csv
12.3720 	DEBUG 	Clearing unnamed columns from nav_task_practice_fruit.csv
12.3724 	EXP 	Imported nav_task_practice_fruit.csv as conditions, 4 conditions, 9 params
12.3726 	EXP 	Created sequence: sequential, trialTypes=4, nReps=1, seed=None
12.3727 	EXP 	New trial (rep=0, index=0): OrderedDict([('cueImage', 'stimuli/prac_apple.png'), ('leftImage', 'stimuli/prac_orange.png'), ('rightImage', 'stimuli/prac_banana.png'), ('corrAns', 'right'), ('trial_type', 'route'), ('cueLabel', 'Apple'), ('leftLabel', 'Orange'), ('rightLabel', 'Banana'), ('corrLabel', 'Banana')])
12.3728 	DEPRECATION 	Clock.add() is deprecated in favor of .addTime() due to the counterintuitive design (it added time to the baseline, which reduced the values returned from getTime() )
12.3736 	DATA 	Keypress: 2
12.3749 	EXP 	maze_image: autoDraw = False
12.3749 	EXP 	maze_title_stim: autoDraw = False
12.3749 	EXP 	fixation: autoDraw = True
12.5917 	EXP 	Device response: <KeyPress from None: t=12.36136159999296, value=2, duration=0.22870000000693835>
13.3903 	INFO 	Keyboard events cleared
13.3903 	EXP 	fixation: autoDraw = False
13.3903 	EXP 	cue_image: image = 'stimuli/prac_apple.png'
13.3903 	EXP 	left_image: image = 'stimuli/prac_orange.png'
13.3903 	EXP 	right_image: image = 'stimuli/prac_banana.png'
13.3903 	EXP 	cue_label_stim: height = np.float64(0.042)
13.3903 	EXP 	cue_label_stim: height = np.float64(0.042)
13.3903 	EXP 	cue_label_stim: height = np.float64(0.042)
13.3903 	EXP 	cue_label_stim: text = 'Apple'
13.3903 	EXP 	left_label_stim: height = np.float64(0.042)
13.3903 	EXP 	left_label_stim: height = np.float64(0.042)
13.3903 	EXP 	left_label_stim: height = np.float64(0.042)
13.3903 	EXP 	left_label_stim: text = 'Orange'
13.3903 	EXP 	right_label_stim: height = np.float64(0.042)
13.3903 	EXP 	right_label_stim: height = np.float64(0.042)
13.3903 	EXP 	right_label_stim: height = np.float64(0.042)
13.3903 	EXP 	right_label_stim: text = 'Banana'
13.3903 	EXP 	question_text: height = np.float64(0.055)
13.3903 	EXP 	question_text: height = np.float64(0.055)
13.3903 	EXP 	question_text: height = np.float64(0.055)
13.3903 	EXP 	question_text: text = 'Which is the shortest path distance from the start?'
13.3903 	EXP 	question_text: autoDraw = True
13.3903 	EXP 	cue_image: autoDraw = True
13.3903 	EXP 	cue_label_stim: autoDraw = True
13.3903 	EXP 	left_image: autoDraw = True
13.3903 	EXP 	left_label_stim: autoDraw = True
13.3903 	EXP 	right_image: autoDraw = True
13.3903 	EXP 	right_label_stim: autoDraw = True
13.4837 	DEBUG 	Saving data for GraphMaze_Navigation ExperimentHandler
13.4944 	INFO 	saved data to F:\Github\PaperFolding\data\123_GraphMaze_Navigation_2026-09-29_15h14.44.770.psydat
13.4949 	INFO 	saved data to 'F:\\Github\\PaperFolding\\data\\123_GraphMaze_Navigation_2026-09-29_15h14.44.770.csv'
13.4978 	INFO 	Stopping keyboard key buffers.
