17.5521 	INFO 	Loaded monitor calibration from ['2026_09_21 04:14']
17.5680 	WARNING 	User requested fullscreen with size [1440  900], but screen is actually [1920, 1080]. Using actual size
17.8236 	INFO 	Using renderer 'AMD Radeon RX 7900 XT' for graphics
17.8236 	INFO 	OpenGL version supported by driver is 4..
17.8986 	DEBUG 	TextBox2 loaded 1 chars with 0 blanks and 1 valid
17.9078 	DEBUG 	TextBox2 loaded 1 chars with 0 blanks and 1 valid
17.9170 	DEBUG 	TextBox2 loaded 1 chars with 0 blanks and 1 valid
17.9265 	DEBUG 	TextBox2 loaded 1 chars with 0 blanks and 1 valid
17.9358 	DEBUG 	TextBox2 loaded 1 chars with 0 blanks and 1 valid
17.9444 	DEBUG 	TextBox2 loaded 1 chars with 0 blanks and 1 valid
17.9535 	DEBUG 	TextBox2 loaded 1 chars with 0 blanks and 1 valid
17.9631 	DEBUG 	TextBox2 loaded 1 chars with 0 blanks and 1 valid
17.9716 	DEBUG 	TextBox2 loaded 1 chars with 0 blanks and 1 valid
17.9803 	DEBUG 	TextBox2 loaded 1 chars with 0 blanks and 1 valid
17.9901 	DEBUG 	TextBox2 loaded 1 chars with 0 blanks and 1 valid
17.9997 	DEBUG 	TextBox2 loaded 1 chars with 0 blanks and 1 valid
18.0090 	DEBUG 	TextBox2 loaded 1 chars with 0 blanks and 1 valid
18.0183 	DEBUG 	TextBox2 loaded 1 chars with 0 blanks and 1 valid
18.0278 	DEBUG 	TextBox2 loaded 1 chars with 0 blanks and 1 valid
18.0372 	DEBUG 	TextBox2 loaded 1 chars with 0 blanks and 1 valid
18.0473 	DEBUG 	TextBox2 loaded 1 chars with 0 blanks and 1 valid
18.0560 	DEBUG 	TextBox2 loaded 1 chars with 0 blanks and 1 valid
18.0648 	DEBUG 	TextBox2 loaded 1 chars with 0 blanks and 1 valid
18.0745 	DEBUG 	TextBox2 loaded 1 chars with 0 blanks and 1 valid
18.0830 	DEBUG 	TextBox2 loaded 1 chars with 0 blanks and 1 valid
18.0833 	DEBUG 	Uploading Texture Font fontname to graphics card
18.0845 	DEBUG 	Upload of Texture Font fontname complete
18.1029 	DEBUG 	TextBox2 loaded 1 chars with 0 blanks and 1 valid
18.1127 	DEBUG 	TextBox2 loaded 1 chars with 0 blanks and 1 valid
18.1223 	DEBUG 	TextBox2 loaded 1 chars with 0 blanks and 1 valid
18.1226 	DEBUG 	Uploading Texture Font fontname to graphics card
18.1236 	DEBUG 	Upload of Texture Font fontname complete
19.1388 	EXP 	Created window1 = Window(allowGUI=False, allowStencil=False, autoLog=True, backendConf=UNKNOWN, backgroundFit=<method-wrapper '__getattribute__' of attributeSetter object at 0x000001EAD39211E0>, backgroundImage=<method-wrapper '__getattribute__' of attributeSetter object at 0x000001EAD3921240>, bitsMode=UNKNOWN, blendMode='avg', bpc=(8, 8, 8), color=array([0, 0, 0]), colorSpace='rgb', depthBits=8, fullscr=True, gamma=None, gammaErrorPolicy='raise', infoMsg=UNKNOWN, lms=UNKNOWN, monitor=<psychopy.monitors.calibTools.Monitor object at 0x000001EAC446B1F0>, multiSample=False, name='window1', numSamples=2, pos=(0, 0), screen=0, size=array([1920, 1080]), stencilBits=0, stereo=False, title='PsychoPy', units='height', useFBO=True, useRetina=False, viewOri=0.0, viewPos=None, viewScale=None, waitBlanking=True, winType='pyglet')
19.1389 	EXP 	window1: backgroundImage = None
19.1389 	EXP 	window1: backgroundFit = 'cover'
19.1406 	EXP 	window1: Attempting to measure frame rate of screen (0) ...
19.1406 	EXP 	window1: recordFrameIntervals = False
19.2217 	EXP 	window1: recordFrameIntervals = True
19.4493 	DATA 	Mouse: Left button down, pos=(846,687)
19.5901 	DATA 	Mouse:  Left button up, pos=(846,687)
19.7991 	DATA 	Mouse: Left button down, pos=(846,687)
19.8483 	DATA 	Mouse:  Left button up, pos=(846,687)
19.9992 	DATA 	Mouse: Left button down, pos=(846,687)
20.0553 	EXP 	window1: recordFrameIntervals = False
20.0553 	EXP 	Screen (0) actual frame rate measured at 119.83Hz
20.5335 	INFO 	keyboard.Keyboard is using ptb backend.
20.6191 	EXP 	Created fixation = TextStim(__class__=<class 'psychopy.visual.text.TextStim'>, alignHoriz=method-wrapper(...), alignText='center', alignVert=method-wrapper(...), anchorHoriz='center', anchorVert='center', antialias=True, autoDraw=False, autoLog=True, bold=False, color=array([1., 1., 1.]), colorSpace='rgb', contrast=1.0, depth=0.0, draggable=False, flipHoriz=False, flipVert=False, font='Arial', fontFiles=[], height=np.float64(0.12), italic=False, languageStyle='LTR', name='fixation', opacity=1, ori=0, pos=array([0., 0.]), rgb=UNKNOWN, text='+', units='height', win=Window(...), wrapWidth=1)
20.6207 	EXP 	Created instr_image = ImageStim(__class__=<class 'psychopy.visual.image.ImageStim'>, anchor=('center', 'center'), autoLog=True, color=array([1., 1., 1.]), colorSpace='rgb', contrast=1.0, depth=0.0, draggable=False, flipHoriz=np.False_, flipVert=np.False_, image='sin', interpolate=True, mask=None, maskParams=None, name='instr_image', opacity=1, ori=0.0, pos=array([0., 0.]), size=array([1.6, 0.9]), texRes=128.0, units='height', win=Window(...))
20.6216 	EXP 	Created maze_image = ImageStim(__class__=<class 'psychopy.visual.image.ImageStim'>, anchor=('center', 'center'), autoLog=True, color=array([1., 1., 1.]), colorSpace='rgb', contrast=1.0, depth=0.0, draggable=False, flipHoriz=np.False_, flipVert=np.False_, image='sin', interpolate=True, mask=None, maskParams=None, name='maze_image', opacity=1, ori=0.0, pos=array([ 0.  , -0.03]), size=array([0.85, 0.85]), texRes=128.0, units='height', win=Window(...))
20.6262 	EXP 	Created maze_title = TextStim(__class__=<class 'psychopy.visual.text.TextStim'>, alignHoriz=method-wrapper(...), alignText='center', alignVert=method-wrapper(...), anchorHoriz='center', anchorVert='center', antialias=True, autoDraw=False, autoLog=True, bold=False, color=array([1., 1., 1.]), colorSpace='rgb', contrast=1.0, depth=-1.0, draggable=False, flipHoriz=False, flipVert=False, font='Arial', fontFiles=[], height=np.float64(0.048), italic=False, languageStyle='LTR', name='maze_title', opacity=1, ori=0, pos=array([-0.55,  0.43]), rgb=UNKNOWN, text='Example Practice Maze', units='height', win=Window(...), wrapWidth=1.4)
20.6267 	EXP 	Created env_label = TextStim(__class__=<class 'psychopy.visual.text.TextStim'>, alignHoriz=method-wrapper(...), alignText='center', alignVert=method-wrapper(...), anchorHoriz='center', anchorVert='center', antialias=True, autoDraw=False, autoLog=True, bold=False, color=array([1., 1., 1.]), colorSpace='rgb', contrast=1.0, depth=0.0, draggable=False, flipHoriz=False, flipVert=False, font='Arial', fontFiles=[], height=0.048, italic=False, languageStyle='LTR', name='env_label', opacity=1, ori=0, pos=array([-0.65,  0.43]), rgb=UNKNOWN, text='', units='height', win=Window(...), wrapWidth=1.4)
20.6312 	EXP 	Created env_advance = TextStim(__class__=<class 'psychopy.visual.text.TextStim'>, alignHoriz=method-wrapper(...), alignText='center', alignVert=method-wrapper(...), anchorHoriz='center', anchorVert='center', antialias=True, autoDraw=False, autoLog=True, bold=False, color=array([1., 1., 1.]), colorSpace='rgb', contrast=1.0, depth=-1.0, draggable=False, flipHoriz=False, flipVert=False, font='Arial', fontFiles=[], height=np.float64(0.038), italic=False, languageStyle='LTR', name='env_advance', opacity=1, ori=0, pos=array([ 0. , -0.4]), rgb=UNKNOWN, text='Press space to continue.', units='height', win=Window(...), wrapWidth=1)
20.6320 	EXP 	Created question_text = TextStim(__class__=<class 'psychopy.visual.text.TextStim'>, alignHoriz=method-wrapper(...), alignText='center', alignVert=method-wrapper(...), anchorHoriz='center', anchorVert='center', antialias=True, autoDraw=False, autoLog=True, bold=False, color=array([-1., -1., -1.]), colorSpace='rgb', contrast=1.0, depth=0.0, draggable=False, flipHoriz=False, flipVert=False, font='Arial', fontFiles=[], height=0.055, italic=False, languageStyle='LTR', name='question_text', opacity=1, ori=0, pos=array([0. , 0.4]), rgb=UNKNOWN, text='', units='height', win=Window(...), wrapWidth=1.5)
20.6330 	EXP 	Created cue_image = ImageStim(__class__=<class 'psychopy.visual.image.ImageStim'>, anchor=('center', 'center'), autoLog=True, color=array([1., 1., 1.]), colorSpace='rgb', contrast=1.0, depth=-1.0, draggable=False, flipHoriz=np.False_, flipVert=np.False_, image='sin', interpolate=True, mask=None, maskParams=None, name='cue_image', opacity=1, ori=0.0, pos=array([0.  , 0.12]), size=array([0.25, 0.25]), texRes=512, units='height', win=Window(...))
20.6336 	EXP 	Created cue_label_stim = TextStim(__class__=<class 'psychopy.visual.text.TextStim'>, alignHoriz=method-wrapper(...), alignText='center', alignVert=method-wrapper(...), anchorHoriz='center', anchorVert='center', antialias=True, autoDraw=False, autoLog=True, bold=False, color=array([-1., -1., -1.]), colorSpace='rgb', contrast=1.0, depth=-2.0, draggable=False, flipHoriz=False, flipVert=False, font='Arial', fontFiles=[], height=0.042, italic=False, languageStyle='LTR', name='cue_label_stim', opacity=1, ori=0, pos=array([ 0.  , -0.02]), rgb=UNKNOWN, text='', units='height', win=Window(...), wrapWidth=0.5)
20.6344 	EXP 	Created left_image = ImageStim(__class__=<class 'psychopy.visual.image.ImageStim'>, anchor=('center', 'center'), autoLog=True, color=array([1., 1., 1.]), colorSpace='rgb', contrast=1.0, depth=-3.0, draggable=False, flipHoriz=np.False_, flipVert=np.False_, image='sin', interpolate=True, mask=None, maskParams=None, name='left_image', opacity=1, ori=0.0, pos=array([-0.22, -0.22]), size=array([0.22, 0.22]), texRes=512, units='height', win=Window(...))
20.6348 	EXP 	Created left_label_stim = TextStim(__class__=<class 'psychopy.visual.text.TextStim'>, alignHoriz=method-wrapper(...), alignText='center', alignVert=method-wrapper(...), anchorHoriz='center', anchorVert='center', antialias=True, autoDraw=False, autoLog=True, bold=False, color=array([-1., -1., -1.]), colorSpace='rgb', contrast=1.0, depth=-4.0, draggable=False, flipHoriz=False, flipVert=False, font='Arial', fontFiles=[], height=0.042, italic=False, languageStyle='LTR', name='left_label_stim', opacity=1, ori=0, pos=array([-0.22, -0.36]), rgb=UNKNOWN, text='', units='height', win=Window(...), wrapWidth=0.35)
20.6356 	EXP 	Created right_image = ImageStim(__class__=<class 'psychopy.visual.image.ImageStim'>, anchor=('center', 'center'), autoLog=True, color=array([1., 1., 1.]), colorSpace='rgb', contrast=1.0, depth=-5.0, draggable=False, flipHoriz=np.False_, flipVert=np.False_, image='sin', interpolate=True, mask=None, maskParams=None, name='right_image', opacity=1, ori=0.0, pos=array([ 0.22, -0.22]), size=array([0.22, 0.22]), texRes=512, units='height', win=Window(...))
20.6360 	EXP 	Created right_label_stim = TextStim(__class__=<class 'psychopy.visual.text.TextStim'>, alignHoriz=method-wrapper(...), alignText='center', alignVert=method-wrapper(...), anchorHoriz='center', anchorVert='center', antialias=True, autoDraw=False, autoLog=True, bold=False, color=array([-1., -1., -1.]), colorSpace='rgb', contrast=1.0, depth=-6.0, draggable=False, flipHoriz=False, flipVert=False, font='Arial', fontFiles=[], height=0.042, italic=False, languageStyle='LTR', name='right_label_stim', opacity=1, ori=0, pos=array([ 0.22, -0.36]), rgb=UNKNOWN, text='', units='height', win=Window(...), wrapWidth=0.35)
20.6365 	EXP 	Created fb_text_left = TextStim(__class__=<class 'psychopy.visual.text.TextStim'>, alignHoriz=method-wrapper(...), alignText='center', alignVert=method-wrapper(...), anchorHoriz='center', anchorVert='center', antialias=True, autoDraw=False, autoLog=True, bold=False, color=array([-1.        ,  0.00392157, -1.        ]), colorSpace='rgb', contrast=1.0, depth=0.0, draggable=False, flipHoriz=False, flipVert=False, font='Arial', fontFiles=[], height=0.046, italic=False, languageStyle='LTR', name='fb_text_left', opacity=1, ori=0, pos=array([-0.65,  0.02]), rgb=UNKNOWN, text='', units='height', win=Window(...), wrapWidth=0.25)
20.6366 	WARNING 	lineColorSpace parameter is deprecated. Please use colorSpace instead.
20.6387 	EXP 	Created fb_line_left = Line(__class__=<class 'psychopy.visual.line.Line'>, anchor=('center', 'center'), autoDraw=False, autoLog=True, closeShape=False, color=array([-1.        ,  0.00392157, -1.        ]), colorSpace='rgb', contrast=None, depth=0, draggable=False, fillColor=ndarray(...), fillColorSpace='rgb', fillRGB=ndarray(...), interpolate=True, lineColor=array([-1.        ,  0.00392157, -1.        ]), lineColorSpace='rgb', lineRGB=array([-1.        ,  0.00392157, -1.        ]), lineWidth=3.0, name='fb_line_left', opacity=1, ori=0.0, pos=array([0., 0.]), size=array([1., 1.]), units='height', vertices=array([[-0.52, -0.07],
       [-0.35, -0.17]]), win=Window(...), windingRule=None)
20.6388 	WARNING 	fillColorSpace parameter is deprecated. Please use colorSpace instead.
20.6389 	WARNING 	lineColorSpace parameter is deprecated. Please use colorSpace instead.
20.6400 	EXP 	Created fb_head_left = ShapeStim(__class__=<class 'psychopy.visual.shape.ShapeStim'>, anchor=('center', 'center'), autoDraw=False, autoLog=True, closeShape=True, color=method-wrapper(...), colorSpace='rgb', contrast=None, depth=-1.0, draggable=False, fillColor=array([-1.        ,  0.00392157, -1.        ]), fillColorSpace='rgb', fillRGB=array([-1.        ,  0.00392157, -1.        ]), interpolate=True, lineColor=array([-1.        ,  0.00392157, -1.        ]), lineColorSpace='rgb', lineRGB=array([-1.        ,  0.00392157, -1.        ]), lineWidth=1.5, name='fb_head_left', opacity=1, ori=0.0, pos=array([0., 0.]), size=array([1., 1.]), units='height', vertices=ndarray(...), win=Window(...), windingRule=None)
20.6405 	EXP 	Created fb_text_right = TextStim(__class__=<class 'psychopy.visual.text.TextStim'>, alignHoriz=method-wrapper(...), alignText='center', alignVert=method-wrapper(...), anchorHoriz='center', anchorVert='center', antialias=True, autoDraw=False, autoLog=True, bold=False, color=array([-1.        ,  0.00392157, -1.        ]), colorSpace='rgb', contrast=1.0, depth=0.0, draggable=False, flipHoriz=False, flipVert=False, font='Arial', fontFiles=[], height=0.046, italic=False, languageStyle='LTR', name='fb_text_right', opacity=1, ori=0, pos=array([0.65, 0.02]), rgb=UNKNOWN, text='', units='height', win=Window(...), wrapWidth=0.25)
20.6406 	WARNING 	lineColorSpace parameter is deprecated. Please use colorSpace instead.
20.6413 	EXP 	Created fb_line_right = Line(__class__=<class 'psychopy.visual.line.Line'>, anchor=('center', 'center'), autoDraw=False, autoLog=True, closeShape=False, color=array([-1.        ,  0.00392157, -1.        ]), colorSpace='rgb', contrast=None, depth=0, draggable=False, fillColor=ndarray(...), fillColorSpace='rgb', fillRGB=ndarray(...), interpolate=True, lineColor=array([-1.        ,  0.00392157, -1.        ]), lineColorSpace='rgb', lineRGB=array([-1.        ,  0.00392157, -1.        ]), lineWidth=3.0, name='fb_line_right', opacity=1, ori=0.0, pos=array([0., 0.]), size=array([1., 1.]), units='height', vertices=array([[ 0.52, -0.07],
       [ 0.35, -0.17]]), win=Window(...), windingRule=None)
20.6414 	WARNING 	fillColorSpace parameter is deprecated. Please use colorSpace instead.
20.6414 	WARNING 	lineColorSpace parameter is deprecated. Please use colorSpace instead.
20.6420 	EXP 	Created fb_head_right = ShapeStim(__class__=<class 'psychopy.visual.shape.ShapeStim'>, anchor=('center', 'center'), autoDraw=False, autoLog=True, closeShape=True, color=method-wrapper(...), colorSpace='rgb', contrast=None, depth=-1.0, draggable=False, fillColor=array([-1.        ,  0.00392157, -1.        ]), fillColorSpace='rgb', fillRGB=array([-1.        ,  0.00392157, -1.        ]), interpolate=True, lineColor=array([-1.        ,  0.00392157, -1.        ]), lineColorSpace='rgb', lineRGB=array([-1.        ,  0.00392157, -1.        ]), lineWidth=1.5, name='fb_head_right', opacity=1, ori=0.0, pos=array([0., 0.]), size=array([1., 1.]), units='height', vertices=ndarray(...), win=Window(...), windingRule=None)
20.6505 	EXP 	Created thankyou = TextStim(__class__=<class 'psychopy.visual.text.TextStim'>, alignHoriz=method-wrapper(...), alignText='center', alignVert=method-wrapper(...), anchorHoriz='center', anchorVert='center', antialias=True, autoDraw=False, autoLog=True, bold=False, color=array([1., 1., 1.]), colorSpace='rgb', contrast=1.0, depth=0.0, draggable=False, flipHoriz=False, flipVert=False, font='Arial', fontFiles=[], height=np.float64(0.06), italic=False, languageStyle='LTR', name='thankyou', opacity=1, ori=0, pos=array([0. , 0.1]), rgb=UNKNOWN, text=str(...), units='height', win=Window(...), wrapWidth=1)
20.6542 	EXP 	Created finalslide = TextStim(__class__=<class 'psychopy.visual.text.TextStim'>, alignHoriz=method-wrapper(...), alignText='center', alignVert=method-wrapper(...), anchorHoriz='center', anchorVert='center', antialias=True, autoDraw=False, autoLog=True, bold=False, color=array([1., 1., 1.]), colorSpace='rgb', contrast=1.0, depth=-1.0, draggable=False, flipHoriz=False, flipVert=False, font='Arial', fontFiles=[], height=np.float64(0.04), italic=False, languageStyle='LTR', name='finalslide', opacity=1, ori=0, pos=array([ 0. , -0.2]), rgb=UNKNOWN, text='Press the space bar to exit.', units='height', win=Window(...), wrapWidth=1)
20.7041 	DATA 	Mouse:  Left button up, pos=(846,687)
20.7085 	INFO 	Keyboard events cleared
20.7084 	EXP 	instr_image: image = 'nav_task_instr/Slide1.png'
20.7084 	EXP 	instr_image: autoDraw = True
23.5161 	EXP 	Device response: <KeyPress from None: t=23.51178099999379, value=right, duration=None>
23.5164 	DATA 	Keypress: right
23.6392 	EXP 	Device response: <KeyPress from None: t=23.51178099999379, value=right, duration=0.12595929999952205>
23.7225 	EXP 	Device response: <KeyPress from None: t=23.72076320000633, value=right, duration=None>
23.7228 	DATA 	Keypress: right
23.8311 	EXP 	Device response: <KeyPress from None: t=23.72076320000633, value=right, duration=0.1030379999865545>
23.9392 	EXP 	Device response: <KeyPress from None: t=23.936748699998134, value=left, duration=None>
23.9396 	DATA 	Keypress: left
24.0310 	EXP 	Device response: <KeyPress from None: t=23.936748699998134, value=left, duration=0.09193900000536814>
24.1229 	EXP 	Device response: <KeyPress from None: t=24.117694300002768, value=left, duration=None>
24.1232 	DATA 	Keypress: left
24.1975 	EXP 	Device response: <KeyPress from None: t=24.117694300002768, value=left, duration=0.07301999999617692>
24.8229 	EXP 	Device response: <KeyPress from None: t=24.816923200007295, value=1, duration=None>
24.8237 	DATA 	Keypress: 1
24.9642 	EXP 	Device response: <KeyPress from None: t=24.816923200007295, value=1, duration=0.1419636999926297>
25.1560 	EXP 	Device response: <KeyPress from None: t=25.15279439999722, value=2, duration=None>
25.1564 	DATA 	Keypress: 2
25.3729 	EXP 	Device response: <KeyPress from None: t=25.15279439999722, value=2, duration=0.21690990000206511>
25.4227 	EXP 	Device response: <KeyPress from None: t=25.416244499996537, value=3, duration=None>
25.4230 	DATA 	Keypress: 3
25.7810 	EXP 	Device response: <KeyPress from None: t=25.416244499996537, value=3, duration=0.3576035000005504>
25.8061 	EXP 	Device response: <KeyPress from None: t=25.802286899997853, value=space, duration=None>
25.8111 	DATA 	Keypress: space
25.8146 	INFO 	Keyboard events cleared
25.8145 	EXP 	instr_image: autoDraw = False
25.8145 	EXP 	maze_image: image = 'stimuli/prac_maze.png'
25.8145 	EXP 	maze_image: autoDraw = True
25.8145 	EXP 	maze_title: autoDraw = True
26.0227 	EXP 	Device response: <KeyPress from None: t=25.802286899997853, value=space, duration=0.21743940000305884>
26.7230 	EXP 	Device response: <KeyPress from None: t=26.71873290000076, value=space, duration=None>
26.8340 	DEBUG 	Saving data for GraphMaze_Navigation ExperimentHandler
26.8346 	INFO 	saved data to F:\Github\PaperFolding\data\123_GraphMaze_Navigation_2026-09-28_15h31.59.159.psydat
26.8373 	INFO 	saved data to 'F:\\Github\\PaperFolding\\data\\123_GraphMaze_Navigation_2026-09-28_15h31.59.159.csv'
26.8438 	INFO 	Stopping keyboard key buffers.
