6.7481 	INFO 	Loaded monitor calibration from ['2026_09_21 04:14']
6.7549 	WARNING 	User requested fullscreen with size [1440  900], but screen is actually [1920, 1080]. Using actual size
7.0162 	INFO 	Using renderer 'AMD Radeon RX 7900 XT' for graphics
7.0162 	INFO 	OpenGL version supported by driver is 4..
7.0868 	DEBUG 	TextBox2 loaded 1 chars with 0 blanks and 1 valid
7.0961 	DEBUG 	TextBox2 loaded 1 chars with 0 blanks and 1 valid
7.1056 	DEBUG 	TextBox2 loaded 1 chars with 0 blanks and 1 valid
7.1154 	DEBUG 	TextBox2 loaded 1 chars with 0 blanks and 1 valid
7.1250 	DEBUG 	TextBox2 loaded 1 chars with 0 blanks and 1 valid
7.1342 	DEBUG 	TextBox2 loaded 1 chars with 0 blanks and 1 valid
7.1438 	DEBUG 	TextBox2 loaded 1 chars with 0 blanks and 1 valid
7.1533 	DEBUG 	TextBox2 loaded 1 chars with 0 blanks and 1 valid
7.1617 	DEBUG 	TextBox2 loaded 1 chars with 0 blanks and 1 valid
7.1702 	DEBUG 	TextBox2 loaded 1 chars with 0 blanks and 1 valid
7.1828 	DEBUG 	TextBox2 loaded 1 chars with 0 blanks and 1 valid
7.1952 	DEBUG 	TextBox2 loaded 1 chars with 0 blanks and 1 valid
7.2051 	DEBUG 	TextBox2 loaded 1 chars with 0 blanks and 1 valid
7.2148 	DEBUG 	TextBox2 loaded 1 chars with 0 blanks and 1 valid
7.2255 	DEBUG 	TextBox2 loaded 1 chars with 0 blanks and 1 valid
7.2381 	DEBUG 	TextBox2 loaded 1 chars with 0 blanks and 1 valid
7.2477 	DEBUG 	TextBox2 loaded 1 chars with 0 blanks and 1 valid
7.2570 	DEBUG 	TextBox2 loaded 1 chars with 0 blanks and 1 valid
7.2666 	DEBUG 	TextBox2 loaded 1 chars with 0 blanks and 1 valid
7.2791 	DEBUG 	TextBox2 loaded 1 chars with 0 blanks and 1 valid
7.2893 	DEBUG 	TextBox2 loaded 1 chars with 0 blanks and 1 valid
7.2896 	DEBUG 	Uploading Texture Font fontname to graphics card
7.2910 	DEBUG 	Upload of Texture Font fontname complete
7.3075 	DEBUG 	TextBox2 loaded 1 chars with 0 blanks and 1 valid
7.3176 	DEBUG 	TextBox2 loaded 1 chars with 0 blanks and 1 valid
7.3278 	DEBUG 	TextBox2 loaded 1 chars with 0 blanks and 1 valid
7.3281 	DEBUG 	Uploading Texture Font fontname to graphics card
7.3288 	DEBUG 	Upload of Texture Font fontname complete
8.3047 	EXP 	Created window1 = Window(allowGUI=False, allowStencil=False, autoLog=True, backendConf=UNKNOWN, backgroundFit=<method-wrapper '__getattribute__' of attributeSetter object at 0x000001FF52273EB0>, backgroundImage=<method-wrapper '__getattribute__' of attributeSetter object at 0x000001FF52271060>, bitsMode=UNKNOWN, blendMode='avg', bpc=(8, 8, 8), color=array([0, 0, 0]), colorSpace='rgb', depthBits=8, fullscr=True, gamma=None, gammaErrorPolicy='raise', infoMsg=UNKNOWN, lms=UNKNOWN, monitor=<psychopy.monitors.calibTools.Monitor object at 0x000001FF4FAA0490>, multiSample=False, name='window1', numSamples=2, pos=(0, 0), screen=0, size=array([1920, 1080]), stencilBits=0, stereo=False, title='PsychoPy', units='height', useFBO=True, useRetina=False, viewOri=0.0, viewPos=None, viewScale=None, waitBlanking=True, winType='pyglet')
8.3047 	EXP 	window1: backgroundImage = None
8.3047 	EXP 	window1: backgroundFit = 'cover'
8.3061 	EXP 	window1: Attempting to measure frame rate of screen (0) ...
8.3061 	EXP 	window1: recordFrameIntervals = False
8.3876 	EXP 	window1: recordFrameIntervals = True
8.8411 	WARNING 	t of last frame was 11.80ms (=1/84)
9.2211 	EXP 	window1: recordFrameIntervals = False
9.2211 	EXP 	Screen (0) actual frame rate measured at 119.84Hz
9.6832 	INFO 	keyboard.Keyboard is using ptb backend.
9.7713 	EXP 	Created fixation = TextStim(__class__=<class 'psychopy.visual.text.TextStim'>, alignHoriz=method-wrapper(...), alignText='center', alignVert=method-wrapper(...), anchorHoriz='center', anchorVert='center', antialias=True, autoDraw=False, autoLog=True, bold=False, color=array([1., 1., 1.]), colorSpace='rgb', contrast=1.0, depth=0.0, draggable=False, flipHoriz=False, flipVert=False, font='Arial', fontFiles=[], height=np.float64(0.12), italic=False, languageStyle='LTR', name='fixation', opacity=1, ori=0, pos=array([0., 0.]), rgb=UNKNOWN, text='+', units='height', win=Window(...), wrapWidth=1)
9.7730 	EXP 	Created maze_image = ImageStim(__class__=<class 'psychopy.visual.image.ImageStim'>, anchor=('center', 'center'), autoLog=True, color=array([1., 1., 1.]), colorSpace='rgb', contrast=1.0, depth=0.0, draggable=False, flipHoriz=np.False_, flipVert=np.False_, image='sin', interpolate=True, mask=None, maskParams=None, name='maze_image', opacity=1, ori=0.0, pos=array([ 0.  , -0.03]), size=array([0.85, 0.85]), texRes=128.0, units='height', win=Window(...))
9.7779 	EXP 	Created maze_title_stim = TextStim(__class__=<class 'psychopy.visual.text.TextStim'>, alignHoriz=method-wrapper(...), alignText='center', alignVert=method-wrapper(...), anchorHoriz='center', anchorVert='center', antialias=True, autoDraw=False, autoLog=True, bold=False, color=array([1., 1., 1.]), colorSpace='rgb', contrast=1.0, depth=-1.0, draggable=False, flipHoriz=False, flipVert=False, font='Arial', fontFiles=[], height=np.float64(0.048), italic=False, languageStyle='LTR', name='maze_title_stim', opacity=1, ori=0, pos=array([-0.55,  0.43]), rgb=UNKNOWN, text='Example Practice Maze', units='height', win=Window(...), wrapWidth=1.4)
9.7784 	EXP 	Created env_label = TextStim(__class__=<class 'psychopy.visual.text.TextStim'>, alignHoriz=method-wrapper(...), alignText='center', alignVert=method-wrapper(...), anchorHoriz='center', anchorVert='center', antialias=True, autoDraw=False, autoLog=True, bold=False, color=array([1., 1., 1.]), colorSpace='rgb', contrast=1.0, depth=0.0, draggable=False, flipHoriz=False, flipVert=False, font='Arial', fontFiles=[], height=0.048, italic=False, languageStyle='LTR', name='env_label', opacity=1, ori=0, pos=array([-0.65,  0.43]), rgb=UNKNOWN, text='', units='height', win=Window(...), wrapWidth=1.4)
9.7845 	EXP 	Created env_advance = TextStim(__class__=<class 'psychopy.visual.text.TextStim'>, alignHoriz=method-wrapper(...), alignText='center', alignVert=method-wrapper(...), anchorHoriz='center', anchorVert='center', antialias=True, autoDraw=False, autoLog=True, bold=False, color=array([1., 1., 1.]), colorSpace='rgb', contrast=1.0, depth=-1.0, draggable=False, flipHoriz=False, flipVert=False, font='Arial', fontFiles=[], height=np.float64(0.038), italic=False, languageStyle='LTR', name='env_advance', opacity=1, ori=0, pos=array([ 0. , -0.4]), rgb=UNKNOWN, text='Press space to continue.', units='height', win=Window(...), wrapWidth=1)
9.7852 	EXP 	Created question_text = TextStim(__class__=<class 'psychopy.visual.text.TextStim'>, alignHoriz=method-wrapper(...), alignText='center', alignVert=method-wrapper(...), anchorHoriz='center', anchorVert='center', antialias=True, autoDraw=False, autoLog=True, bold=False, color=array([-1., -1., -1.]), colorSpace='rgb', contrast=1.0, depth=0.0, draggable=False, flipHoriz=False, flipVert=False, font='Arial', fontFiles=[], height=0.055, italic=False, languageStyle='LTR', name='question_text', opacity=1, ori=0, pos=array([0. , 0.4]), rgb=UNKNOWN, text='', units='height', win=Window(...), wrapWidth=1.5)
9.7862 	EXP 	Created cue_image = ImageStim(__class__=<class 'psychopy.visual.image.ImageStim'>, anchor=('center', 'center'), autoLog=True, color=array([1., 1., 1.]), colorSpace='rgb', contrast=1.0, depth=-1.0, draggable=False, flipHoriz=np.False_, flipVert=np.False_, image='sin', interpolate=True, mask=None, maskParams=None, name='cue_image', opacity=1, ori=0.0, pos=array([0.  , 0.12]), size=array([0.25, 0.25]), texRes=512, units='height', win=Window(...))
9.7868 	EXP 	Created cue_label_stim = TextStim(__class__=<class 'psychopy.visual.text.TextStim'>, alignHoriz=method-wrapper(...), alignText='center', alignVert=method-wrapper(...), anchorHoriz='center', anchorVert='center', antialias=True, autoDraw=False, autoLog=True, bold=False, color=array([-1., -1., -1.]), colorSpace='rgb', contrast=1.0, depth=-2.0, draggable=False, flipHoriz=False, flipVert=False, font='Arial', fontFiles=[], height=0.042, italic=False, languageStyle='LTR', name='cue_label_stim', opacity=1, ori=0, pos=array([ 0.  , -0.02]), rgb=UNKNOWN, text='', units='height', win=Window(...), wrapWidth=0.5)
9.7877 	EXP 	Created left_image = ImageStim(__class__=<class 'psychopy.visual.image.ImageStim'>, anchor=('center', 'center'), autoLog=True, color=array([1., 1., 1.]), colorSpace='rgb', contrast=1.0, depth=-3.0, draggable=False, flipHoriz=np.False_, flipVert=np.False_, image='sin', interpolate=True, mask=None, maskParams=None, name='left_image', opacity=1, ori=0.0, pos=array([-0.22, -0.22]), size=array([0.22, 0.22]), texRes=512, units='height', win=Window(...))
9.7882 	EXP 	Created left_label_stim = TextStim(__class__=<class 'psychopy.visual.text.TextStim'>, alignHoriz=method-wrapper(...), alignText='center', alignVert=method-wrapper(...), anchorHoriz='center', anchorVert='center', antialias=True, autoDraw=False, autoLog=True, bold=False, color=array([-1., -1., -1.]), colorSpace='rgb', contrast=1.0, depth=-4.0, draggable=False, flipHoriz=False, flipVert=False, font='Arial', fontFiles=[], height=0.042, italic=False, languageStyle='LTR', name='left_label_stim', opacity=1, ori=0, pos=array([-0.22, -0.36]), rgb=UNKNOWN, text='', units='height', win=Window(...), wrapWidth=0.35)
9.7890 	EXP 	Created right_image = ImageStim(__class__=<class 'psychopy.visual.image.ImageStim'>, anchor=('center', 'center'), autoLog=True, color=array([1., 1., 1.]), colorSpace='rgb', contrast=1.0, depth=-5.0, draggable=False, flipHoriz=np.False_, flipVert=np.False_, image='sin', interpolate=True, mask=None, maskParams=None, name='right_image', opacity=1, ori=0.0, pos=array([ 0.22, -0.22]), size=array([0.22, 0.22]), texRes=512, units='height', win=Window(...))
9.7896 	EXP 	Created right_label_stim = TextStim(__class__=<class 'psychopy.visual.text.TextStim'>, alignHoriz=method-wrapper(...), alignText='center', alignVert=method-wrapper(...), anchorHoriz='center', anchorVert='center', antialias=True, autoDraw=False, autoLog=True, bold=False, color=array([-1., -1., -1.]), colorSpace='rgb', contrast=1.0, depth=-6.0, draggable=False, flipHoriz=False, flipVert=False, font='Arial', fontFiles=[], height=0.042, italic=False, languageStyle='LTR', name='right_label_stim', opacity=1, ori=0, pos=array([ 0.22, -0.36]), rgb=UNKNOWN, text='', units='height', win=Window(...), wrapWidth=0.35)
9.7902 	EXP 	Created fb_text_left = TextStim(__class__=<class 'psychopy.visual.text.TextStim'>, alignHoriz=method-wrapper(...), alignText='center', alignVert=method-wrapper(...), anchorHoriz='center', anchorVert='center', antialias=True, autoDraw=False, autoLog=True, bold=False, color=array([-1.        ,  0.00392157, -1.        ]), colorSpace='rgb', contrast=1.0, depth=0.0, draggable=False, flipHoriz=False, flipVert=False, font='Arial', fontFiles=[], height=0.046, italic=False, languageStyle='LTR', name='fb_text_left', opacity=1, ori=0, pos=array([-0.65,  0.02]), rgb=UNKNOWN, text='', units='height', win=Window(...), wrapWidth=0.25)
9.7903 	WARNING 	lineColorSpace parameter is deprecated. Please use colorSpace instead.
9.7924 	EXP 	Created fb_line_left = Line(__class__=<class 'psychopy.visual.line.Line'>, anchor=('center', 'center'), autoDraw=False, autoLog=True, closeShape=False, color=array([-1.        ,  0.00392157, -1.        ]), colorSpace='rgb', contrast=None, depth=0, draggable=False, fillColor=ndarray(...), fillColorSpace='rgb', fillRGB=ndarray(...), interpolate=True, lineColor=array([-1.        ,  0.00392157, -1.        ]), lineColorSpace='rgb', lineRGB=array([-1.        ,  0.00392157, -1.        ]), lineWidth=3.0, name='fb_line_left', opacity=1, ori=0.0, pos=array([0., 0.]), size=array([1., 1.]), units='height', vertices=array([[-0.52, -0.07],
       [-0.35, -0.17]]), win=Window(...), windingRule=None)
9.7925 	WARNING 	fillColorSpace parameter is deprecated. Please use colorSpace instead.
9.7926 	WARNING 	lineColorSpace parameter is deprecated. Please use colorSpace instead.
9.7934 	EXP 	Created fb_head_left = ShapeStim(__class__=<class 'psychopy.visual.shape.ShapeStim'>, anchor=('center', 'center'), autoDraw=False, autoLog=True, closeShape=True, color=method-wrapper(...), colorSpace='rgb', contrast=None, depth=-1.0, draggable=False, fillColor=array([-1.        ,  0.00392157, -1.        ]), fillColorSpace='rgb', fillRGB=array([-1.        ,  0.00392157, -1.        ]), interpolate=True, lineColor=array([-1.        ,  0.00392157, -1.        ]), lineColorSpace='rgb', lineRGB=array([-1.        ,  0.00392157, -1.        ]), lineWidth=1.5, name='fb_head_left', opacity=1, ori=0.0, pos=array([0., 0.]), size=array([1., 1.]), units='height', vertices=ndarray(...), win=Window(...), windingRule=None)
9.7938 	EXP 	Created fb_text_right = TextStim(__class__=<class 'psychopy.visual.text.TextStim'>, alignHoriz=method-wrapper(...), alignText='center', alignVert=method-wrapper(...), anchorHoriz='center', anchorVert='center', antialias=True, autoDraw=False, autoLog=True, bold=False, color=array([-1.        ,  0.00392157, -1.        ]), colorSpace='rgb', contrast=1.0, depth=0.0, draggable=False, flipHoriz=False, flipVert=False, font='Arial', fontFiles=[], height=0.046, italic=False, languageStyle='LTR', name='fb_text_right', opacity=1, ori=0, pos=array([0.65, 0.02]), rgb=UNKNOWN, text='', units='height', win=Window(...), wrapWidth=0.25)
9.7939 	WARNING 	lineColorSpace parameter is deprecated. Please use colorSpace instead.
9.7945 	EXP 	Created fb_line_right = Line(__class__=<class 'psychopy.visual.line.Line'>, anchor=('center', 'center'), autoDraw=False, autoLog=True, closeShape=False, color=array([-1.        ,  0.00392157, -1.        ]), colorSpace='rgb', contrast=None, depth=0, draggable=False, fillColor=ndarray(...), fillColorSpace='rgb', fillRGB=ndarray(...), interpolate=True, lineColor=array([-1.        ,  0.00392157, -1.        ]), lineColorSpace='rgb', lineRGB=array([-1.        ,  0.00392157, -1.        ]), lineWidth=3.0, name='fb_line_right', opacity=1, ori=0.0, pos=array([0., 0.]), size=array([1., 1.]), units='height', vertices=array([[ 0.52, -0.07],
       [ 0.35, -0.17]]), win=Window(...), windingRule=None)
9.7946 	WARNING 	fillColorSpace parameter is deprecated. Please use colorSpace instead.
9.7947 	WARNING 	lineColorSpace parameter is deprecated. Please use colorSpace instead.
9.7957 	EXP 	Created fb_head_right = ShapeStim(__class__=<class 'psychopy.visual.shape.ShapeStim'>, anchor=('center', 'center'), autoDraw=False, autoLog=True, closeShape=True, color=method-wrapper(...), colorSpace='rgb', contrast=None, depth=-1.0, draggable=False, fillColor=array([-1.        ,  0.00392157, -1.        ]), fillColorSpace='rgb', fillRGB=array([-1.        ,  0.00392157, -1.        ]), interpolate=True, lineColor=array([-1.        ,  0.00392157, -1.        ]), lineColorSpace='rgb', lineRGB=array([-1.        ,  0.00392157, -1.        ]), lineWidth=1.5, name='fb_head_right', opacity=1, ori=0.0, pos=array([0., 0.]), size=array([1., 1.]), units='height', vertices=ndarray(...), win=Window(...), windingRule=None)
9.8115 	EXP 	Created thankyou = TextStim(__class__=<class 'psychopy.visual.text.TextStim'>, alignHoriz=method-wrapper(...), alignText='center', alignVert=method-wrapper(...), anchorHoriz='center', anchorVert='center', antialias=True, autoDraw=False, autoLog=True, bold=False, color=array([1., 1., 1.]), colorSpace='rgb', contrast=1.0, depth=0.0, draggable=False, flipHoriz=False, flipVert=False, font='Arial', fontFiles=[], height=np.float64(0.06), italic=False, languageStyle='LTR', name='thankyou', opacity=1, ori=0, pos=array([0. , 0.1]), rgb=UNKNOWN, text=str(...), units='height', win=Window(...), wrapWidth=1)
9.8181 	EXP 	Created finalslide = TextStim(__class__=<class 'psychopy.visual.text.TextStim'>, alignHoriz=method-wrapper(...), alignText='center', alignVert=method-wrapper(...), anchorHoriz='center', anchorVert='center', antialias=True, autoDraw=False, autoLog=True, bold=False, color=array([1., 1., 1.]), colorSpace='rgb', contrast=1.0, depth=-1.0, draggable=False, flipHoriz=False, flipVert=False, font='Arial', fontFiles=[], height=np.float64(0.04), italic=False, languageStyle='LTR', name='finalslide', opacity=1, ori=0, pos=array([ 0. , -0.2]), rgb=UNKNOWN, text='Press the space bar to exit.', units='height', win=Window(...), wrapWidth=1)
9.8245 	EXP 	Created unnamed TextStim = TextStim(__class__=<class 'psychopy.visual.text.TextStim'>, alignHoriz=method-wrapper(...), alignText='center', alignVert=method-wrapper(...), anchorHoriz='center', anchorVert='center', antialias=True, autoDraw=False, autoLog=True, bold=True, color=array([1., 1., 1.]), colorSpace='rgb', contrast=1.0, depth=0.0, draggable=False, flipHoriz=False, flipVert=False, font='Arial', fontFiles=[], height=np.float64(0.06), italic=False, languageStyle='LTR', name='unnamed TextStim', opacity=1.0, ori=0.0, pos=array([0.  , 0.39]), rgb=UNKNOWN, text='Practice Trials + Instructions', units='height', win=Window(...), wrapWidth=1.5)
9.8408 	EXP 	Created unnamed TextStim = TextStim(__class__=<class 'psychopy.visual.text.TextStim'>, alignHoriz=method-wrapper(...), alignText='center', alignVert=method-wrapper(...), anchorHoriz='center', anchorVert='center', antialias=True, autoDraw=False, autoLog=True, bold=False, color=array([1., 1., 1.]), colorSpace='rgb', contrast=1.0, depth=-1.0, draggable=False, flipHoriz=False, flipVert=False, font='Arial', fontFiles=[], height=np.float64(0.036), italic=False, languageStyle='LTR', name='unnamed TextStim', opacity=1.0, ori=0.0, pos=array([0.  , 0.03]), rgb=UNKNOWN, text=str(...), units='height', win=Window(...), wrapWidth=1.5)
9.8471 	EXP 	Created unnamed TextStim = TextStim(__class__=<class 'psychopy.visual.text.TextStim'>, alignHoriz=method-wrapper(...), alignText='center', alignVert=method-wrapper(...), anchorHoriz='center', anchorVert='center', antialias=True, autoDraw=False, autoLog=True, bold=False, color=array([-0.286,  0.216,  0.671]), colorSpace='rgb', contrast=1.0, depth=-2.0, draggable=False, flipHoriz=False, flipVert=False, font='Arial', fontFiles=[], height=np.float64(0.032), italic=False, languageStyle='LTR', name='unnamed TextStim', opacity=1.0, ori=0.0, pos=array([-0. , -0.4]), rgb=UNKNOWN, text='Blue background  =  path distance trials', units='height', win=Window(...), wrapWidth=1)
9.8507 	EXP 	Created unnamed TextStim = TextStim(__class__=<class 'psychopy.visual.text.TextStim'>, alignHoriz=method-wrapper(...), alignText='center', alignVert=method-wrapper(...), anchorHoriz='center', anchorVert='center', antialias=True, autoDraw=False, autoLog=True, bold=False, color=array([0.914, 0.506, 0.09 ]), colorSpace='rgb', contrast=1.0, depth=-3.0, draggable=False, flipHoriz=False, flipVert=False, font='Arial', fontFiles=[], height=np.float64(0.032), italic=False, languageStyle='LTR', name='unnamed TextStim', opacity=1.0, ori=0.0, pos=array([ 0.  , -0.44]), rgb=UNKNOWN, text=str(...), units='height', win=Window(...), wrapWidth=1)
9.8529 	EXP 	Created unnamed TextStim = TextStim(__class__=<class 'psychopy.visual.text.TextStim'>, alignHoriz=method-wrapper(...), alignText='center', alignVert=method-wrapper(...), anchorHoriz='center', anchorVert='center', antialias=True, autoDraw=False, autoLog=True, bold=False, color=array([0.4, 0.4, 0.4]), colorSpace='rgb', contrast=1.0, depth=-4.0, draggable=False, flipHoriz=False, flipVert=False, font='Arial', fontFiles=[], height=np.float64(0.030999999999999996), italic=False, languageStyle='LTR', name='unnamed TextStim', opacity=1.0, ori=0.0, pos=array([ 0.  , -0.47]), rgb=UNKNOWN, text='Press space to continue.', units='height', win=Window(...), wrapWidth=1)
9.8589 	INFO 	Keyboard events cleared
9.8588 	EXP 	unnamed TextStim: autoDraw = True
9.8588 	EXP 	unnamed TextStim: autoDraw = True
9.8588 	EXP 	unnamed TextStim: autoDraw = True
9.8588 	EXP 	unnamed TextStim: autoDraw = True
9.8588 	EXP 	unnamed TextStim: autoDraw = True
11.4651 	EXP 	Device response: <KeyPress from None: t=11.455649299983634, value=space, duration=None>
11.4659 	DATA 	Keypress: space
11.6298 	EXP 	Device response: <KeyPress from None: t=11.455649299983634, value=space, duration=0.16871240001637489>
12.1798 	EXP 	Device response: <KeyPress from None: t=12.176433499989798, value=2, duration=None>
12.1863 	DATA 	Keypress: 2
12.1900 	INFO 	Keyboard events cleared
12.1898 	EXP 	unnamed TextStim: autoDraw = False
12.1898 	EXP 	unnamed TextStim: autoDraw = False
12.1898 	EXP 	unnamed TextStim: autoDraw = False
12.1898 	EXP 	unnamed TextStim: autoDraw = False
12.1898 	EXP 	unnamed TextStim: autoDraw = False
12.1898 	EXP 	maze_image: image = 'stimuli/prac_maze.png'
12.1898 	EXP 	maze_image: autoDraw = True
12.1898 	EXP 	maze_title_stim: autoDraw = True
12.3714 	EXP 	Device response: <KeyPress from None: t=12.176433499989798, value=2, duration=0.18687360000330955>
14.7302 	EXP 	Device response: <KeyPress from None: t=14.724451099988073, value=2, duration=None>
14.7353 	DEBUG 	Read csv file with pandas: nav_task_practice_fruit.csv
14.7359 	DEBUG 	Clearing unnamed columns from nav_task_practice_fruit.csv
14.7363 	EXP 	Imported nav_task_practice_fruit.csv as conditions, 4 conditions, 9 params
14.7365 	EXP 	Created sequence: sequential, trialTypes=4, nReps=1, seed=None
14.7366 	EXP 	New trial (rep=0, index=0): OrderedDict([('cueImage', 'stimuli/prac_apple.png'), ('leftImage', 'stimuli/prac_orange.png'), ('rightImage', 'stimuli/prac_banana.png'), ('corrAns', 'right'), ('trial_type', 'route'), ('cueLabel', 'Apple'), ('leftLabel', 'Orange'), ('rightLabel', 'Banana'), ('corrLabel', 'Banana')])
14.7368 	DEPRECATION 	Clock.add() is deprecated in favor of .addTime() due to the counterintuitive design (it added time to the baseline, which reduced the values returned from getTime() )
14.7375 	DATA 	Keypress: 2
14.7400 	EXP 	maze_image: autoDraw = False
14.7400 	EXP 	maze_title_stim: autoDraw = False
14.7400 	EXP 	fixation: autoDraw = True
14.9635 	EXP 	Device response: <KeyPress from None: t=14.724451099988073, value=2, duration=0.23582030000397936>
15.7523 	INFO 	Keyboard events cleared
15.7522 	EXP 	fixation: autoDraw = False
15.7522 	EXP 	cue_image: image = 'stimuli/prac_apple.png'
15.7522 	EXP 	left_image: image = 'stimuli/prac_orange.png'
15.7522 	EXP 	right_image: image = 'stimuli/prac_banana.png'
15.7522 	EXP 	cue_label_stim: height = np.float64(0.042)
15.7522 	EXP 	cue_label_stim: height = np.float64(0.042)
15.7522 	EXP 	cue_label_stim: height = np.float64(0.042)
15.7522 	EXP 	cue_label_stim: text = 'Apple'
15.7522 	EXP 	left_label_stim: height = np.float64(0.042)
15.7522 	EXP 	left_label_stim: height = np.float64(0.042)
15.7522 	EXP 	left_label_stim: height = np.float64(0.042)
15.7522 	EXP 	left_label_stim: text = 'Orange'
15.7522 	EXP 	right_label_stim: height = np.float64(0.042)
15.7522 	EXP 	right_label_stim: height = np.float64(0.042)
15.7522 	EXP 	right_label_stim: height = np.float64(0.042)
15.7522 	EXP 	right_label_stim: text = 'Banana'
15.7522 	EXP 	question_text: height = np.float64(0.055)
15.7522 	EXP 	question_text: height = np.float64(0.055)
15.7522 	EXP 	question_text: height = np.float64(0.055)
15.7522 	EXP 	question_text: text = 'Which is the shortest path distance from the start?'
15.7522 	EXP 	question_text: autoDraw = True
15.7522 	EXP 	cue_image: autoDraw = True
15.7522 	EXP 	cue_label_stim: autoDraw = True
15.7522 	EXP 	left_image: autoDraw = True
15.7522 	EXP 	left_label_stim: autoDraw = True
15.7522 	EXP 	right_image: autoDraw = True
15.7522 	EXP 	right_label_stim: autoDraw = True
15.7872 	DEBUG 	Saving data for GraphMaze_Navigation ExperimentHandler
15.7876 	INFO 	saved data to F:\Github\PaperFolding\data\123_GraphMaze_Navigation_2026-09-29_15h13.47.182.psydat
15.7886 	INFO 	saved data to 'F:\\Github\\PaperFolding\\data\\123_GraphMaze_Navigation_2026-09-29_15h13.47.182.csv'
15.8017 	INFO 	Stopping keyboard key buffers.
