25.6843 	INFO 	Loaded monitor calibration from ['2026_09_21 04:14']
25.7089 	WARNING 	User requested fullscreen with size [1440  900], but screen is actually [1920, 1080]. Using actual size
26.6019 	INFO 	Using renderer 'AMD Radeon RX 7900 XT' for graphics
26.6019 	INFO 	OpenGL version supported by driver is 4..
26.7435 	DEBUG 	TextBox2 loaded 1 chars with 0 blanks and 1 valid
26.7526 	DEBUG 	TextBox2 loaded 1 chars with 0 blanks and 1 valid
26.7618 	DEBUG 	TextBox2 loaded 1 chars with 0 blanks and 1 valid
26.7714 	DEBUG 	TextBox2 loaded 1 chars with 0 blanks and 1 valid
26.7815 	DEBUG 	TextBox2 loaded 1 chars with 0 blanks and 1 valid
26.7901 	DEBUG 	TextBox2 loaded 1 chars with 0 blanks and 1 valid
26.7991 	DEBUG 	TextBox2 loaded 1 chars with 0 blanks and 1 valid
26.8085 	DEBUG 	TextBox2 loaded 1 chars with 0 blanks and 1 valid
26.8167 	DEBUG 	TextBox2 loaded 1 chars with 0 blanks and 1 valid
26.8251 	DEBUG 	TextBox2 loaded 1 chars with 0 blanks and 1 valid
26.8343 	DEBUG 	TextBox2 loaded 1 chars with 0 blanks and 1 valid
26.8447 	DEBUG 	TextBox2 loaded 1 chars with 0 blanks and 1 valid
26.8541 	DEBUG 	TextBox2 loaded 1 chars with 0 blanks and 1 valid
26.8632 	DEBUG 	TextBox2 loaded 1 chars with 0 blanks and 1 valid
26.8739 	DEBUG 	TextBox2 loaded 1 chars with 0 blanks and 1 valid
26.8832 	DEBUG 	TextBox2 loaded 1 chars with 0 blanks and 1 valid
26.8933 	DEBUG 	TextBox2 loaded 1 chars with 0 blanks and 1 valid
26.9024 	DEBUG 	TextBox2 loaded 1 chars with 0 blanks and 1 valid
26.9113 	DEBUG 	TextBox2 loaded 1 chars with 0 blanks and 1 valid
26.9221 	DEBUG 	TextBox2 loaded 1 chars with 0 blanks and 1 valid
26.9307 	DEBUG 	TextBox2 loaded 1 chars with 0 blanks and 1 valid
26.9311 	DEBUG 	Uploading Texture Font fontname to graphics card
26.9323 	DEBUG 	Upload of Texture Font fontname complete
26.9510 	DEBUG 	TextBox2 loaded 1 chars with 0 blanks and 1 valid
26.9608 	DEBUG 	TextBox2 loaded 1 chars with 0 blanks and 1 valid
26.9709 	DEBUG 	TextBox2 loaded 1 chars with 0 blanks and 1 valid
26.9712 	DEBUG 	Uploading Texture Font fontname to graphics card
26.9720 	DEBUG 	Upload of Texture Font fontname complete
27.9944 	EXP 	Created window1 = Window(allowGUI=False, allowStencil=False, autoLog=True, backendConf=UNKNOWN, backgroundFit=<method-wrapper '__getattribute__' of attributeSetter object at 0x000002A2DFF01810>, backgroundImage=<method-wrapper '__getattribute__' of attributeSetter object at 0x000002A2DFF017B0>, bitsMode=UNKNOWN, blendMode='avg', bpc=(8, 8, 8), color=array([0, 0, 0]), colorSpace='rgb', depthBits=8, fullscr=True, gamma=None, gammaErrorPolicy='raise', infoMsg=UNKNOWN, lms=UNKNOWN, monitor=<psychopy.monitors.calibTools.Monitor object at 0x000002A2E14C1120>, multiSample=False, name='window1', numSamples=2, pos=(0, 0), screen=0, size=array([1920, 1080]), stencilBits=0, stereo=False, title='PsychoPy', units='height', useFBO=True, useRetina=False, viewOri=0.0, viewPos=None, viewScale=None, waitBlanking=True, winType='pyglet')
27.9944 	EXP 	window1: backgroundImage = None
27.9945 	EXP 	window1: backgroundFit = 'cover'
27.9960 	EXP 	window1: Attempting to measure frame rate of screen (0) ...
27.9961 	EXP 	window1: recordFrameIntervals = False
28.0776 	EXP 	window1: recordFrameIntervals = True
28.9110 	EXP 	window1: recordFrameIntervals = False
28.9110 	EXP 	Screen (0) actual frame rate measured at 119.98Hz
30.0808 	INFO 	keyboard.Keyboard is using ptb backend.
30.3216 	EXP 	Created fixation = TextStim(__class__=<class 'psychopy.visual.text.TextStim'>, alignHoriz=method-wrapper(...), alignText='center', alignVert=method-wrapper(...), anchorHoriz='center', anchorVert='center', antialias=True, autoDraw=False, autoLog=True, bold=False, color=array([1., 1., 1.]), colorSpace='rgb', contrast=1.0, depth=0.0, draggable=False, flipHoriz=False, flipVert=False, font='Arial', fontFiles=[], height=np.float64(0.12), italic=False, languageStyle='LTR', name='fixation', opacity=1, ori=0, pos=array([0., 0.]), rgb=UNKNOWN, text='+', units='height', win=Window(...), wrapWidth=1)
30.3264 	EXP 	Created maze_image = ImageStim(__class__=<class 'psychopy.visual.image.ImageStim'>, anchor=('center', 'center'), autoLog=True, color=array([1., 1., 1.]), colorSpace='rgb', contrast=1.0, depth=0.0, draggable=False, flipHoriz=np.False_, flipVert=np.False_, image='sin', interpolate=True, mask=None, maskParams=None, name='maze_image', opacity=1, ori=0.0, pos=array([ 0.  , -0.03]), size=array([0.85, 0.85]), texRes=128.0, units='height', win=Window(...))
30.3353 	EXP 	Created maze_title_stim = TextStim(__class__=<class 'psychopy.visual.text.TextStim'>, alignHoriz=method-wrapper(...), alignText='center', alignVert=method-wrapper(...), anchorHoriz='center', anchorVert='center', antialias=True, autoDraw=False, autoLog=True, bold=False, color=array([1., 1., 1.]), colorSpace='rgb', contrast=1.0, depth=-1.0, draggable=False, flipHoriz=False, flipVert=False, font='Arial', fontFiles=[], height=np.float64(0.048), italic=False, languageStyle='LTR', name='maze_title_stim', opacity=1, ori=0, pos=array([-0.55,  0.43]), rgb=UNKNOWN, text='Example Practice Maze', units='height', win=Window(...), wrapWidth=1.4)
30.3358 	EXP 	Created env_label = TextStim(__class__=<class 'psychopy.visual.text.TextStim'>, alignHoriz=method-wrapper(...), alignText='center', alignVert=method-wrapper(...), anchorHoriz='center', anchorVert='center', antialias=True, autoDraw=False, autoLog=True, bold=False, color=array([1., 1., 1.]), colorSpace='rgb', contrast=1.0, depth=0.0, draggable=False, flipHoriz=False, flipVert=False, font='Arial', fontFiles=[], height=0.048, italic=False, languageStyle='LTR', name='env_label', opacity=1, ori=0, pos=array([-0.65,  0.43]), rgb=UNKNOWN, text='', units='height', win=Window(...), wrapWidth=1.4)
30.3460 	EXP 	Created env_advance = TextStim(__class__=<class 'psychopy.visual.text.TextStim'>, alignHoriz=method-wrapper(...), alignText='center', alignVert=method-wrapper(...), anchorHoriz='center', anchorVert='center', antialias=True, autoDraw=False, autoLog=True, bold=False, color=array([1., 1., 1.]), colorSpace='rgb', contrast=1.0, depth=-1.0, draggable=False, flipHoriz=False, flipVert=False, font='Arial', fontFiles=[], height=np.float64(0.038), italic=False, languageStyle='LTR', name='env_advance', opacity=1, ori=0, pos=array([ 0. , -0.4]), rgb=UNKNOWN, text='Press any number to continue.', units='height', win=Window(...), wrapWidth=1)
30.3468 	EXP 	Created question_text = TextStim(__class__=<class 'psychopy.visual.text.TextStim'>, alignHoriz=method-wrapper(...), alignText='center', alignVert=method-wrapper(...), anchorHoriz='center', anchorVert='center', antialias=True, autoDraw=False, autoLog=True, bold=False, color=array([-1., -1., -1.]), colorSpace='rgb', contrast=1.0, depth=0.0, draggable=False, flipHoriz=False, flipVert=False, font='Arial', fontFiles=[], height=0.055, italic=False, languageStyle='LTR', name='question_text', opacity=1, ori=0, pos=array([0. , 0.4]), rgb=UNKNOWN, text='', units='height', win=Window(...), wrapWidth=1.5)
30.3478 	EXP 	Created cue_image = ImageStim(__class__=<class 'psychopy.visual.image.ImageStim'>, anchor=('center', 'center'), autoLog=True, color=array([1., 1., 1.]), colorSpace='rgb', contrast=1.0, depth=-1.0, draggable=False, flipHoriz=np.False_, flipVert=np.False_, image='sin', interpolate=True, mask=None, maskParams=None, name='cue_image', opacity=1, ori=0.0, pos=array([0.  , 0.12]), size=array([0.25, 0.25]), texRes=512, units='height', win=Window(...))
30.3485 	EXP 	Created cue_label_stim = TextStim(__class__=<class 'psychopy.visual.text.TextStim'>, alignHoriz=method-wrapper(...), alignText='center', alignVert=method-wrapper(...), anchorHoriz='center', anchorVert='center', antialias=True, autoDraw=False, autoLog=True, bold=False, color=array([-1., -1., -1.]), colorSpace='rgb', contrast=1.0, depth=-2.0, draggable=False, flipHoriz=False, flipVert=False, font='Arial', fontFiles=[], height=0.042, italic=False, languageStyle='LTR', name='cue_label_stim', opacity=1, ori=0, pos=array([ 0.  , -0.02]), rgb=UNKNOWN, text='', units='height', win=Window(...), wrapWidth=0.5)
30.3493 	EXP 	Created left_image = ImageStim(__class__=<class 'psychopy.visual.image.ImageStim'>, anchor=('center', 'center'), autoLog=True, color=array([1., 1., 1.]), colorSpace='rgb', contrast=1.0, depth=-3.0, draggable=False, flipHoriz=np.False_, flipVert=np.False_, image='sin', interpolate=True, mask=None, maskParams=None, name='left_image', opacity=1, ori=0.0, pos=array([-0.22, -0.22]), size=array([0.22, 0.22]), texRes=512, units='height', win=Window(...))
30.3497 	EXP 	Created left_label_stim = TextStim(__class__=<class 'psychopy.visual.text.TextStim'>, alignHoriz=method-wrapper(...), alignText='center', alignVert=method-wrapper(...), anchorHoriz='center', anchorVert='center', antialias=True, autoDraw=False, autoLog=True, bold=False, color=array([-1., -1., -1.]), colorSpace='rgb', contrast=1.0, depth=-4.0, draggable=False, flipHoriz=False, flipVert=False, font='Arial', fontFiles=[], height=0.042, italic=False, languageStyle='LTR', name='left_label_stim', opacity=1, ori=0, pos=array([-0.22, -0.36]), rgb=UNKNOWN, text='', units='height', win=Window(...), wrapWidth=0.35)
30.3504 	EXP 	Created right_image = ImageStim(__class__=<class 'psychopy.visual.image.ImageStim'>, anchor=('center', 'center'), autoLog=True, color=array([1., 1., 1.]), colorSpace='rgb', contrast=1.0, depth=-5.0, draggable=False, flipHoriz=np.False_, flipVert=np.False_, image='sin', interpolate=True, mask=None, maskParams=None, name='right_image', opacity=1, ori=0.0, pos=array([ 0.22, -0.22]), size=array([0.22, 0.22]), texRes=512, units='height', win=Window(...))
30.3508 	EXP 	Created right_label_stim = TextStim(__class__=<class 'psychopy.visual.text.TextStim'>, alignHoriz=method-wrapper(...), alignText='center', alignVert=method-wrapper(...), anchorHoriz='center', anchorVert='center', antialias=True, autoDraw=False, autoLog=True, bold=False, color=array([-1., -1., -1.]), colorSpace='rgb', contrast=1.0, depth=-6.0, draggable=False, flipHoriz=False, flipVert=False, font='Arial', fontFiles=[], height=0.042, italic=False, languageStyle='LTR', name='right_label_stim', opacity=1, ori=0, pos=array([ 0.22, -0.36]), rgb=UNKNOWN, text='', units='height', win=Window(...), wrapWidth=0.35)
30.3515 	EXP 	Created fb_text_left = TextStim(__class__=<class 'psychopy.visual.text.TextStim'>, alignHoriz=method-wrapper(...), alignText='center', alignVert=method-wrapper(...), anchorHoriz='center', anchorVert='center', antialias=True, autoDraw=False, autoLog=True, bold=False, color=array([-1.        ,  0.00392157, -1.        ]), colorSpace='rgb', contrast=1.0, depth=0.0, draggable=False, flipHoriz=False, flipVert=False, font='Arial', fontFiles=[], height=0.046, italic=False, languageStyle='LTR', name='fb_text_left', opacity=1, ori=0, pos=array([-0.65,  0.02]), rgb=UNKNOWN, text='', units='height', win=Window(...), wrapWidth=0.25)
30.3515 	WARNING 	lineColorSpace parameter is deprecated. Please use colorSpace instead.
30.3625 	EXP 	Created fb_line_left = Line(__class__=<class 'psychopy.visual.line.Line'>, anchor=('center', 'center'), autoDraw=False, autoLog=True, closeShape=False, color=array([-1.        ,  0.00392157, -1.        ]), colorSpace='rgb', contrast=None, depth=0, draggable=False, fillColor=ndarray(...), fillColorSpace='rgb', fillRGB=ndarray(...), interpolate=True, lineColor=array([-1.        ,  0.00392157, -1.        ]), lineColorSpace='rgb', lineRGB=array([-1.        ,  0.00392157, -1.        ]), lineWidth=3.0, name='fb_line_left', opacity=1, ori=0.0, pos=array([0., 0.]), size=array([1., 1.]), units='height', vertices=array([[-0.52, -0.07],
       [-0.35, -0.17]]), win=Window(...), windingRule=None)
30.3626 	WARNING 	fillColorSpace parameter is deprecated. Please use colorSpace instead.
30.3627 	WARNING 	lineColorSpace parameter is deprecated. Please use colorSpace instead.
30.3634 	EXP 	Created fb_head_left = ShapeStim(__class__=<class 'psychopy.visual.shape.ShapeStim'>, anchor=('center', 'center'), autoDraw=False, autoLog=True, closeShape=True, color=method-wrapper(...), colorSpace='rgb', contrast=None, depth=-1.0, draggable=False, fillColor=array([-1.        ,  0.00392157, -1.        ]), fillColorSpace='rgb', fillRGB=array([-1.        ,  0.00392157, -1.        ]), interpolate=True, lineColor=array([-1.        ,  0.00392157, -1.        ]), lineColorSpace='rgb', lineRGB=array([-1.        ,  0.00392157, -1.        ]), lineWidth=1.5, name='fb_head_left', opacity=1, ori=0.0, pos=array([0., 0.]), size=array([1., 1.]), units='height', vertices=ndarray(...), win=Window(...), windingRule=None)
30.3639 	EXP 	Created fb_text_right = TextStim(__class__=<class 'psychopy.visual.text.TextStim'>, alignHoriz=method-wrapper(...), alignText='center', alignVert=method-wrapper(...), anchorHoriz='center', anchorVert='center', antialias=True, autoDraw=False, autoLog=True, bold=False, color=array([-1.        ,  0.00392157, -1.        ]), colorSpace='rgb', contrast=1.0, depth=0.0, draggable=False, flipHoriz=False, flipVert=False, font='Arial', fontFiles=[], height=0.046, italic=False, languageStyle='LTR', name='fb_text_right', opacity=1, ori=0, pos=array([0.65, 0.02]), rgb=UNKNOWN, text='', units='height', win=Window(...), wrapWidth=0.25)
30.3639 	WARNING 	lineColorSpace parameter is deprecated. Please use colorSpace instead.
30.3646 	EXP 	Created fb_line_right = Line(__class__=<class 'psychopy.visual.line.Line'>, anchor=('center', 'center'), autoDraw=False, autoLog=True, closeShape=False, color=array([-1.        ,  0.00392157, -1.        ]), colorSpace='rgb', contrast=None, depth=0, draggable=False, fillColor=ndarray(...), fillColorSpace='rgb', fillRGB=ndarray(...), interpolate=True, lineColor=array([-1.        ,  0.00392157, -1.        ]), lineColorSpace='rgb', lineRGB=array([-1.        ,  0.00392157, -1.        ]), lineWidth=3.0, name='fb_line_right', opacity=1, ori=0.0, pos=array([0., 0.]), size=array([1., 1.]), units='height', vertices=array([[ 0.52, -0.07],
       [ 0.35, -0.17]]), win=Window(...), windingRule=None)
30.3646 	WARNING 	fillColorSpace parameter is deprecated. Please use colorSpace instead.
30.3647 	WARNING 	lineColorSpace parameter is deprecated. Please use colorSpace instead.
30.3654 	EXP 	Created fb_head_right = ShapeStim(__class__=<class 'psychopy.visual.shape.ShapeStim'>, anchor=('center', 'center'), autoDraw=False, autoLog=True, closeShape=True, color=method-wrapper(...), colorSpace='rgb', contrast=None, depth=-1.0, draggable=False, fillColor=array([-1.        ,  0.00392157, -1.        ]), fillColorSpace='rgb', fillRGB=array([-1.        ,  0.00392157, -1.        ]), interpolate=True, lineColor=array([-1.        ,  0.00392157, -1.        ]), lineColorSpace='rgb', lineRGB=array([-1.        ,  0.00392157, -1.        ]), lineWidth=1.5, name='fb_head_right', opacity=1, ori=0.0, pos=array([0., 0.]), size=array([1., 1.]), units='height', vertices=ndarray(...), win=Window(...), windingRule=None)
30.3863 	EXP 	Created thankyou = TextStim(__class__=<class 'psychopy.visual.text.TextStim'>, alignHoriz=method-wrapper(...), alignText='center', alignVert=method-wrapper(...), anchorHoriz='center', anchorVert='center', antialias=True, autoDraw=False, autoLog=True, bold=False, color=array([1., 1., 1.]), colorSpace='rgb', contrast=1.0, depth=0.0, draggable=False, flipHoriz=False, flipVert=False, font='Arial', fontFiles=[], height=np.float64(0.06), italic=False, languageStyle='LTR', name='thankyou', opacity=1, ori=0, pos=array([0. , 0.1]), rgb=UNKNOWN, text=str(...), units='height', win=Window(...), wrapWidth=1)
30.3938 	EXP 	Created finalslide = TextStim(__class__=<class 'psychopy.visual.text.TextStim'>, alignHoriz=method-wrapper(...), alignText='center', alignVert=method-wrapper(...), anchorHoriz='center', anchorVert='center', antialias=True, autoDraw=False, autoLog=True, bold=False, color=array([1., 1., 1.]), colorSpace='rgb', contrast=1.0, depth=-1.0, draggable=False, flipHoriz=False, flipVert=False, font='Arial', fontFiles=[], height=np.float64(0.04), italic=False, languageStyle='LTR', name='finalslide', opacity=1, ori=0, pos=array([ 0. , -0.2]), rgb=UNKNOWN, text='Press any number to exit.', units='height', win=Window(...), wrapWidth=1)
30.4012 	EXP 	Created unnamed TextStim = TextStim(__class__=<class 'psychopy.visual.text.TextStim'>, alignHoriz=method-wrapper(...), alignText='center', alignVert=method-wrapper(...), anchorHoriz='center', anchorVert='center', antialias=True, autoDraw=False, autoLog=True, bold=True, color=array([1., 1., 1.]), colorSpace='rgb', contrast=1.0, depth=0.0, draggable=False, flipHoriz=False, flipVert=False, font='Arial', fontFiles=[], height=np.float64(0.06), italic=False, languageStyle='LTR', name='unnamed TextStim', opacity=1.0, ori=0.0, pos=array([0.  , 0.39]), rgb=UNKNOWN, text='Practice Trials + Instructions', units='height', win=Window(...), wrapWidth=1.5)
30.4230 	EXP 	Created unnamed TextStim = TextStim(__class__=<class 'psychopy.visual.text.TextStim'>, alignHoriz=method-wrapper(...), alignText='center', alignVert=method-wrapper(...), anchorHoriz='center', anchorVert='center', antialias=True, autoDraw=False, autoLog=True, bold=False, color=array([1., 1., 1.]), colorSpace='rgb', contrast=1.0, depth=-1.0, draggable=False, flipHoriz=False, flipVert=False, font='Arial', fontFiles=[], height=np.float64(0.036), italic=False, languageStyle='LTR', name='unnamed TextStim', opacity=1.0, ori=0.0, pos=array([0.  , 0.03]), rgb=UNKNOWN, text=str(...), units='height', win=Window(...), wrapWidth=1.5)
30.4337 	EXP 	Created unnamed TextStim = TextStim(__class__=<class 'psychopy.visual.text.TextStim'>, alignHoriz=method-wrapper(...), alignText='center', alignVert=method-wrapper(...), anchorHoriz='center', anchorVert='center', antialias=True, autoDraw=False, autoLog=True, bold=False, color=array([-0.286,  0.216,  0.671]), colorSpace='rgb', contrast=1.0, depth=-2.0, draggable=False, flipHoriz=False, flipVert=False, font='Arial', fontFiles=[], height=np.float64(0.032), italic=False, languageStyle='LTR', name='unnamed TextStim', opacity=1.0, ori=0.0, pos=array([-0. , -0.4]), rgb=UNKNOWN, text='Blue background  =  path distance trials', units='height', win=Window(...), wrapWidth=1)
30.4380 	EXP 	Created unnamed TextStim = TextStim(__class__=<class 'psychopy.visual.text.TextStim'>, alignHoriz=method-wrapper(...), alignText='center', alignVert=method-wrapper(...), anchorHoriz='center', anchorVert='center', antialias=True, autoDraw=False, autoLog=True, bold=False, color=array([0.914, 0.506, 0.09 ]), colorSpace='rgb', contrast=1.0, depth=-3.0, draggable=False, flipHoriz=False, flipVert=False, font='Arial', fontFiles=[], height=np.float64(0.032), italic=False, languageStyle='LTR', name='unnamed TextStim', opacity=1.0, ori=0.0, pos=array([ 0.  , -0.44]), rgb=UNKNOWN, text=str(...), units='height', win=Window(...), wrapWidth=1)
30.4441 	EXP 	Created unnamed TextStim = TextStim(__class__=<class 'psychopy.visual.text.TextStim'>, alignHoriz=method-wrapper(...), alignText='center', alignVert=method-wrapper(...), anchorHoriz='center', anchorVert='center', antialias=True, autoDraw=False, autoLog=True, bold=False, color=array([0.4, 0.4, 0.4]), colorSpace='rgb', contrast=1.0, depth=-4.0, draggable=False, flipHoriz=False, flipVert=False, font='Arial', fontFiles=[], height=np.float64(0.030999999999999996), italic=False, languageStyle='LTR', name='unnamed TextStim', opacity=1.0, ori=0.0, pos=array([ 0.  , -0.47]), rgb=UNKNOWN, text='Press any number to continue.', units='height', win=Window(...), wrapWidth=1)
30.4487 	INFO 	Keyboard events cleared
30.4486 	EXP 	unnamed TextStim: autoDraw = True
30.4486 	EXP 	unnamed TextStim: autoDraw = True
30.4486 	EXP 	unnamed TextStim: autoDraw = True
30.4486 	EXP 	unnamed TextStim: autoDraw = True
30.4486 	EXP 	unnamed TextStim: autoDraw = True
135.8121 	EXP 	Device response: <KeyPress from None: t=135.74149680003757, value=3, duration=None>
135.8615 	EXP 	Device response: <KeyPress from None: t=135.74149680003757, value=3, duration=0.0832562999567017>
135.8636 	DATA 	Keypress: 3
135.8665 	INFO 	Keyboard events cleared
135.8664 	EXP 	unnamed TextStim: autoDraw = False
135.8664 	EXP 	unnamed TextStim: autoDraw = False
135.8664 	EXP 	unnamed TextStim: autoDraw = False
135.8664 	EXP 	unnamed TextStim: autoDraw = False
135.8664 	EXP 	unnamed TextStim: autoDraw = False
135.8664 	EXP 	maze_image: image = 'stimuli/prac_maze.png'
135.8664 	EXP 	maze_image: autoDraw = True
135.8664 	EXP 	maze_title_stim: autoDraw = True
136.5652 	EXP 	Device response: <KeyPress from None: t=136.5630792999873, value=3, duration=None>
136.5884 	DEBUG 	Read csv file with pandas: nav_task_practice_fruit.csv
136.5927 	DEBUG 	Clearing unnamed columns from nav_task_practice_fruit.csv
136.5933 	EXP 	Imported nav_task_practice_fruit.csv as conditions, 4 conditions, 9 params
136.5935 	EXP 	Created sequence: sequential, trialTypes=4, nReps=1, seed=None
136.5936 	EXP 	New trial (rep=0, index=0): OrderedDict([('cueImage', 'stimuli/prac_apple.png'), ('leftImage', 'stimuli/prac_orange.png'), ('rightImage', 'stimuli/prac_banana.png'), ('corrAns', 'right'), ('trial_type', 'route'), ('cueLabel', 'Apple'), ('leftLabel', 'Orange'), ('rightLabel', 'Banana'), ('corrLabel', 'Banana')])
136.5938 	DEPRECATION 	Clock.add() is deprecated in favor of .addTime() due to the counterintuitive design (it added time to the baseline, which reduced the values returned from getTime() )
136.5945 	DATA 	Keypress: 3
136.5955 	EXP 	maze_image: autoDraw = False
136.5955 	EXP 	maze_title_stim: autoDraw = False
136.5955 	EXP 	fixation: autoDraw = True
136.7156 	EXP 	Device response: <KeyPress from None: t=136.5630792999873, value=3, duration=0.14699259999906644>
137.6432 	INFO 	Keyboard events cleared
137.6431 	EXP 	fixation: autoDraw = False
137.6431 	EXP 	cue_image: image = 'stimuli/prac_apple.png'
137.6431 	EXP 	left_image: image = 'stimuli/prac_orange.png'
137.6431 	EXP 	right_image: image = 'stimuli/prac_banana.png'
137.6431 	EXP 	cue_label_stim: height = np.float64(0.042)
137.6431 	EXP 	cue_label_stim: height = np.float64(0.042)
137.6431 	EXP 	cue_label_stim: height = np.float64(0.042)
137.6431 	EXP 	cue_label_stim: text = 'Apple'
137.6431 	EXP 	left_label_stim: height = np.float64(0.042)
137.6431 	EXP 	left_label_stim: height = np.float64(0.042)
137.6431 	EXP 	left_label_stim: height = np.float64(0.042)
137.6431 	EXP 	left_label_stim: text = 'Orange'
137.6431 	EXP 	right_label_stim: height = np.float64(0.042)
137.6431 	EXP 	right_label_stim: height = np.float64(0.042)
137.6431 	EXP 	right_label_stim: height = np.float64(0.042)
137.6431 	EXP 	right_label_stim: text = 'Banana'
137.6431 	EXP 	question_text: height = np.float64(0.055)
137.6431 	EXP 	question_text: height = np.float64(0.055)
137.6431 	EXP 	question_text: height = np.float64(0.055)
137.6431 	EXP 	question_text: text = 'Which is the shortest path distance from the start?'
137.6431 	EXP 	question_text: autoDraw = True
137.6431 	EXP 	cue_image: autoDraw = True
137.6431 	EXP 	cue_label_stim: autoDraw = True
137.6431 	EXP 	left_image: autoDraw = True
137.6431 	EXP 	left_label_stim: autoDraw = True
137.6431 	EXP 	right_image: autoDraw = True
137.6431 	EXP 	right_label_stim: autoDraw = True
140.4160 	EXP 	Device response: <KeyPress from None: t=140.4093823999865, value=1, duration=None>
140.4311 	DEPRECATION 	Clock.add() is deprecated in favor of .addTime() due to the counterintuitive design (it added time to the baseline, which reduced the values returned from getTime() )
140.4349 	DATA 	Keypress: 1
140.4369 	EXP 	question_text: autoDraw = False
140.4369 	EXP 	cue_image: autoDraw = False
140.4369 	EXP 	cue_label_stim: autoDraw = False
140.4369 	EXP 	left_image: autoDraw = False
140.4369 	EXP 	left_label_stim: autoDraw = False
140.4369 	EXP 	right_image: autoDraw = False
140.4369 	EXP 	right_label_stim: autoDraw = False
140.4369 	EXP 	fb_text_right: height = np.float64(0.046)
140.4369 	EXP 	fb_text_right: height = np.float64(0.046)
140.4369 	EXP 	fb_text_right: height = np.float64(0.046)
140.4369 	EXP 	fb_text_right: text = 'Correct answer:\nBanana'
140.4369 	EXP 	question_text: autoDraw = True
140.4369 	EXP 	cue_image: autoDraw = True
140.4369 	EXP 	cue_label_stim: autoDraw = True
140.4369 	EXP 	left_image: autoDraw = True
140.4369 	EXP 	left_label_stim: autoDraw = True
140.4369 	EXP 	right_image: autoDraw = True
140.4369 	EXP 	right_label_stim: autoDraw = True
140.4369 	EXP 	fb_text_right: autoDraw = True
140.4369 	EXP 	fb_line_right: autoDraw = True
140.4369 	EXP 	fb_head_right: autoDraw = True
140.5249 	EXP 	Device response: <KeyPress from None: t=140.4093823999865, value=1, duration=0.10693780001020059>
142.4344 	EXP 	New trial (rep=0, index=1): OrderedDict([('cueImage', 'stimuli/prac_apple.png'), ('leftImage', 'stimuli/prac_orange.png'), ('rightImage', 'stimuli/prac_banana.png'), ('corrAns', 'right'), ('trial_type', 'line'), ('cueLabel', 'Apple'), ('leftLabel', 'Orange'), ('rightLabel', 'Banana'), ('corrLabel', 'Banana')])
142.4350 	DEPRECATION 	Clock.add() is deprecated in favor of .addTime() due to the counterintuitive design (it added time to the baseline, which reduced the values returned from getTime() )
142.4412 	EXP 	question_text: autoDraw = False
142.4412 	EXP 	cue_image: autoDraw = False
142.4412 	EXP 	cue_label_stim: autoDraw = False
142.4412 	EXP 	left_image: autoDraw = False
142.4412 	EXP 	left_label_stim: autoDraw = False
142.4412 	EXP 	right_image: autoDraw = False
142.4412 	EXP 	right_label_stim: autoDraw = False
142.4412 	EXP 	fb_text_right: autoDraw = False
142.4412 	EXP 	fb_line_right: autoDraw = False
142.4412 	EXP 	fb_head_right: autoDraw = False
142.4412 	EXP 	fixation: autoDraw = True
143.4498 	INFO 	Keyboard events cleared
143.4497 	EXP 	fixation: autoDraw = False
143.4497 	EXP 	cue_image: image = 'stimuli/prac_apple.png'
143.4497 	EXP 	left_image: image = 'stimuli/prac_orange.png'
143.4497 	EXP 	right_image: image = 'stimuli/prac_banana.png'
143.4497 	EXP 	cue_label_stim: text = 'Apple'
143.4497 	EXP 	left_label_stim: text = 'Orange'
143.4497 	EXP 	right_label_stim: text = 'Banana'
143.4497 	EXP 	question_text: height = np.float64(0.055)
143.4497 	EXP 	question_text: height = np.float64(0.055)
143.4497 	EXP 	question_text: height = np.float64(0.055)
143.4497 	EXP 	question_text: text = 'Which is the shortest straight-line distance from the start?'
143.4497 	EXP 	question_text: autoDraw = True
143.4497 	EXP 	cue_image: autoDraw = True
143.4497 	EXP 	cue_label_stim: autoDraw = True
143.4497 	EXP 	left_image: autoDraw = True
143.4497 	EXP 	left_label_stim: autoDraw = True
143.4497 	EXP 	right_image: autoDraw = True
143.4497 	EXP 	right_label_stim: autoDraw = True
144.7998 	EXP 	Device response: <KeyPress from None: t=144.79710170003818, value=2, duration=None>
144.8000 	DEPRECATION 	Clock.add() is deprecated in favor of .addTime() due to the counterintuitive design (it added time to the baseline, which reduced the values returned from getTime() )
144.8012 	DATA 	Keypress: 2
144.8078 	EXP 	question_text: autoDraw = False
144.8078 	EXP 	cue_image: autoDraw = False
144.8078 	EXP 	cue_label_stim: autoDraw = False
144.8078 	EXP 	left_image: autoDraw = False
144.8078 	EXP 	left_label_stim: autoDraw = False
144.8078 	EXP 	right_image: autoDraw = False
144.8078 	EXP 	right_label_stim: autoDraw = False
144.8078 	EXP 	fb_text_right: text = 'Correct answer:\nBanana'
144.8078 	EXP 	question_text: autoDraw = True
144.8078 	EXP 	cue_image: autoDraw = True
144.8078 	EXP 	cue_label_stim: autoDraw = True
144.8078 	EXP 	left_image: autoDraw = True
144.8078 	EXP 	left_label_stim: autoDraw = True
144.8078 	EXP 	right_image: autoDraw = True
144.8078 	EXP 	right_label_stim: autoDraw = True
144.8078 	EXP 	fb_text_right: autoDraw = True
144.8078 	EXP 	fb_line_right: autoDraw = True
144.8078 	EXP 	fb_head_right: autoDraw = True
145.0333 	EXP 	Device response: <KeyPress from None: t=144.79710170003818, value=2, duration=0.2332089999690652>
146.8097 	EXP 	New trial (rep=0, index=2): OrderedDict([('cueImage', 'stimuli/prac_apple.png'), ('leftImage', 'stimuli/prac_orange.png'), ('rightImage', 'stimuli/prac_grape.png'), ('corrAns', 'left'), ('trial_type', 'route'), ('cueLabel', 'Apple'), ('leftLabel', 'Orange'), ('rightLabel', 'Grape'), ('corrLabel', 'Orange')])
146.8166 	INFO 	Keyboard events cleared
146.8165 	EXP 	question_text: autoDraw = False
146.8165 	EXP 	cue_image: autoDraw = False
146.8165 	EXP 	cue_label_stim: autoDraw = False
146.8165 	EXP 	left_image: autoDraw = False
146.8165 	EXP 	left_label_stim: autoDraw = False
146.8165 	EXP 	right_image: autoDraw = False
146.8165 	EXP 	right_label_stim: autoDraw = False
146.8165 	EXP 	fb_text_right: autoDraw = False
146.8165 	EXP 	fb_line_right: autoDraw = False
146.8165 	EXP 	fb_head_right: autoDraw = False
146.8165 	EXP 	maze_image: image = 'stimuli/prac_maze.png'
146.8165 	EXP 	maze_image: autoDraw = True
146.8165 	EXP 	maze_title_stim: autoDraw = True
147.9668 	EXP 	Device response: <KeyPress from None: t=147.95922349998727, value=2, duration=None>
147.9671 	DEPRECATION 	Clock.add() is deprecated in favor of .addTime() due to the counterintuitive design (it added time to the baseline, which reduced the values returned from getTime() )
147.9679 	DATA 	Keypress: 2
147.9749 	EXP 	maze_image: autoDraw = False
147.9749 	EXP 	maze_title_stim: autoDraw = False
147.9749 	EXP 	fixation: autoDraw = True
148.1920 	EXP 	Device response: <KeyPress from None: t=147.95922349998727, value=2, duration=0.2288523000315763>
149.0129 	INFO 	Keyboard events cleared
149.0128 	EXP 	fixation: autoDraw = False
149.0128 	EXP 	cue_image: image = 'stimuli/prac_apple.png'
149.0128 	EXP 	left_image: image = 'stimuli/prac_orange.png'
149.0128 	EXP 	right_image: image = 'stimuli/prac_grape.png'
149.0128 	EXP 	cue_label_stim: text = 'Apple'
149.0128 	EXP 	left_label_stim: text = 'Orange'
149.0128 	EXP 	right_label_stim: height = np.float64(0.042)
149.0128 	EXP 	right_label_stim: height = np.float64(0.042)
149.0128 	EXP 	right_label_stim: height = np.float64(0.042)
149.0128 	EXP 	right_label_stim: text = 'Grape'
149.0128 	EXP 	question_text: height = np.float64(0.055)
149.0128 	EXP 	question_text: height = np.float64(0.055)
149.0128 	EXP 	question_text: height = np.float64(0.055)
149.0128 	EXP 	question_text: text = 'Which is the shortest path distance from the start?'
149.0128 	EXP 	question_text: autoDraw = True
149.0128 	EXP 	cue_image: autoDraw = True
149.0128 	EXP 	cue_label_stim: autoDraw = True
149.0128 	EXP 	left_image: autoDraw = True
149.0128 	EXP 	left_label_stim: autoDraw = True
149.0128 	EXP 	right_image: autoDraw = True
149.0128 	EXP 	right_label_stim: autoDraw = True
149.7335 	EXP 	Device response: <KeyPress from None: t=149.7290667000343, value=1, duration=None>
149.7367 	DEPRECATION 	Clock.add() is deprecated in favor of .addTime() due to the counterintuitive design (it added time to the baseline, which reduced the values returned from getTime() )
149.7385 	DATA 	Keypress: 1
149.7420 	EXP 	question_text: autoDraw = False
149.7420 	EXP 	cue_image: autoDraw = False
149.7420 	EXP 	cue_label_stim: autoDraw = False
149.7420 	EXP 	left_image: autoDraw = False
149.7420 	EXP 	left_label_stim: autoDraw = False
149.7420 	EXP 	right_image: autoDraw = False
149.7420 	EXP 	right_label_stim: autoDraw = False
149.7420 	EXP 	fb_text_left: height = np.float64(0.046)
149.7420 	EXP 	fb_text_left: height = np.float64(0.046)
149.7420 	EXP 	fb_text_left: height = np.float64(0.046)
149.7420 	EXP 	fb_text_left: text = 'Correct answer:\nOrange'
149.7420 	EXP 	question_text: autoDraw = True
149.7420 	EXP 	cue_image: autoDraw = True
149.7420 	EXP 	cue_label_stim: autoDraw = True
149.7420 	EXP 	left_image: autoDraw = True
149.7420 	EXP 	left_label_stim: autoDraw = True
149.7420 	EXP 	right_image: autoDraw = True
149.7420 	EXP 	right_label_stim: autoDraw = True
149.7420 	EXP 	fb_text_left: autoDraw = True
149.7420 	EXP 	fb_line_left: autoDraw = True
149.7420 	EXP 	fb_head_left: autoDraw = True
149.9921 	EXP 	Device response: <KeyPress from None: t=149.7290667000343, value=1, duration=0.255239799967967>
151.7434 	EXP 	New trial (rep=0, index=3): OrderedDict([('cueImage', 'stimuli/prac_apple.png'), ('leftImage', 'stimuli/prac_orange.png'), ('rightImage', 'stimuli/prac_grape.png'), ('corrAns', 'right'), ('trial_type', 'line'), ('cueLabel', 'Apple'), ('leftLabel', 'Orange'), ('rightLabel', 'Grape'), ('corrLabel', 'Grape')])
151.7436 	DEPRECATION 	Clock.add() is deprecated in favor of .addTime() due to the counterintuitive design (it added time to the baseline, which reduced the values returned from getTime() )
151.7505 	EXP 	question_text: autoDraw = False
151.7505 	EXP 	cue_image: autoDraw = False
151.7505 	EXP 	cue_label_stim: autoDraw = False
151.7505 	EXP 	left_image: autoDraw = False
151.7505 	EXP 	left_label_stim: autoDraw = False
151.7505 	EXP 	right_image: autoDraw = False
151.7505 	EXP 	right_label_stim: autoDraw = False
151.7505 	EXP 	fb_text_left: autoDraw = False
151.7505 	EXP 	fb_line_left: autoDraw = False
151.7505 	EXP 	fb_head_left: autoDraw = False
151.7505 	EXP 	fixation: autoDraw = True
152.7617 	INFO 	Keyboard events cleared
152.7616 	EXP 	fixation: autoDraw = False
152.7616 	EXP 	cue_image: image = 'stimuli/prac_apple.png'
152.7616 	EXP 	left_image: image = 'stimuli/prac_orange.png'
152.7616 	EXP 	right_image: image = 'stimuli/prac_grape.png'
152.7616 	EXP 	cue_label_stim: text = 'Apple'
152.7616 	EXP 	left_label_stim: text = 'Orange'
152.7616 	EXP 	right_label_stim: text = 'Grape'
152.7616 	EXP 	question_text: height = np.float64(0.055)
152.7616 	EXP 	question_text: height = np.float64(0.055)
152.7616 	EXP 	question_text: height = np.float64(0.055)
152.7616 	EXP 	question_text: text = 'Which is the shortest straight-line distance from the start?'
152.7616 	EXP 	question_text: autoDraw = True
152.7616 	EXP 	cue_image: autoDraw = True
152.7616 	EXP 	cue_label_stim: autoDraw = True
152.7616 	EXP 	left_image: autoDraw = True
152.7616 	EXP 	left_label_stim: autoDraw = True
152.7616 	EXP 	right_image: autoDraw = True
152.7616 	EXP 	right_label_stim: autoDraw = True
153.8192 	DATA 	Keypress: 2
153.8259 	EXP 	Device response: <KeyPress from None: t=153.81866719998652, value=2, duration=None>
153.8288 	DEPRECATION 	Clock.add() is deprecated in favor of .addTime() due to the counterintuitive design (it added time to the baseline, which reduced the values returned from getTime() )
153.8339 	EXP 	question_text: autoDraw = False
153.8339 	EXP 	cue_image: autoDraw = False
153.8339 	EXP 	cue_label_stim: autoDraw = False
153.8339 	EXP 	left_image: autoDraw = False
153.8339 	EXP 	left_label_stim: autoDraw = False
153.8339 	EXP 	right_image: autoDraw = False
153.8339 	EXP 	right_label_stim: autoDraw = False
153.8339 	EXP 	fb_text_right: height = np.float64(0.046)
153.8339 	EXP 	fb_text_right: height = np.float64(0.046)
153.8339 	EXP 	fb_text_right: height = np.float64(0.046)
153.8339 	EXP 	fb_text_right: text = 'Correct answer:\nGrape'
153.8339 	EXP 	question_text: autoDraw = True
153.8339 	EXP 	cue_image: autoDraw = True
153.8339 	EXP 	cue_label_stim: autoDraw = True
153.8339 	EXP 	left_image: autoDraw = True
153.8339 	EXP 	left_label_stim: autoDraw = True
153.8339 	EXP 	right_image: autoDraw = True
153.8339 	EXP 	right_label_stim: autoDraw = True
153.8339 	EXP 	fb_text_right: autoDraw = True
153.8339 	EXP 	fb_line_right: autoDraw = True
153.8339 	EXP 	fb_head_right: autoDraw = True
153.9929 	EXP 	Device response: <KeyPress from None: t=153.81866719998652, value=2, duration=0.17189980001421645>
155.8503 	EXP 	Created unnamed TextStim = TextStim(__class__=<class 'psychopy.visual.text.TextStim'>, alignHoriz=method-wrapper(...), alignText='center', alignVert=method-wrapper(...), anchorHoriz='center', anchorVert='center', antialias=True, autoDraw=False, autoLog=True, bold=False, color=array([1., 1., 1.]), colorSpace='rgb', contrast=1.0, depth=-1.0, draggable=False, flipHoriz=False, flipVert=False, font='Arial', fontFiles=[], height=np.float64(0.036), italic=False, languageStyle='LTR', name='unnamed TextStim', opacity=1.0, ori=0.0, pos=array([0.  , 0.12]), rgb=UNKNOWN, text=str(...), units='height', win=Window(...), wrapWidth=1.5)
155.8572 	EXP 	Created unnamed TextStim = TextStim(__class__=<class 'psychopy.visual.text.TextStim'>, alignHoriz=method-wrapper(...), alignText='center', alignVert=method-wrapper(...), anchorHoriz='center', anchorVert='center', antialias=True, autoDraw=False, autoLog=True, bold=False, color=array([0.4, 0.4, 0.4]), colorSpace='rgb', contrast=1.0, depth=-4.0, draggable=False, flipHoriz=False, flipVert=False, font='Arial', fontFiles=[], height=np.float64(0.030999999999999996), italic=False, languageStyle='LTR', name='unnamed TextStim', opacity=1.0, ori=0.0, pos=array([ 0.  , -0.47]), rgb=UNKNOWN, text='Press any number to continue.', units='height', win=Window(...), wrapWidth=1)
155.8588 	INFO 	Keyboard events cleared
155.8587 	EXP 	question_text: autoDraw = False
155.8587 	EXP 	cue_image: autoDraw = False
155.8587 	EXP 	cue_label_stim: autoDraw = False
155.8587 	EXP 	left_image: autoDraw = False
155.8587 	EXP 	left_label_stim: autoDraw = False
155.8587 	EXP 	right_image: autoDraw = False
155.8587 	EXP 	right_label_stim: autoDraw = False
155.8587 	EXP 	fb_text_right: autoDraw = False
155.8587 	EXP 	fb_line_right: autoDraw = False
155.8587 	EXP 	fb_head_right: autoDraw = False
155.8587 	EXP 	unnamed TextStim: autoDraw = True
155.8587 	EXP 	unnamed TextStim: autoDraw = True
178.0374 	EXP 	Device response: <KeyPress from None: t=178.0324632000411, value=3, duration=None>
178.0472 	DATA 	Keypress: 3
178.0504 	INFO 	Keyboard events cleared
178.0503 	EXP 	unnamed TextStim: autoDraw = False
178.0503 	EXP 	unnamed TextStim: autoDraw = False
178.0503 	EXP 	env_label: height = np.float64(0.048)
178.0503 	EXP 	env_label: height = np.float64(0.048)
178.0503 	EXP 	env_label: height = np.float64(0.048)
178.0503 	EXP 	env_label: text = 'Environment: brick maze'
178.0503 	EXP 	env_label: autoDraw = True
178.0503 	EXP 	env_advance: autoDraw = True
178.2038 	EXP 	Device response: <KeyPress from None: t=178.0324632000411, value=3, duration=0.16286489996127784>
179.8041 	EXP 	Device response: <KeyPress from None: t=179.79815019998932, value=1, duration=None>
179.8124 	DEBUG 	Read csv file with pandas: nav_task_practice_brick.csv
179.8133 	DEBUG 	Clearing unnamed columns from nav_task_practice_brick.csv
179.8137 	EXP 	Imported nav_task_practice_brick.csv as conditions, 2 conditions, 9 params
179.8139 	EXP 	Created sequence: sequential, trialTypes=2, nReps=1, seed=None
179.8140 	EXP 	New trial (rep=0, index=0): OrderedDict([('cueImage', 'stimuli/brick_telescope.png'), ('leftImage', 'stimuli/brick_plant.png'), ('rightImage', 'stimuli/brick_well.png'), ('corrAns', 'left'), ('trial_type', 'route'), ('cueLabel', 'Telescope'), ('leftLabel', 'Plant'), ('rightLabel', 'Well'), ('corrLabel', 'Plant')])
179.8142 	DEPRECATION 	Clock.add() is deprecated in favor of .addTime() due to the counterintuitive design (it added time to the baseline, which reduced the values returned from getTime() )
179.8146 	DATA 	Keypress: 1
179.8156 	EXP 	env_label: autoDraw = False
179.8156 	EXP 	env_advance: autoDraw = False
179.8156 	EXP 	fixation: autoDraw = True
180.0126 	EXP 	Device response: <KeyPress from None: t=179.79815019998932, value=1, duration=0.21413269999902695>
180.8603 	INFO 	Keyboard events cleared
180.8602 	EXP 	fixation: autoDraw = False
180.8602 	EXP 	cue_image: image = 'stimuli/brick_telescope.png'
180.8602 	EXP 	left_image: image = 'stimuli/brick_plant.png'
180.8602 	EXP 	right_image: image = 'stimuli/brick_well.png'
180.8602 	EXP 	cue_label_stim: height = np.float64(0.042)
180.8602 	EXP 	cue_label_stim: height = np.float64(0.042)
180.8602 	EXP 	cue_label_stim: height = np.float64(0.042)
180.8602 	EXP 	cue_label_stim: text = 'Telescope'
180.8602 	EXP 	left_label_stim: height = np.float64(0.042)
180.8602 	EXP 	left_label_stim: height = np.float64(0.042)
180.8602 	EXP 	left_label_stim: height = np.float64(0.042)
180.8602 	EXP 	left_label_stim: text = 'Plant'
180.8602 	EXP 	right_label_stim: height = np.float64(0.042)
180.8602 	EXP 	right_label_stim: height = np.float64(0.042)
180.8602 	EXP 	right_label_stim: height = np.float64(0.042)
180.8602 	EXP 	right_label_stim: text = 'Well'
180.8602 	EXP 	question_text: height = np.float64(0.055)
180.8602 	EXP 	question_text: height = np.float64(0.055)
180.8602 	EXP 	question_text: height = np.float64(0.055)
180.8602 	EXP 	question_text: text = 'Which is the shortest path distance from the start?'
180.8602 	EXP 	question_text: autoDraw = True
180.8602 	EXP 	cue_image: autoDraw = True
180.8602 	EXP 	cue_label_stim: autoDraw = True
180.8602 	EXP 	left_image: autoDraw = True
180.8602 	EXP 	left_label_stim: autoDraw = True
180.8602 	EXP 	right_image: autoDraw = True
180.8602 	EXP 	right_label_stim: autoDraw = True
187.9869 	DATA 	Mouse: Left button down, pos=(1246,506)
188.0906 	DATA 	Mouse:  Left button up, pos=(1246,506)
189.6637 	EXP 	Device response: <KeyPress from None: t=189.66330310003832, value=escape, duration=None>
189.6644 	DATA 	Keypress: escape
189.8221 	EXP 	Device response: <KeyPress from None: t=189.66330310003832, value=escape, duration=0.1538249999866821>
189.9176 	DEBUG 	Saving data for GraphMaze_Navigation ExperimentHandler
189.9185 	INFO 	saved data to F:\Github\PaperFolding\data\123_GraphMaze_Navigation_2026-10-02_14h37.27.994.psydat
189.9192 	INFO 	saved data to 'F:\\Github\\PaperFolding\\data\\123_GraphMaze_Navigation_2026-10-02_14h37.27.994.csv'
189.9272 	INFO 	Stopping keyboard key buffers.
